STATUS(pre): status ready=1 active=1 connL=1 connR=1 otos=1 wedge=0 flags=31 i2cf=144 cyc=6772 tlm=off next=1 done=8 reason=timeout
--- attempt 0 for TLM FULL #1 ---
ack 1 8 timeout
t 26 1413697 31 497 46 -22219 -112 189 17832 66 -98 144 6772 7925 2020 900 -1300 0 0 0
t 31 1413957 31 497 46 -22219 -112 189 17832 66 -98 144 6772 7925 2020 900 -1300 0 0 0
t 32 1414009 31 497 46 -22219 -112 189 17832 66 -98 144 6772 7925 2020 900 -1300 0 0 0
t 33 1414061 31 497 46 -22219 -112 189 17832 66 -98 144 6772 7925 2020 900 -1300 0 0 0
t 34 1414113 31 497 46 -22219 -112 189 17831 66 -98 144 6772 7925 2020 900 -1300 0 0 0
t 35 1414165 31 497 46 -22219 -112 189 17831 66 -98 144 6772 7925 2020 900 -1300 0 0 0
t 42 1414529 31 497 46 -22219 -112 189 17830 66 -98 144 6772 7925 2020 900 -1300 0 0 0
--- attempt 0 for WHEELS_V 200 200 2000 #2 ---
t 43 1414581 31 497 46 -22219 -112 189 17830 66 -98 144 6772 7925 2020 900 -1300 0 0 0
ack 2 8 timeout
t 44 1414643 31 497 46 -23179 -112 189 17830 0 0 144 6773 8052 1892 0 0 0 0 0
t 46 1414787 31 497 46 -23284 -112 189 17813 26 0 147 6779 8077 1889 700 900 0 0 0
t 47 1414859 31 496 47 -23348 -112 189 17813 46 6 149 6782 8105 1900 1100 1400 0 0 0
thdr seq now flags x y h ox oy oh vl vr i2cf cyc posl posr dutl dutr lexc wrng cycovr
t 48 1414931 31 494 50 -23389 -110 189 17664 62 72 149 6785 8155 1939 1300 2500 0 0 0
t 49 1415003 31 489 56 -23318 -101 189 17601 96 124 149 6788 8236 2039 1300 3200 0 0 0
t 51 1415147 31 476 73 -22584 -86 187 -17958 92 240 150 6794 8411 2409 900 4600 0 0 0
t 53 1415291 31 455 89 -20872 -65 187 -16855 39 338 150 6800 8525 2978 0 5200 0 0 0
t 54 1415363 31 443 94 -19702 -42 192 -15174 0 364 150 6803 8536 3300 0 5500 0 0 0
t 55 1415435 31 429 97 -18329 -22 204 -13001 -20 404 150 6806 8530 3659 -600 5600 0 0 0
t 56 1415507 31 416 96 -16981 -22 204 -13001 -10 394 152 6809 8519 4006 -800 5200 0 0 0
t 57 1415579 31 403 92 -15518 -7 224 -10567 -36 384 152 6812 8491 4367 -1000 5600 0 0 0
t 59 1415723 31 384 75 -12297 -3 247 -7946 -66 430 152 6818 8391 5123 -1500 6300 0 0 0
t 60 1415795 31 379 64 -10479 -9 267 -5055 -82 420 152 6821 8313 5528 -1600 6400 0 0 0
t 61 1415867 31 378 51 -8504 -9 267 -5055 -112 457 152 6824 8213 5953 -1500 6400 0 0 0
t 62 1415939 31 381 39 -6540 -27 283 -1699 -112 462 152 6827 8113 6375 -1500 6500 0 0 0
t 64 1416083 31 399 21 -2495 -49 287 1628 -112 492 152 6833 7902 7239 -1100 6400 0 0 0
t 65 1416155 31 412 17 -527 -71 277 5044 -92 492 152 6836 7813 7673 -1000 6300 0 0 0
t 66 1416227 31 425 19 1415 -83 254 8442 -92 512 152 6839 7730 8106 -1000 6300 0 0 0
thdr seq now flags x y h ox oy oh vl vr i2cf cyc posl posr dutl dutr lexc wrng cycovr
t 68 1416371 31 449 34 5227 -81 229 11751 -74 475 152 6845 7586 8975 -900 6400 0 0 0
t 69 1416443 31 455 46 7108 -81 229 11751 -82 463 152 6848 7511 9400 -900 6300 0 0 0
t 70 1416515 31 458 60 9023 -66 207 15159 -92 492 152 6851 7441 9839 -1000 6300 0 0 0
t 71 1416587 31 455 74 10927 -43 198 -17589 -82 473 152 6854 7363 10267 -1000 6400 0 0 0
t 72 1416643 31 451 82 12222 -43 198 -17589 -76 492 152 6856 7313 10561 -1100 6500 0 0 0
t 73 1416699 31 451 82 12222 -19 204 -14314 -76 492 152 6856 7313 10561 -1100 6500 0 0 0
t 74 1416755 31 451 82 12222 -19 204 -14314 -76 492 152 6856 7313 10561 -1100 6500 0 0 0
t 75 1416811 31 451 82 12222 -2 222 -10893 -76 492 152 6856 7313 10561 -1100 6500 0 0 0
t 76 1416869 31 451 82 12222 -2 222 -10893 -76 492 152 6856 7313 10561 -1100 6500 0 0 0
t 77 1416921 31 451 82 12222 4 242 -8576 -76 492 152 6856 7313 10561 -1100 6500 0 0 0
t 78 1416973 31 451 82 12222 4 242 -8576 -76 492 152 6856 7313 10561 -1100 6500 0 0 0
t 79 1417025 31 451 82 12222 4 252 -7809 -76 492 152 6856 7313 10561 -1100 6500 0 0 0
t 81 1417129 31 451 82 12222 4 252 -7810 -76 492 152 6856 7313 10561 -1100 6500 0 0 0
t 82 1417181 31 451 82 12222 4 252 -7810 -76 492 152 6856 7313 10561 -1100 6500 0 0 0
t 83 1417233 31 451 82 12222 4 252 -7808 -76 492 152 6856 7313 10561 -1100 6500 0 0 0
t 84 1417285 31 451 82 12222 4 252 -7808 -76 492 152 6856 7313 10561 -1100 6500 0 0 0
t 85 1417337 31 451 82 12222 4 252 -7808 -76 492 152 6856 7313 10561 -1100 6500 0 0 0
thdr seq now flags x y h ox oy oh vl vr i2cf cyc posl posr dutl dutr lexc wrng cycovr
t 87 1417441 31 451 82 12222 4 252 -7809 -76 492 152 6856 7313 10561 -1100 6500 0 0 0
t 88 1417493 31 451 82 12222 4 252 -7809 -76 492 152 6856 7313 10561 -1100 6500 0 0 0
t 94 1417805 31 451 82 12222 3 252 -7810 -76 492 152 6856 7313 10561 -1100 6500 0 0 0
t 95 1417857 31 451 82 12222 3 252 -7810 -76 492 152 6856 7313 10561 -1100 6500 0 0 0
t 96 1417909 31 451 82 12222 3 252 -7810 -76 492 152 6856 7313 10561 -1100 6500 0 0 0
t 97 1417961 31 451 82 12222 3 252 -7810 -76 492 152 6856 7313 10561 -1100 6500 0 0 0
t 98 1418013 31 451 82 12222 3 252 -7810 -76 492 152 6856 7313 10561 -1100 6500 0 0 0
t 99 1418065 31 451 82 12222 3 252 -7810 -76 492 152 6856 7313 10561 -1100 6500 0 0 0
t 100 1418117 31 451 82 12222 3 252 -7810 -76 492 152 6856 7313 10561 -1100 6500 0 0 0
t 101 1418169 31 451 82 12222 3 252 -7811 -76 492 152 6856 7313 10561 -1100 6500 0 0 0
t 102 1418221 31 451 82 12222 3 252 -7811 -76 492 152 6856 7313 10561 -1100 6500 0 0 0
t 103 1418273 31 451 82 12222 3 252 -7811 -76 492 152 6856 7313 10561 -1100 6500 0 0 0
t 104 1418325 31 451 82 12222 3 252 -7811 -76 492 152 6856 7313 10561 -1100 6500 0 0 0
thdr seq now flags x y h ox oy oh vl vr i2cf cyc posl posr dutl dutr lexc wrng cycovr
t 105 1418377 31 451 82 12222 3 252 -7811 -76 492 152 6856 7313 10561 -1100 6500 0 0 0
t 106 1418429 31 451 82 12222 3 252 -7811 -76 492 152 6856 7313 10561 -1100 6500 0 0 0
t 107 1418481 31 451 82 12222 3 252 -7811 -76 492 152 6856 7313 10561 -1100 6500 0 0 0
t 108 1418533 31 451 82 12222 3 252 -7811 -76 492 152 6856 7313 10561 -1100 6500 0 0 0
t 109 1418585 31 451 82 12222 3 252 -7811 -76 492 152 6856 7313 10561 -1100 6500 0 0 0
t 110 1418637 31 451 82 12222 3 252 -7811 -76 492 152 6856 7313 10561 -1100 6500 0 0 0
t 111 1418689 31 451 82 12222 3 252 -7811 -76 492 152 6856 7313 10561 -1100 6500 0 0 0
t 112 1418741 31 451 82 12222 3 252 -7811 -76 492 152 6856 7313 10561 -1100 6500 0 0 0
--- attempt 0 for TLM OFF #3 ---
t 113 1418793 31 451 82 12222 3 252 -7811 -76 492 152 6856 7313 10561 -1100 6500 0 0 0
--- attempt 1 for TLM OFF #3 ---
ack 3 2 timeout
