link: serial daemon 192.168.4.52:46011
robot: device NEZHA2 robot tovez 2314287040
status: {'ready': '1', 'active': '0', 'connL': '1', 'connR': '1', 'otos': '1', 'wedge': '0', 'flags': '31', 'i2cf': '342', 'cyc': '1763', 'tlm': 'off', 'next': '1', 'done': '15', 'reason': 'stop'}
SET rotational_slip 0.958 -> ack 1 15 stop
rotational_slip=0.952 pivot_overrun=0.0 (live), trackwidth assumed 114.2 mm
camera: tag 52 at (4.6, -0.8) cm heading 143.1 deg
camera heading at rest: n=20 sd=0.22 deg, peak-to-peak 1.084 deg -- this is why G1 is restated (mean|err|<=1.0, sd<=1.0 deg)
telemetry columns: ['seq', 'now', 'flags', 'x', 'y', 'h', 'ox', 'oy', 'oh', 'vl', 'vr', 'i2cf', 'cyc', 'posl', 'posr', 'dutl', 'dutr', 'lexc', 'wrng', 'cycovr']
12 alternating +-90 deg pivots, 20-sample rest fixes
  0 cmd  +90 cam  +89.63 err  -0.37 peak 66/121 done stop
  1 cmd  -90 cam  -91.27 err  -1.27 peak 82/108 done stop
  2 cmd  +90 cam  +86.18 err  -3.82 peak 62/118 done stop
  3 cmd  -90 cam  -90.21 err  -0.21 peak 82/118 done stop
  4 cmd  +90 cam  +90.08 err  +0.08 peak 56/118 done stop
  5 cmd  -90 cam  -92.93 err  -2.93 peak 75/128 done stop
  6 cmd  +90 cam  +91.43 err  +1.43 peak 66/118 done stop
  7 cmd  -90 cam  -90.90 err  -0.90 peak 72/118 done stop
  8 cmd  +90 cam  +93.78 err  +3.78 peak 72/121 done stop
  9 cmd  -90 cam  -92.63 err  -2.63 peak 72/118 done stop
 10 cmd  +90 cam  +88.17 err  -1.83 peak 72/128 done stop
 11 cmd  -90 cam  -94.13 err  -4.13 peak 75/112 done stop
G1: mean|err| 1.948 deg, sd 2.156 deg, n=12 -- FAIL (bar: mean|err|<=1.0, sd<=1.0)
wrote captures/session-b-20260905/ticket016/g1-slip0958; render with: <plot venv>/bin/python tests/playfield/turn_calibration.py --render captures/session-b-20260905/ticket016/g1-slip0958
