relay: guvov (DEVICE:RADIOBRIDGE:relay:guvov:3240129406)
link: radio relay ch 37 grp 43 (torture:8760)
robot: device NEZHA2 robot vevov 1198504156
status: {'ready': '1', 'active': '0', 'connL': '1', 'connR': '1', 'otos': '1', 'wedge': '0', 'flags': '31', 'i2cf': '11', 'cyc': '305', 'tlm': 'off', 'next': '1', 'done': '7', 'reason': 'stop'}
camera: hd-usb-camera, field +-55.0 x +-35.0 cm, margin 15.0; robot at (-15.9, 17.7) heading 41.0
facing east: (-15.8, 17.8) h 0.9
  1  +200 -> camera  +199.9 mm  err   -0.1  cross  -0.6  dh  +0.9 deg  stop
camera hd-usb-camera: daemon at 'localhost' did not answer: no frame available from camera 'hd-usb-camera'
  2  -200 -> camera  -200.1 mm  err   -0.1  cross  -2.6  dh  +2.3 deg  stop
  3  +200 -> camera  +199.2 mm  err   -0.8  cross  -6.0  dh  -0.3 deg  stop
  4  -200 -> camera  -199.2 mm  err   +0.8  cross  -2.2  dh  +1.3 deg  stop
  5  +300 -> camera  +300.3 mm  err   +0.3  cross  -7.3  dh  -1.4 deg  stop
  6  -300 -> camera  -302.2 mm  err   -2.2  cross  -7.6  dh  +3.6 deg  stop
  7  +300 -> camera  +300.7 mm  err   +0.7  cross  -8.8  dh  -1.6 deg  stop
  8  -300 -> camera  -300.9 mm  err   -0.9  cross -13.5  dh  +2.7 deg  stop
  9  +400 -> camera  +403.1 mm  err   +3.1  cross -11.2  dh  -0.4 deg  stop
 10  -400 -> camera  -403.0 mm  err   -3.0  cross  -8.0  dh  +0.2 deg  stop
 11  +400 -> camera  +403.5 mm  err   +3.5  cross  -9.1  dh  -0.6 deg  stop
 12  -400 -> camera  -402.8 mm  err   -2.8  cross -11.0  dh  +1.6 deg  stop
{
  "robot": "vevov",
  "link": "radio relay ch 37 grp 43 (torture:8760)",
  "camera": "hd-usb-camera",
  "cruise": 0,
  "n_legs": 12,
  "lengths": [
    200,
    300,
    400
  ],
  "fit_gain": 1.0175,
  "fit_offset_mm": -4.01,
  "mean_err_forward_mm": 1.12,
  "mean_err_reverse_mm": -1.37,
  "mean_abs_err_mm": 1.53,
  "mean_abs_cross_mm": 7.33,
  "mean_heading_change_deg": 0.69,
  "suggested": {
    "travel_calib_ratio": 1.0175,
    "model": "travel_calib_new = travel_calib_now * gain; the offset is not a scale -- leave it to lag/stop_distance",
    "travel_calib": 0.80712,
    "implied_wheel_diameter_mm": 92.5
  }
}
wrote reports/pf2-recal-20260905/13-distance-vevov-postflash/legs.csv, summary.json
