########## gopiv lag=0
link: gopiv serial daemon 192.168.4.50:45433
SET lag 0 -> ack 1 3 stop
rotational_slip=0.952 stop_distance=0.0 lag=0.0 (live), trackwidth assumed 114.2 mm
camera: hd-usb-camera, field +-55.0 x +-35.0 cm, margin 15.0 cm; tag 54 at (8.7, 2.0) cm heading -2.4 deg
  1     90     97.1     7.1     None    None    1.0   None   None   0.0  stop
  2    -90    -95.1    -5.1     None    None    0.6   None   None   0.0  stop
  3    180    185.2     5.2     None    None    2.2   None   None   0.0  stop
  4   -180   -184.9    -4.9     None    None    1.4   None   None   0.0  stop
  5    -90    -97.7    -7.7     None    None    0.7   None   None   0.0  stop
  6     90    100.7    10.7     None    None    0.8   None   None   0.0  stop
  7   -180   -175.9     4.0     None    None    3.5   None   None   0.0  stop
  8    180    183.1     3.1     None    None    1.9   None   None   0.0  stop
  "n_turns": 8,
  "n_disturbed_excluded": 0,
  "fit_gain": 0.9408,
  "fit_offset_deg": 12.96,
  "mean_err_left_deg": 6.52,
  "mean_err_right_deg": -3.41,
      "mean_err": 8.88,
      "mean_err": -6.38,
      "mean_err": 4.16,
      "mean_err": -0.45,
  "mean_abs_err_deg": 5.98,
  "mean_drift_cm": 1.5,
    "rotational_slip": 0.8956,
    "note": "029 firmware: measure and SET lag first (S10.2); this stop_distance is only valid at the cruise it was fitted at"
########## gopiv lag=0.04
link: gopiv serial daemon 192.168.4.50:45433
SET lag 0.04 -> ack 1 12 stop
rotational_slip=0.952 stop_distance=0.0 lag=0.04 (live), trackwidth assumed 114.2 mm
camera: hd-usb-camera, field +-55.0 x +-35.0 cm, margin 15.0 cm; tag 54 at (7.2, 1.5) cm heading 10.1 deg
  1     90     90.5     0.5     None    None    0.7   None   None   0.0  stop
  2    -90    -90.4    -0.4     None    None    1.2   None   None   0.0  stop
  3    180    184.0     4.0     None    None    1.9   None   None   0.0  stop
  4   -180   -181.4    -1.4     None    None    1.6   None   None   0.0  stop
  5    -90    -93.8    -3.8     None    None    0.5   None   None   0.0  stop
  6     90     94.0     4.0     None    None    0.8   None   None   0.0  stop
  7   -180   -180.5    -0.5     None    None    2.8   None   None   0.0  stop
  8    180    183.0     3.0     None    None    1.9   None   None   0.0  stop
  "n_turns": 8,
  "n_disturbed_excluded": 0,
  "fit_gain": 1.0009,
  "fit_offset_deg": 2.08,
  "mean_err_left_deg": 2.87,
  "mean_err_right_deg": -1.53,
      "mean_err": 2.23,
      "mean_err": -2.1,
      "mean_err": 3.52,
      "mean_err": -0.97,
  "mean_abs_err_deg": 2.2,
  "mean_drift_cm": 1.42,
    "rotational_slip": 0.9529,
    "note": "029 firmware: measure and SET lag first (S10.2); this stop_distance is only valid at the cruise it was fitted at"
########## gopiv lag=0.10
link: gopiv serial daemon 192.168.4.50:45433
SET lag 0.10 -> ack 1 12 stop
rotational_slip=0.952 stop_distance=0.0 lag=0.1 (live), trackwidth assumed 114.2 mm
camera: hd-usb-camera, field +-55.0 x +-35.0 cm, margin 15.0 cm; tag 54 at (6.1, -0.8) cm heading 15.6 deg
  1     90     86.2    -3.8     None    None    0.7   None   None   0.0  stop
  2    -90    -86.2     3.8     None    None    0.8   None   None   0.0  stop
  3    180    179.7    -0.3     None    None    1.7   None   None   0.0  stop
  4   -180   -170.5     9.5     None    None    2.6   None   None   0.0  stop
  5    -90    -92.7    -2.7     None    None    0.7   None   None   0.0  stop
  6     90     91.5     1.5     None    None    0.4   None   None   0.0  stop
  7   -180   -181.7    -1.7     None    None    1.7   None   None   0.0  stop
  8    180    134.0   -46.0     None    None    1.6   None   None   0.0  stop
  "n_turns": 8,
  "n_disturbed_excluded": 0,
  "fit_gain": 0.8589,
  "fit_offset_deg": 11.85,
  "mean_err_left_deg": -12.17,
  "mean_err_right_deg": 2.24,
      "mean_err": -1.16,
      "mean_err": 0.55,
      "mean_err": -23.19,
      "mean_err": 3.93,
  "mean_abs_err_deg": 8.67,
  "mean_drift_cm": 1.27,
    "rotational_slip": 0.8176,
    "note": "029 firmware: measure and SET lag first (S10.2); this stop_distance is only valid at the cruise it was fitted at"
