  README.md
  src/core/diffdrive.h
  src/core/diffdrive.cpp
  src/motion/motion_engine.h
  src/motion/motion_engine.cpp
  src/platform/vfp_guard.h
  src/platform/vfp_guard.cpp
  src/platform/platform_ports.h
  src/core/heading_wrap.h
  src/core/encoder_glitch_armor.h
  src/platform/encoder_pose_source.h
  src/platform/nezha_port.h
  src/platform/nezha_port.cpp
  src/platform/otos_port.h
  src/platform/otos_port.cpp
  src/comms/serial_transport.h
  src/comms/serial_transport.cpp
  src/comms/radio_transport.h
  src/comms/radio_transport.cpp
  src/comms/wifi_link.h
  src/comms/wifi_link.cpp
  src/comms/wifi_uart.h
  src/comms/wifi_uart.cpp
  src/comms/run_queue.h
  src/comms/emit_queue.h
  src/comms/protocol.h
  src/comms/protocol.cpp
  src/comms/wire_handler.h
  src/comms/wire_handler.cpp
  src/comms/wire_adapter.h
  src/comms/wire_adapter.cpp
  src/shims.cpp
  src/blocks/sim.ts
  src/blocks/run.ts
  src/blocks/pose.ts
  src/blocks/stop.ts
  src/blocks/world.ts
  src/blocks/motion.ts
  test/test.ts
radio: channel 47 group 60 for 'gopiv'
make_deploy: WiFi link ENABLED, ssid='Busboom Mesh'
make_deploy: v6 radio link ENABLED in test.ts (BOOT_RADIO_LINK = true)
Using target microbit with build engine codal
  target: v9.1.1 /Volumes/Proj/proj/RobotProjects/pxt-nezha-diffdrive/.tmp/deploy-head/node_modules/pxt-microbit
  pxt-core: v13.0.1 /Volumes/Proj/proj/RobotProjects/pxt-nezha-diffdrive/node_modules/pxt-core
building /Volumes/Proj/proj/RobotProjects/pxt-nezha-diffdrive/.tmp/deploy-head
Cloning into 'built/dockercodal'...
Note: switching to 'v0.2.13'.

You are in 'detached HEAD' state. You can look around, make experimental
changes and commit them, and you can discard any commits you make in this
state without impacting any branches by switching back to a branch.

If you want to create a new branch to retain commits you create, you may
do so (now or later) by using -c with the switch command. Example:

  git switch -c <new-branch-name>

Or undo this operation with:

  git switch -

Turn off this advice by setting config variable advice.detachedHead to false

HEAD is now at 490a890 Added some basic tests for the Streams API, using the new CodalAssert style
HEAD is now at 490a890 Added some basic tests for the Streams API, using the new CodalAssert style
M	codal.json
HEAD is now at 490a890 Added some basic tests for the Streams API, using the new CodalAssert style
M	codal.json
Creating libraries folder
Cloning into: https://github.com/lancaster-university/codal-microbit-v2
Cloning into 'codal-microbit-v2'...
Checking out branch: v0.3.5
HEAD is now at f5d1682 Snapshot v0.3.5
[1;35mSet target: codal-microbit-v2 [m
[1;35mUsing target-locked.json[m
[1;34mTargeting codal-microbit-v2[m
-- The C compiler identification is GNU 9.2.1
-- The CXX compiler identification is GNU 9.2.1
-- Detecting C compiler ABI info
-- Detecting C compiler ABI info - done
-- Detecting C compile features
-- Detecting C compile features - done
-- Detecting CXX compiler ABI info
-- Detecting CXX compiler ABI info - done
-- Detecting CXX compile features
-- Detecting CXX compile features - done
-- The ASM compiler identification is GNU
-- Found assembler: /usr/bin/arm-none-eabi-gcc
[1;31mSupressing -Wexpansion-to-defined.[m
Installing dependencies...-- Adding library path: (/src/libraries)

Cloning into: https://github.com/lancaster-university/codal-core
Cloning into 'codal-core'...
Checking out branch: e6b061f2a6d8977811e3025da387d3007e5796f2
HEAD is now at e6b061f Move delete listener callback (#189)
Cloning into: https://github.com/lancaster-university/codal-nrf52
Cloning into 'codal-nrf52'...
Submodule 'nrfx' (https://github.com/NordicSemiconductor/nrfx) registered for path 'nrfx'
Cloning into '/src/libraries/codal-nrf52/nrfx'...
Submodule path 'nrfx': checked out '281cc2e178fd9a470d844b3afdea9eb322a0b0e8'
Checking out branch: 1fbb7240290fe36a55c61378f5cdeb7640f3ec4a
HEAD is now at 1fbb724 Merge pull request #56 from lancaster-university/audio-refactor
Synchronizing submodule url for 'nrfx'
Cloning into: https://github.com/microbit-foundation/codal-microbit-nrf5sdk
Cloning into 'codal-microbit-nrf5sdk'...
Checking out branch: 4b8abc690f6c9fca6132e6db5ee13a795a263f88
HEAD is now at 4b8abc6 Suppress all warnings from this target as it's 3rd party code. (#18)
[1;32mUsing library: codal-microbit-v2[m
Building WITH softdevice support
[1;32mUsing library: codal-core[m
[1;32mUsing library: codal-nrf52[m
[1;32mUsing library: codal-microbit-nrf5sdk[m
-- Configuring done
-- Generating done
-- Build files have been written to: /src/build
Scanning dependencies of target codal-core
[  1%] Building CXX object libraries/codal-core/CMakeFiles/codal-core.dir/source/core/CodalDevice.cpp.obj
[  1%] Building CXX object libraries/codal-core/CMakeFiles/codal-core.dir/source/core/CodalComponent.cpp.obj
[  0%] Building CXX object libraries/codal-core/CMakeFiles/codal-core.dir/source/core/CodalAssert.cpp.obj
[  2%] Building CXX object libraries/codal-core/CMakeFiles/codal-core.dir/source/core/CodalCompat.cpp.obj
[  2%] Building CXX object libraries/codal-core/CMakeFiles/codal-core.dir/source/core/CodalDmesg.cpp.obj
[  3%] Building CXX object libraries/codal-core/CMakeFiles/codal-core.dir/source/core/CodalHeapAllocator.cpp.obj
[  3%] Building CXX object libraries/codal-core/CMakeFiles/codal-core.dir/source/core/CodalFiber.cpp.obj
[  3%] Building CXX object libraries/codal-core/CMakeFiles/codal-core.dir/source/core/CodalListener.cpp.obj
[  4%] Building CXX object libraries/codal-core/CMakeFiles/codal-core.dir/source/core/CodalUtil.cpp.obj
[  4%] Building CXX object libraries/codal-core/CMakeFiles/codal-core.dir/source/core/MemberFunctionCallback.cpp.obj
[  5%] Building CXX object libraries/codal-core/CMakeFiles/codal-core.dir/source/core/codal_default_target_hal.cpp.obj
[  5%] Building CXX object libraries/codal-core/CMakeFiles/codal-core.dir/source/core/gcc_compat.cpp.obj
[  5%] Building CXX object libraries/codal-core/CMakeFiles/codal-core.dir/source/driver-models/AbstractButton.cpp.obj
[  6%] Building CXX object libraries/codal-core/CMakeFiles/codal-core.dir/source/driver-models/Accelerometer.cpp.obj
[  6%] Building CXX object libraries/codal-core/CMakeFiles/codal-core.dir/source/driver-models/Compass.cpp.obj
[  6%] Building CXX object libraries/codal-core/CMakeFiles/codal-core.dir/source/driver-models/CodalUSB.cpp.obj
[  6%] Building CXX object libraries/codal-core/CMakeFiles/codal-core.dir/source/driver-models/Gyroscope.cpp.obj
[  7%] Building CXX object libraries/codal-core/CMakeFiles/codal-core.dir/source/driver-models/Display.cpp.obj
[  8%] Building CXX object libraries/codal-core/CMakeFiles/codal-core.dir/source/driver-models/I2C.cpp.obj
[  8%] Building CXX object libraries/codal-core/CMakeFiles/codal-core.dir/source/driver-models/PinPeripheral.cpp.obj
[  9%] Building CXX object libraries/codal-core/CMakeFiles/codal-core.dir/source/driver-models/SPI.cpp.obj
[  9%] Building CXX object libraries/codal-core/CMakeFiles/codal-core.dir/source/driver-models/Sensor.cpp.obj
[  9%] Building CXX object libraries/codal-core/CMakeFiles/codal-core.dir/source/driver-models/Serial.cpp.obj
[ 10%] Building CXX object libraries/codal-core/CMakeFiles/codal-core.dir/source/driver-models/Timer.cpp.obj
[ 10%] Building CXX object libraries/codal-core/CMakeFiles/codal-core.dir/source/drivers/AnalogSensor.cpp.obj
[ 11%] Building CXX object libraries/codal-core/CMakeFiles/codal-core.dir/source/drivers/AsciiKeyMap.cpp.obj
[ 11%] Building CXX object libraries/codal-core/CMakeFiles/codal-core.dir/source/drivers/AnimatedDisplay.cpp.obj
[ 11%] Building CXX object libraries/codal-core/CMakeFiles/codal-core.dir/source/drivers/Button.cpp.obj
[ 11%] Building CXX object libraries/codal-core/CMakeFiles/codal-core.dir/source/drivers/GhostFAT.cpp.obj
[ 12%] Building CXX object libraries/codal-core/CMakeFiles/codal-core.dir/source/drivers/FXOS8700.cpp.obj
[ 13%] Building CXX object libraries/codal-core/CMakeFiles/codal-core.dir/source/drivers/HID.cpp.obj
[ 13%] Building CXX object libraries/codal-core/CMakeFiles/codal-core.dir/source/drivers/HIDJoystick.cpp.obj
[ 13%] Building CXX object libraries/codal-core/CMakeFiles/codal-core.dir/source/drivers/HIDKeyboard.cpp.obj
[ 13%] Building CXX object libraries/codal-core/CMakeFiles/codal-core.dir/source/drivers/ILI9341.cpp.obj
/tmp/ccuw8854.s: Assembler messages:
/tmp/ccuw8854.s:124: Warning: setting incorrect section attributes for .data.ramfuncs
[ 14%] Building CXX object libraries/codal-core/CMakeFiles/codal-core.dir/source/drivers/HIDMouse.cpp.obj
[ 15%] Building CXX object libraries/codal-core/CMakeFiles/codal-core.dir/source/drivers/KeyValueStorage.cpp.obj
[ 15%] Building CXX object libraries/codal-core/CMakeFiles/codal-core.dir/source/drivers/LEDMatrix.cpp.obj
[ 15%] Building CXX object libraries/codal-core/CMakeFiles/codal-core.dir/source/drivers/LIS3DH.cpp.obj
[ 16%] Building CXX object libraries/codal-core/CMakeFiles/codal-core.dir/source/drivers/LSM303Accelerometer.cpp.obj
[ 16%] Building CXX object libraries/codal-core/CMakeFiles/codal-core.dir/source/drivers/LSM303Magnetometer.cpp.obj
[ 16%] Building CXX object libraries/codal-core/CMakeFiles/codal-core.dir/source/drivers/MAG3110.cpp.obj
[ 17%] Building CXX object libraries/codal-core/CMakeFiles/codal-core.dir/source/drivers/LinearAnalogSensor.cpp.obj
[ 17%] Building CXX object libraries/codal-core/CMakeFiles/codal-core.dir/source/drivers/MMA8653.cpp.obj
[ 18%] Building CXX object libraries/codal-core/CMakeFiles/codal-core.dir/source/drivers/MPU6050.cpp.obj
[ 18%] Building CXX object libraries/codal-core/CMakeFiles/codal-core.dir/source/drivers/MessageBus.cpp.obj
[ 18%] Building CXX object libraries/codal-core/CMakeFiles/codal-core.dir/source/drivers/NonLinearAnalogSensor.cpp.obj
[ 19%] Building CXX object libraries/codal-core/CMakeFiles/codal-core.dir/source/drivers/MultiButton.cpp.obj
[ 20%] Building CXX object libraries/codal-core/CMakeFiles/codal-core.dir/source/drivers/PulseIn.cpp.obj
[ 20%] Building CXX object libraries/codal-core/CMakeFiles/codal-core.dir/source/drivers/PearsonHash.cpp.obj
[ 20%] Building CXX object libraries/codal-core/CMakeFiles/codal-core.dir/source/drivers/ST7735.cpp.obj
[ 20%] Building CXX object libraries/codal-core/CMakeFiles/codal-core.dir/source/drivers/StandardSPIFlash.cpp.obj
[ 21%] Building CXX object libraries/codal-core/CMakeFiles/codal-core.dir/source/drivers/ScreenIO.cpp.obj
[ 22%] Building CXX object libraries/codal-core/CMakeFiles/codal-core.dir/source/drivers/TouchButton.cpp.obj
[ 22%] Building CXX object libraries/codal-core/CMakeFiles/codal-core.dir/source/drivers/TouchSensor.cpp.obj
[ 22%] Building CXX object libraries/codal-core/CMakeFiles/codal-core.dir/source/drivers/USBMSC.cpp.obj
[ 23%] Building CXX object libraries/codal-core/CMakeFiles/codal-core.dir/source/streams/DataStream.cpp.obj
[ 23%] Building CXX object libraries/codal-core/CMakeFiles/codal-core.dir/source/streams/EffectFilter.cpp.obj
[ 24%] Building CXX object libraries/codal-core/CMakeFiles/codal-core.dir/source/streams/LevelDetector.cpp.obj
[ 24%] Building CXX object libraries/codal-core/CMakeFiles/codal-core.dir/source/streams/LevelDetectorSPL.cpp.obj
[ 24%] Building CXX object libraries/codal-core/CMakeFiles/codal-core.dir/source/streams/LowPassFilter.cpp.obj
[ 25%] Building CXX object libraries/codal-core/CMakeFiles/codal-core.dir/source/streams/MemorySource.cpp.obj
[ 25%] Building CXX object libraries/codal-core/CMakeFiles/codal-core.dir/source/streams/Mixer.cpp.obj
[ 26%] Building CXX object libraries/codal-core/CMakeFiles/codal-core.dir/source/streams/SerialStreamer.cpp.obj
[ 26%] Building CXX object libraries/codal-core/CMakeFiles/codal-core.dir/source/streams/StreamAnalyzer.cpp.obj
[ 26%] Building CXX object libraries/codal-core/CMakeFiles/codal-core.dir/source/streams/StreamNormalizer.cpp.obj
[ 27%] Building CXX object libraries/codal-core/CMakeFiles/codal-core.dir/source/streams/StreamRecording.cpp.obj
[ 28%] Building CXX object libraries/codal-core/CMakeFiles/codal-core.dir/source/streams/StreamSplitter.cpp.obj
[ 28%] Building CXX object libraries/codal-core/CMakeFiles/codal-core.dir/source/streams/Synthesizer.cpp.obj
[ 28%] Building CXX object libraries/codal-core/CMakeFiles/codal-core.dir/source/types/CoordinateSystem.cpp.obj
[ 28%] Building CXX object libraries/codal-core/CMakeFiles/codal-core.dir/source/types/BitmapFont.cpp.obj
[ 29%] Building CXX object libraries/codal-core/CMakeFiles/codal-core.dir/source/types/Event.cpp.obj
[ 30%] Building CXX object libraries/codal-core/CMakeFiles/codal-core.dir/source/types/ManagedBuffer.cpp.obj
[ 30%] Building CXX object libraries/codal-core/CMakeFiles/codal-core.dir/source/types/Image.cpp.obj
[ 30%] Building CXX object libraries/codal-core/CMakeFiles/codal-core.dir/source/types/ManagedString.cpp.obj
[ 30%] Building CXX object libraries/codal-core/CMakeFiles/codal-core.dir/source/types/Matrix4.cpp.obj
[ 31%] Building CXX object libraries/codal-core/CMakeFiles/codal-core.dir/source/types/RefCounted.cpp.obj
[ 31%] Building CXX object libraries/codal-core/CMakeFiles/codal-core.dir/source/types/RefCountedInit.cpp.obj
[ 32%] Linking CXX static library ../../libcodal-core.a
[ 32%] Built target codal-core
Scanning dependencies of target codal-nrf52
[ 32%] Building CXX object libraries/codal-nrf52/CMakeFiles/codal-nrf52.dir/source/NRF52ADC.cpp.obj
[ 32%] Building CXX object libraries/codal-nrf52/CMakeFiles/codal-nrf52.dir/source/NRF52RadioDatagram.cpp.obj
[ 33%] Building CXX object libraries/codal-nrf52/CMakeFiles/codal-nrf52.dir/source/NRF52PDM.cpp.obj
[ 33%] Building CXX object libraries/codal-nrf52/CMakeFiles/codal-nrf52.dir/source/NRF52SPI.cpp.obj
[ 33%] Building CXX object libraries/codal-nrf52/CMakeFiles/codal-nrf52.dir/source/NRF52PWM.cpp.obj
[ 34%] Building CXX object libraries/codal-nrf52/CMakeFiles/codal-nrf52.dir/source/NRF52Pin.cpp.obj
[ 34%] Building CXX object libraries/codal-nrf52/CMakeFiles/codal-nrf52.dir/source/NRF52I2C.cpp.obj
[ 34%] Building CXX object libraries/codal-nrf52/CMakeFiles/codal-nrf52.dir/source/NRF52Radio.cpp.obj
[ 36%] Building CXX object libraries/codal-nrf52/CMakeFiles/codal-nrf52.dir/source/NRF52Serial.cpp.obj
[ 36%] Building CXX object libraries/codal-nrf52/CMakeFiles/codal-nrf52.dir/source/NRF52RadioEvent.cpp.obj
[ 36%] Building CXX object libraries/codal-nrf52/CMakeFiles/codal-nrf52.dir/source/NRF52TouchSensor.cpp.obj
[ 36%] Building CXX object libraries/codal-nrf52/CMakeFiles/codal-nrf52.dir/source/NRF52USB.cpp.obj
[ 37%] Building CXX object libraries/codal-nrf52/CMakeFiles/codal-nrf52.dir/source/NRFLowLevelTimer.cpp.obj
[ 37%] Building CXX object libraries/codal-nrf52/CMakeFiles/codal-nrf52.dir/source/WS2812B.cpp.obj
[ 38%] Building CXX object libraries/codal-nrf52/CMakeFiles/codal-nrf52.dir/source/ZSingleWireSerial.cpp.obj
[ 38%] Building CXX object libraries/codal-nrf52/CMakeFiles/codal-nrf52.dir/source/codal_target_hal_base.cpp.obj
[ 38%] Building CXX object libraries/codal-nrf52/CMakeFiles/codal-nrf52.dir/source/neopixel.cpp.obj
[ 39%] Building CXX object libraries/codal-nrf52/CMakeFiles/codal-nrf52.dir/source/peripheral_alloc.cpp.obj
[ 39%] Building ASM object libraries/codal-nrf52/CMakeFiles/codal-nrf52.dir/asm/CortexContextSwitch.s.obj
[ 40%] Building C object libraries/codal-nrf52/CMakeFiles/codal-nrf52.dir/nrfx/mdk/system_nrf52833.c.obj
[ 40%] Building ASM object libraries/codal-nrf52/CMakeFiles/codal-nrf52.dir/nrfx_mods/mdk/gcc_startup_nrf52833.S.obj
[ 41%] Linking CXX static library ../../libcodal-nrf52.a
[ 41%] Built target codal-nrf52
Scanning dependencies of target codal-microbit-nrf5sdk
[ 41%] Building C object libraries/codal-microbit-nrf5sdk/CMakeFiles/codal-microbit-nrf5sdk.dir/nRF5SDK_mods/nrf_log_backend_dmesg.c.obj
[ 41%] Building C object libraries/codal-microbit-nrf5sdk/CMakeFiles/codal-microbit-nrf5sdk.dir/nRF5SDK/components/libraries/log/src/nrf_log_frontend.c.obj
[ 42%] Building C object libraries/codal-microbit-nrf5sdk/CMakeFiles/codal-microbit-nrf5sdk.dir/nRF5SDK/components/libraries/util/app_error.c.obj
[ 43%] Building C object libraries/codal-microbit-nrf5sdk/CMakeFiles/codal-microbit-nrf5sdk.dir/nRF5SDK/components/libraries/log/src/nrf_log_backend_serial.c.obj
[ 44%] Building C object libraries/codal-microbit-nrf5sdk/CMakeFiles/codal-microbit-nrf5sdk.dir/nRF5SDK/components/libraries/util/app_error_handler_gcc.c.obj
[ 44%] Building C object libraries/codal-microbit-nrf5sdk/CMakeFiles/codal-microbit-nrf5sdk.dir/nRF5SDK/components/libraries/log/src/nrf_log_str_formatter.c.obj
[ 44%] Building C object libraries/codal-microbit-nrf5sdk/CMakeFiles/codal-microbit-nrf5sdk.dir/nRF5SDK/components/libraries/util/app_error_weak.c.obj
[ 44%] Building C object libraries/codal-microbit-nrf5sdk/CMakeFiles/codal-microbit-nrf5sdk.dir/nRF5SDK/components/libraries/util/app_util_platform.c.obj
[ 44%] Building C object libraries/codal-microbit-nrf5sdk/CMakeFiles/codal-microbit-nrf5sdk.dir/nRF5SDK_mods/app_timer2.c.obj
[ 45%] Building C object libraries/codal-microbit-nrf5sdk/CMakeFiles/codal-microbit-nrf5sdk.dir/nRF5SDK_mods/drv_rtc.c.obj
[ 45%] Building C object libraries/codal-microbit-nrf5sdk/CMakeFiles/codal-microbit-nrf5sdk.dir/nRF5SDK/components/libraries/crc32/crc32.c.obj
[ 45%] Building C object libraries/codal-microbit-nrf5sdk/CMakeFiles/codal-microbit-nrf5sdk.dir/nRF5SDK/components/libraries/atomic_fifo/nrf_atfifo.c.obj
[ 47%] Building C object libraries/codal-microbit-nrf5sdk/CMakeFiles/codal-microbit-nrf5sdk.dir/nRF5SDK/components/libraries/atomic/nrf_atomic.c.obj
[ 47%] Building C object libraries/codal-microbit-nrf5sdk/CMakeFiles/codal-microbit-nrf5sdk.dir/nRF5SDK/components/libraries/fds/fds.c.obj
[ 47%] Building C object libraries/codal-microbit-nrf5sdk/CMakeFiles/codal-microbit-nrf5sdk.dir/nRF5SDK/components/libraries/atomic_flags/nrf_atflags.c.obj
[ 48%] Building C object libraries/codal-microbit-nrf5sdk/CMakeFiles/codal-microbit-nrf5sdk.dir/nRF5SDK/external/fprintf/nrf_fprintf.c.obj
[ 48%] Building C object libraries/codal-microbit-nrf5sdk/CMakeFiles/codal-microbit-nrf5sdk.dir/nRF5SDK/components/libraries/balloc/nrf_balloc.c.obj
[ 48%] Building C object libraries/codal-microbit-nrf5sdk/CMakeFiles/codal-microbit-nrf5sdk.dir/nRF5SDK/external/fprintf/nrf_fprintf_format.c.obj
[ 48%] Building C object libraries/codal-microbit-nrf5sdk/CMakeFiles/codal-microbit-nrf5sdk.dir/nRF5SDK/components/libraries/fstorage/nrf_fstorage.c.obj
[ 49%] Building C object libraries/codal-microbit-nrf5sdk/CMakeFiles/codal-microbit-nrf5sdk.dir/nRF5SDK/components/libraries/fstorage/nrf_fstorage_sd.c.obj
[ 49%] Building C object libraries/codal-microbit-nrf5sdk/CMakeFiles/codal-microbit-nrf5sdk.dir/nRF5SDK/components/libraries/memobj/nrf_memobj.c.obj
[ 50%] Building C object libraries/codal-microbit-nrf5sdk/CMakeFiles/codal-microbit-nrf5sdk.dir/nRF5SDK_mods/nrf_pwr_mgmt.c.obj
[ 50%] Building C object libraries/codal-microbit-nrf5sdk/CMakeFiles/codal-microbit-nrf5sdk.dir/nRF5SDK/components/libraries/ringbuf/nrf_ringbuf.c.obj
[ 51%] Building C object libraries/codal-microbit-nrf5sdk/CMakeFiles/codal-microbit-nrf5sdk.dir/nRF5SDK/components/libraries/experimental_section_vars/nrf_section_iter.c.obj
[ 51%] Building C object libraries/codal-microbit-nrf5sdk/CMakeFiles/codal-microbit-nrf5sdk.dir/nRF5SDK/components/libraries/sortlist/nrf_sortlist.c.obj
[ 51%] Building C object libraries/codal-microbit-nrf5sdk/CMakeFiles/codal-microbit-nrf5sdk.dir/nRF5SDK/components/libraries/strerror/nrf_strerror.c.obj
[ 52%] Building C object libraries/codal-microbit-nrf5sdk/CMakeFiles/codal-microbit-nrf5sdk.dir/nRF5SDK/components/libraries/bootloader/dfu/nrf_dfu_svci.c.obj
[ 52%] Building C object libraries/codal-microbit-nrf5sdk/CMakeFiles/codal-microbit-nrf5sdk.dir/nRF5SDK/components/ble/common/ble_advdata.c.obj
[ 52%] Building C object libraries/codal-microbit-nrf5sdk/CMakeFiles/codal-microbit-nrf5sdk.dir/nRF5SDK/components/ble/common/ble_conn_params.c.obj
[ 53%] Building C object libraries/codal-microbit-nrf5sdk/CMakeFiles/codal-microbit-nrf5sdk.dir/nRF5SDK/components/ble/common/ble_conn_state.c.obj
[ 53%] Building C object libraries/codal-microbit-nrf5sdk/CMakeFiles/codal-microbit-nrf5sdk.dir/nRF5SDK/components/ble/common/ble_srv_common.c.obj
[ 53%] Building C object libraries/codal-microbit-nrf5sdk/CMakeFiles/codal-microbit-nrf5sdk.dir/nRF5SDK/components/ble/peer_manager/gatt_cache_manager.c.obj
[ 54%] Building C object libraries/codal-microbit-nrf5sdk/CMakeFiles/codal-microbit-nrf5sdk.dir/nRF5SDK/components/ble/nrf_ble_gatt/nrf_ble_gatt.c.obj
[ 55%] Building C object libraries/codal-microbit-nrf5sdk/CMakeFiles/codal-microbit-nrf5sdk.dir/nRF5SDK/components/ble/peer_manager/gatts_cache_manager.c.obj
[ 55%] Building C object libraries/codal-microbit-nrf5sdk/CMakeFiles/codal-microbit-nrf5sdk.dir/nRF5SDK/components/ble/peer_manager/id_manager.c.obj
[ 55%] Building C object libraries/codal-microbit-nrf5sdk/CMakeFiles/codal-microbit-nrf5sdk.dir/nRF5SDK/components/ble/peer_manager/peer_data_storage.c.obj
[ 56%] Building C object libraries/codal-microbit-nrf5sdk/CMakeFiles/codal-microbit-nrf5sdk.dir/nRF5SDK/components/ble/peer_manager/peer_database.c.obj
[ 57%] Building C object libraries/codal-microbit-nrf5sdk/CMakeFiles/codal-microbit-nrf5sdk.dir/nRF5SDK/components/ble/peer_manager/peer_manager.c.obj
[ 57%] Building C object libraries/codal-microbit-nrf5sdk/CMakeFiles/codal-microbit-nrf5sdk.dir/nRF5SDK/components/ble/peer_manager/peer_id.c.obj
[ 58%] Building C object libraries/codal-microbit-nrf5sdk/CMakeFiles/codal-microbit-nrf5sdk.dir/nRF5SDK/components/ble/peer_manager/security_dispatcher.c.obj
[ 58%] Building C object libraries/codal-microbit-nrf5sdk/CMakeFiles/codal-microbit-nrf5sdk.dir/nRF5SDK/components/ble/peer_manager/pm_buffer.c.obj
[ 58%] Building C object libraries/codal-microbit-nrf5sdk/CMakeFiles/codal-microbit-nrf5sdk.dir/nRF5SDK/components/ble/peer_manager/peer_manager_handler.c.obj
[ 58%] Building C object libraries/codal-microbit-nrf5sdk/CMakeFiles/codal-microbit-nrf5sdk.dir/nRF5SDK/components/ble/peer_manager/security_manager.c.obj
[ 59%] Building C object libraries/codal-microbit-nrf5sdk/CMakeFiles/codal-microbit-nrf5sdk.dir/nRF5SDK/components/softdevice/common/nrf_sdh.c.obj
[ 59%] Building C object libraries/codal-microbit-nrf5sdk/CMakeFiles/codal-microbit-nrf5sdk.dir/nRF5SDK/components/softdevice/common/nrf_sdh_ble.c.obj
[ 59%] Building C object libraries/codal-microbit-nrf5sdk/CMakeFiles/codal-microbit-nrf5sdk.dir/nRF5SDK_mods/nrf_sdh_soc.c.obj
[ 60%] Building C object libraries/codal-microbit-nrf5sdk/CMakeFiles/codal-microbit-nrf5sdk.dir/nRF5SDK/components/ble/ble_services/ble_dfu/ble_dfu.c.obj
[ 60%] Building C object libraries/codal-microbit-nrf5sdk/CMakeFiles/codal-microbit-nrf5sdk.dir/nRF5SDK_mods/ble_dfu_bonded.c.obj
[ 61%] Building C object libraries/codal-microbit-nrf5sdk/CMakeFiles/codal-microbit-nrf5sdk.dir/nRF5SDK/components/ble/ble_services/ble_dfu/ble_dfu_unbonded.c.obj
[ 61%] Building C object libraries/codal-microbit-nrf5sdk/CMakeFiles/codal-microbit-nrf5sdk.dir/nRF5SDK/components/ble/ble_services/ble_dis/ble_dis.c.obj
[ 61%] Linking CXX static library ../../libcodal-microbit-nrf5sdk.a
[ 61%] Built target codal-microbit-nrf5sdk
Scanning dependencies of target codal-microbit-v2
[ 62%] Building CXX object libraries/codal-microbit-v2/CMakeFiles/codal-microbit-v2.dir/source/FSCache.cpp.obj
[ 63%] Building CXX object libraries/codal-microbit-v2/CMakeFiles/codal-microbit-v2.dir/source/MicroBitAudio.cpp.obj
[ 63%] Building CXX object libraries/codal-microbit-v2/CMakeFiles/codal-microbit-v2.dir/source/MicroBitAccelerometer.cpp.obj
[ 63%] Building CXX object libraries/codal-microbit-v2/CMakeFiles/codal-microbit-v2.dir/source/MicroBitCompass.cpp.obj
[ 63%] Building CXX object libraries/codal-microbit-v2/CMakeFiles/codal-microbit-v2.dir/source/MicroBitCompassCalibrator.cpp.obj
[ 63%] Building CXX object libraries/codal-microbit-v2/CMakeFiles/codal-microbit-v2.dir/source/MicroBitDevice.cpp.obj
[ 63%] Building CXX object libraries/codal-microbit-v2/CMakeFiles/codal-microbit-v2.dir/source/MicroBitFile.cpp.obj
[ 64%] Building CXX object libraries/codal-microbit-v2/CMakeFiles/codal-microbit-v2.dir/source/MicroBitDisplay.cpp.obj
[ 65%] Building CXX object libraries/codal-microbit-v2/CMakeFiles/codal-microbit-v2.dir/source/MicroBitCompat.cpp.obj
[ 65%] Building CXX object libraries/codal-microbit-v2/CMakeFiles/codal-microbit-v2.dir/source/MicroBitFileSystem.cpp.obj
[ 66%] Building CXX object libraries/codal-microbit-v2/CMakeFiles/codal-microbit-v2.dir/source/MicroBitFlash.cpp.obj
[ 66%] Building CXX object libraries/codal-microbit-v2/CMakeFiles/codal-microbit-v2.dir/source/MicroBitLog.cpp.obj
[ 67%] Building CXX object libraries/codal-microbit-v2/CMakeFiles/codal-microbit-v2.dir/source/MicroBitMemoryMap.cpp.obj
[ 67%] Building CXX object libraries/codal-microbit-v2/CMakeFiles/codal-microbit-v2.dir/source/MicroBitPowerManager.cpp.obj
[ 67%] Building CXX object libraries/codal-microbit-v2/CMakeFiles/codal-microbit-v2.dir/source/MicroBitRadioEvent.cpp.obj
[ 68%] Building CXX object libraries/codal-microbit-v2/CMakeFiles/codal-microbit-v2.dir/source/MicroBitRadio.cpp.obj
[ 68%] Building CXX object libraries/codal-microbit-v2/CMakeFiles/codal-microbit-v2.dir/source/MicroBitRadioDatagram.cpp.obj
[ 69%] Building CXX object libraries/codal-microbit-v2/CMakeFiles/codal-microbit-v2.dir/source/MicroBitThermometer.cpp.obj
[ 69%] Building CXX object libraries/codal-microbit-v2/CMakeFiles/codal-microbit-v2.dir/source/MicroBitUSBFlashManager.cpp.obj
[ 70%] Building CXX object libraries/codal-microbit-v2/CMakeFiles/codal-microbit-v2.dir/source/MicroSynth.cpp.obj
[ 70%] Building CXX object libraries/codal-microbit-v2/CMakeFiles/codal-microbit-v2.dir/source/Mixer2.cpp.obj
[ 70%] Building CXX object libraries/codal-microbit-v2/CMakeFiles/codal-microbit-v2.dir/source/NRF52FlashManager.cpp.obj
[ 71%] Building CXX object libraries/codal-microbit-v2/CMakeFiles/codal-microbit-v2.dir/source/NRF52LedMatrix.cpp.obj
[ 71%] Building CXX object libraries/codal-microbit-v2/CMakeFiles/codal-microbit-v2.dir/source/PacketBuffer.cpp.obj
[ 72%] Building CXX object libraries/codal-microbit-v2/CMakeFiles/codal-microbit-v2.dir/source/SampleSource.cpp.obj
[ 72%] Building CXX object libraries/codal-microbit-v2/CMakeFiles/codal-microbit-v2.dir/source/SoundEmojiSynthesizer.cpp.obj
[ 72%] Building CXX object libraries/codal-microbit-v2/CMakeFiles/codal-microbit-v2.dir/source/SoundExpressions.cpp.obj
[ 73%] Building CXX object libraries/codal-microbit-v2/CMakeFiles/codal-microbit-v2.dir/source/SoundSynthesizerEffects.cpp.obj
[ 73%] Building CXX object libraries/codal-microbit-v2/CMakeFiles/codal-microbit-v2.dir/source/SoundOutputPin.cpp.obj
[ 74%] Building CXX object libraries/codal-microbit-v2/CMakeFiles/codal-microbit-v2.dir/source/bluetooth/MicroBitBLEChar.cpp.obj
[ 74%] Building CXX object libraries/codal-microbit-v2/CMakeFiles/codal-microbit-v2.dir/source/bluetooth/MicroBitAccelerometerService.cpp.obj
[ 74%] Building CXX object libraries/codal-microbit-v2/CMakeFiles/codal-microbit-v2.dir/source/bluetooth/MicroBitBLEManager.cpp.obj
[ 75%] Building CXX object libraries/codal-microbit-v2/CMakeFiles/codal-microbit-v2.dir/source/bluetooth/MicroBitBLEService.cpp.obj
[ 75%] Building CXX object libraries/codal-microbit-v2/CMakeFiles/codal-microbit-v2.dir/source/bluetooth/MicroBitBLEServices.cpp.obj
[ 76%] Building CXX object libraries/codal-microbit-v2/CMakeFiles/codal-microbit-v2.dir/source/bluetooth/MicroBitBLETypes.cpp.obj
[ 76%] Building CXX object libraries/codal-microbit-v2/CMakeFiles/codal-microbit-v2.dir/source/bluetooth/MicroBitButtonService.cpp.obj
[ 76%] Building CXX object libraries/codal-microbit-v2/CMakeFiles/codal-microbit-v2.dir/source/bluetooth/MicroBitEddystone.cpp.obj
[ 77%] Building CXX object libraries/codal-microbit-v2/CMakeFiles/codal-microbit-v2.dir/source/bluetooth/MicroBitEventService.cpp.obj
[ 77%] Building CXX object libraries/codal-microbit-v2/CMakeFiles/codal-microbit-v2.dir/source/bluetooth/MicroBitIOPinService.cpp.obj
[ 78%] Building CXX object libraries/codal-microbit-v2/CMakeFiles/codal-microbit-v2.dir/source/bluetooth/MicroBitLEDService.cpp.obj
[ 78%] Building CXX object libraries/codal-microbit-v2/CMakeFiles/codal-microbit-v2.dir/source/bluetooth/MicroBitMagnetometerService.cpp.obj
[ 79%] Building CXX object libraries/codal-microbit-v2/CMakeFiles/codal-microbit-v2.dir/source/bluetooth/MicroBitTemperatureService.cpp.obj
[ 79%] Building CXX object libraries/codal-microbit-v2/CMakeFiles/codal-microbit-v2.dir/source/bluetooth/MicroBitPartialFlashingService.cpp.obj
[ 79%] Building CXX object libraries/codal-microbit-v2/CMakeFiles/codal-microbit-v2.dir/source/bluetooth/MicroBitUARTService.cpp.obj
[ 80%] Building CXX object libraries/codal-microbit-v2/CMakeFiles/codal-microbit-v2.dir/source/bluetooth/MicroBitUtilityService.cpp.obj
[ 80%] Building CXX object libraries/codal-microbit-v2/CMakeFiles/codal-microbit-v2.dir/source/compat/MbedMemberFunctionCallback.cpp.obj
[ 81%] Building CXX object libraries/codal-microbit-v2/CMakeFiles/codal-microbit-v2.dir/source/compat/MicroBitButton.cpp.obj
[ 81%] Building CXX object libraries/codal-microbit-v2/CMakeFiles/codal-microbit-v2.dir/source/compat/MicroBitI2C.cpp.obj
[ 81%] Building CXX object libraries/codal-microbit-v2/CMakeFiles/codal-microbit-v2.dir/source/compat/MicroBitSerial.cpp.obj
[ 82%] Building CXX object libraries/codal-microbit-v2/CMakeFiles/codal-microbit-v2.dir/model/MicroBit.cpp.obj
[ 82%] Building CXX object libraries/codal-microbit-v2/CMakeFiles/codal-microbit-v2.dir/model/MicroBitIO.cpp.obj
[ 83%] Linking CXX static library ../../libcodal-microbit-v2.a
[ 83%] Built target codal-microbit-v2
Scanning dependencies of target MICROBIT
[ 83%] Building CXX object CMakeFiles/MICROBIT.dir/pxtapp/core/advmath.cpp.obj
[ 83%] Building CXX object CMakeFiles/MICROBIT.dir/pxtapp/core/controlgc.cpp.obj
[ 84%] Building CXX object CMakeFiles/MICROBIT.dir/pxtapp/core/control.cpp.obj
[ 84%] Building CXX object CMakeFiles/MICROBIT.dir/pxtapp/core/core.cpp.obj
[ 86%] Building CXX object CMakeFiles/MICROBIT.dir/pxtapp/core/codal.cpp.obj
[ 86%] Building CXX object CMakeFiles/MICROBIT.dir/pxtapp/core/buffer.cpp.obj
[ 87%] Building CXX object CMakeFiles/MICROBIT.dir/pxtapp/core/gc.cpp.obj
[ 86%] Building CXX object CMakeFiles/MICROBIT.dir/pxtapp/core/basic.cpp.obj
[ 87%] Building CXX object CMakeFiles/MICROBIT.dir/pxtapp/core/input.cpp.obj
[ 87%] Building CXX object CMakeFiles/MICROBIT.dir/pxtapp/core/images.cpp.obj
/src/pxtapp/core/codal.cpp: In function 'void pxt::runInParallel(pxt::Action)':
/src/pxtapp/core/codal.cpp:143:40: warning: cast between incompatible function types from 'pxt::TValueStruct* (*)(pxt::Action)' {aka 'pxt::TValueStruct* (*)(pxt::TValueStruct*)'} to 'void (*)(void*)' [-Wcast-function-type]
  143 |         create_fiber((void (*)(void *))runAction0, (void *)a, fiberDone);
      |                                        ^~~~~~~~~~
[ 87%] Building CXX object CMakeFiles/MICROBIT.dir/pxtapp/core/light.cpp.obj
[ 87%] Building CXX object CMakeFiles/MICROBIT.dir/pxtapp/core/led.cpp.obj
[ 88%] Building CXX object CMakeFiles/MICROBIT.dir/pxtapp/core/logo.cpp.obj
[ 88%] Building CXX object CMakeFiles/MICROBIT.dir/pxtapp/core/music.cpp.obj
[ 89%] Building CXX object CMakeFiles/MICROBIT.dir/pxtapp/core/pins.cpp.obj
[ 89%] Building CXX object CMakeFiles/MICROBIT.dir/pxtapp/core/serial.cpp.obj
[ 89%] Building CXX object CMakeFiles/MICROBIT.dir/pxtapp/core/pxt.cpp.obj
[ 90%] Building CXX object CMakeFiles/MICROBIT.dir/pxtapp/core/soundexpressions.cpp.obj
[ 90%] Building CXX object CMakeFiles/MICROBIT.dir/pxtapp/core/touchmode.cpp.obj
[ 91%] Building CXX object CMakeFiles/MICROBIT.dir/pxtapp/core/trig.cpp.obj
/src/pxtapp/core/serial.cpp:275:13: warning: 'void pxt::sendString(const char*, int)' defined but not used [-Wunused-function]
  275 | static void sendString(const char *c, int len) {
      |             ^~~~~~~~~~
[ 91%] Building CXX object CMakeFiles/MICROBIT.dir/pxtapp/microphone/microphone.cpp.obj
[ 92%] Building CXX object CMakeFiles/MICROBIT.dir/pxtapp/microphone/microphonehw.cpp.obj
[ 92%] Building CXX object CMakeFiles/MICROBIT.dir/pxtapp/main.cpp.obj
[ 93%] Building CXX object CMakeFiles/MICROBIT.dir/pxtapp/nezha-diffdrive/src/comms/radio_transport.cpp.obj
[ 93%] Building CXX object CMakeFiles/MICROBIT.dir/pxtapp/nezha-diffdrive/src/comms/protocol.cpp.obj
[ 93%] Building CXX object CMakeFiles/MICROBIT.dir/pxtapp/nezha-diffdrive/src/comms/serial_transport.cpp.obj
[ 93%] Building CXX object CMakeFiles/MICROBIT.dir/pxtapp/nezha-diffdrive/src/comms/wifi_link.cpp.obj
[ 94%] Building CXX object CMakeFiles/MICROBIT.dir/pxtapp/nezha-diffdrive/src/comms/wifi_uart.cpp.obj
[ 94%] Building CXX object CMakeFiles/MICROBIT.dir/pxtapp/nezha-diffdrive/src/comms/wire_adapter.cpp.obj
[ 95%] Building CXX object CMakeFiles/MICROBIT.dir/pxtapp/nezha-diffdrive/src/comms/wire_handler.cpp.obj
[ 95%] Building CXX object CMakeFiles/MICROBIT.dir/pxtapp/nezha-diffdrive/src/core/diffdrive.cpp.obj
[ 95%] Building CXX object CMakeFiles/MICROBIT.dir/pxtapp/nezha-diffdrive/src/platform/nezha_port.cpp.obj
[ 96%] Building CXX object CMakeFiles/MICROBIT.dir/pxtapp/nezha-diffdrive/src/motion/motion_engine.cpp.obj
[ 96%] Building CXX object CMakeFiles/MICROBIT.dir/pxtapp/nezha-diffdrive/src/platform/otos_port.cpp.obj
[ 97%] Building CXX object CMakeFiles/MICROBIT.dir/pxtapp/nezha-diffdrive/src/platform/vfp_guard.cpp.obj
[ 97%] Building CXX object CMakeFiles/MICROBIT.dir/pxtapp/nezha-diffdrive/src/shims.cpp.obj
[ 98%] Building CXX object CMakeFiles/MICROBIT.dir/pxtapp/pointers.cpp.obj
[ 98%] Building ASM object CMakeFiles/MICROBIT.dir/pxtapp/core/sendbuffer.s.obj
[ 98%] Building ASM object CMakeFiles/MICROBIT.dir/pxtapp/core/sendbufferbrightness.s.obj
[ 99%] Building ASM object CMakeFiles/MICROBIT.dir/pxtapp/core/sendbuffernrf52.s.obj
/src/pxtapp/core/sendbufferbrightness.s: Assembler messages:
/src/pxtapp/core/sendbufferbrightness.s: Warning: end of file not at end of a line; newline inserted
/src/pxtapp/nezha-diffdrive/src/platform/nezha_port.cpp: In member function 'virtual void diffDrive::NezhaMotorPort::tick(uint64_t)':
/src/pxtapp/nezha-diffdrive/src/platform/nezha_port.cpp:498:33: warning: comparison of integer expressions of different signedness: 'int' and 'uint32_t' {aka 'long unsigned int'} [-Wsign-compare]
  498 |       if (identicalReadsDriven_ > maxDrivenStreak_)
      |           ~~~~~~~~~~~~~~~~~~~~~~^~~~~~~~~~~~~~~~~~
[ 99%] Linking CXX executable MICROBIT
[ 99%] Built target MICROBIT
Scanning dependencies of target MICROBIT_bin
Scanning dependencies of target MICROBIT_hex
[100%] converting to bin file.
[100%] converting to hex file.
[100%] Built target MICROBIT_bin
[100%] Built target MICROBIT_hex

hex: /Volumes/Proj/proj/RobotProjects/pxt-nezha-diffdrive/.tmp/deploy-head/built/binary.hex  (1682576 bytes)  [attempt 1]
