0003803 I Loading /tmp/mbdeploy-flash-uy3_08r9.hex [load_cmd]
0006556 I Erasing... [loader]
[---|---|---|---|---|---|---|---|---|----]
[==0018587 E Error during board uninit: [session]
0018588 E Probe error during disconnect: [session]
0018589 C Timeout reading from probe 9906360200052820049d38a46da36a83000000006e052820 [__main__]
flash failed with a transient-looking probe/communication error — retrying once before any mass-erase decision.
0003886 I Loading /tmp/mbdeploy-flash-uy3_08r9.hex [load_cmd]
0006551 I Erasing... [loader]
[---|---|---|---|---|---|---|---|---|----]
[==========================0022683 C flash erase sector failure (address 0x00000000; result code 0x67) [__main__]
flash failed — attempting CTRL-AP mass erase to recover a locked device, then retrying.
0003818 I Mass erasing device... [eraser]
0004027 I Mass erase complete [eraser]
0003859 I Loading /tmp/mbdeploy-flash-uy3_08r9.hex [load_cmd]
0006515 I Erasing... [loader]
[---|---|---|---|---|---|---|---|---|----]
[========================================]
0018261 I Programming... [loader]
[---|---|---|---|---|---|---|---|---|----]
[========================================]
0035894 I Erased 418816 bytes (103 sectors), programmed 418816 bytes (103 pages), identical 0 bytes (0 pages) at 13.92 kB/s [loader]
