1788575561.348 status ready=0 active=0 connL=0 connR=0 otos=1 wedge=0 flags=0 i2cf=0 cyc=0 tlm=off next=1 done=0 reason=none
1788575561.579 status ready=0 active=0 connL=0 connR=0 otos=1 wedge=0 flags=0 i2cf=0 cyc=0 tlm=off next=1 done=0 reason=none
1788575561.803 status ready=0 active=0 connL=0 connR=0 otos=1 wedge=0 flags=0 i2cf=0 cyc=0 tlm=off next=1 done=0 reason=none
1788575562.026 status ready=0 active=0 connL=0 connR=0 otos=1 wedge=0 flags=0 i2cf=0 cyc=0 tlm=off next=1 done=0 reason=none
1788575562.256 status ready=0 active=0 connL=0 connR=0 otos=1 wedge=0 flags=0 i2cf=0 cyc=0 tlm=off next=1 done=0 reason=none
1788575562.452 status ready=0 active=0 connL=0 connR=0 otos=1 wedge=0 flags=0 i2cf=0 cyc=0 tlm=off next=1 done=0 reason=none
1788575562.682 DBG:wifi state=0 ip=- peer=-:0 tcp=0/0 to=4 restarts=0 sent=0 rx=0 drop=0 mdns=0/0 cmd= reply=
1788575562.682 status ready=0 active=0 connL=0 connR=0 otos=1 wedge=0 flags=0 i2cf=0 cyc=0 tlm=off next=1 done=0 reason=none
1788575562.910 status ready=0 active=0 connL=0 connR=0 otos=1 wedge=0 flags=0 i2cf=0 cyc=0 tlm=off next=1 done=0 reason=none
1788575563.136 status ready=0 active=0 connL=0 connR=0 otos=1 wedge=0 flags=0 i2cf=0 cyc=0 tlm=off next=1 done=0 reason=none
1788575563.321 status ready=0 active=0 connL=0 connR=0 otos=1 wedge=0 flags=0 i2cf=0 cyc=0 tlm=off next=1 done=0 reason=none
1788575563.563 ack 1 0 none
1788575563.563 status ready=1 active=0 connL=1 connR=1 otos=1 wedge=0 flags=31 i2cf=0 cyc=1 tlm=off next=2 done=0 reason=none
1788575563.800 status ready=1 active=1 connL=1 connR=1 otos=1 wedge=0 flags=31 i2cf=3 cyc=11 tlm=off next=2 done=0 reason=none
1788575563.854 status ready=1 active=0 connL=1 connR=1 otos=1 wedge=0 flags=31 i2cf=3 cyc=23 tlm=off next=2 done=1 reason=stop
1788575564.160 status ready=1 active=0 connL=1 connR=1 otos=1 wedge=0 flags=31 i2cf=3 cyc=23 tlm=off next=2 done=1 reason=stop
1788575564.391 status ready=1 active=0 connL=1 connR=1 otos=1 wedge=0 flags=31 i2cf=3 cyc=23 tlm=off next=2 done=1 reason=stop
1788575564.622 status ready=1 active=0 connL=1 connR=1 otos=1 wedge=0 flags=31 i2cf=3 cyc=23 tlm=off next=2 done=1 reason=stop
1788575564.839 status ready=1 active=0 connL=1 connR=1 otos=1 wedge=0 flags=31 i2cf=3 cyc=23 tlm=off next=2 done=1 reason=stop
1788575565.065 status ready=1 active=0 connL=1 connR=1 otos=1 wedge=0 flags=31 i2cf=3 cyc=23 tlm=off next=2 done=1 reason=stop
1788575565.297 status ready=1 active=0 connL=1 connR=1 otos=1 wedge=0 flags=31 i2cf=3 cyc=23 tlm=off next=2 done=1 reason=stop
1788575565.522 status ready=1 active=0 connL=1 connR=1 otos=1 wedge=0 flags=31 i2cf=3 cyc=23 tlm=off next=2 done=1 reason=stop
1788575565.761 status ready=1 active=0 connL=1 connR=1 otos=1 wedge=0 flags=31 i2cf=3 cyc=23 tlm=off next=2 done=1 reason=stop
1788575565.997 status ready=1 active=0 connL=1 connR=1 otos=1 wedge=0 flags=31 i2cf=3 cyc=23 tlm=off next=2 done=1 reason=stop
1788575566.233 status ready=1 active=0 connL=1 connR=1 otos=1 wedge=0 flags=31 i2cf=3 cyc=23 tlm=off next=2 done=1 reason=stop
1788575566.455 status ready=1 active=0 connL=1 connR=1 otos=1 wedge=0 flags=31 i2cf=3 cyc=23 tlm=off next=2 done=1 reason=stop
1788575566.683 status ready=1 active=0 connL=1 connR=1 otos=1 wedge=0 flags=31 i2cf=3 cyc=23 tlm=off next=2 done=1 reason=stop
1788575566.914 status ready=1 active=0 connL=1 connR=1 otos=1 wedge=0 flags=31 i2cf=3 cyc=23 tlm=off next=2 done=1 reason=stop
1788575567.139 status ready=1 active=0 connL=1 connR=1 otos=1 wedge=0 flags=31 i2cf=3 cyc=23 tlm=off next=2 done=1 reason=stop
1788575567.319 status ready=1 active=0 connL=1 connR=1 otos=1 wedge=0 flags=31 i2cf=3 cyc=23 tlm=off next=2 done=1 reason=stop
1788575567.638 status ready=1 active=0 connL=1 connR=1 otos=1 wedge=0 flags=31 i2cf=3 cyc=23 tlm=off next=2 done=1 reason=stop
1788575567.638 status ready=1 active=0 connL=1 connR=1 otos=1 wedge=0 flags=31 i2cf=3 cyc=23 tlm=off next=2 done=1 reason=stop
1788575567.863 status ready=1 active=0 connL=1 connR=1 otos=1 wedge=0 flags=31 i2cf=3 cyc=23 tlm=off next=2 done=1 reason=stop
1788575568.089 status ready=1 active=0 connL=1 connR=1 otos=1 wedge=0 flags=31 i2cf=3 cyc=23 tlm=off next=2 done=1 reason=stop
1788575568.312 status ready=1 active=0 connL=1 connR=1 otos=1 wedge=0 flags=31 i2cf=3 cyc=23 tlm=off next=2 done=1 reason=stop
1788575568.536 status ready=1 active=0 connL=1 connR=1 otos=1 wedge=0 flags=31 i2cf=3 cyc=23 tlm=off next=2 done=1 reason=stop
1788575568.904 status ready=1 active=0 connL=1 connR=1 otos=1 wedge=0 flags=31 i2cf=3 cyc=23 tlm=off next=2 done=1 reason=stop
1788575568.904 status ready=1 active=0 connL=1 connR=1 otos=1 wedge=0 flags=31 i2cf=3 cyc=23 tlm=off next=2 done=1 reason=stop
1788575569.128 status ready=1 active=0 connL=1 connR=1 otos=1 wedge=0 flags=31 i2cf=3 cyc=23 tlm=off next=2 done=1 reason=stop
1788575569.354 status ready=1 active=0 connL=1 connR=1 otos=1 wedge=0 flags=31 i2cf=3 cyc=23 tlm=off next=2 done=1 reason=stop
1788575569.597 status ready=1 active=0 connL=1 connR=1 otos=1 wedge=0 flags=31 i2cf=3 cyc=23 tlm=off next=2 done=1 reason=stop
1788575569.824 status ready=1 active=0 connL=1 connR=1 otos=1 wedge=0 flags=31 i2cf=3 cyc=23 tlm=off next=2 done=1 reason=stop
1788575570.048 status ready=1 active=0 connL=1 connR=1 otos=1 wedge=0 flags=31 i2cf=3 cyc=23 tlm=off next=2 done=1 reason=stop
1788575570.253 status ready=1 active=0 connL=1 connR=1 otos=1 wedge=0 flags=31 i2cf=3 cyc=23 tlm=off next=2 done=1 reason=stop
1788575570.320 ack 2 1 stop
1788575570.617 status ready=1 active=0 connL=1 connR=1 otos=1 wedge=0 flags=31 i2cf=3 cyc=24 tlm=off next=3 done=1 reason=stop
1788575570.617 status ready=1 active=1 connL=1 connR=1 otos=1 wedge=0 flags=31 i2cf=3 cyc=29 tlm=off next=3 done=1 reason=stop
1788575570.983 status ready=1 active=0 connL=1 connR=1 otos=1 wedge=0 flags=31 i2cf=3 cyc=42 tlm=off next=3 done=2 reason=stop
1788575570.983 status ready=1 active=0 connL=1 connR=1 otos=1 wedge=0 flags=31 i2cf=3 cyc=42 tlm=off next=3 done=2 reason=stop
1788575571.213 status ready=1 active=0 connL=1 connR=1 otos=1 wedge=0 flags=31 i2cf=3 cyc=42 tlm=off next=3 done=2 reason=stop
1788575571.437 status ready=1 active=0 connL=1 connR=1 otos=1 wedge=0 flags=31 i2cf=3 cyc=42 tlm=off next=3 done=2 reason=stop
1788575571.661 status ready=1 active=0 connL=1 connR=1 otos=1 wedge=0 flags=31 i2cf=3 cyc=42 tlm=off next=3 done=2 reason=stop
1788575571.891 status ready=1 active=0 connL=1 connR=1 otos=1 wedge=0 flags=31 i2cf=3 cyc=42 tlm=off next=3 done=2 reason=stop
1788575572.120 status ready=1 active=0 connL=1 connR=1 otos=1 wedge=0 flags=31 i2cf=3 cyc=42 tlm=off next=3 done=2 reason=stop
1788575572.348 status ready=1 active=0 connL=1 connR=1 otos=1 wedge=0 flags=31 i2cf=3 cyc=42 tlm=off next=3 done=2 reason=stop
1788575572.476 status ready=1 active=0 connL=1 connR=1 otos=1 wedge=0 flags=31 i2cf=3 cyc=42 tlm=off next=3 done=2 reason=stop
1788575572.707 DBG:wifi state=0 ip=- peer=-:0 tcp=0/0 to=4 restarts=0 sent=0 rx=0 drop=0 mdns=0/0 cmd= reply=
1788575572.707 status ready=1 active=0 connL=1 connR=1 otos=1 wedge=0 flags=31 i2cf=3 cyc=42 tlm=off next=3 done=2 reason=stop
1788575572.939 status ready=1 active=0 connL=1 connR=1 otos=1 wedge=0 flags=31 i2cf=3 cyc=42 tlm=off next=3 done=2 reason=stop
1788575573.169 status ready=1 active=0 connL=1 connR=1 otos=1 wedge=0 flags=31 i2cf=3 cyc=42 tlm=off next=3 done=2 reason=stop
1788575573.411 status ready=1 active=0 connL=1 connR=1 otos=1 wedge=0 flags=31 i2cf=3 cyc=42 tlm=off next=3 done=2 reason=stop
1788575573.637 status ready=1 active=0 connL=1 connR=1 otos=1 wedge=0 flags=31 i2cf=3 cyc=42 tlm=off next=3 done=2 reason=stop
1788575573.861 status ready=1 active=0 connL=1 connR=1 otos=1 wedge=0 flags=31 i2cf=3 cyc=42 tlm=off next=3 done=2 reason=stop
1788575574.087 status ready=1 active=0 connL=1 connR=1 otos=1 wedge=0 flags=31 i2cf=3 cyc=42 tlm=off next=3 done=2 reason=stop
1788575574.307 status ready=1 active=0 connL=1 connR=1 otos=1 wedge=0 flags=31 i2cf=3 cyc=42 tlm=off next=3 done=2 reason=stop
1788575574.538 status ready=1 active=0 connL=1 connR=1 otos=1 wedge=0 flags=31 i2cf=3 cyc=42 tlm=off next=3 done=2 reason=stop
1788575574.764 status ready=1 active=0 connL=1 connR=1 otos=1 wedge=0 flags=31 i2cf=3 cyc=42 tlm=off next=3 done=2 reason=stop
1788575574.989 status ready=1 active=0 connL=1 connR=1 otos=1 wedge=0 flags=31 i2cf=3 cyc=42 tlm=off next=3 done=2 reason=stop
1788575575.212 status ready=1 active=0 connL=1 connR=1 otos=1 wedge=0 flags=31 i2cf=3 cyc=42 tlm=off next=3 done=2 reason=stop
1788575575.443 status ready=1 active=0 connL=1 connR=1 otos=1 wedge=0 flags=31 i2cf=3 cyc=42 tlm=off next=3 done=2 reason=stop
1788575575.666 status ready=1 active=0 connL=1 connR=1 otos=1 wedge=0 flags=31 i2cf=3 cyc=42 tlm=off next=3 done=2 reason=stop
1788575575.900 status ready=1 active=0 connL=1 connR=1 otos=1 wedge=0 flags=31 i2cf=3 cyc=42 tlm=off next=3 done=2 reason=stop
1788575576.125 status ready=1 active=0 connL=1 connR=1 otos=1 wedge=0 flags=31 i2cf=3 cyc=42 tlm=off next=3 done=2 reason=stop
1788575576.347 status ready=1 active=0 connL=1 connR=1 otos=1 wedge=0 flags=31 i2cf=3 cyc=42 tlm=off next=3 done=2 reason=stop
1788575576.572 status ready=1 active=0 connL=1 connR=1 otos=1 wedge=0 flags=31 i2cf=3 cyc=42 tlm=off next=3 done=2 reason=stop
1788575576.797 status ready=1 active=0 connL=1 connR=1 otos=1 wedge=0 flags=31 i2cf=3 cyc=42 tlm=off next=3 done=2 reason=stop
1788575577.023 status ready=1 active=0 connL=1 connR=1 otos=1 wedge=0 flags=31 i2cf=3 cyc=42 tlm=off next=3 done=2 reason=stop
1788575577.087 status ready=1 active=0 connL=1 connR=1 otos=1 wedge=0 flags=31 i2cf=3 cyc=42 tlm=off next=3 done=2 reason=stop
1788575577.375 ack 3 2 stop
1788575577.375 status ready=1 active=1 connL=1 connR=1 otos=1 wedge=0 flags=31 i2cf=3 cyc=45 tlm=off next=4 done=2 reason=stop
1788575577.616 status ready=1 active=1 connL=1 connR=1 otos=1 wedge=0 flags=31 i2cf=3 cyc=55 tlm=off next=4 done=2 reason=stop
1788575577.854 status ready=1 active=0 connL=1 connR=1 otos=1 wedge=0 flags=31 i2cf=3 cyc=66 tlm=off next=4 done=3 reason=stop
1788575578.075 status ready=1 active=0 connL=1 connR=1 otos=1 wedge=0 flags=31 i2cf=3 cyc=66 tlm=off next=4 done=3 reason=stop
1788575578.304 status ready=1 active=0 connL=1 connR=1 otos=1 wedge=0 flags=31 i2cf=3 cyc=66 tlm=off next=4 done=3 reason=stop
1788575578.536 status ready=1 active=0 connL=1 connR=1 otos=1 wedge=0 flags=31 i2cf=3 cyc=66 tlm=off next=4 done=3 reason=stop
1788575578.776 status ready=1 active=0 connL=1 connR=1 otos=1 wedge=0 flags=31 i2cf=3 cyc=66 tlm=off next=4 done=3 reason=stop
1788575579.006 status ready=1 active=0 connL=1 connR=1 otos=1 wedge=0 flags=31 i2cf=3 cyc=66 tlm=off next=4 done=3 reason=stop
1788575579.232 status ready=1 active=0 connL=1 connR=1 otos=1 wedge=0 flags=31 i2cf=3 cyc=66 tlm=off next=4 done=3 reason=stop
1788575579.461 status ready=1 active=0 connL=1 connR=1 otos=1 wedge=0 flags=31 i2cf=3 cyc=66 tlm=off next=4 done=3 reason=stop
1788575579.687 status ready=1 active=0 connL=1 connR=1 otos=1 wedge=0 flags=31 i2cf=3 cyc=66 tlm=off next=4 done=3 reason=stop
1788575579.916 status ready=1 active=0 connL=1 connR=1 otos=1 wedge=0 flags=31 i2cf=3 cyc=66 tlm=off next=4 done=3 reason=stop
1788575580.141 status ready=1 active=0 connL=1 connR=1 otos=1 wedge=0 flags=31 i2cf=3 cyc=66 tlm=off next=4 done=3 reason=stop
1788575580.369 status ready=1 active=0 connL=1 connR=1 otos=1 wedge=0 flags=31 i2cf=3 cyc=66 tlm=off next=4 done=3 reason=stop
1788575580.595 status ready=1 active=0 connL=1 connR=1 otos=1 wedge=0 flags=31 i2cf=3 cyc=66 tlm=off next=4 done=3 reason=stop
1788575580.824 status ready=1 active=0 connL=1 connR=1 otos=1 wedge=0 flags=31 i2cf=3 cyc=66 tlm=off next=4 done=3 reason=stop
1788575581.054 status ready=1 active=0 connL=1 connR=1 otos=1 wedge=0 flags=31 i2cf=3 cyc=66 tlm=off next=4 done=3 reason=stop
1788575581.224 status ready=1 active=0 connL=1 connR=1 otos=1 wedge=0 flags=31 i2cf=3 cyc=66 tlm=off next=4 done=3 reason=stop
1788575581.463 ack 4 3 stop
1788575581.463 status ready=1 active=0 connL=1 connR=1 otos=1 wedge=0 flags=31 i2cf=3 cyc=67 tlm=off next=5 done=3 reason=stop
1788575581.704 status ready=1 active=1 connL=1 connR=1 otos=1 wedge=0 flags=31 i2cf=4 cyc=77 tlm=off next=5 done=3 reason=stop
1788575581.927 status ready=1 active=0 connL=1 connR=1 otos=1 wedge=0 flags=31 i2cf=4 cyc=88 tlm=off next=5 done=4 reason=stop
1788575582.156 status ready=1 active=0 connL=1 connR=1 otos=1 wedge=0 flags=31 i2cf=4 cyc=88 tlm=off next=5 done=4 reason=stop
1788575582.384 status ready=1 active=0 connL=1 connR=1 otos=1 wedge=0 flags=31 i2cf=4 cyc=88 tlm=off next=5 done=4 reason=stop
1788575582.454 status ready=1 active=0 connL=1 connR=1 otos=1 wedge=0 flags=31 i2cf=4 cyc=88 tlm=off next=5 done=4 reason=stop
1788575582.735 DBG:wifi state=0 ip=- peer=-:0 tcp=0/0 to=4 restarts=0 sent=0 rx=0 drop=0 mdns=0/0 cmd= reply=
1788575582.735 status ready=1 active=0 connL=1 connR=1 otos=1 wedge=0 flags=31 i2cf=4 cyc=88 tlm=off next=5 done=4 reason=stop
1788575582.959 status ready=1 active=0 connL=1 connR=1 otos=1 wedge=0 flags=31 i2cf=4 cyc=88 tlm=off next=5 done=4 reason=stop
1788575583.188 status ready=1 active=0 connL=1 connR=1 otos=1 wedge=0 flags=31 i2cf=4 cyc=88 tlm=off next=5 done=4 reason=stop
1788575583.422 status ready=1 active=0 connL=1 connR=1 otos=1 wedge=0 flags=31 i2cf=4 cyc=88 tlm=off next=5 done=4 reason=stop
1788575583.646 status ready=1 active=0 connL=1 connR=1 otos=1 wedge=0 flags=31 i2cf=4 cyc=88 tlm=off next=5 done=4 reason=stop
1788575583.871 status ready=1 active=0 connL=1 connR=1 otos=1 wedge=0 flags=31 i2cf=4 cyc=88 tlm=off next=5 done=4 reason=stop
1788575584.108 status ready=1 active=0 connL=1 connR=1 otos=1 wedge=0 flags=31 i2cf=4 cyc=88 tlm=off next=5 done=4 reason=stop
1788575584.330 status ready=1 active=0 connL=1 connR=1 otos=1 wedge=0 flags=31 i2cf=4 cyc=88 tlm=off next=5 done=4 reason=stop
1788575584.550 status ready=1 active=0 connL=1 connR=1 otos=1 wedge=0 flags=31 i2cf=4 cyc=88 tlm=off next=5 done=4 reason=stop
1788575584.775 status ready=1 active=0 connL=1 connR=1 otos=1 wedge=0 flags=31 i2cf=4 cyc=88 tlm=off next=5 done=4 reason=stop
1788575584.999 status ready=1 active=0 connL=1 connR=1 otos=1 wedge=0 flags=31 i2cf=4 cyc=88 tlm=off next=5 done=4 reason=stop
1788575585.229 status ready=1 active=0 connL=1 connR=1 otos=1 wedge=0 flags=31 i2cf=4 cyc=88 tlm=off next=5 done=4 reason=stop
1788575585.457 status ready=1 active=0 connL=1 connR=1 otos=1 wedge=0 flags=31 i2cf=4 cyc=88 tlm=off next=5 done=4 reason=stop
1788575585.667 status ready=1 active=0 connL=1 connR=1 otos=1 wedge=0 flags=31 i2cf=4 cyc=88 tlm=off next=5 done=4 reason=stop
1788575585.907 ack 5 4 stop
1788575585.907 status ready=1 active=0 connL=1 connR=1 otos=1 wedge=0 flags=31 i2cf=4 cyc=89 tlm=off next=6 done=4 reason=stop
1788575586.149 status ready=1 active=1 connL=1 connR=1 otos=1 wedge=0 flags=31 i2cf=5 cyc=99 tlm=off next=6 done=4 reason=stop
1788575586.378 status ready=1 active=0 connL=1 connR=1 otos=1 wedge=0 flags=31 i2cf=5 cyc=110 tlm=off next=6 done=5 reason=stop
1788575586.613 status ready=1 active=0 connL=1 connR=1 otos=1 wedge=0 flags=31 i2cf=5 cyc=110 tlm=off next=6 done=5 reason=stop
1788575586.840 status ready=1 active=0 connL=1 connR=1 otos=1 wedge=0 flags=31 i2cf=5 cyc=110 tlm=off next=6 done=5 reason=stop
1788575587.072 status ready=1 active=0 connL=1 connR=1 otos=1 wedge=0 flags=31 i2cf=5 cyc=110 tlm=off next=6 done=5 reason=stop
1788575587.299 status ready=1 active=0 connL=1 connR=1 otos=1 wedge=0 flags=31 i2cf=5 cyc=110 tlm=off next=6 done=5 reason=stop
1788575587.529 status ready=1 active=0 connL=1 connR=1 otos=1 wedge=0 flags=31 i2cf=5 cyc=110 tlm=off next=6 done=5 reason=stop
1788575587.751 status ready=1 active=0 connL=1 connR=1 otos=1 wedge=0 flags=31 i2cf=5 cyc=110 tlm=off next=6 done=5 reason=stop
1788575587.979 status ready=1 active=0 connL=1 connR=1 otos=1 wedge=0 flags=31 i2cf=5 cyc=110 tlm=off next=6 done=5 reason=stop
1788575588.208 status ready=1 active=0 connL=1 connR=1 otos=1 wedge=0 flags=31 i2cf=5 cyc=110 tlm=off next=6 done=5 reason=stop
1788575588.432 status ready=1 active=0 connL=1 connR=1 otos=1 wedge=0 flags=31 i2cf=5 cyc=110 tlm=off next=6 done=5 reason=stop
1788575588.655 status ready=1 active=0 connL=1 connR=1 otos=1 wedge=0 flags=31 i2cf=5 cyc=110 tlm=off next=6 done=5 reason=stop
1788575588.880 status ready=1 active=0 connL=1 connR=1 otos=1 wedge=0 flags=31 i2cf=5 cyc=110 tlm=off next=6 done=5 reason=stop
1788575589.019 status ready=1 active=0 connL=1 connR=1 otos=1 wedge=0 flags=31 i2cf=5 cyc=110 tlm=off next=6 done=5 reason=stop
1788575589.261 ack 6 5 stop
1788575589.261 status ready=1 active=0 connL=1 connR=1 otos=1 wedge=0 flags=31 i2cf=5 cyc=111 tlm=off next=7 done=5 reason=stop
1788575589.510 status ready=1 active=1 connL=1 connR=1 otos=1 wedge=0 flags=31 i2cf=6 cyc=121 tlm=off next=7 done=5 reason=stop
1788575589.759 status ready=1 active=0 connL=1 connR=1 otos=1 wedge=0 flags=31 i2cf=6 cyc=133 tlm=off next=7 done=6 reason=stop
1788575589.984 status ready=1 active=0 connL=1 connR=1 otos=1 wedge=0 flags=31 i2cf=6 cyc=133 tlm=off next=7 done=6 reason=stop
1788575590.207 status ready=1 active=0 connL=1 connR=1 otos=1 wedge=0 flags=31 i2cf=6 cyc=133 tlm=off next=7 done=6 reason=stop
1788575590.431 status ready=1 active=0 connL=1 connR=1 otos=1 wedge=0 flags=31 i2cf=6 cyc=133 tlm=off next=7 done=6 reason=stop
1788575590.662 status ready=1 active=0 connL=1 connR=1 otos=1 wedge=0 flags=31 i2cf=6 cyc=133 tlm=off next=7 done=6 reason=stop
1788575590.891 status ready=1 active=0 connL=1 connR=1 otos=1 wedge=0 flags=31 i2cf=6 cyc=133 tlm=off next=7 done=6 reason=stop
1788575591.120 status ready=1 active=0 connL=1 connR=1 otos=1 wedge=0 flags=31 i2cf=6 cyc=133 tlm=off next=7 done=6 reason=stop
1788575591.347 status ready=1 active=0 connL=1 connR=1 otos=1 wedge=0 flags=31 i2cf=6 cyc=133 tlm=off next=7 done=6 reason=stop
1788575591.568 status ready=1 active=0 connL=1 connR=1 otos=1 wedge=0 flags=31 i2cf=6 cyc=133 tlm=off next=7 done=6 reason=stop
1788575591.793 status ready=1 active=0 connL=1 connR=1 otos=1 wedge=0 flags=31 i2cf=6 cyc=133 tlm=off next=7 done=6 reason=stop
1788575592.019 status ready=1 active=0 connL=1 connR=1 otos=1 wedge=0 flags=31 i2cf=6 cyc=133 tlm=off next=7 done=6 reason=stop
1788575592.250 status ready=1 active=0 connL=1 connR=1 otos=1 wedge=0 flags=31 i2cf=6 cyc=133 tlm=off next=7 done=6 reason=stop
1788575592.454 status ready=1 active=0 connL=1 connR=1 otos=1 wedge=0 flags=31 i2cf=6 cyc=133 tlm=off next=7 done=6 reason=stop
1788575592.563 DBG:wifi state=0 ip=- peer=-:0 tcp=0/0 to=4 restarts=0 sent=0 rx=0 drop=0 mdns=0/0 cmd= reply=
1788575592.563 status ready=1 active=0 connL=1 connR=1 otos=1 wedge=0 flags=31 i2cf=6 cyc=133 tlm=off next=7 done=6 reason=stop
1788575592.810 ack 7 6 stop
1788575592.810 status ready=1 active=0 connL=1 connR=1 otos=1 wedge=0 flags=31 i2cf=6 cyc=134 tlm=off next=8 done=6 reason=stop
1788575593.045 status ready=1 active=1 connL=1 connR=1 otos=1 wedge=0 flags=31 i2cf=6 cyc=144 tlm=off next=8 done=6 reason=stop
1788575593.271 status ready=1 active=0 connL=1 connR=1 otos=1 wedge=0 flags=31 i2cf=6 cyc=155 tlm=off next=8 done=7 reason=stop
1788575593.498 status ready=1 active=0 connL=1 connR=1 otos=1 wedge=0 flags=31 i2cf=6 cyc=155 tlm=off next=8 done=7 reason=stop
1788575593.727 status ready=1 active=0 connL=1 connR=1 otos=1 wedge=0 flags=31 i2cf=6 cyc=155 tlm=off next=8 done=7 reason=stop
1788575593.954 status ready=1 active=0 connL=1 connR=1 otos=1 wedge=0 flags=31 i2cf=6 cyc=155 tlm=off next=8 done=7 reason=stop
1788575594.176 status ready=1 active=0 connL=1 connR=1 otos=1 wedge=0 flags=31 i2cf=6 cyc=155 tlm=off next=8 done=7 reason=stop
1788575594.401 status ready=1 active=0 connL=1 connR=1 otos=1 wedge=0 flags=31 i2cf=6 cyc=155 tlm=off next=8 done=7 reason=stop
1788575594.625 status ready=1 active=0 connL=1 connR=1 otos=1 wedge=0 flags=31 i2cf=6 cyc=155 tlm=off next=8 done=7 reason=stop
1788575594.852 status ready=1 active=0 connL=1 connR=1 otos=1 wedge=0 flags=31 i2cf=6 cyc=155 tlm=off next=8 done=7 reason=stop
1788575595.086 status ready=1 active=0 connL=1 connR=1 otos=1 wedge=0 flags=31 i2cf=6 cyc=155 tlm=off next=8 done=7 reason=stop
1788575595.311 status ready=1 active=0 connL=1 connR=1 otos=1 wedge=0 flags=31 i2cf=6 cyc=155 tlm=off next=8 done=7 reason=stop
1788575595.536 status ready=1 active=0 connL=1 connR=1 otos=1 wedge=0 flags=31 i2cf=6 cyc=155 tlm=off next=8 done=7 reason=stop
1788575595.773 status ready=1 active=0 connL=1 connR=1 otos=1 wedge=0 flags=31 i2cf=6 cyc=155 tlm=off next=8 done=7 reason=stop
1788575596.003 status ready=1 active=0 connL=1 connR=1 otos=1 wedge=0 flags=31 i2cf=6 cyc=155 tlm=off next=8 done=7 reason=stop
1788575596.231 status ready=1 active=0 connL=1 connR=1 otos=1 wedge=0 flags=31 i2cf=6 cyc=155 tlm=off next=8 done=7 reason=stop
1788575596.457 status ready=1 active=0 connL=1 connR=1 otos=1 wedge=0 flags=31 i2cf=6 cyc=155 tlm=off next=8 done=7 reason=stop
1788575596.685 status ready=1 active=0 connL=1 connR=1 otos=1 wedge=0 flags=31 i2cf=6 cyc=155 tlm=off next=8 done=7 reason=stop
1788575596.911 status ready=1 active=0 connL=1 connR=1 otos=1 wedge=0 flags=31 i2cf=6 cyc=155 tlm=off next=8 done=7 reason=stop
1788575597.135 status ready=1 active=0 connL=1 connR=1 otos=1 wedge=0 flags=31 i2cf=6 cyc=155 tlm=off next=8 done=7 reason=stop
1788575597.189 status ready=1 active=0 connL=1 connR=1 otos=1 wedge=0 flags=31 i2cf=6 cyc=155 tlm=off next=8 done=7 reason=stop
1788575597.499 ack 8 7 stop
1788575597.499 status ready=1 active=1 connL=1 connR=1 otos=1 wedge=0 flags=31 i2cf=6 cyc=159 tlm=off next=9 done=7 reason=stop
1788575597.746 status ready=1 active=1 connL=1 connR=1 otos=1 wedge=0 flags=31 i2cf=6 cyc=169 tlm=off next=9 done=7 reason=stop
1788575597.746 status ready=1 active=0 connL=1 connR=1 otos=1 wedge=0 flags=31 i2cf=6 cyc=178 tlm=off next=9 done=8 reason=stop
1788575598.034 status ready=1 active=0 connL=1 connR=1 otos=1 wedge=0 flags=31 i2cf=6 cyc=178 tlm=off next=9 done=8 reason=stop
1788575598.260 status ready=1 active=0 connL=1 connR=1 otos=1 wedge=0 flags=31 i2cf=6 cyc=178 tlm=off next=9 done=8 reason=stop
1788575598.481 status ready=1 active=0 connL=1 connR=1 otos=1 wedge=0 flags=31 i2cf=6 cyc=178 tlm=off next=9 done=8 reason=stop
1788575598.705 status ready=1 active=0 connL=1 connR=1 otos=1 wedge=0 flags=31 i2cf=6 cyc=178 tlm=off next=9 done=8 reason=stop
1788575598.928 status ready=1 active=0 connL=1 connR=1 otos=1 wedge=0 flags=31 i2cf=6 cyc=178 tlm=off next=9 done=8 reason=stop
1788575599.162 status ready=1 active=0 connL=1 connR=1 otos=1 wedge=0 flags=31 i2cf=6 cyc=178 tlm=off next=9 done=8 reason=stop
1788575599.388 status ready=1 active=0 connL=1 connR=1 otos=1 wedge=0 flags=31 i2cf=6 cyc=178 tlm=off next=9 done=8 reason=stop
1788575599.635 status ready=1 active=0 connL=1 connR=1 otos=1 wedge=0 flags=31 i2cf=6 cyc=178 tlm=off next=9 done=8 reason=stop
1788575599.997 status ready=1 active=0 connL=1 connR=1 otos=1 wedge=0 flags=31 i2cf=6 cyc=178 tlm=off next=9 done=8 reason=stop
1788575599.997 status ready=1 active=0 connL=1 connR=1 otos=1 wedge=0 flags=31 i2cf=6 cyc=178 tlm=off next=9 done=8 reason=stop
1788575600.221 status ready=1 active=0 connL=1 connR=1 otos=1 wedge=0 flags=31 i2cf=6 cyc=178 tlm=off next=9 done=8 reason=stop
1788575600.449 status ready=1 active=0 connL=1 connR=1 otos=1 wedge=0 flags=31 i2cf=6 cyc=178 tlm=off next=9 done=8 reason=stop
1788575600.670 status ready=1 active=0 connL=1 connR=1 otos=1 wedge=0 flags=31 i2cf=6 cyc=178 tlm=off next=9 done=8 reason=stop
1788575600.895 status ready=1 active=0 connL=1 connR=1 otos=1 wedge=0 flags=31 i2cf=6 cyc=178 tlm=off next=9 done=8 reason=stop
1788575600.954 status ready=1 active=0 connL=1 connR=1 otos=1 wedge=0 flags=31 i2cf=6 cyc=178 tlm=off next=9 done=8 reason=stop
1788575601.258 status ready=1 active=0 connL=1 connR=1 otos=1 wedge=0 flags=31 i2cf=6 cyc=178 tlm=off next=9 done=8 reason=stop
1788575601.483 status ready=1 active=0 connL=1 connR=1 otos=1 wedge=0 flags=31 i2cf=6 cyc=178 tlm=off next=9 done=8 reason=stop
1788575601.703 status ready=1 active=0 connL=1 connR=1 otos=1 wedge=0 flags=31 i2cf=6 cyc=178 tlm=off next=9 done=8 reason=stop
1788575601.927 status ready=1 active=0 connL=1 connR=1 otos=1 wedge=0 flags=31 i2cf=6 cyc=178 tlm=off next=9 done=8 reason=stop
1788575602.151 status ready=1 active=0 connL=1 connR=1 otos=1 wedge=0 flags=31 i2cf=6 cyc=178 tlm=off next=9 done=8 reason=stop
1788575602.375 status ready=1 active=0 connL=1 connR=1 otos=1 wedge=0 flags=31 i2cf=6 cyc=178 tlm=off next=9 done=8 reason=stop
1788575602.457 status ready=1 active=0 connL=1 connR=1 otos=1 wedge=0 flags=31 i2cf=6 cyc=178 tlm=off next=9 done=8 reason=stop
1788575602.727 DBG:wifi state=0 ip=- peer=-:0 tcp=0/0 to=4 restarts=0 sent=0 rx=0 drop=0 mdns=0/0 cmd= reply=
1788575602.727 status ready=1 active=0 connL=1 connR=1 otos=1 wedge=0 flags=31 i2cf=6 cyc=178 tlm=off next=9 done=8 reason=stop
1788575602.959 status ready=1 active=0 connL=1 connR=1 otos=1 wedge=0 flags=31 i2cf=6 cyc=178 tlm=off next=9 done=8 reason=stop
1788575603.183 status ready=1 active=0 connL=1 connR=1 otos=1 wedge=0 flags=31 i2cf=6 cyc=178 tlm=off next=9 done=8 reason=stop
1788575603.410 status ready=1 active=0 connL=1 connR=1 otos=1 wedge=0 flags=31 i2cf=6 cyc=178 tlm=off next=9 done=8 reason=stop
1788575603.636 status ready=1 active=0 connL=1 connR=1 otos=1 wedge=0 flags=31 i2cf=6 cyc=178 tlm=off next=9 done=8 reason=stop
1788575603.865 status ready=1 active=0 connL=1 connR=1 otos=1 wedge=0 flags=31 i2cf=6 cyc=178 tlm=off next=9 done=8 reason=stop
1788575604.091 status ready=1 active=0 connL=1 connR=1 otos=1 wedge=0 flags=31 i2cf=6 cyc=178 tlm=off next=9 done=8 reason=stop
1788575604.317 status ready=1 active=0 connL=1 connR=1 otos=1 wedge=0 flags=31 i2cf=6 cyc=178 tlm=off next=9 done=8 reason=stop
1788575604.434 status ready=1 active=0 connL=1 connR=1 otos=1 wedge=0 flags=31 i2cf=6 cyc=178 tlm=off next=9 done=8 reason=stop
1788575604.681 ack 9 8 stop
1788575604.681 status ready=1 active=0 connL=1 connR=1 otos=1 wedge=0 flags=31 i2cf=6 cyc=179 tlm=off next=10 done=8 reason=stop
1788575604.916 status ready=1 active=1 connL=1 connR=1 otos=1 wedge=0 flags=31 i2cf=6 cyc=189 tlm=off next=10 done=8 reason=stop
1788575605.151 status ready=1 active=0 connL=1 connR=1 otos=1 wedge=0 flags=31 i2cf=6 cyc=201 tlm=off next=10 done=9 reason=stop
1788575605.379 status ready=1 active=0 connL=1 connR=1 otos=1 wedge=0 flags=31 i2cf=6 cyc=201 tlm=off next=10 done=9 reason=stop
1788575605.611 status ready=1 active=0 connL=1 connR=1 otos=1 wedge=0 flags=31 i2cf=6 cyc=201 tlm=off next=10 done=9 reason=stop
1788575605.844 status ready=1 active=0 connL=1 connR=1 otos=1 wedge=0 flags=31 i2cf=6 cyc=201 tlm=off next=10 done=9 reason=stop
1788575606.075 status ready=1 active=0 connL=1 connR=1 otos=1 wedge=0 flags=31 i2cf=6 cyc=201 tlm=off next=10 done=9 reason=stop
1788575606.302 status ready=1 active=0 connL=1 connR=1 otos=1 wedge=0 flags=31 i2cf=6 cyc=201 tlm=off next=10 done=9 reason=stop
1788575606.533 status ready=1 active=0 connL=1 connR=1 otos=1 wedge=0 flags=31 i2cf=6 cyc=201 tlm=off next=10 done=9 reason=stop
1788575606.587 status ready=1 active=0 connL=1 connR=1 otos=1 wedge=0 flags=31 i2cf=6 cyc=201 tlm=off next=10 done=9 reason=stop
1788575606.891 status ready=1 active=0 connL=1 connR=1 otos=1 wedge=0 flags=31 i2cf=6 cyc=201 tlm=off next=10 done=9 reason=stop
1788575607.119 status ready=1 active=0 connL=1 connR=1 otos=1 wedge=0 flags=31 i2cf=6 cyc=201 tlm=off next=10 done=9 reason=stop
1788575607.346 status ready=1 active=0 connL=1 connR=1 otos=1 wedge=0 flags=31 i2cf=6 cyc=201 tlm=off next=10 done=9 reason=stop
1788575607.573 status ready=1 active=0 connL=1 connR=1 otos=1 wedge=0 flags=31 i2cf=6 cyc=201 tlm=off next=10 done=9 reason=stop
1788575607.800 status ready=1 active=0 connL=1 connR=1 otos=1 wedge=0 flags=31 i2cf=6 cyc=201 tlm=off next=10 done=9 reason=stop
1788575608.023 status ready=1 active=0 connL=1 connR=1 otos=1 wedge=0 flags=31 i2cf=6 cyc=201 tlm=off next=10 done=9 reason=stop
1788575608.252 status ready=1 active=0 connL=1 connR=1 otos=1 wedge=0 flags=31 i2cf=6 cyc=201 tlm=off next=10 done=9 reason=stop
1788575608.484 status ready=1 active=0 connL=1 connR=1 otos=1 wedge=0 flags=31 i2cf=6 cyc=201 tlm=off next=10 done=9 reason=stop
1788575608.711 status ready=1 active=0 connL=1 connR=1 otos=1 wedge=0 flags=31 i2cf=6 cyc=201 tlm=off next=10 done=9 reason=stop
1788575608.940 status ready=1 active=0 connL=1 connR=1 otos=1 wedge=0 flags=31 i2cf=6 cyc=201 tlm=off next=10 done=9 reason=stop
1788575609.180 status ready=1 active=0 connL=1 connR=1 otos=1 wedge=0 flags=31 i2cf=6 cyc=201 tlm=off next=10 done=9 reason=stop
1788575609.455 status ready=1 active=0 connL=1 connR=1 otos=1 wedge=0 flags=31 i2cf=6 cyc=201 tlm=off next=10 done=9 reason=stop
1788575609.685 status ready=1 active=0 connL=1 connR=1 otos=1 wedge=0 flags=31 i2cf=6 cyc=201 tlm=off next=10 done=9 reason=stop
1788575609.913 status ready=1 active=0 connL=1 connR=1 otos=1 wedge=0 flags=31 i2cf=6 cyc=201 tlm=off next=10 done=9 reason=stop
1788575610.136 status ready=1 active=0 connL=1 connR=1 otos=1 wedge=0 flags=31 i2cf=6 cyc=201 tlm=off next=10 done=9 reason=stop
1788575610.361 status ready=1 active=0 connL=1 connR=1 otos=1 wedge=0 flags=31 i2cf=6 cyc=201 tlm=off next=10 done=9 reason=stop
1788575610.419 status ready=1 active=0 connL=1 connR=1 otos=1 wedge=0 flags=31 i2cf=6 cyc=201 tlm=off next=10 done=9 reason=stop
1788575610.713 status ready=1 active=0 connL=1 connR=1 otos=1 wedge=0 flags=31 i2cf=6 cyc=201 tlm=off next=10 done=9 reason=stop
1788575610.939 status ready=1 active=0 connL=1 connR=1 otos=1 wedge=0 flags=31 i2cf=6 cyc=201 tlm=off next=10 done=9 reason=stop
1788575611.188 ack 10 9 stop
1788575611.188 status ready=1 active=0 connL=1 connR=1 otos=1 wedge=0 flags=31 i2cf=6 cyc=202 tlm=off next=11 done=9 reason=stop
1788575611.433 status ready=1 active=1 connL=1 connR=1 otos=1 wedge=0 flags=31 i2cf=6 cyc=212 tlm=off next=11 done=9 reason=stop
1788575611.670 status ready=1 active=0 connL=1 connR=1 otos=1 wedge=0 flags=31 i2cf=6 cyc=224 tlm=off next=11 done=10 reason=stop
1788575611.896 status ready=1 active=0 connL=1 connR=1 otos=1 wedge=0 flags=31 i2cf=6 cyc=224 tlm=off next=11 done=10 reason=stop
1788575612.120 status ready=1 active=0 connL=1 connR=1 otos=1 wedge=0 flags=31 i2cf=6 cyc=224 tlm=off next=11 done=10 reason=stop
1788575612.345 status ready=1 active=0 connL=1 connR=1 otos=1 wedge=0 flags=31 i2cf=6 cyc=224 tlm=off next=11 done=10 reason=stop
1788575612.457 status ready=1 active=0 connL=1 connR=1 otos=1 wedge=0 flags=31 i2cf=6 cyc=224 tlm=off next=11 done=10 reason=stop
1788575612.694 DBG:wifi state=0 ip=- peer=-:0 tcp=0/0 to=4 restarts=0 sent=0 rx=0 drop=0 mdns=0/0 cmd= reply=
1788575612.694 status ready=1 active=0 connL=1 connR=1 otos=1 wedge=0 flags=31 i2cf=6 cyc=224 tlm=off next=11 done=10 reason=stop
1788575612.931 status ready=1 active=0 connL=1 connR=1 otos=1 wedge=0 flags=31 i2cf=6 cyc=224 tlm=off next=11 done=10 reason=stop
1788575613.156 status ready=1 active=0 connL=1 connR=1 otos=1 wedge=0 flags=31 i2cf=6 cyc=224 tlm=off next=11 done=10 reason=stop
1788575613.389 status ready=1 active=0 connL=1 connR=1 otos=1 wedge=0 flags=31 i2cf=6 cyc=224 tlm=off next=11 done=10 reason=stop
1788575613.621 status ready=1 active=0 connL=1 connR=1 otos=1 wedge=0 flags=31 i2cf=6 cyc=224 tlm=off next=11 done=10 reason=stop
1788575613.853 status ready=1 active=0 connL=1 connR=1 otos=1 wedge=0 flags=31 i2cf=6 cyc=224 tlm=off next=11 done=10 reason=stop
1788575614.079 status ready=1 active=0 connL=1 connR=1 otos=1 wedge=0 flags=31 i2cf=6 cyc=224 tlm=off next=11 done=10 reason=stop
