relay: zetog (DEVICE:RADIOBRIDGE:relay:zetog:3446622357)
link: radio relay ch 55 grp 114 (torture:8760)
robot: device NEZHA2 robot tigez 3527777815
status: {'ready': '1', 'active': '0', 'connL': '1', 'connR': '1', 'otos': '0', 'wedge': '0', 'flags': '31', 'i2cf': '110', 'cyc': '2467', 'tlm': 'off', 'next': '1', 'done': '12', 'reason': 'stop'}
SET lag 0.10 -> ack 1 12 stop
rotational_slip=0.962 pivot_overrun=0.0 (live), trackwidth assumed 114.2 mm
camera: hd-usb-camera, field +-55.0 x +-35.0 cm, margin 15.0 cm; tag 57 at (3.1, -13.9) cm heading -2.2 deg
telemetry OFF (--no-tlm): camera-only scoring, no wheel speeds or encoder heading
telemetry columns: []
8 pivots: [90, -90, 180, -180, -90, 90, -180, 180]
  #    cmd   camera     err      enc  encerr  drift  peakL  peakR   dur  reason
  1     90  -- MOVE_X not accepted: None
  2    -90  -- MOVE_X not accepted: None
  3    180  -- MOVE_X not accepted: None
  4   -180  -- MOVE_X not accepted: None
  5    -90  -- MOVE_X not accepted: None
  6     90  -- MOVE_X not accepted: None
  7   -180  -- MOVE_X not accepted: None
  8    180  -- MOVE_X not accepted: None
{}
wrote reports/turn-cal-029-20260904/tigez-05-lag0.10; render with: <plot venv>/bin/python tests/playfield/turn_calibration.py --render reports/turn-cal-029-20260904/tigez-05-lag0.10
