relay: gozop (DEVICE:RADIOBRIDGE:relay:gozop:4267970133)
link: radio relay ch 55 grp 114 (torture:8760)
robot: device NEZHA2 robot tigez 3527777815
status: {'ready': '1', 'active': '0', 'connL': '1', 'connR': '1', 'otos': '0', 'wedge': '0', 'flags': '31', 'i2cf': '65', 'cyc': '1554', 'tlm': 'off', 'next': '1', 'done': '13', 'reason': 'stop'}
SET lag 0.04 -> ack 1 13 stop
rotational_slip=0.962 stop_distance=0.0 lag=0.04 (live), trackwidth assumed 114.2 mm
camera: hd-usb-camera, field +-55.0 x +-35.0 cm, margin 15.0 cm; tag 57 at (2.2, -13.7) cm heading -1.0 deg
telemetry OFF (--no-tlm): camera-only scoring, no wheel speeds or encoder heading
telemetry columns: []
8 pivots: [90, -90, 180, -180, -90, 90, -180, 180]
  #    cmd   camera     err      enc  encerr  drift  peakL  peakR   dur  reason
  1     90     89.0    -1.0     None    None    0.2   None   None   0.0  stop
  2    -90    -88.2     1.8     None    None    0.3   None   None   0.0  stop
  3    180    181.8     1.8     None    None    0.5   None   None   0.0  stop
  4   -180   -181.4    -1.4     None    None    0.2   None   None   0.0  stop
  5    -90    -94.8    -4.8     None    None    0.3   None   None   0.0  stop
  6     90     92.3     2.3     None    None    0.3   None   None   0.0  stop
  7   -180   -182.1    -2.1     None    None    0.3   None   None   0.0  stop
  8    180    182.1     2.1     None    None    0.8   None   None   0.0  stop
{
  "robot": "tigez",
  "cruise_mm_s": 0,
  "n_turns": 8,
  "n_disturbed_excluded": 0,
  "disturbed_turns": [],
  "slip_during_run": 0.962,
  "pivot_overrun_during_run_mm": 0.0,
  "overrun_field": "stop_distance",
  "lag_during_run_s": 0.04,
  "trackwidth_assumed_mm": 114.2,
  "b_eff_mm": 118.71,
  "fit_gain": 1.0084,
  "fit_offset_deg": 0.32,
  "mean_err_left_deg": 1.28,
  "mean_err_right_deg": -1.64,
  "per_command": {
    "+90": {
      "n": 2,
      "mean_err": 0.66,
      "min": -1.02,
      "max": 2.34
    },
    "-90": {
      "n": 2,
      "mean_err": -1.5,
      "min": -4.83,
      "max": 1.83
    },
    "+180": {
      "n": 2,
      "mean_err": 1.91,
      "min": 1.75,
      "max": 2.06
    },
    "-180": {
      "n": 2,
      "mean_err": -1.77,
      "min": -2.12,
      "max": -1.42
    }
  },
  "mean_abs_err_deg": 2.17,
  "mean_drift_cm": 0.36,
  "suggested": {
    "rotational_slip": 0.9701,
    "stop_distance_mm": 0.33,
    "model": "camera = gain*cmd + offset; slip_new = slip*gain; stop_distance_new = stop_distance + offset_rad*b_eff/2",
    "note": "029 firmware: measure and SET lag first (S10.2); this stop_distance is only valid at the cruise it was fitted at"
  }
}
wrote reports/turn-cal-029-20260904/tigez-05-lag0.04; render with: <plot venv>/bin/python tests/playfield/turn_calibration.py --render reports/turn-cal-029-20260904/tigez-05-lag0.04
