relay: guvov (DEVICE:RADIOBRIDGE:relay:guvov:3240129406)
link: radio relay ch 55 grp 114 (torture:8760)
robot: device NEZHA2 robot tigez 3527777815
status: {'ready': '1', 'active': '0', 'connL': '1', 'connR': '1', 'otos': '0', 'wedge': '0', 'flags': '31', 'i2cf': '48', 'cyc': '3397', 'tlm': 'off', 'next': '1', 'done': '2', 'reason': 'stop'}
SET lag 0.10 -> None
rotational_slip=0.952 pivot_overrun=0.0 (live), trackwidth assumed 114.2 mm
camera: hd-usb-camera, field +-55.0 x +-35.0 cm, margin 15.0 cm; tag 57 at (-13.8, -4.3) cm heading 89.6 deg
telemetry OFF (--no-tlm): camera-only scoring, no wheel speeds or encoder heading
telemetry columns: []
24 pivots: [90, -90, 107, -107, 180, -180, -90, 90, -107, 107, -180, 180, 90, -90, 107, -107, 180, -180, -90, 90, -107, 107, -180, 180]
  #    cmd   camera     err      enc  encerr  drift  peakL  peakR   dur  reason
  1     90  -- MOVE_X not accepted: None
  2    -90  -- MOVE_X not accepted: None
  link silent twice -- reconnecting through the relay pool
relay: gozop (DEVICE:RADIOBRIDGE:relay:gozop:4267970133)
  link: radio relay ch 55 grp 114 (torture:8760); robot: device NEZHA2 robot tigez 3527777815
  SET lag 0.10 -> ack 1 2 stop
  3    107  -- MOVE_X not accepted: None
  4   -107  -- MOVE_X not accepted: None
  link silent twice -- reconnecting through the relay pool
relay: guvov (DEVICE:RADIOBRIDGE:relay:guvov:3240129406)
  link: radio relay ch 55 grp 114 (torture:8760); robot: device NEZHA2 robot tigez 3527777815
  SET lag 0.10 -> ack 1 2 stop
  5    180  -- MOVE_X not accepted: None
  6   -180  -- MOVE_X not accepted: None
  link silent twice -- reconnecting through the relay pool
relay: gozop (DEVICE:RADIOBRIDGE:relay:gozop:4267970133)
  link: radio relay ch 55 grp 114 (torture:8760); robot: device NEZHA2 robot tigez 3527777815
  SET lag 0.10 -> ack 1 2 stop
  7    -90  -- MOVE_X not accepted: None
  8     90  -- MOVE_X not accepted: None
  link silent twice -- reconnecting through the relay pool
relay: guvov (DEVICE:RADIOBRIDGE:relay:guvov:3240129406)
  link: radio relay ch 55 grp 114 (torture:8760); robot: device NEZHA2 robot tigez 3527777815
  SET lag 0.10 -> ack 1 2 stop
  9   -107   -106.1     0.9     None    None    0.2   None   None   0.0  stop
 10    107    106.4    -0.6     None    None    0.3   None   None   0.0  stop
 11   -180   -181.8    -1.8     None    None    0.2   None   None   0.0  stop
 12    180    179.1    -0.9     None    None    0.8   None   None   0.0  stop
 13     90     89.8    -0.2     None    None    0.3   None   None   0.0  stop
 14    -90    -90.2    -0.2     None    None    0.4   None   None   0.0  stop
 15    107    106.9    -0.1     None    None    0.2   None   None   0.0  stop
 16   -107   -106.7     0.3     None    None    0.3   None   None   0.0  stop
 17    180    179.9    -0.1     None    None    0.3   None   None   0.0  stop
 18   -180   -178.7     1.3     None    None    0.7   None   None   0.0  stop
 19    -90    -90.3    -0.3     None    None    0.2   None   None   0.0  stop
 20     90     88.4    -1.6     None    None    0.2   None   None   0.0  stop
 21   -107   -106.5     0.5     None    None    0.2   None   None   0.0  stop
 22    107    106.7    -0.3     None    None    0.3   None   None   0.0  stop
 23   -180  -- MOVE_X not accepted: None
 24    180  -- MOVE_X not accepted: None
  link silent twice -- reconnecting through the relay pool
relay: gozop (DEVICE:RADIOBRIDGE:relay:gozop:4267970133)
  link: radio relay ch 55 grp 114 (torture:8760); robot: device NEZHA2 robot tigez 3527777815
  SET lag 0.10 -> ack 1 15 stop
{
  "robot": "tigez",
  "cruise_mm_s": 0,
  "n_turns": 14,
  "n_disturbed_excluded": 0,
  "disturbed_turns": [],
  "slip_during_run": 0.952,
  "pivot_overrun_during_run_mm": 0.0,
  "overrun_field": "pivot_overrun",
  "lag_during_run_s": null,
  "trackwidth_assumed_mm": 114.2,
  "b_eff_mm": 119.96,
  "fit_gain": 1.0029,
  "fit_offset_deg": -0.68,
  "mean_err_left_deg": -0.55,
  "mean_err_right_deg": 0.1,
  "per_command": {
    "-107": {
      "n": 3,
      "mean_err": 0.58,
      "min": 0.34,
      "max": 0.87
    },
    "+107": {
      "n": 3,
      "mean_err": -0.35,
      "min": -0.6,
      "max": -0.14
    },
    "-180": {
      "n": 2,
      "mean_err": -0.23,
      "min": -1.75,
      "max": 1.28
    },
    "+180": {
      "n": 2,
      "mean_err": -0.51,
      "min": -0.92,
      "max": -0.1
    },
    "+90": {
      "n": 2,
      "mean_err": -0.89,
      "min": -1.59,
      "max": -0.19
    },
    "-90": {
      "n": 2,
      "mean_err": -0.27,
      "min": -0.34,
      "max": -0.19
    }
  },
  "mean_abs_err_deg": 0.65,
  "mean_drift_cm": 0.33,
  "suggested": {
    "rotational_slip": 0.9547,
    "pivot_overrun_mm": 0.0,
    "model": "camera = gain*cmd + offset; slip_new = slip*gain; pivot_overrun_new = pivot_overrun + offset_rad*b_eff/2"
  }
}
link: send failed ([Errno 9] Bad file descriptor); the carrier is gone
link: send failed ([Errno 9] Bad file descriptor); the carrier is gone
link: send failed ([Errno 9] Bad file descriptor); the carrier is gone
wrote reports/turn-cal-029-20260904/tigez-12-stats-lag0.10; render with: <plot venv>/bin/python tests/playfield/turn_calibration.py --render reports/turn-cal-029-20260904/tigez-12-stats-lag0.10
