relay: gozop (DEVICE:RADIOBRIDGE:relay:gozop:4267970133)
link: radio relay ch 55 grp 114 (torture:8760)
robot: device NEZHA2 robot tigez 3527777815
status: {'ready': '1', 'active': '0', 'connL': '1', 'connR': '1', 'otos': '0', 'wedge': '0', 'flags': '31', 'i2cf': '72', 'cyc': '5539', 'tlm': 'off', 'next': '1', 'done': '8', 'reason': 'stop'}
SET lag 0.05 -> ack 1 8 stop
rotational_slip=0.962 stop_distance=0.0 lag=0.05 (live), trackwidth assumed 114.2 mm
camera: hd-usb-camera, field +-55.0 x +-35.0 cm, margin 15.0 cm; tag 57 at (-14.3, -4.3) cm heading -23.2 deg
telemetry OFF (--no-tlm): camera-only scoring, no wheel speeds or encoder heading
telemetry columns: []
24 pivots: [90, -90, 107, -107, 180, -180, -90, 90, -107, 107, -180, 180, 90, -90, 107, -107, 180, -180, -90, 90, -107, 107, -180, 180]
  #    cmd   camera     err      enc  encerr  drift  peakL  peakR   dur  reason
  1     90     90.0    -0.0     None    None    0.2   None   None   0.0  stop
  2    -90    -91.1    -1.1     None    None    0.2   None   None   0.0  stop
  3    107    107.9     0.9     None    None    0.3   None   None   0.0  stop
  4   -107   -108.6    -1.6     None    None    0.2   None   None   0.0  stop
  5    180  -- MOVE_X not accepted: None
  6   -180   -181.7    -1.7     None    None    0.1   None   None   0.0  stop
  7    -90    -90.8    -0.8     None    None    0.5   None   None   0.0  stop
  8     90     88.9    -1.1     None    None    0.7   None   None   0.0  stop
  9   -107  -- MOVE_X not accepted: None
 10    107    105.9    -1.1     None    None    0.7   None   None   0.0  stop
 11   -180   -180.2    -0.2     None    None    0.5   None   None   0.0  stop
 12    180    179.9    -0.1     None    None    0.2   None   None   0.0  stop
 13     90     92.3     2.3     None    None    0.4   None   None   0.0  stop
 14    -90    -91.8    -1.8     None    None    0.5   None   None   0.0  stop
 15    107    107.4     0.4     None    None    0.5   None   None   0.0  stop
 16   -107   -108.5    -1.5     None    None    0.3   None   None   0.0  stop
 17    180    181.4     1.4     None    None    0.3   None   None   0.0  stop
 18   -180   -181.7    -1.7     None    None    0.2   None   None   0.0  stop
 19    -90    -90.5    -0.5     None    None    0.5   None   None   0.0  stop
 20     90     88.5    -1.5     None    None    0.7   None   None   0.0  stop
 21   -107   -106.0     1.0     None    None    0.5   None   None   0.0  stop
 22    107    105.9    -1.1     None    None    0.6   None   None   0.0  stop
 23   -180   -180.7    -0.7     None    None    0.9   None   None   0.0  stop
 24    180    181.8     1.9     None    None    0.1   None   None   0.0  stop
{
  "robot": "tigez",
  "cruise_mm_s": 0,
  "n_turns": 22,
  "n_disturbed_excluded": 0,
  "disturbed_turns": [],
  "slip_during_run": 0.962,
  "pivot_overrun_during_run_mm": 0.0,
  "overrun_field": "stop_distance",
  "lag_during_run_s": 0.05,
  "trackwidth_assumed_mm": 114.2,
  "b_eff_mm": 118.71,
  "fit_gain": 1.0078,
  "fit_offset_deg": -0.42,
  "mean_err_left_deg": 0.16,
  "mean_err_right_deg": -0.95,
  "per_command": {
    "+90": {
      "n": 4,
      "mean_err": -0.1,
      "min": -1.52,
      "max": 2.28
    },
    "-90": {
      "n": 4,
      "mean_err": -1.05,
      "min": -1.76,
      "max": -0.45
    },
    "+107": {
      "n": 4,
      "mean_err": -0.23,
      "min": -1.11,
      "max": 0.89
    },
    "-107": {
      "n": 3,
      "mean_err": -0.68,
      "min": -1.6,
      "max": 1.02
    },
    "-180": {
      "n": 4,
      "mean_err": -1.06,
      "min": -1.67,
      "max": -0.23
    },
    "+180": {
      "n": 3,
      "mean_err": 1.03,
      "min": -0.13,
      "max": 1.85
    }
  },
  "mean_abs_err_deg": 1.1,
  "mean_drift_cm": 0.41,
  "suggested": {
    "rotational_slip": 0.9695,
    "stop_distance_mm": 0.0,
    "model": "camera = gain*cmd + offset; slip_new = slip*gain; stop_distance_new = stop_distance + offset_rad*b_eff/2",
    "note": "029 firmware: measure and SET lag first (S10.2); this stop_distance is only valid at the cruise it was fitted at"
  }
}
wrote reports/turn-cal-029-20260904/tigez-13-stats-lag0.05; render with: <plot venv>/bin/python tests/playfield/turn_calibration.py --render reports/turn-cal-029-20260904/tigez-13-stats-lag0.05
CHAIN-EXIT 0
