relay: zetog (DEVICE:RADIOBRIDGE:relay:zetog:3446622357)
link: radio relay ch 55 grp 114 (torture:8760)
robot: device NEZHA2 robot tigez 3527777815
status: {'ready': '1', 'active': '0', 'connL': '1', 'connR': '1', 'otos': '0', 'wedge': '0', 'flags': '31', 'i2cf': '110', 'cyc': '2467', 'tlm': 'off', 'next': '1', 'done': '12', 'reason': 'stop'}
SET lag 0.10 -> ack 1 12 stop
rotational_slip=0.962 stop_distance=0.0 lag=0.1 (live), trackwidth assumed 114.2 mm
camera: hd-usb-camera, field +-55.0 x +-35.0 cm, margin 15.0 cm; tag 57 at (3.1, -13.9) cm heading -2.6 deg
telemetry OFF (--no-tlm): camera-only scoring, no wheel speeds or encoder heading
telemetry columns: []
8 pivots: [90, -90, 180, -180, -90, 90, -180, 180]
  #    cmd   camera     err      enc  encerr  drift  peakL  peakR   dur  reason
  1     90     88.8    -1.2     None    None    0.3   None   None   0.0  stop
  2    -90    -87.4     2.6     None    None    0.2   None   None   0.0  stop
  3    180    179.3    -0.7     None    None    0.5   None   None   0.0  stop
  4   -180   -177.5     2.5     None    None    0.6   None   None   0.0  stop
  5    -90    -93.4    -3.4     None    None    0.0   None   None   0.0  stop
  6     90     89.1    -0.9     None    None    0.2   None   None   0.0  stop
  7   -180   -181.8    -1.8     None    None    0.2   None   None   0.0  stop
  8    180    181.7     1.7     None    None    0.7   None   None   0.0  stop
{
  "robot": "tigez",
  "cruise_mm_s": 0,
  "n_turns": 8,
  "n_disturbed_excluded": 0,
  "disturbed_turns": [],
  "slip_during_run": 0.962,
  "pivot_overrun_during_run_mm": 0.0,
  "overrun_field": "stop_distance",
  "lag_during_run_s": 0.1,
  "trackwidth_assumed_mm": 114.2,
  "b_eff_mm": 118.71,
  "fit_gain": 1.0044,
  "fit_offset_deg": -0.75,
  "mean_err_left_deg": -0.29,
  "mean_err_right_deg": 0.01,
  "per_command": {
    "+90": {
      "n": 2,
      "mean_err": -1.06,
      "min": -1.25,
      "max": -0.88
    },
    "-90": {
      "n": 2,
      "mean_err": -0.37,
      "min": -3.38,
      "max": 2.64
    },
    "+180": {
      "n": 2,
      "mean_err": 0.48,
      "min": -0.72,
      "max": 1.69
    },
    "-180": {
      "n": 2,
      "mean_err": 0.38,
      "min": -1.76,
      "max": 2.52
    }
  },
  "mean_abs_err_deg": 1.85,
  "mean_drift_cm": 0.33,
  "suggested": {
    "rotational_slip": 0.9663,
    "stop_distance_mm": 0.0,
    "model": "camera = gain*cmd + offset; slip_new = slip*gain; stop_distance_new = stop_distance + offset_rad*b_eff/2",
    "note": "029 firmware: measure and SET lag first (S10.2); this stop_distance is only valid at the cruise it was fitted at"
  }
}
wrote reports/turn-cal-029-20260904/tigez-06-lag0.10; render with: <plot venv>/bin/python tests/playfield/turn_calibration.py --render reports/turn-cal-029-20260904/tigez-06-lag0.10
