link: vevov serial daemon 192.168.4.53:42153
robot: device NEZHA2 robot vevov 1198504156
status: {'ready': '1', 'active': '0', 'connL': '1', 'connR': '1', 'otos': '1', 'wedge': '0', 'flags': '31', 'i2cf': '190', 'cyc': '3321', 'tlm': 'off', 'next': '1', 'done': '17', 'reason': 'stop'}
SET lag 0.131 -> ack 1 17 stop
rotational_slip=0.987 stop_distance=0.0 lag=0.131 (live), trackwidth assumed 114.2 mm
camera: tag 53 at (-3.1, 11.5) cm heading 10.5 deg
telemetry columns: ['seq', 'now', 'flags', 'x', 'y', 'h', 'ox', 'oy', 'oh', 'vl', 'vr', 'i2cf', 'cyc', 'posl', 'posr', 'dutl', 'dutr', 'lexc', 'wrng', 'cycovr']
12 pivots: [90, -90, 107, -107, 180, -180, -90, 90, -107, 107, -180, 180]
  #    cmd   camera     err      enc  encerr  drift  peakL  peakR   dur  reason
  1     90     86.3    -3.7    86.77   -3.23    3.6    137    131   1.1  stop
  2    -90    -86.8     3.2   -86.77    3.23    3.8    123    123   1.1  stop
  3    107    102.6    -4.4    103.7    -3.3    3.9    128    137   1.3  stop
  4   -107   -101.9     5.1  -103.36    3.64    4.2    123    125   1.2  stop
  5    180    174.8    -5.2   176.88   -3.12    5.4    131    128   2.1  stop
  6   -180   -176.3     3.7  -177.99    2.01    5.4    128    123   2.2  stop
  7    -90    -86.0     4.0   -86.09    3.91    4.0    123    114   1.1  stop
  8     90     86.0    -4.0     86.4    -3.6    3.6    123    130   1.0  stop
  9   -107   -104.1     2.9  -103.33    3.67    4.3    137    122   1.3  stop
 10    107    105.7    -1.3   103.95   -3.05    4.1    131    123   1.3  stop
 11   -180   -141.4    38.6  -138.25   41.75    5.3    128    122   1.4  stop
 12    180    177.3    -2.7   176.17   -3.83    5.4    131    128   2.1  stop
{
  "robot": "vevov",
  "cruise_mm_s": 100,
  "n_turns": 11,
  "n_disturbed_excluded": 1,
  "disturbed_turns": [
    11
  ],
  "slip_during_run": 0.987,
  "pivot_overrun_during_run_mm": 0.0,
  "overrun_field": "stop_distance",
  "lag_during_run_s": 0.131,
  "trackwidth_assumed_mm": 114.2,
  "b_eff_mm": 115.7,
  "fit_gain": 0.9973,
  "fit_offset_deg": -3.32,
  "mean_err_left_deg": -3.55,
  "mean_err_right_deg": 3.78,
  "per_command": {
    "+90": {
      "n": 2,
      "mean_err": -3.86,
      "min": -4.0,
      "max": -3.72
    },
    "-90": {
      "n": 2,
      "mean_err": 3.6,
      "min": 3.21,
      "max": 4.0
    },
    "+107": {
      "n": 2,
      "mean_err": -2.84,
      "min": -4.4,
      "max": -1.28
    },
    "-107": {
      "n": 2,
      "mean_err": 3.99,
      "min": 2.89,
      "max": 5.08
    },
    "+180": {
      "n": 2,
      "mean_err": -3.94,
      "min": -5.19,
      "max": -2.69
    },
    "-180": {
      "n": 1,
      "mean_err": 3.72,
      "min": 3.72,
      "max": 3.72
    }
  },
  "mean_abs_err_deg": 3.65,
  "mean_drift_cm": 4.34,
  "suggested": {
    "rotational_slip": 0.9843,
    "stop_distance_mm": 0.0,
    "model": "camera = gain*cmd + offset; slip_new = slip*gain; stop_distance_new = stop_distance + offset_rad*b_eff/2",
    "note": "029 firmware: measure and SET lag first (S10.2); this stop_distance is only valid at the cruise it was fitted at"
  }
}
wrote reports/turn-cal-029-20260904/vevov-06-cruise100-lag131; render with: <plot venv>/bin/python tests/playfield/turn_calibration.py --render reports/turn-cal-029-20260904/vevov-06-cruise100-lag131
