wifilink: vevov.local -> 192.168.1.249 (mDNS)
link: WiFi TCP 192.168.1.249:7654
robot: device NEZHA2 robot vevov 1198504156
status: {'ready': '0', 'active': '0', 'connL': '0', 'connR': '0', 'otos': '1', 'wedge': '0', 'flags': '0', 'i2cf': '0', 'cyc': '0', 'tlm': 'off', 'next': '1', 'done': '0', 'reason': 'none'}
WARNING: ready=0 -- the kernel needs a first move before it reports ready; continuing
rotational_slip=0.952 pivot_overrun=0.0 (live), trackwidth assumed 114.2 mm
camera: tag 53 at (17.2, 11.9) cm heading 169.2 deg
telemetry OFF (--no-tlm): camera-only scoring, no wheel speeds or encoder heading
telemetry columns: []
12 pivots: [90, -90, 107, -107, 180, -180, -90, 90, -107, 107, -180, 180]
  #    cmd   camera     err      enc  encerr  drift  peakL  peakR   dur  reason
  1     90     88.0    -2.0     None    None    0.5   None   None   0.0  stop
  2    -90    -86.7     3.3     None    None    0.4   None   None   0.0  stop
  3    107    106.7    -0.3     None    None    0.8   None   None   0.0  stop
  4   -107   -106.9     0.1     None    None    0.3   None   None   0.0  stop
  5    180    178.6    -1.4     None    None    0.8   None   None   0.0  stop
  6   -180   -179.1     0.9     None    None    0.9   None   None   0.0  stop
  7    -90    -89.4     0.6     None    None    0.3   None   None   0.0  stop
  8     90     88.8    -1.2     None    None    0.4   None   None   0.0  stop
  9   -107   -104.6     2.4     None    None    0.3   None   None   0.0  stop
 10    107    103.7    -3.4     None    None    0.4   None   None   0.0  stop
 11   -180   -180.2    -0.2     None    None    0.7   None   None   0.0  stop
 12    180    177.4    -2.6     None    None    0.6   None   None   0.0  stop
{
  "robot": "vevov",
  "cruise_mm_s": 0,
  "n_turns": 12,
  "n_disturbed_excluded": 0,
  "disturbed_turns": [],
  "slip_during_run": 0.952,
  "pivot_overrun_during_run_mm": 0.0,
  "overrun_field": "pivot_overrun",
  "lag_during_run_s": null,
  "trackwidth_assumed_mm": 114.2,
  "b_eff_mm": 119.96,
  "fit_gain": 1.0061,
  "fit_offset_deg": -2.27,
  "mean_err_left_deg": -1.82,
  "mean_err_right_deg": 1.19,
  "per_command": {
    "+90": {
      "n": 2,
      "mean_err": -1.61,
      "min": -2.02,
      "max": -1.2
    },
    "-90": {
      "n": 2,
      "mean_err": 1.96,
      "min": 0.6,
      "max": 3.31
    },
    "+107": {
      "n": 2,
      "mean_err": -1.83,
      "min": -3.35,
      "max": -0.31
    },
    "-107": {
      "n": 2,
      "mean_err": 1.25,
      "min": 0.14,
      "max": 2.36
    },
    "+180": {
      "n": 2,
      "mean_err": -2.01,
      "min": -2.59,
      "max": -1.44
    },
    "-180": {
      "n": 2,
      "mean_err": 0.36,
      "min": -0.21,
      "max": 0.93
    }
  },
  "mean_abs_err_deg": 1.54,
  "mean_drift_cm": 0.54,
  "suggested": {
    "rotational_slip": 0.9578,
    "pivot_overrun_mm": 0.0,
    "model": "camera = gain*cmd + offset; slip_new = slip*gain; pivot_overrun_new = pivot_overrun + offset_rad*b_eff/2"
  }
}
wrote reports/turn-cal-029-20260904/vevov-14-postflash-baked-lag0.04; render with: <plot venv>/bin/python tests/playfield/turn_calibration.py --render reports/turn-cal-029-20260904/vevov-14-postflash-baked-lag0.04
