link: vevov serial daemon 192.168.4.53:42153
robot: device NEZHA2 robot vevov 1198504156
status: {'ready': '1', 'active': '0', 'connL': '1', 'connR': '1', 'otos': '1', 'wedge': '0', 'flags': '31', 'i2cf': '291', 'cyc': '5404', 'tlm': 'off', 'next': '1', 'done': '12', 'reason': 'stop'}
SET lag 0.20 -> ack 1 12 stop
rotational_slip=0.987 stop_distance=0.0 lag=0.2 (live), trackwidth assumed 114.2 mm
camera: tag 53 at (-0.0, 9.5) cm heading 52.7 deg
telemetry OFF (--no-tlm): camera-only scoring, no wheel speeds or encoder heading
telemetry columns: []
8 pivots: [90, -90, 180, -180, -90, 90, -180, 180]
  #    cmd   camera     err      enc  encerr  drift  peakL  peakR   dur  reason
  1     90     84.6    -5.4     None    None    3.5   None   None   0.0  stop
  2    -90    -79.4    10.6     None    None    3.5   None   None   0.0  stop
  3    180    173.2    -6.8     None    None    5.0   None   None   0.0  stop
  4   -180   -172.8     7.2     None    None    5.6   None   None   0.0  stop
  5    -90    -79.7    10.3     None    None    3.5   None   None   0.0  stop
  6     90     80.6    -9.4     None    None    3.4   None   None   0.0  stop
  7   -180   -171.7     8.3     None    None    5.1   None   None   0.0  stop
  8    180    177.3    -2.7     None    None    5.0   None   None   0.0  stop
{
  "robot": "vevov",
  "cruise_mm_s": 0,
  "n_turns": 8,
  "n_disturbed_excluded": 0,
  "disturbed_turns": [],
  "slip_during_run": 0.987,
  "pivot_overrun_during_run_mm": 0.0,
  "overrun_field": "stop_distance",
  "lag_during_run_s": 0.2,
  "trackwidth_assumed_mm": 114.2,
  "b_eff_mm": 115.7,
  "fit_gain": 1.0298,
  "fit_offset_deg": -11.63,
  "mean_err_left_deg": -6.11,
  "mean_err_right_deg": 9.11,
  "per_command": {
    "+90": {
      "n": 2,
      "mean_err": -7.43,
      "min": -9.42,
      "max": -5.44
    },
    "-90": {
      "n": 2,
      "mean_err": 10.47,
      "min": 10.33,
      "max": 10.61
    },
    "+180": {
      "n": 2,
      "mean_err": -4.79,
      "min": -6.85,
      "max": -2.74
    },
    "-180": {
      "n": 2,
      "mean_err": 7.74,
      "min": 7.15,
      "max": 8.33
    }
  },
  "mean_abs_err_deg": 7.61,
  "mean_drift_cm": 4.33,
  "suggested": {
    "rotational_slip": 1.0164,
    "stop_distance_mm": 0.0,
    "model": "camera = gain*cmd + offset; slip_new = slip*gain; stop_distance_new = stop_distance + offset_rad*b_eff/2",
    "note": "029 firmware: measure and SET lag first (S10.2); this stop_distance is only valid at the cruise it was fitted at"
  }
}
wrote reports/turn-cal-029-20260904/vevov-08-lag0.20; render with: <plot venv>/bin/python tests/playfield/turn_calibration.py --render reports/turn-cal-029-20260904/vevov-08-lag0.20
