link: vevov serial daemon 192.168.4.53:42153
robot: device NEZHA2 robot vevov 1198504156
status: {'ready': '1', 'active': '0', 'connL': '1', 'connR': '1', 'otos': '1', 'wedge': '0', 'flags': '31', 'i2cf': '99', 'cyc': '881', 'tlm': 'off', 'next': '1', 'done': '17', 'reason': 'timeout'}
rotational_slip=0.987 stop_distance=0.0 lag=0.131 (live), trackwidth assumed 114.2 mm
camera: tag 53 at (-6.1, 13.6) cm heading 17.1 deg
telemetry columns: ['seq', 'now', 'flags', 'x', 'y', 'h', 'ox', 'oy', 'oh', 'vl', 'vr', 'i2cf', 'cyc', 'posl', 'posr', 'dutl', 'dutr', 'lexc', 'wrng', 'cycovr']
10 pivots: [90, -90, -90, 90, 90, -90, -90, 90, 90, -90]
  #    cmd   camera     err      enc  encerr  drift  peakL  peakR   dur  reason
  1     90     86.7    -3.3    88.81   -1.19    3.8     91     91   1.5  stop
  2    -90    -84.6     5.4    -85.9     4.1    3.6     96     88   1.4  stop
  3    -90    -83.8     6.2   -82.43    7.57    3.6     88     82   1.3  stop
  4     90     86.5    -3.5    88.62   -1.38    3.7     88     91   1.6  stop
  5     90     87.0    -3.0     84.2    -5.8    3.8     96     99   1.3  stop
  6    -90    -85.1     4.9    -84.2     5.8    3.6     96     82   1.2  stop
  7    -90    -83.1     6.9    -82.0     8.0    3.8     91     91   1.2  stop
  8     90      8.8   -81.2      8.3   -81.7    0.4     50     47   0.1  stop
  9     90     83.0    -7.0    83.51   -6.49    3.5     91     96   1.3  stop
 10    -90    -87.0     3.0   -88.47    1.53    4.0     99     91   1.5  stop
{
  "robot": "vevov",
  "cruise_mm_s": 70,
  "n_turns": 9,
  "n_disturbed_excluded": 1,
  "disturbed_turns": [
    8
  ],
  "slip_during_run": 0.987,
  "pivot_overrun_during_run_mm": 0.0,
  "overrun_field": "stop_distance",
  "lag_during_run_s": 0.131,
  "trackwidth_assumed_mm": 114.2,
  "b_eff_mm": 115.7,
  "fit_gain": null,
  "fit_offset_deg": null,
  "mean_err_left_deg": -4.19,
  "mean_err_right_deg": 5.27,
  "per_command": {
    "+90": {
      "n": 4,
      "mean_err": -4.19,
      "min": -7.02,
      "max": -2.97
    },
    "-90": {
      "n": 5,
      "mean_err": 5.27,
      "min": 3.0,
      "max": 6.93
    }
  },
  "mean_abs_err_deg": 4.79,
  "mean_drift_cm": 3.71,
  "suggested": null
}
wrote reports/turn-cal-029-20260904/vevov-02-floor-pivots; render with: <plot venv>/bin/python tests/playfield/turn_calibration.py --render reports/turn-cal-029-20260904/vevov-02-floor-pivots
