wifilink: vevov.local -> 192.168.1.249 (mDNS)
link: WiFi TCP 192.168.1.249:7654
robot: device NEZHA2 robot vevov 1198504156
status: {'ready': '1', 'active': '0', 'connL': '1', 'connR': '1', 'otos': '1', 'wedge': '0', 'flags': '31', 'i2cf': '377', 'cyc': '8652', 'tlm': 'off', 'next': '1', 'done': '20', 'reason': 'stop'}
SET lag 0.04 -> ack 1 20 stop
rotational_slip=0.952 pivot_overrun=0.0 (live), trackwidth assumed 114.2 mm
camera: tag 53 at (15.7, 12.6) cm heading 173.9 deg
telemetry OFF (--no-tlm): camera-only scoring, no wheel speeds or encoder heading
telemetry columns: []
12 pivots: [90, -90, 107, -107, 180, -180, -90, 90, -107, 107, -180, 180]
  #    cmd   camera     err      enc  encerr  drift  peakL  peakR   dur  reason
  1     90     87.2    -2.8     None    None    1.0   None   None   0.0  stop
  2    -90    -89.4     0.6     None    None    0.5   None   None   0.0  stop
  3    107    107.4     0.4     None    None    0.4   None   None   0.0  stop
  4   -107   -106.6     0.4     None    None    0.3   None   None   0.0  stop
  5    180    178.7    -1.3     None    None    0.6   None   None   0.0  stop
  6   -180   -181.6    -1.6     None    None    0.9   None   None   0.0  stop
  7    -90    -90.0     0.1     None    None    0.4   None   None   0.0  stop
  8     90     89.2    -0.8     None    None    0.3   None   None   0.0  stop
  9   -107   -105.9     1.1     None    None    0.4   None   None   0.0  stop
 10    107    106.2    -0.8     None    None    0.0   None   None   0.0  stop
 11   -180   -179.7     0.3     None    None    0.7   None   None   0.0  stop
 12    180    178.8    -1.2     None    None    0.5   None   None   0.0  stop
{
  "robot": "vevov",
  "cruise_mm_s": 0,
  "n_turns": 12,
  "n_disturbed_excluded": 0,
  "disturbed_turns": [],
  "slip_during_run": 0.952,
  "pivot_overrun_during_run_mm": 0.0,
  "overrun_field": "pivot_overrun",
  "lag_during_run_s": null,
  "trackwidth_assumed_mm": 114.2,
  "b_eff_mm": 119.96,
  "fit_gain": 1.0065,
  "fit_offset_deg": -1.44,
  "mean_err_left_deg": -1.09,
  "mean_err_right_deg": 0.15,
  "per_command": {
    "+90": {
      "n": 2,
      "mean_err": -1.8,
      "min": -2.8,
      "max": -0.81
    },
    "-90": {
      "n": 2,
      "mean_err": 0.34,
      "min": 0.05,
      "max": 0.62
    },
    "+107": {
      "n": 2,
      "mean_err": -0.19,
      "min": -0.79,
      "max": 0.41
    },
    "-107": {
      "n": 2,
      "mean_err": 0.76,
      "min": 0.4,
      "max": 1.12
    },
    "+180": {
      "n": 2,
      "mean_err": -1.27,
      "min": -1.33,
      "max": -1.21
    },
    "-180": {
      "n": 2,
      "mean_err": -0.63,
      "min": -1.6,
      "max": 0.34
    }
  },
  "mean_abs_err_deg": 0.96,
  "mean_drift_cm": 0.5,
  "suggested": {
    "rotational_slip": 0.9582,
    "pivot_overrun_mm": 0.0,
    "model": "camera = gain*cmd + offset; slip_new = slip*gain; pivot_overrun_new = pivot_overrun + offset_rad*b_eff/2"
  }
}
wrote reports/turn-cal-029-20260904/vevov-13-confirm-lag0.04-wifi; render with: <plot venv>/bin/python tests/playfield/turn_calibration.py --render reports/turn-cal-029-20260904/vevov-13-confirm-lag0.04-wifi
