link: vevov serial daemon 192.168.4.53:42153
robot: device NEZHA2 robot vevov 1198504156
status: {'ready': '1', 'active': '0', 'connL': '1', 'connR': '1', 'otos': '1', 'wedge': '0', 'flags': '31', 'i2cf': '242', 'cyc': '4916', 'tlm': 'off', 'next': '1', 'done': '15', 'reason': 'stop'}
SET lag 0.05 -> ack 1 15 stop
rotational_slip=0.987 stop_distance=0.0 lag=0.05 (live), trackwidth assumed 114.2 mm
camera: tag 53 at (-0.2, 10.1) cm heading 52.9 deg
telemetry OFF (--no-tlm): camera-only scoring, no wheel speeds or encoder heading
telemetry columns: []
8 pivots: [90, -90, 180, -180, -90, 90, -180, 180]
  #    cmd   camera     err      enc  encerr  drift  peakL  peakR   dur  reason
  1     90     89.0    -1.0     None    None    3.5   None   None   0.0  stop
  2    -90    -88.2     1.8     None    None    3.9   None   None   0.0  stop
  3    180    178.2    -1.8     None    None    4.9   None   None   0.0  stop
  4   -180   -179.0     1.0     None    None    5.4   None   None   0.0  stop
  5    -90    -89.5     0.5     None    None    3.5   None   None   0.0  stop
  6     90     88.5    -1.5     None    None    3.6   None   None   0.0  stop
  7   -180   -179.2     0.8     None    None    5.3   None   None   0.0  stop
  8    180    180.3     0.3     None    None    5.0   None   None   0.0  stop
{
  "robot": "vevov",
  "cruise_mm_s": 0,
  "n_turns": 8,
  "n_disturbed_excluded": 0,
  "disturbed_turns": [],
  "slip_during_run": 0.987,
  "pivot_overrun_during_run_mm": 0.0,
  "overrun_field": "stop_distance",
  "lag_during_run_s": 0.05,
  "trackwidth_assumed_mm": 114.2,
  "b_eff_mm": 115.7,
  "fit_gain": 1.0039,
  "fit_offset_deg": -1.55,
  "mean_err_left_deg": -1.01,
  "mean_err_right_deg": 1.05,
  "per_command": {
    "+90": {
      "n": 2,
      "mean_err": -1.25,
      "min": -1.48,
      "max": -1.01
    },
    "-90": {
      "n": 2,
      "mean_err": 1.16,
      "min": 0.51,
      "max": 1.81
    },
    "+180": {
      "n": 2,
      "mean_err": -0.77,
      "min": -1.81,
      "max": 0.27
    },
    "-180": {
      "n": 2,
      "mean_err": 0.94,
      "min": 0.83,
      "max": 1.04
    }
  },
  "mean_abs_err_deg": 1.09,
  "mean_drift_cm": 4.4,
  "suggested": {
    "rotational_slip": 0.9908,
    "stop_distance_mm": 0.0,
    "model": "camera = gain*cmd + offset; slip_new = slip*gain; stop_distance_new = stop_distance + offset_rad*b_eff/2",
    "note": "029 firmware: measure and SET lag first (S10.2); this stop_distance is only valid at the cruise it was fitted at"
  }
}
wrote reports/turn-cal-029-20260904/vevov-08-lag0.05; render with: <plot venv>/bin/python tests/playfield/turn_calibration.py --render reports/turn-cal-029-20260904/vevov-08-lag0.05
