> HELLO
device NEZHA2 robot vevov 1198504156
> WHEELS_V 0 0 250 #1
ack 1 1 timeout
> ID
id diffdrive vevov 1.20260906.2 vevov
> GET #2
ack 2 1 timeout
get max_duty 100.000008
get full_duty_velocity 10795.000977
get pid_kp 0.000000
get pid_ki 6.000000
get pid_i_max 765.600037
get accel_kaff 0.000000
get pid_max 1276.000000
get twist_hold_gain 4.000000
get v_floor 70.000000
get pos_err_max 127.600006
get stall_speed 191.400009
get stall_demand 510.400024
get stall_window 500.000031
get lambda_enabled 0.000000
get crawl_pulse 0.000000
get default_cruise 150.000000
get rotational_slip 1.101000
get stall_clear 0.000000
get stop_distance 0.000000
get accel 400.000031
get decel 400.000031
get v_max 250.000015
get jerk 800.000061
get omega_max 0.000000
get estop_clear 0.000000
get omega_floor 20.000000
get arrive_dist 1.000000
get arrive_yaw 0.300000
get lag 0.040000
get straight_trim 0.000000
get goto_timeout 0.000000
DBG:wifi state=0 ip=- peer=-:0 tcp=0/0 to=4 restarts=0 sent=0 rx=0 drop=0 mdns=0/0 cmd= reply=
> STATUS
status ready=1 active=0 connL=1 connR=1 otos=0 wedge=0 flags=31 i2cf=0 cyc=24 tlm=off next=3 done=1 reason=timeout
> SET jerk 800 #3
ack 3 1 timeout
> GET jerk #4
ack 4 1 timeout
get jerk 800.000061
> TLM POSE #5
ack 5 1 timeout
thdr seq now flags x y h ox oy oh vl vr i2cf
t 1 86675 31 0 0 0 0 0 0 0 0 0
> RUN:tour:wheels
DBG:tour=wheels:profile=open
DBG:corner=0
t 2 86745 31 0 0 0 0 0 0 0 0 0
t 3 86816 31 0 0 0 0 0 0 0 0 0
t 4 86888 31 0 0 0 0 0 0 0 0 0
t 5 86961 31 0 0 0 0 0 0 0 0 0
t 6 87032 31 0 0 -8 0 0 0 3 0 3
t 7 87105 31 0 0 -43 0 0 0 20 0 6
t 8 87177 31 2 0 -106 0 0 0 36 20 7
t 9 87249 31 6 0 -63 0 0 0 73 73 7
t 10 87321 31 14 0 -63 0 0 0 126 129 7
t 11 87392 31 25 0 -20 0 0 0 136 159 7
t 12 87464 31 37 0 -23 0 0 0 185 182 7
t 13 87537 31 51 0 23 0 0 0 182 192 7
t 14 87609 31 66 0 55 0 0 0 202 202 7
t 15 87681 31 81 0 43 0 0 0 221 202 7
t 16 87753 31 96 0 43 0 0 0 221 218 7
t 17 87824 31 111 0 43 0 0 0 221 202 7
t 18 87896 31 126 0 43 0 0 0 202 212 7
t 19 87969 31 140 1 47 0 0 0 208 195 7
thdr seq now flags x y h ox oy oh vl vr i2cf
t 20 88040 31 155 1 31 0 0 0 202 202 7
t 21 88113 31 169 1 12 0 0 0 202 192 7
t 22 88184 31 182 1 -78 0 0 0 192 182 7
t 23 88257 31 196 0 -106 0 0 0 202 202 7
t 24 88328 31 211 0 -109 0 0 0 195 221 7
t 25 88400 31 225 0 -109 0 0 0 205 195 7
t 26 88472 31 240 -1 -86 0 0 0 192 221 7
t 27 88544 31 254 -1 -86 0 0 0 202 202 7
t 28 88617 31 269 -1 -66 0 0 0 205 211 7
t 29 88689 31 284 -1 -63 0 0 0 201 202 7
t 30 88760 31 299 -1 -66 0 0 0 195 202 7
t 31 88833 31 313 -1 -66 0 0 0 192 201 7
t 32 88905 31 328 -2 -63 0 0 0 202 185 7
t 33 88977 31 342 -2 -66 0 0 0 201 182 7
t 34 89048 31 357 -2 -43 0 0 0 202 192 7
t 35 89121 31 371 -2 -43 0 0 0 202 202 7
t 36 89192 31 386 -2 -31 0 0 0 202 202 7
t 37 89265 31 401 -2 -8 0 0 0 212 205 7
t 38 89337 31 415 -2 0 0 0 0 202 202 7
thdr seq now flags x y h ox oy oh vl vr i2cf
t 39 89408 31 430 -2 0 0 0 0 202 201 7
t 40 89480 31 444 -2 12 0 0 0 195 205 7
t 41 89552 31 458 -2 63 0 0 0 185 202 7
t 42 89625 31 473 -2 43 0 0 0 201 192 7
t 43 89697 31 487 -2 66 0 0 0 192 195 7
t 44 89769 31 502 -2 20 0 0 0 202 202 7
t 45 89841 31 516 -2 -23 0 0 0 175 182 8
t 46 89912 31 530 -2 -66 0 0 0 202 172 8
t 47 89985 31 544 -2 -133 0 0 0 201 182 8
t 48 90056 31 558 -3 -196 0 0 0 192 202 8
t 49 90129 31 572 -3 -196 0 0 0 192 218 8
t 50 90201 31 586 -4 -207 0 0 0 211 202 8
DBG:wifi state=0 ip=- peer=-:0 tcp=0/0 to=4 restarts=0 sent=0 rx=0 drop=0 mdns=0/0 cmd= reply=
t 51 90273 31 601 -4 -176 0 0 0 205 202 8
t 52 90345 31 616 -4 -176 0 0 0 212 201 8
t 53 90416 31 630 -5 -184 0 0 0 212 202 8
t 54 90489 31 644 -5 -153 0 0 0 192 202 8
t 55 90561 31 659 -6 -141 0 0 0 201 212 8
t 56 90633 31 674 -6 -160 0 0 0 202 195 8
t 57 90705 31 688 -7 -153 0 0 0 192 192 8
thdr seq now flags x y h ox oy oh vl vr i2cf
t 58 90776 31 702 -7 -133 0 0 0 185 202 8
t 59 90848 31 717 -7 -98 0 0 0 195 212 8
t 60 90921 31 731 -7 -121 0 0 0 202 192 8
t 61 90992 31 746 -8 -129 0 0 0 202 212 8
t 62 91064 31 760 -8 -141 0 0 0 212 195 8
t 63 91136 31 774 -8 -121 0 0 0 212 202 8
t 64 91208 31 789 -9 -98 0 0 0 202 211 8
t 65 91281 31 803 -9 -117 0 0 0 192 211 8
t 66 91353 31 817 -9 -164 0 0 0 205 192 8
t 67 91425 31 832 -10 -164 0 0 0 202 212 8
t 68 91496 31 846 -10 -164 0 0 0 201 212 8
t 69 91568 31 861 -11 -141 0 0 0 202 195 8
t 70 91641 31 875 -11 -153 0 0 0 192 202 8
t 71 91713 31 890 -11 -172 0 0 0 222 221 8
t 72 91784 31 905 -12 -172 0 0 0 202 202 8
t 73 91856 31 919 -12 -153 0 0 0 202 202 8
t 74 91928 31 932 -13 -145 0 0 0 185 182 8
t 75 92001 31 945 -13 -164 0 0 0 165 155 8
t 76 92073 31 956 -13 -172 0 0 0 136 149 8
thdr seq now flags x y h ox oy oh vl vr i2cf
t 77 92145 31 966 -14 -153 0 0 0 129 149 8
t 78 92217 31 974 -14 -164 0 0 0 119 109 8
t 79 92289 31 982 -14 -176 0 0 0 93 93 8
t 80 92361 31 987 -14 -141 0 0 0 63 83 8
t 81 92433 31 992 -14 -153 0 0 0 56 56 8
t 82 92504 31 995 -14 -153 0 0 0 36 36 8
t 83 92576 31 997 -14 -164 0 0 0 30 20 8
t 84 92649 31 998 -14 -109 0 0 0 20 20 8
t 85 92720 31 999 -14 -141 0 0 0 26 0 8
t 86 92792 31 999 -14 -176 0 0 0 10 0 8
t 87 92880 31 999 -14 -196 0 0 0 0 0 8
t 88 92936 31 999 -14 -196 0 0 0 0 0 8
t 89 93008 31 1000 -14 -164 0 0 0 -7 20 8
t 90 93080 31 1000 -14 -55 0 0 0 0 20 8
t 91 93152 31 1002 -14 55 0 0 0 0 36 8
t 92 93225 31 1003 -14 153 0 0 0 0 36 11
t 93 93297 31 1003 -14 336 0 0 0 -10 56 11
t 94 93369 31 1004 -14 684 0 0 0 -43 76 11
t 95 93440 31 1005 -14 1236 0 0 0 -73 89 11
thdr seq now flags x y h ox oy oh vl vr i2cf
t 96 93512 31 1005 -14 1912 0 0 0 -93 83 11
t 97 93585 31 1004 -14 2651 0 0 0 -99 102 11
t 98 93656 31 1004 -15 3336 0 0 0 -112 83 11
t 99 93728 31 1004 -15 3985 0 0 0 -93 99 11
t 100 93801 31 1003 -15 4638 0 0 0 -102 93 11
t 101 93873 31 1003 -15 5279 0 0 0 -93 93 11
t 102 93945 31 1003 -15 5940 0 0 0 -89 83 11
t 103 94016 31 1003 -15 6550 0 0 0 -83 73 11
t 104 94088 31 1003 -16 7125 0 0 0 -73 73 11
t 105 94161 31 1003 -16 7547 0 0 0 -63 56 11
t 106 94232 31 1003 -16 7911 0 0 0 -56 56 11
t 107 94304 31 1003 -16 8145 0 0 0 -26 26 11
t 108 94376 31 1003 -16 8364 0 0 0 -36 36 11
t 109 94448 31 1003 -15 8505 0 0 0 -20 26 11
t 110 94520 31 1003 -15 8638 0 0 0 -20 0 11
t 111 94593 31 1003 -16 8681 0 0 0 -20 0 11
t 112 94664 31 1003 -16 8724 0 0 0 -20 0 11
t 113 94736 31 1003 -17 8755 0 0 0 0 0 11
t 114 94808 31 1003 -17 8755 0 0 0 0 0 11
thdr seq now flags x y h ox oy oh vl vr i2cf
t 115 94880 31 1003 -17 8755 0 0 0 0 0 11
t 116 94952 31 1003 -17 8755 0 0 0 0 0 11
t 117 95024 31 1003 -17 8755 0 0 0 0 0 11
t 118 95096 31 1003 -17 8755 0 0 0 0 0 11
t 119 95168 31 1003 -16 8744 0 0 0 10 0 11
t 120 95240 31 1003 -17 8787 0 0 0 -17 0 11
t 121 95304 31 1003 -17 8787 0 0 0 0 0 11
DBG:corner=1
t 122 95360 31 1003 -17 8775 0 0 0 0 -10 11
t 123 95433 31 1003 -16 8865 0 0 0 0 26 11
t 124 95505 31 1003 -16 8877 0 0 0 0 0 11
t 125 95576 31 1003 -15 8920 0 0 0 0 10 12
t 126 95649 31 1003 -14 9025 0 0 0 -2 26 14
t 127 95721 31 1003 -12 9041 0 0 0 36 40 14
t 0 95793 31 1003 -7 9006 0 0 0 73 73 14
t 1 95865 31 1003 -1 8970 0 0 0 109 99 14
t 2 95936 31 1003 9 8951 0 0 0 139 129 14
t 3 96009 31 1003 20 8939 0 0 0 165 155 14
t 4 96081 31 1003 30 8732 0 0 0 165 165 15
t 5 96152 31 1004 46 8963 0 0 0 185 185 15
thdr seq now flags x y h ox oy oh vl vr i2cf
t 6 96224 31 1004 59 8884 0 0 0 205 175 15
t 7 96296 31 1004 74 8841 0 0 0 202 202 15
t 8 96368 31 1004 88 8822 0 0 0 202 202 15
t 9 96441 31 1005 103 8834 0 0 0 202 211 15
t 10 96512 31 1005 117 8841 0 0 0 202 212 15
t 11 96584 31 1006 132 8853 0 0 0 202 218 15
t 12 96656 31 1006 146 8853 0 0 0 205 212 15
t 13 96729 31 1007 161 8822 0 0 0 202 185 15
t 14 96800 31 1007 175 8830 0 0 0 211 218 15
t 15 96873 31 1007 190 8798 0 0 0 202 182 15
t 16 96945 31 1008 205 8798 0 0 0 202 202 15
t 17 97017 31 1009 219 8779 0 0 0 202 192 15
t 18 97089 31 1009 234 8787 0 0 0 192 192 15
t 19 97160 31 1010 248 8767 0 0 0 212 211 15
t 20 97233 31 1010 262 8775 0 0 0 195 192 15
t 21 97304 31 1011 277 8755 0 0 0 192 175 15
t 22 97377 31 1011 291 8775 0 0 0 205 201 15
t 23 97449 31 1012 306 8775 0 0 0 192 202 15
t 24 97521 31 1012 320 8798 0 0 0 202 221 15
thdr seq now flags x y h ox oy oh vl vr i2cf
t 25 97592 31 1013 334 8775 0 0 0 202 192 15
t 26 97665 31 1014 349 8787 0 0 0 202 192 15
t 27 97736 31 1014 363 8810 0 0 0 192 202 15
t 28 97809 31 1015 377 8798 0 0 0 192 202 15
t 29 97881 31 1015 392 8834 0 0 0 208 202 15
t 30 97953 31 1015 407 8830 0 0 0 212 202 15
t 31 98025 31 1016 421 8798 0 0 0 192 192 15
t 32 98096 31 1016 435 8818 0 0 0 202 202 15
t 33 98168 31 1017 450 8810 0 0 0 202 195 15
t 34 98241 31 1017 464 8822 0 0 0 202 221 15
t 35 98313 31 1018 479 8818 0 0 0 202 202 15
t 36 98385 31 1018 493 8810 0 0 0 202 211 15
t 37 98457 31 1019 507 8798 0 0 0 185 185 15
t 38 98528 31 1019 521 8810 0 0 0 175 211 15
t 39 98600 31 1020 533 8767 0 0 0 172 155 15
t 40 98673 31 1020 544 8787 0 0 0 139 149 15
t 41 98744 31 1021 553 8779 0 0 0 129 112 15
t 42 98817 31 1021 561 8806 0 0 0 102 99 15
t 43 98888 31 1021 567 8798 0 0 0 89 73 15
thdr seq now flags x y h ox oy oh vl vr i2cf
t 44 98961 31 1021 572 8798 0 0 0 53 73 15
t 45 99033 31 1021 576 8779 0 0 0 53 36 15
t 46 99104 31 1021 579 8763 0 0 0 46 36 15
t 47 99177 31 1022 581 8822 0 0 0 10 30 15
t 48 99248 31 1022 582 8755 0 0 0 17 0 15
t 49 99320 31 1022 582 8744 0 0 0 0 0 15
t 50 99392 31 1022 582 8732 0 0 0 10 0 15
t 51 99464 31 1022 582 8755 0 0 0 0 0 15
t 52 99536 31 1022 582 8755 0 0 0 0 0 15
t 53 99608 31 1022 582 8755 0 0 0 0 0 15
t 54 99680 31 1022 582 8755 0 0 0 0 0 15
t 55 99752 31 1022 582 8755 0 0 0 0 0 15
t 56 99840 31 1022 582 8755 0 0 0 0 0 15
t 57 99896 31 1022 582 8755 0 0 0 0 0 15
t 58 99968 31 1022 582 8755 0 0 0 0 0 15
t 59 100040 31 1022 583 8841 0 0 0 0 17 15
t 60 100112 31 1022 584 8963 0 0 0 0 26 15
t 61 100185 31 1022 585 9072 0 0 0 0 30 18
DBG:wifi state=0 ip=- peer=-:0 tcp=0/0 to=4 restarts=0 sent=0 rx=0 drop=0 mdns=0/0 cmd= reply=
t 62 100257 31 1022 586 9232 0 0 0 -3 56 20
thdr seq now flags x y h ox oy oh vl vr i2cf
t 63 100328 31 1021 587 9635 0 0 0 -53 76 20
t 64 100400 31 1021 588 10198 0 0 0 -73 89 20
t 65 100473 31 1021 587 10887 0 0 0 -93 92 20
t 66 100545 31 1022 587 11590 0 0 0 -109 83 20
t 67 100617 31 1022 587 12275 0 0 0 -93 92 20
t 68 100689 31 1022 587 12936 0 0 0 -93 99 20
t 69 100761 31 1022 587 13565 0 0 0 -83 83 20
t 70 100832 31 1022 587 14210 0 0 0 -93 93 20
t 71 100905 31 1022 587 14871 0 0 0 -102 83 20
t 72 100977 31 1022 586 15532 0 0 0 -93 83 20
t 73 101048 31 1022 586 16076 0 0 0 -83 83 20
t 74 101120 31 1022 586 16490 0 0 0 -46 56 20
t 75 101193 31 1022 586 16846 0 0 0 -46 46 20
t 76 101264 31 1023 586 17128 0 0 0 -36 36 20
t 77 101336 31 1022 586 17347 0 0 0 -20 43 20
t 78 101408 31 1022 586 17499 0 0 0 -20 0 20
t 79 101481 31 1023 586 17566 0 0 0 -20 0 20
t 80 101552 31 1023 586 17628 0 0 0 -7 0 20
t 81 101624 31 1023 586 17628 0 0 0 0 0 20
thdr seq now flags x y h ox oy oh vl vr i2cf
t 82 101696 31 1023 586 17628 0 0 0 0 0 20
t 83 101768 31 1023 586 17628 0 0 0 0 0 20
t 84 101840 31 1023 586 17640 0 0 0 0 0 20
t 85 101913 31 1024 586 17706 0 0 0 -10 0 20
t 86 102000 31 1024 586 17726 0 0 0 0 0 20
DBG:corner=2
t 87 102056 31 1024 586 17738 0 0 0 0 10 20
t 88 102128 31 1024 586 17738 0 0 0 0 0 20
t 89 102200 31 1024 586 17738 0 0 0 0 0 20
t 90 102273 31 1024 586 17738 0 0 0 0 0 21
t 91 102345 31 1024 586 17792 0 0 0 0 40 24
t 92 102416 31 1020 586 17925 0 0 0 36 76 24
t 93 102489 31 1015 586 17988 0 0 0 73 73 24
t 94 102561 31 1008 586 17976 0 0 0 122 112 24
t 95 102633 31 998 587 17964 0 0 0 139 146 24
t 96 102705 31 987 587 17945 0 0 0 165 165 24
t 97 102777 31 975 587 17921 0 0 0 185 185 24
t 98 102848 31 961 587 17921 0 0 0 185 182 24
t 99 102921 31 946 587 17921 0 0 0 202 201 24
t 100 102993 31 932 587 17902 0 0 0 221 202 24
thdr seq now flags x y h ox oy oh vl vr i2cf
t 101 103065 31 917 588 17902 0 0 0 211 212 24
t 102 103136 31 902 588 17925 0 0 0 202 221 24
t 103 103208 31 887 588 17921 0 0 0 205 211 24
t 104 103280 31 873 588 17902 0 0 0 192 195 24
t 105 103352 31 859 588 17933 0 0 0 201 212 24
t 106 103424 31 845 589 17902 0 0 0 202 182 24
t 107 103496 31 830 589 17890 0 0 0 202 195 24
t 108 103569 31 816 589 17867 0 0 0 202 202 24
t 109 103641 31 802 590 17871 0 0 0 202 192 24
t 110 103712 31 787 590 17824 0 0 0 195 192 24
t 111 103785 31 773 590 17812 0 0 0 195 192 24
t 112 103856 31 759 591 17824 0 0 0 192 212 24
t 113 103929 31 744 591 17835 0 0 0 202 218 24
t 114 104000 31 729 592 17855 0 0 0 205 202 24
t 115 104073 31 715 592 17859 0 0 0 202 195 24
t 116 104145 31 700 592 17859 0 0 0 202 202 24
t 117 104217 31 686 593 17859 0 0 0 211 202 24
t 118 104288 31 671 593 17859 0 0 0 191 185 24
t 119 104361 31 657 593 17847 0 0 0 212 192 24
thdr seq now flags x y h ox oy oh vl vr i2cf
t 120 104432 31 642 594 17835 0 0 0 205 175 24
t 121 104504 31 628 594 17847 0 0 0 192 202 24
t 122 104576 31 614 595 17855 0 0 0 202 182 24
t 123 104648 31 599 595 17859 0 0 0 202 185 24
t 124 104720 31 585 595 17878 0 0 0 195 202 24
t 125 104792 31 570 596 17871 0 0 0 202 212 24
t 126 104864 31 556 596 17859 0 0 0 192 175 24
t 127 104936 31 542 596 17882 0 0 0 192 205 24
t 0 105009 31 527 597 17855 0 0 0 205 201 24
t 1 105081 31 513 597 17816 0 0 0 192 195 24
t 2 105153 31 499 597 17773 0 0 0 202 195 24
t 3 105224 31 485 598 17792 0 0 0 201 202 24
t 4 105297 31 470 599 17804 0 0 0 192 211 24
t 5 105369 31 455 599 17835 0 0 0 202 221 24
t 6 105441 31 441 600 17792 0 0 0 212 202 24
t 7 105512 31 426 600 17769 0 0 0 202 202 24
t 8 105585 31 412 601 17749 0 0 0 202 202 24
t 9 105656 31 398 601 17706 0 0 0 201 185 24
t 10 105728 31 384 602 17749 0 0 0 192 202 24
thdr seq now flags x y h ox oy oh vl vr i2cf
t 11 105801 31 370 603 17804 0 0 0 202 212 24
t 12 105872 31 355 603 17781 0 0 0 212 202 24
t 13 105945 31 341 604 17761 0 0 0 202 192 24
t 14 106017 31 326 604 17769 0 0 0 195 192 24
t 15 106088 31 312 605 17773 0 0 0 202 192 24
t 16 106160 31 297 605 17781 0 0 0 192 212 24
t 17 106233 31 283 606 17796 0 0 0 202 205 24
t 18 106305 31 269 606 17769 0 0 0 202 192 24
t 19 106377 31 254 607 17761 0 0 0 202 192 24
t 20 106448 31 240 608 17792 0 0 0 172 202 24
t 21 106520 31 226 608 17835 0 0 0 201 202 24
t 22 106593 31 211 609 17828 0 0 0 212 202 24
t 23 106664 31 197 609 17800 0 0 0 211 202 24
t 24 106736 31 182 609 17781 0 0 0 211 202 24
t 25 106809 31 167 610 17792 0 0 0 202 221 24
t 26 106880 31 152 611 17792 0 0 0 202 211 24
t 27 106952 31 138 611 17792 0 0 0 202 202 24
t 28 107025 31 124 612 17792 0 0 0 202 195 24
t 29 107096 31 110 612 17792 0 0 0 182 182 24
thdr seq now flags x y h ox oy oh vl vr i2cf
t 30 107169 31 96 613 17773 0 0 0 202 185 24
t 31 107241 31 83 613 17781 0 0 0 182 182 24
t 32 107313 31 71 614 17781 0 0 0 175 165 24
t 33 107384 31 60 614 17781 0 0 0 149 139 24
t 34 107457 31 52 614 17781 0 0 0 119 119 24
t 35 107529 31 45 615 17769 0 0 0 93 83 24
t 36 107601 31 39 615 17781 0 0 0 73 63 24
t 37 107673 31 34 615 17792 0 0 0 53 53 24
t 38 107744 31 31 615 17781 0 0 0 46 56 24
t 39 107816 31 28 615 17792 0 0 0 20 20 24
t 40 107888 31 27 615 17812 0 0 0 10 36 24
t 41 107960 31 25 615 17781 0 0 0 10 0 24
t 42 108024 31 25 615 17781 0 0 0 0 0 24
t 43 108081 31 25 615 17781 0 0 0 0 0 24
t 44 108152 31 25 615 17867 0 0 0 -10 36 24
t 45 108225 31 25 615 17921 0 0 0 0 0 24
t 46 108296 31 24 615 17964 0 0 0 0 7 24
t 47 108368 31 23 615 18062 0 0 0 0 17 27
t 48 108440 31 22 615 18293 0 0 0 -36 56 28
thdr seq now flags x y h ox oy oh vl vr i2cf
t 49 108513 31 21 615 18684 0 0 0 -56 73 28
t 50 108584 31 21 615 19282 0 0 0 -93 93 28
t 51 108656 31 21 615 19943 0 0 0 -112 83 28
t 52 108728 31 22 616 20616 0 0 0 -99 73 28
t 53 108800 31 22 616 21269 0 0 0 -109 83 28
t 54 108872 31 22 616 21941 0 0 0 -89 102 28
t 55 108944 31 22 616 22606 0 0 0 -102 83 28
t 56 109017 31 22 616 23255 0 0 0 -99 93 28
t 57 109088 31 22 616 23928 0 0 0 -89 83 28
t 58 109160 31 22 616 24526 0 0 0 -83 73 28
t 59 109233 31 22 616 25089 0 0 0 -83 73 28
t 60 109304 31 22 616 25551 0 0 0 -66 66 28
t 61 109376 31 23 616 25895 0 0 0 -56 46 28
t 62 109448 31 23 616 26157 0 0 0 -36 30 28
t 63 109520 31 23 616 26333 0 0 0 -30 20 28
t 64 109592 31 22 616 26528 0 0 0 -36 40 28
t 65 109664 31 23 616 26634 0 0 0 -7 0 28
t 66 109736 31 23 616 26634 0 0 0 0 0 28
t 67 109808 31 23 616 26634 0 0 0 0 0 28
thdr seq now flags x y h ox oy oh vl vr i2cf
t 68 109880 31 22 616 26614 0 0 0 0 0 28
t 69 109952 31 22 616 26614 0 0 0 0 0 28
t 70 110024 31 22 616 26614 0 0 0 0 0 28
t 71 110096 31 22 616 26614 0 0 0 0 0 28
t 72 110168 31 22 616 26614 0 0 0 0 0 28
DBG:wifi state=0 ip=- peer=-:0 tcp=0/0 to=4 restarts=0 sent=0 rx=0 drop=0 mdns=0/0 cmd= reply=
t 73 110240 31 22 616 26614 0 0 0 0 0 28
t 74 110312 31 22 616 26614 0 0 0 0 0 29
t 75 110385 31 22 616 26614 0 0 0 0 0 31
t 76 110456 31 22 616 26614 0 0 0 0 0 34
t 77 110545 31 22 616 26614 0 0 0 0 0 38
DBG:corner=3
t 78 110600 31 22 616 26614 0 0 0 0 0 38
t 79 110672 31 22 616 26614 0 0 0 0 0 38
t 80 110744 31 22 616 26571 0 0 0 10 0 38
t 81 110817 31 22 615 26528 0 0 0 7 0 39
t 82 110889 31 22 614 26528 0 0 0 17 9 41
t 83 110961 31 22 611 26567 0 0 0 46 53 41
t 84 111033 31 22 606 26603 0 0 0 83 73 41
t 85 111105 31 21 599 26579 0 0 0 122 112 41
t 86 111177 31 21 590 26591 0 0 0 126 136 41
thdr seq now flags x y h ox oy oh vl vr i2cf
t 87 111249 31 20 579 26591 0 0 0 145 165 41
t 88 111321 31 19 566 26603 0 0 0 182 192 41
t 89 111392 31 18 553 26591 0 0 0 202 201 41
t 90 111464 31 17 539 26583 0 0 0 192 195 41
t 91 111536 31 16 524 26571 0 0 0 202 202 41
t 92 111608 31 15 509 26599 0 0 0 201 208 41
t 93 111681 31 14 494 26591 0 0 0 195 205 41
t 94 111753 31 13 480 26591 0 0 0 202 202 41
t 95 111824 31 11 465 26579 0 0 0 202 192 41
t 96 111896 31 10 450 26579 0 0 0 202 212 41
t 97 111968 31 9 436 26548 0 0 0 202 182 41
t 98 112041 31 8 422 26536 0 0 0 205 195 41
t 99 112113 31 7 407 26524 0 0 0 202 192 41
t 100 112185 31 6 393 26517 0 0 0 212 195 41
t 101 112257 31 5 378 26528 0 0 0 218 221 41
t 102 112328 31 3 364 26513 0 0 0 212 192 41
t 103 112401 31 2 349 26517 0 0 0 201 212 41
t 104 112472 31 1 335 26513 0 0 0 195 201 41
t 105 112544 31 0 320 26524 0 0 0 202 192 41
thdr seq now flags x y h ox oy oh vl vr i2cf
t 106 112617 31 -1 306 26528 0 0 0 201 205 41
t 107 112689 31 -3 291 26567 0 0 0 185 208 41
t 108 112760 31 -4 277 26560 0 0 0 211 192 41
t 109 112832 31 -5 263 26560 0 0 0 192 202 41
t 110 112904 31 -6 248 26567 0 0 0 202 202 41
t 111 112977 31 -7 234 26571 0 0 0 201 202 41
t 112 113048 31 -8 220 26548 0 0 0 202 182 41
t 113 113120 31 -9 206 26556 0 0 0 195 201 41
t 114 113193 31 -10 191 26603 0 0 0 192 202 41
t 115 113265 31 -11 177 26579 0 0 0 202 212 41
t 116 113336 31 -12 163 26579 0 0 0 201 211 41
t 117 113409 31 -13 148 26560 0 0 0 202 192 41
t 118 113480 31 -14 134 26579 0 0 0 202 202 41
t 119 113552 31 -16 119 26560 0 0 0 202 195 41
t 120 113624 31 -17 105 26548 0 0 0 202 218 41
t 121 113697 31 -18 91 26548 0 0 0 175 195 41
t 122 113768 31 -19 78 26560 0 0 0 165 185 41
t 123 113841 31 -20 66 26536 0 0 0 165 155 41
t 124 113913 31 -21 56 26548 0 0 0 122 139 41
thdr seq now flags x y h ox oy oh vl vr i2cf
t 125 113985 31 -21 47 26540 0 0 0 119 119 41
t 126 114057 31 -22 39 26505 0 0 0 112 92 41
t 127 114129 31 -23 34 26524 0 0 0 73 73 41
t 0 114201 31 -23 28 26548 0 0 0 56 73 41
t 1 114273 31 -23 25 26548 0 0 0 36 53 41
t 2 114344 31 -23 23 26524 0 0 0 36 17 41
t 3 114416 31 -24 20 26505 0 0 0 26 20 41
t 4 114489 31 -24 19 26591 0 0 0 0 20 41
t 5 114552 31 -24 19 26591 0 0 0 0 0 41
t 6 114608 31 -24 19 26603 0 0 0 0 10 41
t 7 114681 31 -24 18 26700 0 0 0 0 26 41
t 8 114753 31 -24 18 26700 0 0 0 0 0 41
t 9 114824 31 -24 18 26743 0 0 0 0 17 41
t 10 114897 31 -24 16 26865 0 0 0 0 36 44
t 11 114969 31 -24 16 27111 0 0 0 -36 53 44
t 12 115041 31 -24 15 27592 0 0 0 -83 83 44
t 13 115112 31 -24 15 28190 0 0 0 -102 93 44
t 14 115184 31 -24 16 28851 0 0 0 -102 99 44
t 15 115257 31 -24 16 29504 0 0 0 -93 93 44
thdr seq now flags x y h ox oy oh vl vr i2cf
t 16 115329 31 -24 16 30188 0 0 0 -83 102 44
t 17 115400 31 -24 16 30838 0 0 0 -89 83 44
t 18 115473 31 -24 16 31491 0 0 0 -102 83 44
t 19 115545 31 -25 16 32155 0 0 0 -113 93 44
t 20 115616 31 -24 16 32816 0 0 0 -93 92 44
t 21 115688 31 -25 16 33414 0 0 0 -83 73 44
t 22 115761 31 -25 16 33978 0 0 0 -73 73 44
t 23 115832 31 -25 16 34423 0 0 0 -63 56 44
t 24 115904 31 -25 16 34760 0 0 0 -26 36 44
t 25 115976 31 -25 16 35018 0 0 0 -26 36 44
t 26 116048 31 -24 16 35225 0 0 0 -26 36 44
t 27 116120 31 -25 16 35381 0 0 0 -30 0 44
t 28 116192 31 -25 16 35413 0 0 0 17 0 44
t 29 116264 31 -24 16 35335 0 0 0 30 0 44
t 30 116336 31 -24 16 35291 0 0 0 0 0 44
t 31 116408 31 -24 16 35291 0 0 0 0 0 44
t 32 116480 31 -24 16 35291 0 0 0 0 0 45
t 33 116552 31 -24 16 35346 0 0 0 -17 0 45
t 34 116624 31 -25 16 35432 0 0 0 -26 0 45
thdr seq now flags x y h ox oy oh vl vr i2cf
t 35 116696 31 -26 17 35499 0 0 0 -17 0 45
t 36 116768 31 -26 17 35565 0 0 0 0 0 45
t 37 117557 31 -26 17 35565 0 0 0 0 0 45
DBG:corner=4
GAP:27
TOUR:end:ok
t 38 117611 31 -26 17 35565 0 0 0 0 0 45
t 39 117667 31 -26 17 35565 0 0 0 0 0 45
t 40 117723 31 -26 17 35565 0 0 0 0 0 45
t 41 117779 31 -26 17 35565 0 0 0 0 0 45
t 42 117835 31 -26 17 35565 0 0 0 0 0 45
t 43 117891 31 -26 17 35565 0 0 0 0 0 45
t 44 117947 31 -26 17 35565 0 0 0 0 0 45
t 45 118003 31 -26 17 35565 0 0 0 0 0 45
t 46 118059 31 -26 17 35565 0 0 0 0 0 45
t 47 118115 31 -26 17 35565 0 0 0 0 0 45
t 48 118171 31 -26 17 35565 0 0 0 0 0 45
t 49 118227 31 -26 17 35565 0 0 0 0 0 45
t 50 118283 31 -26 17 35565 0 0 0 0 0 45
t 51 118339 31 -26 17 35565 0 0 0 0 0 45
t 52 118395 31 -26 17 35565 0 0 0 0 0 45
t 53 118451 31 -26 17 35565 0 0 0 0 0 45
thdr seq now flags x y h ox oy oh vl vr i2cf
t 54 118507 31 -26 17 35565 0 0 0 0 0 45
t 55 118563 31 -26 17 35565 0 0 0 0 0 45
t 56 118619 31 -26 17 35565 0 0 0 0 0 45
t 57 118675 31 -26 17 35565 0 0 0 0 0 45
t 58 118731 31 -26 17 35565 0 0 0 0 0 45
t 59 118787 31 -26 17 35565 0 0 0 0 0 45
t 60 118843 31 -26 17 35565 0 0 0 0 0 45
t 61 118899 31 -26 17 35565 0 0 0 0 0 45
t 62 118955 31 -26 17 35565 0 0 0 0 0 45
t 63 119011 31 -26 17 35565 0 0 0 0 0 45
t 64 119067 31 -26 17 35565 0 0 0 0 0 45
t 65 119123 31 -26 17 35565 0 0 0 0 0 45
t 66 119179 31 -26 17 35565 0 0 0 0 0 45
t 67 119235 31 -26 17 35565 0 0 0 0 0 45
t 68 119291 31 -26 17 35565 0 0 0 0 0 45
t 69 119347 31 -26 17 35565 0 0 0 0 0 45
t 70 119403 31 -26 17 35565 0 0 0 0 0 45
t 71 119459 31 -26 17 35565 0 0 0 0 0 45
t 72 119515 31 -26 17 35565 0 0 0 0 0 45
thdr seq now flags x y h ox oy oh vl vr i2cf
t 73 119571 31 -26 17 35565 0 0 0 0 0 45
t 74 119627 31 -26 17 35565 0 0 0 0 0 45
t 75 119683 31 -26 17 35565 0 0 0 0 0 45
> STATUS
status ready=1 active=0 connL=1 connR=1 otos=0 wedge=0 flags=31 i2cf=45 cyc=1286 tlm=pose next=6 done=1 reason=timeout
t 76 119739 31 -26 17 35565 0 0 0 0 0 45
t 77 119795 31 -26 17 35565 0 0 0 0 0 45
t 78 119851 31 -26 17 35565 0 0 0 0 0 45
t 79 119907 31 -26 17 35565 0 0 0 0 0 45
t 80 119963 31 -26 17 35565 0 0 0 0 0 45
t 81 120019 31 -26 17 35565 0 0 0 0 0 45
t 82 120075 31 -26 17 35565 0 0 0 0 0 45
t 83 120131 31 -26 17 35565 0 0 0 0 0 45
t 84 120187 31 -26 17 35565 0 0 0 0 0 45
DBG:wifi state=0 ip=- peer=-:0 tcp=0/0 to=4 restarts=0 sent=0 rx=0 drop=0 mdns=0/0 cmd= reply=
t 85 120243 31 -26 17 35565 0 0 0 0 0 45
t 86 120299 31 -26 17 35565 0 0 0 0 0 45
t 87 120355 31 -26 17 35565 0 0 0 0 0 45
t 88 120411 31 -26 17 35565 0 0 0 0 0 45
t 89 120467 31 -26 17 35565 0 0 0 0 0 45
t 90 120523 31 -26 17 35565 0 0 0 0 0 45
t 91 120579 31 -26 17 35565 0 0 0 0 0 45
thdr seq now flags x y h ox oy oh vl vr i2cf
t 92 120635 31 -26 17 35565 0 0 0 0 0 45
t 93 120691 31 -26 17 35565 0 0 0 0 0 45
