STATUS: status ready=1 active=0 connL=1 connR=1 otos=1 wedge=0 flags=31 i2cf=96 cyc=112593 tlm=full next=3 done=417 reason=stop
measured yaw->travel offset +3.49 deg

  A=  10.0 CCW  camera err   +2.26 deg   encoder total   +11.90  (err   +1.90)
  A=  10.0 CW   camera err   +0.83 deg   encoder total   -11.13  (err   -1.13)
  A=  15.0 CCW  camera err   +3.62 deg   encoder total   +18.27  (err   +3.27)
  A=  15.0 CW   camera err   -4.08 deg   encoder total   -17.35  (err   -2.35)
  A=  20.0 CCW  camera err   +3.32 deg   encoder total   +23.35  (err   +3.35)
  A=  20.0 CW   camera err   -2.17 deg   encoder total   -22.50  (err   -2.50)
  A=  25.0 CCW  camera err   +4.34 deg   encoder total   +29.28  (err   +4.28)
  A=  25.0 CW   camera err   -4.28 deg   encoder total   -27.75  (err   -2.75)
  A=  30.0 CCW  camera err   +2.03 deg   encoder total   +33.59  (err   +3.59)
  A=  30.0 CW   camera err   -4.26 deg   encoder total   -33.60  (err   -3.60)
  A=  35.0 CCW  camera err   +3.45 deg   encoder total   +38.86  (err   +3.86)
  A=  35.0 CW   camera err   -3.62 deg   encoder total   -38.44  (err   -3.44)
  A=  40.0 CCW  camera err   +4.23 deg   encoder total   +43.55  (err   +3.55)
  A=  40.0 CW   camera err   -2.06 deg   encoder total   -42.57  (err   -2.57)
  A=  45.0 CCW  camera err   +1.41 deg   encoder total   +47.68  (err   +2.68)
  A=  45.0 CW   camera err   -2.67 deg   encoder total   -47.43  (err   -2.43)
  A=  50.0 CCW  camera err   +0.71 deg   encoder total   +51.83  (err   +1.83)
  A=  50.0 CW   camera err   +0.27 deg   encoder total   -52.72  (err   -2.72)
  A=  55.0 CCW  camera err   -1.66 deg   encoder total   +56.15  (err   +1.15)
  A=  55.0 CW   camera err   +2.46 deg   encoder total   -57.54  (err   -2.54)
  A=  60.0 CCW  camera err   -0.70 deg   encoder total   +60.26  (err   +0.26)
  A=  60.0 CW   camera err   +0.18 deg   encoder total   -62.29  (err   -2.29)
  A=  65.0 CCW  camera err   -1.23 deg   encoder total   +65.28  (err   +0.28)
  A=  65.0 CW   camera err   -0.26 deg   encoder total   -67.25  (err   -2.25)
  A=  70.0 CCW  camera err   -1.13 deg   encoder total   +70.17  (err   +0.17)
  A=  70.0 CW   camera err   +1.76 deg   encoder total   -71.54  (err   -1.54)
  A=  75.0 CCW  camera err   -3.15 deg   encoder total   +75.15  (err   +0.15)
  A=  75.0 CW   camera err   +3.49 deg   encoder total   -76.32  (err   -1.32)
  A=  80.0 CCW  camera err   -5.57 deg   encoder total   +80.48  (err   +0.48)
  A=  80.0 CW   camera err   +1.22 deg   encoder total   -81.17  (err   -1.17)
  A=  85.0 CCW  camera err   -4.56 deg   encoder total   +84.95  (err   -0.05)
  A=  85.0 CW   camera err   +3.64 deg   encoder total   -86.03  (err   -1.03)
  A=  90.0 CCW  camera err   +1.79 deg   encoder total   +90.76  (err   +0.76)
  A=  90.0 CW   camera err   -1.27 deg   encoder total   -90.56  (err   -0.56)
  A= 100.0 CCW  camera err   -0.94 deg   encoder total  +100.61  (err   +0.61)
  A= 100.0 CW   camera err   +4.72 deg   encoder total  -100.27  (err   -0.27)
  A= 110.0 CCW  camera err   -2.40 deg   encoder total  +110.93  (err   +0.93)
  A= 110.0 CW   camera err   +1.77 deg   encoder total  -110.83  (err   -0.83)
  A= 120.0 CCW  camera err   -1.91 deg   encoder total  +120.25  (err   +0.25)
  A= 120.0 CW   camera err   -1.58 deg   encoder total  -120.35  (err   -0.35)
  A= 130.0 CCW  camera err   -2.23 deg   encoder total  +130.25  (err   +0.25)
  A= 130.0 CW   camera err   -0.52 deg   encoder total  -130.79  (err   -0.79)
  A= 140.0 CCW  camera err   -0.48 deg   encoder total  +140.52  (err   +0.52)
  A= 140.0 CW   camera err   +1.52 deg   encoder total  -140.71  (err   -0.71)
  A= 150.0 CCW  camera err   -3.90 deg   encoder total  +150.35  (err   +0.35)
  A= 150.0 CW   camera err   +3.32 deg   encoder total  -150.70  (err   -0.70)
  A= 160.0 CCW  camera err   -1.63 deg   encoder total  +160.18  (err   +0.18)
  A= 160.0 CW   camera err   +2.49 deg   encoder total  -160.44  (err   -0.44)
  A= 170.0 CCW  camera err   -2.98 deg   encoder total  +170.59  (err   +0.59)
  A= 170.0 CW   camera err   +2.07 deg   encoder total  -170.69  (err   -0.69)
  A= 180.0 CCW  camera err   -5.13 deg   encoder total  +180.65  (err   +0.65)
  A= 180.0 CW   camera err   +4.67 deg   encoder total  -181.09  (err   -1.09)
  A= 210.0 CCW  camera err   -4.42 deg   encoder total  +210.68  (err   +0.68)
  A= 210.0 CW   camera err   +6.49 deg   encoder total  -210.93  (err   -0.93)
  A= 240.0 CCW  camera err   -8.01 deg   encoder total  +240.53  (err   +0.53)
  A= 240.0 CW   camera err   +3.19 deg   encoder total  -241.01  (err   -1.01)
  A= 270.0 CCW  camera err   -3.56 deg   encoder total  +270.35  (err   +0.35)
  A= 270.0 CW   camera err   +7.13 deg   encoder total  -270.85  (err   -0.85)
  A= 300.0 CCW  camera err   -5.09 deg   encoder total  +300.79  (err   +0.79)
  A= 300.0 CW   camera err   +2.91 deg   encoder total  -301.05  (err   -1.05)
  A= 330.0 CCW  camera err   -6.44 deg   encoder total  +330.32  (err   +0.32)
  A= 330.0 CW   camera err   +6.84 deg   encoder total  -330.96  (err   -0.96)
  A= 360.0 CCW  camera err   -8.25 deg   encoder total  +360.65  (err   +0.65)
  A= 360.0 CW   camera err   +5.50 deg   encoder total  -361.10  (err   -1.10)
  A= 390.0 CCW  camera err   -8.05 deg   encoder total  +390.44  (err   +0.44)
  A= 390.0 CW   camera err   +7.30 deg   encoder total  -390.85  (err   -0.85)
  A= 420.0 CCW  camera err   -8.25 deg   encoder total  +420.29  (err   +0.29)
  A= 420.0 CW   camera err   +9.17 deg   encoder total  -420.57  (err   -0.57)
  A= 450.0 CCW  camera err   -8.86 deg   encoder total  +449.98  (err   -0.02)
  A= 450.0 CW   camera err   +7.94 deg   encoder total  -450.64  (err   -0.64)
  A= 480.0 CCW  camera err   -9.58 deg   encoder total  +480.27  (err   +0.27)
  A= 480.0 CW   camera err   +6.26 deg   encoder total  -481.28  (err   -1.28)
  A= 510.0 CCW  camera err  -11.22 deg   encoder total  +510.19  (err   +0.19)
  A= 510.0 CW   camera err  +11.28 deg   encoder total  -510.34  (err   -0.34)
  A= 540.0 CCW  camera err   -9.53 deg   encoder total  +540.50  (err   +0.50)
A=540.0 -1: lost fix after turn
A=570.0 1: no fix, skipping
A=570.0 -1: no fix, skipping
A=600.0 1: no fix, skipping
A=600.0 -1: no fix, skipping
A=630.0 1: no fix, skipping
A=630.0 -1: no fix, skipping
A=660.0 1: no fix, skipping
A=660.0 -1: no fix, skipping
A=690.0 1: no fix, skipping
A=690.0 -1: no fix, skipping
A=720.0 1: no fix, skipping
A=720.0 -1: no fix, skipping

wrote turn_sweep.csv
