device NEZHA2 robot tovez 2314287040
ack 1 6 timeout
status ready=1 active=0 connL=1 connR=1 otos=1 wedge=0 flags=31 i2cf=47 cyc=3528 tlm=off next=2 done=6 reason=timeout
ack 2 6 timeout
ESTOP:cleared
ack 3 6 timeout
t 88 596693 31 -47 173 19242 679 372 -3144 0 0 47 3528 254 5058 0 0 0 2 0
t 89 596749 31 -47 173 19242 684 383 -1800 0 0 47 3528 254 5058 0 0 0 2 0
t 90 596805 31 -47 173 19242 684 383 -1800 0 0 47 3528 254 5058 0 0 0 2 0
t 91 596861 31 -47 173 19242 686 395 -455 0 0 47 3528 254 5058 0 0 0 2 0
t 92 596917 31 -47 173 19242 686 395 -455 0 0 47 3528 254 5058 0 0 0 2 0
t 93 596973 31 -47 173 19242 686 408 890 0 0 47 3528 254 5058 0 0 0 2 0
t 94 597029 31 -47 173 19242 686 408 890 0 0 47 3528 254 5058 0 0 0 2 0
t 95 597085 31 -47 173 19242 682 419 2207 0 0 47 3528 254 5058 0 0 0 2 0
t 96 597141 31 -47 173 19242 682 419 2207 0 0 47 3528 254 5058 0 0 0 2 0
t 97 597197 31 -47 173 19242 676 430 3551 0 0 47 3528 254 5058 0 0 0 2 0
t 98 597253 31 -47 173 19242 676 430 3551 0 0 47 3528 254 5058 0 0 0 2 0
t 99 597309 31 -47 173 19242 668 439 4897 0 0 47 3528 254 5058 0 0 0 2 0
t 100 597365 31 -47 173 19242 668 439 4897 0 0 47 3528 254 5058 0 0 0 2 0
t 101 597421 31 -47 173 19242 657 446 6242 0 0 47 3528 254 5058 0 0 0 2 0
t 102 597477 31 -47 173 19242 657 446 6242 0 0 47 3528 254 5058 0 0 0 2 0
t 103 597533 31 -47 173 19242 646 450 7558 0 0 47 3528 254 5058 0 0 0 2 0
t 104 597589 31 -47 173 19242 646 450 7558 0 0 47 3528 254 5058 0 0 0 2 0
thdr seq now flags x y h ox oy oh vl vr i2cf cyc posl posr dutl dutr lexc wrng cycovr
t 105 597645 31 -47 173 19242 634 451 8903 0 0 47 3528 254 5058 0 0 0 2 0
t 106 597697 31 -47 173 19242 634 451 8903 0 0 47 3528 254 5058 0 0 0 2 0
t 107 597753 31 -47 173 19242 621 450 10249 0 0 47 3528 254 5058 0 0 0 2 0
t 108 597809 31 -47 173 19242 621 450 10249 0 0 47 3528 254 5058 0 0 0 2 0
t 109 597865 31 -47 173 19242 610 445 11594 0 0 47 3528 254 5058 0 0 0 2 0
t 110 597921 31 -47 173 19242 610 445 11594 0 0 47 3528 254 5058 0 0 0 2 0
t 111 597977 31 -47 173 19242 600 439 12910 0 0 47 3528 254 5058 0 0 0 2 0
t 112 598033 31 -47 173 19242 600 439 12910 0 0 47 3528 254 5058 0 0 0 2 0
t 113 598089 31 -47 173 19242 600 439 12910 0 0 47 3528 254 5058 0 0 0 2 0
t 114 598145 31 -47 173 19242 591 429 14284 0 0 47 3528 254 5058 0 0 0 2 0
t 115 598201 31 -47 173 19242 591 429 14284 0 0 47 3528 254 5058 0 0 0 2 0
t 116 598257 31 -47 173 19242 585 419 15600 0 0 47 3528 254 5058 0 0 0 2 0
t 117 598313 31 -47 173 19242 585 419 15600 0 0 47 3528 254 5058 0 0 0 2 0
t 118 598369 31 -47 173 19242 582 407 16945 0 0 47 3528 254 5058 0 0 0 2 0
t 119 598425 31 -47 173 19242 582 407 16945 0 0 47 3528 254 5058 0 0 0 2 0
t 120 598481 31 -47 173 19242 581 394 -17689 0 0 47 3528 254 5058 0 0 0 2 0
t 121 598537 31 -47 173 19242 581 394 -17689 0 0 47 3528 254 5058 0 0 0 2 0
t 122 598593 31 -47 173 19242 584 383 -16372 0 0 47 3528 254 5058 0 0 0 2 0
t 123 598649 31 -47 173 19242 584 383 -16372 0 0 47 3528 254 5058 0 0 0 2 0
thdr seq now flags x y h ox oy oh vl vr i2cf cyc posl posr dutl dutr lexc wrng cycovr
t 124 598705 31 -47 173 19242 589 371 -15027 0 0 47 3528 254 5058 0 0 0 2 0
t 125 598757 31 -47 173 19242 589 371 -15027 0 0 47 3528 254 5058 0 0 0 2 0
t 126 598813 31 -47 173 19242 596 362 -13682 0 0 47 3528 254 5058 0 0 0 2 0
t 127 598869 31 -47 173 19242 596 362 -13682 0 0 47 3528 254 5058 0 0 0 2 0
t 0 598925 31 -47 173 19242 606 354 -12338 0 0 47 3528 254 5058 0 0 0 2 0
t 1 598981 31 -47 173 19242 606 354 -12338 0 0 47 3528 254 5058 0 0 0 2 0
>>> MOVE_X 200 0 150 6000 #4
t 2 599037 31 -47 173 19242 617 349 -11021 0 0 47 3528 254 5058 0 0 0 2 0
ack 4 6 timeout
t 3 599089 31 -47 173 19242 617 349 -11021 0 0 47 3529 254 5058 0 0 0 2 0
t 4 599161 31 -48 173 19317 629 346 -9676 5 56 48 3532 257 5080 1200 1300 0 2 0
t 5 599233 31 -53 172 19437 629 346 -9676 72 89 48 3535 299 5152 2000 1800 0 2 0
status ready=1 active=1 connL=1 connR=1 otos=1 wedge=0 flags=31 i2cf=48 cyc=3536 tlm=full next=5 done=6 reason=timeout
t 6 599305 31 -61 169 19497 641 340 -8254 144 154 48 3538 404 5272 2500 2300 0 2 0
t 7 599377 31 -73 166 19509 658 325 -6887 181 184 48 3541 554 5425 2500 2200 0 2 0
status ready=1 active=1 connL=1 connR=1 otos=1 wedge=0 flags=31 i2cf=48 cyc=3542 tlm=full next=5 done=6 reason=timeout
t 8 599449 31 -85 163 19537 658 325 -6887 164 181 48 3544 713 5591 2300 2000 0 2 0
t 9 599521 31 -97 160 19549 678 313 -5503 154 154 49 3547 871 5752 2300 1600 0 2 0
t 10 599593 31 -109 157 19541 678 313 -5503 164 157 49 3550 1021 5900 2300 1500 0 2 0
status ready=1 active=1 connL=1 connR=1 otos=1 wedge=0 flags=31 i2cf=49 cyc=3551 tlm=full next=5 done=6 reason=timeout
t 11 599665 31 -119 154 19473 699 307 -4200 145 134 49 3553 1165 6027 2200 1500 0 2 0
t 12 599737 31 -129 151 19373 719 306 -3002 154 118 49 3556 1310 6147 2200 1500 0 2 0
t 13 599809 31 -139 149 19329 719 306 -3002 148 138 49 3559 1449 6275 2200 1700 0 2 0
status ready=1 active=1 connL=1 connR=1 otos=1 wedge=0 flags=31 i2cf=49 cyc=3560 tlm=full next=5 done=6 reason=timeout
t 14 599881 31 -148 147 19126 739 310 -1732 148 144 50 3562 1588 6363 2100 1700 0 2 0
thdr seq now flags x y h ox oy oh vl vr i2cf cyc posl posr dutl dutr lexc wrng cycovr
t 15 599953 31 -160 144 19305 759 319 -383 138 148 50 3565 1727 6547 2100 1400 0 2 0
status ready=1 active=1 connL=1 connR=1 otos=1 wedge=0 flags=31 i2cf=50 cyc=3566 tlm=full next=5 done=6 reason=timeout
t 16 600025 31 -171 142 19274 759 319 -383 141 146 50 3568 1865 6677 2100 1500 0 2 0
t 17 600097 31 -181 140 19238 774 331 876 148 128 50 3571 1999 6802 2200 1500 0 2 0
t 18 600169 31 -191 137 19198 774 331 876 154 154 50 3574 2140 6933 2100 1600 0 2 0
status ready=1 active=1 connL=1 connR=1 otos=1 wedge=0 flags=31 i2cf=50 cyc=3575 tlm=full next=5 done=6 reason=timeout
t 19 600241 31 -201 135 19154 787 347 2150 144 157 50 3577 2279 7061 2000 1600 0 2 0
t 20 600313 31 -212 133 19174 797 365 3476 148 148 50 3580 2410 7197 1600 1200 0 2 0
status ready=1 active=1 connL=1 connR=1 otos=1 wedge=0 flags=31 i2cf=50 cyc=3581 tlm=full next=5 done=6 reason=timeout
t 21 600385 31 -220 131 19174 797 365 3476 108 108 50 3583 2515 7302 1200 800 0 2 0
t 22 600457 31 -226 130 19174 798 383 4880 72 72 50 3586 2593 7380 1000 600 0 2 0
t 23 600529 31 -230 129 19182 792 395 6215 56 53 50 3589 2649 7438 800 400 0 2 0
status ready=1 active=1 connL=1 connR=1 otos=1 wedge=0 flags=31 i2cf=50 cyc=3590 tlm=full next=5 done=6 reason=timeout
t 24 600601 31 -234 129 19198 792 395 6215 46 46 50 3592 2693 7486 1000 500 0 2 0
t 25 600706 31 -238 128 19182 782 405 7594 0 0 50 3598 2752 7541 0 0 0 2 0
status ready=1 active=0 connL=1 connR=1 otos=1 wedge=0 flags=31 i2cf=50 cyc=3599 tlm=full next=5 done=4 reason=stop
t 26 600757 31 -238 128 19182 782 405 7594 0 0 50 3599 2752 7541 0 0 0 2 0
t 27 600813 31 -238 128 19182 771 409 8927 0 0 50 3599 2752 7541 0 0 0 2 0
t 28 600869 31 -238 128 19182 771 409 8927 0 0 50 3599 2752 7541 0 0 0 2 0
status ready=1 active=0 connL=1 connR=1 otos=1 wedge=0 flags=31 i2cf=50 cyc=3599 tlm=full next=5 done=4 reason=stop
t 29 600925 31 -238 128 19182 759 407 10274 0 0 50 3599 2752 7541 0 0 0 2 0
t 30 600981 31 -238 128 19182 759 407 10274 0 0 50 3599 2752 7541 0 0 0 2 0
t 31 601037 31 -238 128 19182 747 403 11590 0 0 50 3599 2752 7541 0 0 0 2 0
status ready=1 active=0 connL=1 connR=1 otos=1 wedge=0 flags=31 i2cf=50 cyc=3599 tlm=full next=5 done=4 reason=stop
t 32 601093 31 -238 128 19182 747 403 11590 0 0 50 3599 2752 7541 0 0 0 2 0
t 33 601149 31 -238 128 19182 737 396 12935 0 0 50 3599 2752 7541 0 0 0 2 0
thdr seq now flags x y h ox oy oh vl vr i2cf cyc posl posr dutl dutr lexc wrng cycovr
t 34 601205 31 -238 128 19182 737 396 12935 0 0 50 3599 2752 7541 0 0 0 2 0
status ready=1 active=0 connL=1 connR=1 otos=1 wedge=0 flags=31 i2cf=50 cyc=3599 tlm=full next=5 done=4 reason=stop
t 35 601257 31 -238 128 19182 729 387 14279 0 0 50 3599 2752 7541 0 0 0 2 0
DBG:wifi state=0 ip=- peer=-:0 tcp=0/0 to=4 restarts=0 sent=0 rx=0 drop=0 mdns=0/0 cmd= reply=
t 36 601313 31 -238 128 19182 729 387 14279 0 0 50 3599 2752 7541 0 0 0 2 0
t 37 601369 31 -238 128 19182 723 376 15624 0 0 50 3599 2752 7541 0 0 0 2 0
status ready=1 active=0 connL=1 connR=1 otos=1 wedge=0 flags=31 i2cf=50 cyc=3599 tlm=full next=5 done=4 reason=stop
t 38 601425 31 -238 128 19182 723 376 15624 0 0 50 3599 2752 7541 0 0 0 2 0
t 39 601481 31 -238 128 19182 719 365 16940 0 0 50 3599 2752 7541 0 0 0 2 0
t 40 601537 31 -238 128 19182 719 365 16940 0 0 50 3599 2752 7541 0 0 0 2 0
t 41 601593 31 -238 128 19182 719 352 -17693 0 0 50 3599 2752 7541 0 0 0 2 0
t 42 601649 31 -238 128 19182 719 352 -17693 0 0 50 3599 2752 7541 0 0 0 2 0
t 43 601705 31 -238 128 19182 721 340 -16348 0 0 50 3599 2752 7541 0 0 0 2 0
t 44 601761 31 -238 128 19182 721 340 -16348 0 0 50 3599 2752 7541 0 0 0 2 0
t 45 601817 31 -238 128 19182 726 329 -15003 0 0 50 3599 2752 7541 0 0 0 2 0
t 46 601873 31 -238 128 19182 726 329 -15003 0 0 50 3599 2752 7541 0 0 0 2 0
t 47 601929 31 -238 128 19182 734 319 -13687 0 0 50 3599 2752 7541 0 0 0 2 0
t 48 601985 31 -238 128 19182 734 319 -13687 0 0 50 3599 2752 7541 0 0 0 2 0
t 49 602041 31 -238 128 19182 743 311 -12342 0 0 50 3599 2752 7541 0 0 0 2 0
t 50 602097 31 -238 128 19182 743 311 -12342 0 0 50 3599 2752 7541 0 0 0 2 0
t 51 602153 31 -238 128 19182 754 306 -10997 0 0 50 3599 2752 7541 0 0 0 2 0
t 52 602209 31 -238 128 19182 754 306 -10997 0 0 50 3599 2752 7541 0 0 0 2 0
thdr seq now flags x y h ox oy oh vl vr i2cf cyc posl posr dutl dutr lexc wrng cycovr
t 53 602265 31 -238 128 19182 754 306 -10997 0 0 50 3599 2752 7541 0 0 0 2 0
t 54 602317 31 -238 128 19182 767 304 -9623 0 0 50 3599 2752 7541 0 0 0 2 0
t 55 602373 31 -238 128 19182 767 304 -9623 0 0 50 3599 2752 7541 0 0 0 2 0
t 56 602429 31 -238 128 19182 779 304 -8278 0 0 50 3599 2752 7541 0 0 0 2 0
t 57 602485 31 -238 128 19182 779 304 -8278 0 0 50 3599 2752 7541 0 0 0 2 0
t 58 602541 31 -238 128 19182 791 307 -6933 0 0 50 3599 2752 7541 0 0 0 2 0
t 59 602597 31 -238 128 19182 791 307 -6933 0 0 50 3599 2752 7541 0 0 0 2 0
t 60 602653 31 -238 128 19182 802 313 -5588 0 0 50 3599 2752 7541 0 0 0 2 0
t 61 602709 31 -238 128 19182 802 313 -5588 0 0 50 3599 2752 7541 0 0 0 2 0
t 62 602765 31 -238 128 19182 811 321 -4272 0 0 50 3599 2752 7541 0 0 0 2 0
t 63 602821 31 -238 128 19182 811 321 -4272 0 0 50 3599 2752 7541 0 0 0 2 0
t 64 602877 31 -238 128 19182 818 331 -2927 0 0 50 3599 2752 7541 0 0 0 2 0
t 65 602933 31 -238 128 19182 818 331 -2927 0 0 50 3599 2752 7541 0 0 0 2 0
t 66 602989 31 -238 128 19182 822 343 -1582 0 0 50 3599 2752 7541 0 0 0 2 0
t 67 603045 31 -238 128 19182 822 343 -1582 0 0 50 3599 2752 7541 0 0 0 2 0
t 68 603101 31 -238 128 19182 824 355 -237 0 0 50 3599 2752 7541 0 0 0 2 0
t 69 603157 31 -238 128 19182 824 355 -237 0 0 50 3599 2752 7541 0 0 0 2 0
t 70 603213 31 -238 128 19182 823 367 1078 0 0 50 3599 2752 7541 0 0 0 2 0
t 71 603269 31 -238 128 19182 823 367 1078 0 0 50 3599 2752 7541 0 0 0 2 0
thdr seq now flags x y h ox oy oh vl vr i2cf cyc posl posr dutl dutr lexc wrng cycovr
t 72 603325 31 -238 128 19182 819 379 2423 0 0 50 3599 2752 7541 0 0 0 2 0
t 73 603377 31 -238 128 19182 819 379 2423 0 0 50 3599 2752 7541 0 0 0 2 0
t 74 603433 31 -238 128 19182 812 389 3768 0 0 50 3599 2752 7541 0 0 0 2 0
t 75 603489 31 -238 128 19182 812 389 3768 0 0 50 3599 2752 7541 0 0 0 2 0
t 76 603545 31 -238 128 19182 812 389 3768 0 0 50 3599 2752 7541 0 0 0 2 0
t 77 603601 31 -238 128 19182 803 398 5113 0 0 50 3599 2752 7541 0 0 0 2 0
t 78 603657 31 -238 128 19182 803 398 5113 0 0 50 3599 2752 7541 0 0 0 2 0
t 79 603713 31 -238 128 19182 793 404 6429 0 0 50 3599 2752 7541 0 0 0 2 0
t 80 603769 31 -238 128 19182 793 404 6429 0 0 50 3599 2752 7541 0 0 0 2 0
t 81 603825 31 -238 128 19182 781 408 7774 0 0 50 3599 2752 7541 0 0 0 2 0
t 82 603881 31 -238 128 19182 781 408 7774 0 0 50 3599 2752 7541 0 0 0 2 0
t 83 603937 31 -238 128 19182 769 409 9118 0 0 50 3599 2752 7541 0 0 0 2 0
t 84 603993 31 -238 128 19182 769 409 9118 0 0 50 3599 2752 7541 0 0 0 2 0
t 85 604049 31 -238 128 19182 757 407 10463 0 0 50 3599 2752 7541 0 0 0 2 0
t 86 604105 31 -238 128 19182 757 407 10463 0 0 50 3599 2752 7541 0 0 0 2 0
t 87 604161 31 -238 128 19182 746 402 11779 0 0 50 3599 2752 7541 0 0 0 2 0
t 88 604217 31 -238 128 19182 746 402 11779 0 0 50 3599 2752 7541 0 0 0 2 0
t 89 604273 31 -238 128 19182 736 395 13124 0 0 50 3599 2752 7541 0 0 0 2 0
t 90 604329 31 -238 128 19182 736 395 13124 0 0 50 3599 2752 7541 0 0 0 2 0
thdr seq now flags x y h ox oy oh vl vr i2cf cyc posl posr dutl dutr lexc wrng cycovr
t 91 604385 31 -238 128 19182 728 386 14469 0 0 50 3599 2752 7541 0 0 0 2 0
t 92 604437 31 -238 128 19182 728 386 14469 0 0 50 3599 2752 7541 0 0 0 2 0
t 93 604493 31 -238 128 19182 722 375 15814 0 0 50 3599 2752 7541 0 0 0 2 0
t 94 604549 31 -238 128 19182 722 375 15814 0 0 50 3599 2752 7541 0 0 0 2 0
t 95 604605 31 -238 128 19182 719 363 17130 0 0 50 3599 2752 7541 0 0 0 2 0
t 96 604661 31 -238 128 19182 719 363 17130 0 0 50 3599 2752 7541 0 0 0 2 0
t 97 604717 31 -238 128 19182 719 350 -17503 0 0 50 3599 2752 7541 0 0 0 2 0
t 98 604773 31 -238 128 19182 719 350 -17503 0 0 50 3599 2752 7541 0 0 0 2 0
t 99 604829 31 -238 128 19182 722 338 -16158 0 0 50 3599 2752 7541 0 0 0 2 0
t 100 604885 31 -238 128 19182 722 338 -16158 0 0 50 3599 2752 7541 0 0 0 2 0
t 101 604941 31 -238 128 19182 727 327 -14813 0 0 50 3599 2752 7541 0 0 0 2 0
t 102 604997 31 -238 128 19182 727 327 -14813 0 0 50 3599 2752 7541 0 0 0 2 0
t 103 605053 31 -238 128 19182 727 327 -14813 0 0 50 3599 2752 7541 0 0 0 2 0
t 104 605109 31 -238 128 19182 735 318 -13469 0 0 50 3599 2752 7541 0 0 0 2 0
t 105 605165 31 -238 128 19182 735 318 -13469 0 0 50 3599 2752 7541 0 0 0 2 0
t 106 605221 31 -238 128 19182 745 310 -12152 0 0 50 3599 2752 7541 0 0 0 2 0
>>> MOVE_X -200 0 150 6000 #5
t 107 605277 31 -238 128 19182 745 310 -12152 0 0 50 3599 2752 7541 0 0 0 2 0
ack 5 4 stop
t 108 605345 31 -238 128 19182 756 306 -10807 0 0 50 3601 2752 7541 -800 -800 0 2 0
t 109 605417 31 -236 128 19106 768 304 -9477 -18 -56 51 3604 2738 7508 -1400 -1500 0 2 0
thdr seq now flags x y h ox oy oh vl vr i2cf cyc posl posr dutl dutr lexc wrng cycovr
t 110 605489 31 -231 129 18950 768 304 -9477 -72 -118 51 3607 2688 7419 -2300 -2100 0 2 0
status ready=1 active=1 connL=1 connR=1 otos=1 wedge=0 flags=31 i2cf=51 cyc=3608 tlm=full next=6 done=4 reason=stop
t 111 605561 31 -221 130 18798 780 314 -8348 -133 -172 51 3610 2582 7275 -2500 -2400 0 2 0
t 112 605633 31 -209 132 18675 780 314 -8348 -164 -190 51 3613 2443 7105 -2500 -2100 0 2 0
status ready=1 active=1 connL=1 connR=1 otos=1 wedge=0 flags=31 i2cf=51 cyc=3614 tlm=full next=6 done=4 reason=stop
t 113 605705 31 -196 134 18631 788 336 -7195 -184 -200 51 3616 2282 6933 -2500 -1800 0 2 0
t 114 605777 31 -184 135 18627 791 359 -5918 -171 -164 51 3619 2127 6777 -2500 -1600 0 2 0
t 115 605849 31 -172 136 18695 791 359 -5918 -164 -158 51 3622 1971 6638 -2400 -1500 0 2 0
status ready=1 active=1 connL=1 connR=1 otos=1 wedge=0 flags=31 i2cf=51 cyc=3623 tlm=full next=6 done=4 reason=stop
t 116 605921 31 -162 138 18775 790 382 -4495 -164 -144 51 3625 1821 6508 -2400 -1500 0 2 0
t 117 605993 31 -151 139 18874 784 404 -3004 -154 -138 51 3628 1668 6380 -2300 -1500 0 2 0
status ready=1 active=1 connL=1 connR=1 otos=1 wedge=0 flags=31 i2cf=51 cyc=3629 tlm=full next=6 done=4 reason=stop
t 118 606065 31 -140 141 18930 784 404 -3004 -164 -144 51 3631 1521 6247 -2200 -1600 0 2 0
t 119 606137 31 -129 143 18994 773 423 -1561 -164 -145 51 3634 1377 6119 -2200 -1500 0 2 0
t 120 606209 31 -119 145 19018 773 423 -1561 -164 -144 51 3637 1238 5986 -2200 -1600 0 2 0
status ready=1 active=1 connL=1 connR=1 otos=1 wedge=0 flags=31 i2cf=51 cyc=3638 tlm=full next=6 done=4 reason=stop
t 121 606281 31 -108 147 19062 757 438 -143 -164 -148 51 3640 1093 5852 -2200 -1700 0 2 0
t 122 606353 31 -97 149 19098 739 450 1251 -164 -135 51 3643 954 5722 -2100 -1700 0 2 0
t 123 606425 31 -87 151 19130 739 450 1251 -148 -138 51 3646 815 5591 -2100 -1700 0 2 0
status ready=1 active=1 connL=1 connR=1 otos=1 wedge=0 flags=31 i2cf=51 cyc=3647 tlm=full next=6 done=4 reason=stop
t 124 606497 31 -76 153 19138 718 456 2663 -155 -148 51 3649 674 5452 -1900 -1400 0 2 0
t 125 606569 31 -67 155 19154 698 458 3995 -128 -128 51 3652 554 5336 -1400 -1000 0 2 0
t 126 606641 31 -60 156 19198 698 458 3995 -111 -82 51 3655 454 5247 -1100 -800 0 2 0
status ready=1 active=1 connL=1 connR=1 otos=1 wedge=0 flags=31 i2cf=51 cyc=3656 tlm=full next=6 done=4 reason=stop
t 127 606713 31 -55 157 19206 681 460 5357 -53 -56 51 3658 388 5183 -700 -500 0 2 0
t 0 606785 31 -51 158 19186 681 460 5357 -46 -56 51 3661 343 5133 -900 -500 0 2 0
status ready=1 active=1 connL=1 connR=1 otos=1 wedge=0 flags=31 i2cf=51 cyc=3662 tlm=full next=6 done=4 reason=stop
thdr seq now flags x y h ox oy oh vl vr i2cf cyc posl posr dutl dutr lexc wrng cycovr
t 1 606915 31 -46 159 19170 654 459 8006 0 0 51 3668 277 5063 0 0 0 2 0
t 2 606969 31 -46 159 19170 654 459 8006 0 0 51 3670 277 5063 0 0 0 2 0
status ready=1 active=0 connL=1 connR=1 otos=1 wedge=0 flags=31 i2cf=51 cyc=3671 tlm=full next=6 done=5 reason=stop
t 3 607025 31 -46 159 19170 654 459 8006 0 0 51 3671 277 5063 0 0 0 2 0
t 4 607081 31 -46 159 19170 642 459 9301 0 0 51 3671 277 5063 0 0 0 2 0
t 5 607137 31 -46 159 19170 642 459 9301 0 0 51 3671 277 5063 0 0 0 2 0
status ready=1 active=0 connL=1 connR=1 otos=1 wedge=0 flags=31 i2cf=51 cyc=3671 tlm=full next=6 done=5 reason=stop
t 6 607193 31 -46 159 19170 629 457 10646 0 0 51 3671 277 5063 0 0 0 2 0
t 7 607249 31 -46 159 19170 629 457 10646 0 0 51 3671 277 5063 0 0 0 2 0
t 8 607305 31 -46 159 19170 618 452 11991 0 0 51 3671 277 5063 0 0 0 2 0
status ready=1 active=0 connL=1 connR=1 otos=1 wedge=0 flags=31 i2cf=51 cyc=3671 tlm=full next=6 done=5 reason=stop
t 9 607361 31 -46 159 19170 618 452 11991 0 0 51 3671 277 5063 0 0 0 2 0
t 10 607417 31 -46 159 19170 609 444 13307 0 0 51 3671 277 5063 0 0 0 2 0
t 11 607473 31 -46 159 19170 609 444 13307 0 0 51 3671 277 5063 0 0 0 2 0
status ready=1 active=0 connL=1 connR=1 otos=1 wedge=0 flags=31 i2cf=51 cyc=3671 tlm=full next=6 done=5 reason=stop
t 12 607529 31 -46 159 19170 601 435 14652 0 0 51 3671 277 5063 0 0 0 2 0
t 13 607585 31 -46 159 19170 601 435 14652 0 0 51 3671 277 5063 0 0 0 2 0
t 14 607641 31 -46 159 19170 596 423 15997 0 0 51 3671 277 5063 0 0 0 2 0
t 15 607697 31 -46 159 19170 596 423 15997 0 0 51 3671 277 5063 0 0 0 2 0
t 16 607753 31 -46 159 19170 593 411 17342 0 0 51 3671 277 5063 0 0 0 2 0
t 17 607809 31 -46 159 19170 593 411 17342 0 0 51 3671 277 5063 0 0 0 2 0
t 18 607865 31 -46 159 19170 594 399 -17320 0 0 51 3671 277 5063 0 0 0 2 0
t 19 607921 31 -46 159 19170 594 399 -17320 0 0 51 3671 277 5063 0 0 0 2 0
thdr seq now flags x y h ox oy oh vl vr i2cf cyc posl posr dutl dutr lexc wrng cycovr
t 20 607977 31 -46 159 19170 597 387 -15975 0 0 51 3671 277 5063 0 0 0 2 0
t 21 608029 31 -46 159 19170 597 387 -15975 0 0 51 3671 277 5063 0 0 0 2 0
t 22 608085 31 -46 159 19170 603 376 -14631 0 0 51 3671 277 5063 0 0 0 2 0
t 23 608141 31 -46 159 19170 603 376 -14631 0 0 51 3671 277 5063 0 0 0 2 0
t 24 608197 31 -46 159 19170 611 367 -13286 0 0 51 3671 277 5063 0 0 0 2 0
t 25 608253 31 -46 159 19170 611 367 -13286 0 0 51 3671 277 5063 0 0 0 2 0
t 26 608309 31 -46 159 19170 621 360 -11969 0 0 51 3671 277 5063 0 0 0 2 0
t 27 608365 31 -46 159 19170 621 360 -11969 0 0 51 3671 277 5063 0 0 0 2 0
t 28 608421 31 -46 159 19170 621 360 -11969 0 0 51 3671 277 5063 0 0 0 2 0
t 29 608477 31 -46 159 19170 633 355 -10596 0 0 51 3671 277 5063 0 0 0 2 0
t 30 608533 31 -46 159 19170 633 355 -10596 0 0 51 3671 277 5063 0 0 0 2 0
t 31 608589 31 -46 159 19170 644 354 -9280 0 0 51 3671 277 5063 0 0 0 2 0
t 32 608645 31 -46 159 19170 644 354 -9280 0 0 51 3671 277 5063 0 0 0 2 0
t 33 608701 31 -46 159 19170 657 355 -7935 0 0 51 3671 277 5063 0 0 0 2 0
t 34 608757 31 -46 159 19170 657 355 -7935 0 0 51 3671 277 5063 0 0 0 2 0
t 35 608813 31 -46 159 19170 668 359 -6619 0 0 51 3671 277 5063 0 0 0 2 0
t 36 608869 31 -46 159 19170 668 359 -6619 0 0 51 3671 277 5063 0 0 0 2 0
t 37 608925 31 -46 159 19170 679 365 -5274 0 0 51 3671 277 5063 0 0 0 2 0
t 38 608981 31 -46 159 19170 679 365 -5274 0 0 51 3671 277 5063 0 0 0 2 0
thdr seq now flags x y h ox oy oh vl vr i2cf cyc posl posr dutl dutr lexc wrng cycovr
t 39 609037 31 -46 159 19170 687 374 -3929 0 0 51 3671 277 5063 0 0 0 2 0
t 40 609089 31 -46 159 19170 687 374 -3929 0 0 51 3671 277 5063 0 0 0 2 0
t 41 609145 31 -46 159 19170 694 385 -2584 0 0 51 3671 277 5063 0 0 0 2 0
t 42 609201 31 -46 159 19170 694 385 -2584 0 0 51 3671 277 5063 0 0 0 2 0
t 43 609257 31 -46 159 19170 698 396 -1239 0 0 51 3671 277 5063 0 0 0 2 0
t 44 609313 31 -46 159 19170 698 396 -1239 0 0 51 3671 277 5063 0 0 0 2 0
t 45 609369 31 -46 159 19170 699 408 77 0 0 51 3671 277 5063 0 0 0 2 0
t 46 609425 31 -46 159 19170 699 408 77 0 0 51 3671 277 5063 0 0 0 2 0
t 47 609481 31 -46 159 19170 697 421 1421 0 0 51 3671 277 5063 0 0 0 2 0
t 48 609537 31 -46 159 19170 697 421 1421 0 0 51 3671 277 5063 0 0 0 2 0
t 49 609593 31 -46 159 19170 692 432 2766 0 0 51 3671 277 5063 0 0 0 2 0
t 50 609649 31 -46 159 19170 692 432 2766 0 0 51 3671 277 5063 0 0 0 2 0
t 51 609705 31 -46 159 19170 685 442 4111 0 0 51 3671 277 5063 0 0 0 2 0
t 52 609761 31 -46 159 19170 685 442 4111 0 0 51 3671 277 5063 0 0 0 2 0
t 53 609817 31 -46 159 19170 676 450 5427 0 0 51 3671 277 5063 0 0 0 2 0
t 54 609873 31 -46 159 19170 676 450 5427 0 0 51 3671 277 5063 0 0 0 2 0
t 55 609929 31 -46 159 19170 676 450 5427 0 0 51 3671 277 5063 0 0 0 2 0
t 56 609985 31 -46 159 19170 664 456 6801 0 0 51 3671 277 5063 0 0 0 2 0
t 57 610041 31 -46 159 19170 664 456 6801 0 0 51 3671 277 5063 0 0 0 2 0
thdr seq now flags x y h ox oy oh vl vr i2cf cyc posl posr dutl dutr lexc wrng cycovr
t 58 610097 31 -46 159 19170 653 459 8117 0 0 51 3671 277 5063 0 0 0 2 0
t 59 610149 31 -46 159 19170 653 459 8117 0 0 51 3671 277 5063 0 0 0 2 0
t 60 610205 31 -46 159 19170 640 459 9462 0 0 51 3671 277 5063 0 0 0 2 0
t 61 610261 31 -46 159 19170 640 459 9462 0 0 51 3671 277 5063 0 0 0 2 0
t 62 610317 31 -46 159 19170 629 456 10779 0 0 51 3671 277 5063 0 0 0 2 0
t 63 610373 31 -46 159 19170 629 456 10779 0 0 51 3671 277 5063 0 0 0 2 0
t 64 610429 31 -46 159 19170 617 451 12123 0 0 51 3671 277 5063 0 0 0 2 0
t 65 610485 31 -46 159 19170 617 451 12123 0 0 51 3671 277 5063 0 0 0 2 0
t 66 610541 31 -46 159 19170 608 443 13468 0 0 51 3671 277 5063 0 0 0 2 0
t 67 610597 31 -46 159 19170 608 443 13468 0 0 51 3671 277 5063 0 0 0 2 0
t 68 610653 31 -46 159 19170 600 433 14813 0 0 51 3671 277 5063 0 0 0 2 0
t 69 610709 31 -46 159 19170 600 433 14813 0 0 51 3671 277 5063 0 0 0 2 0
t 70 610765 31 -46 159 19170 596 422 16129 0 0 51 3671 277 5063 0 0 0 2 0
t 71 610821 31 -46 159 19170 596 422 16129 0 0 51 3671 277 5063 0 0 0 2 0
t 72 610877 31 -46 159 19170 593 410 17474 0 0 51 3671 277 5063 0 0 0 2 0
t 73 610933 31 -46 159 19170 593 410 17474 0 0 51 3671 277 5063 0 0 0 2 0
t 74 610989 31 -46 159 19170 594 398 -17160 0 0 51 3671 277 5063 0 0 0 2 0
>>> MOVE_X 200 0 150 6000 #6
t 75 611045 31 -46 159 19170 594 398 -17160 0 0 51 3671 277 5063 0 0 0 2 0
ack 6 5 stop
t 76 611097 31 -46 159 19170 597 386 -15815 0 0 51 3672 277 5063 0 0 0 2 0
thdr seq now flags x y h ox oy oh vl vr i2cf cyc posl posr dutl dutr lexc wrng cycovr
t 77 611169 31 -47 159 19230 597 386 -15815 8 56 52 3675 282 5083 1200 1400 0 2 0
t 78 611241 31 -51 158 19317 601 374 -14435 65 104 52 3678 327 5150 1900 1900 0 2 0
status ready=1 active=1 connL=1 connR=1 otos=1 wedge=0 flags=31 i2cf=52 cyc=3679 tlm=full next=7 done=5 reason=stop
DBG:wifi state=0 ip=- peer=-:0 tcp=0/0 to=4 restarts=0 sent=0 rx=0 drop=0 mdns=0/0 cmd= reply=
t 79 611291 31 -56 157 19353 601 374 -14435 128 121 52 3680 393 5225 2300 2200 0 2 0
t 80 611361 31 -67 154 19449 600 356 -13009 149 172 52 3683 521 5377 2500 2300 0 2 0
t 81 611433 31 -80 151 19481 600 356 -13009 184 171 52 3686 688 5552 2400 2000 0 2 0
status ready=1 active=1 connL=1 connR=1 otos=1 wedge=0 flags=31 i2cf=52 cyc=3687 tlm=full next=7 done=5 reason=stop
t 82 611505 31 -92 147 19529 599 332 -11565 174 190 52 3689 843 5719 2300 1800 0 2 0
t 83 611577 31 -104 144 19461 603 309 -10250 181 164 52 3692 1004 5863 2200 1800 0 2 0
status ready=1 active=1 connL=1 connR=1 otos=1 wedge=0 flags=31 i2cf=52 cyc=3694 tlm=full next=7 done=5 reason=stop
t 84 611649 31 -115 141 19461 603 309 -10250 148 148 52 3695 1149 6008 2200 1600 0 2 0
t 85 611721 31 -126 139 19417 613 290 -8975 154 154 52 3698 1296 6144 2100 1600 0 2 0
t 86 611793 31 -136 136 19373 626 275 -7699 164 138 52 3701 1438 6275 2100 1600 0 2 0
status ready=1 active=1 connL=1 connR=1 otos=1 wedge=0 flags=31 i2cf=52 cyc=3702 tlm=full next=7 done=5 reason=stop
t 87 611865 31 -147 133 19329 626 275 -7699 154 128 52 3704 1582 6408 2100 1600 0 2 0
t 88 611937 31 -157 131 19353 643 263 -6374 144 164 52 3707 1715 6547 2100 1600 0 2 0
status ready=1 active=1 connL=1 connR=1 otos=1 wedge=0 flags=31 i2cf=52 cyc=3708 tlm=full next=7 done=5 reason=stop
t 89 612009 31 -168 128 19329 643 263 -6374 164 148 52 3710 1860 6686 2100 1600 0 2 0
t 90 612081 31 -179 126 19317 663 254 -5008 164 138 52 3713 1999 6822 2100 1500 0 2 0
t 91 612153 31 -189 124 19305 683 251 -3747 148 148 52 3716 2138 6958 2100 1600 0 2 0
status ready=1 active=1 connL=1 connR=1 otos=1 wedge=0 flags=31 i2cf=52 cyc=3717 tlm=full next=7 done=5 reason=stop
t 92 612225 31 -200 121 19262 683 251 -3747 164 144 52 3719 2282 7091 2000 1600 0 2 0
t 93 612297 31 -210 119 19254 704 252 -2432 144 138 52 3722 2415 7222 1600 1200 0 2 0
status ready=1 active=1 connL=1 connR=1 otos=1 wedge=0 flags=31 i2cf=52 cyc=3723 tlm=full next=7 done=5 reason=stop
t 94 612369 31 -219 117 19250 720 259 -1092 112 110 53 3725 2527 7333 1100 700 0 2 0
t 95 612441 31 -224 116 19218 720 259 -1092 72 72 53 3728 2604 7402 1000 400 0 2 0
thdr seq now flags x y h ox oy oh vl vr i2cf cyc posl posr dutl dutr lexc wrng cycovr
t 96 612513 31 -228 115 19186 729 270 235 46 56 53 3731 2657 7447 800 400 0 2 0
status ready=1 active=1 connL=1 connR=1 otos=1 wedge=0 flags=31 i2cf=53 cyc=3732 tlm=full next=7 done=5 reason=stop
t 97 612585 31 -231 114 19150 729 270 235 48 48 53 3734 2699 7480 1100 600 0 2 0
status ready=1 active=0 connL=1 connR=1 otos=1 wedge=0 flags=31 i2cf=53 cyc=3741 tlm=full next=7 done=6 reason=stop
t 98 612716 31 -237 113 19126 733 296 2860 0 0 53 3741 2777 7552 0 0 0 2 0
t 99 612773 31 -237 113 19126 733 296 2860 0 0 53 3741 2777 7552 0 0 0 2 0
t 100 612829 31 -237 113 19126 733 296 2860 0 0 53 3741 2777 7552 0 0 0 2 0
t 101 612885 31 -237 113 19126 725 306 4218 0 0 53 3741 2777 7552 0 0 0 2 0
status ready=1 active=0 connL=1 connR=1 otos=1 wedge=0 flags=31 i2cf=53 cyc=3741 tlm=full next=7 done=6 reason=stop
t 102 612941 31 -237 113 19126 725 306 4218 0 0 53 3741 2777 7552 0 0 0 2 0
t 103 612997 31 -237 113 19126 716 314 5534 0 0 53 3741 2777 7552 0 0 0 2 0
t 104 613053 31 -237 113 19126 716 314 5534 0 0 53 3741 2777 7552 0 0 0 2 0
status ready=1 active=0 connL=1 connR=1 otos=1 wedge=0 flags=31 i2cf=53 cyc=3741 tlm=full next=7 done=6 reason=stop
t 105 613109 31 -237 113 19126 705 319 6879 0 0 53 3741 2777 7552 0 0 0 2 0
t 106 613165 31 -237 113 19126 705 319 6879 0 0 53 3741 2777 7552 0 0 0 2 0
t 107 613221 31 -237 113 19126 693 322 8195 0 0 53 3741 2777 7552 0 0 0 2 0
status ready=1 active=0 connL=1 connR=1 otos=1 wedge=0 flags=31 i2cf=53 cyc=3741 tlm=full next=7 done=6 reason=stop
t 108 613277 31 -237 113 19126 693 322 8195 0 0 53 3741 2777 7552 0 0 0 2 0
t 109 613333 31 -237 113 19126 681 322 9540 0 0 53 3741 2777 7552 0 0 0 2 0
t 110 613389 31 -237 113 19126 681 322 9540 0 0 53 3741 2777 7552 0 0 0 2 0
t 111 613445 31 -237 113 19126 669 319 10885 0 0 53 3741 2777 7552 0 0 0 2 0
t 112 613501 31 -237 113 19126 669 319 10885 0 0 53 3741 2777 7552 0 0 0 2 0
t 113 613557 31 -237 113 19126 658 313 12230 0 0 53 3741 2777 7552 0 0 0 2 0
t 114 613613 31 -237 113 19126 658 313 12230 0 0 53 3741 2777 7552 0 0 0 2 0
thdr seq now flags x y h ox oy oh vl vr i2cf cyc posl posr dutl dutr lexc wrng cycovr
t 115 613669 31 -237 113 19126 649 306 13546 0 0 53 3741 2777 7552 0 0 0 2 0
t 116 613721 31 -237 113 19126 649 306 13546 0 0 53 3741 2777 7552 0 0 0 2 0
t 117 613777 31 -237 113 19126 641 296 14891 0 0 53 3741 2777 7552 0 0 0 2 0
t 118 613833 31 -237 113 19126 641 296 14891 0 0 53 3741 2777 7552 0 0 0 2 0
t 119 613889 31 -237 113 19126 636 284 16236 0 0 53 3741 2777 7552 0 0 0 2 0
t 120 613945 31 -237 113 19126 636 284 16236 0 0 53 3741 2777 7552 0 0 0 2 0
t 121 614001 31 -237 113 19126 634 272 17581 0 0 53 3741 2777 7552 0 0 0 2 0
t 122 614057 31 -237 113 19126 634 272 17581 0 0 53 3741 2777 7552 0 0 0 2 0
t 123 614113 31 -237 113 19126 635 260 -17054 0 0 53 3741 2777 7552 0 0 0 2 0
t 124 614169 31 -237 113 19126 635 260 -17054 0 0 53 3741 2777 7552 0 0 0 2 0
t 125 614225 31 -237 113 19126 639 248 -15738 0 0 53 3741 2777 7552 0 0 0 2 0
t 126 614281 31 -237 113 19126 639 248 -15738 0 0 53 3741 2777 7552 0 0 0 2 0
t 127 614337 31 -237 113 19126 639 248 -15738 0 0 53 3741 2777 7552 0 0 0 2 0
t 0 614393 31 -237 113 19126 645 237 -14364 0 0 53 3741 2777 7552 0 0 0 2 0
t 1 614449 31 -237 113 19126 645 237 -14364 0 0 53 3741 2777 7552 0 0 0 2 0
t 2 614505 31 -237 113 19126 654 229 -13048 0 0 53 3741 2777 7552 0 0 0 2 0
t 3 614561 31 -237 113 19126 654 229 -13048 0 0 53 3741 2777 7552 0 0 0 2 0
t 4 614617 31 -237 113 19126 664 222 -11704 0 0 53 3741 2777 7552 0 0 0 2 0
t 5 614673 31 -237 113 19126 664 222 -11704 0 0 53 3741 2777 7552 0 0 0 2 0
thdr seq now flags x y h ox oy oh vl vr i2cf cyc posl posr dutl dutr lexc wrng cycovr
t 6 614729 31 -237 113 19126 676 218 -10387 0 0 53 3741 2777 7552 0 0 0 2 0
t 7 614781 31 -237 113 19126 676 218 -10387 0 0 53 3741 2777 7552 0 0 0 2 0
t 8 614837 31 -237 113 19126 688 217 -9043 0 0 53 3741 2777 7552 0 0 0 2 0
t 9 614893 31 -237 113 19126 688 217 -9043 0 0 53 3741 2777 7552 0 0 0 2 0
t 10 614949 31 -237 113 19126 700 218 -7698 0 0 53 3741 2777 7552 0 0 0 2 0
t 11 615005 31 -237 113 19126 700 218 -7698 0 0 53 3741 2777 7552 0 0 0 2 0
t 12 615061 31 -237 113 19126 712 223 -6353 0 0 53 3741 2777 7552 0 0 0 2 0
t 13 615117 31 -237 113 19126 712 223 -6353 0 0 53 3741 2777 7552 0 0 0 2 0
t 14 615173 31 -237 113 19126 722 230 -5037 0 0 53 3741 2777 7552 0 0 0 2 0
t 15 615229 31 -237 113 19126 722 230 -5037 0 0 53 3741 2777 7552 0 0 0 2 0
t 16 615285 31 -237 113 19126 730 239 -3692 0 0 53 3741 2777 7552 0 0 0 2 0
t 17 615341 31 -237 113 19126 730 239 -3692 0 0 53 3741 2777 7552 0 0 0 2 0
t 18 615397 31 -237 113 19126 736 250 -2347 0 0 53 3741 2777 7552 0 0 0 2 0
t 19 615453 31 -237 113 19126 736 250 -2347 0 0 53 3741 2777 7552 0 0 0 2 0
t 20 615509 31 -237 113 19126 739 262 -1002 0 0 53 3741 2777 7552 0 0 0 2 0
t 21 615565 31 -237 113 19126 739 262 -1002 0 0 53 3741 2777 7552 0 0 0 2 0
t 22 615621 31 -237 113 19126 740 274 313 0 0 53 3741 2777 7552 0 0 0 2 0
t 23 615677 31 -237 113 19126 740 274 313 0 0 53 3741 2777 7552 0 0 0 2 0
t 24 615733 31 -237 113 19126 737 286 1658 0 0 53 3741 2777 7552 0 0 0 2 0
thdr seq now flags x y h ox oy oh vl vr i2cf cyc posl posr dutl dutr lexc wrng cycovr
t 25 615789 31 -237 113 19126 737 286 1658 0 0 53 3741 2777 7552 0 0 0 2 0
t 26 615841 31 -237 113 19126 737 286 1658 0 0 53 3741 2777 7552 0 0 0 2 0
t 27 615897 31 -237 113 19126 732 297 3002 0 0 53 3741 2777 7552 0 0 0 2 0
t 28 615953 31 -237 113 19126 732 297 3002 0 0 53 3741 2777 7552 0 0 0 2 0
t 29 616009 31 -237 113 19126 724 307 4347 0 0 53 3741 2777 7552 0 0 0 2 0
t 30 616065 31 -237 113 19126 724 307 4347 0 0 53 3741 2777 7552 0 0 0 2 0
t 31 616121 31 -237 113 19126 715 314 5663 0 0 53 3741 2777 7552 0 0 0 2 0
t 32 616177 31 -237 113 19126 715 314 5663 0 0 53 3741 2777 7552 0 0 0 2 0
t 33 616233 31 -237 113 19126 704 319 7008 0 0 53 3741 2777 7552 0 0 0 2 0
t 34 616289 31 -237 113 19126 704 319 7008 0 0 53 3741 2777 7552 0 0 0 2 0
t 35 616345 31 -237 113 19126 692 322 8354 0 0 53 3741 2777 7552 0 0 0 2 0
t 36 616401 31 -237 113 19126 692 322 8354 0 0 53 3741 2777 7552 0 0 0 2 0
t 37 616457 31 -237 113 19126 679 322 9699 0 0 53 3741 2777 7552 0 0 0 2 0
t 38 616513 31 -237 113 19126 679 322 9699 0 0 53 3741 2777 7552 0 0 0 2 0
t 39 616569 31 -237 113 19126 668 319 11015 0 0 53 3741 2777 7552 0 0 0 2 0
t 40 616625 31 -237 113 19126 668 319 11015 0 0 53 3741 2777 7552 0 0 0 2 0
t 41 616681 31 -237 113 19126 657 313 12359 0 0 53 3741 2777 7552 0 0 0 2 0
t 42 616737 31 -237 113 19126 657 313 12359 0 0 53 3741 2777 7552 0 0 0 2 0
t 43 616793 31 -237 113 19126 648 305 13704 0 0 53 3741 2777 7552 0 0 0 2 0
thdr seq now flags x y h ox oy oh vl vr i2cf cyc posl posr dutl dutr lexc wrng cycovr
t 44 616849 31 -237 113 19126 648 305 13704 0 0 53 3741 2777 7552 0 0 0 2 0
t 45 616901 31 -237 113 19126 641 294 15049 0 0 53 3741 2777 7552 0 0 0 2 0
t 46 616957 31 -237 113 19126 641 294 15049 0 0 53 3741 2777 7552 0 0 0 2 0
t 47 617013 31 -237 113 19126 636 283 16394 0 0 53 3741 2777 7552 0 0 0 2 0
t 48 617069 31 -237 113 19126 636 283 16394 0 0 53 3741 2777 7552 0 0 0 2 0
>>> MOVE_X -200 0 150 6000 #7
t 49 617125 31 -237 113 19126 634 271 17710 0 0 53 3741 2777 7552 0 0 0 2 0
ack 7 6 stop
t 50 617193 31 -237 113 19126 634 271 17710 0 0 53 3743 2777 7552 -800 -800 0 2 0
t 51 617265 31 -235 113 18970 635 259 -16934 0 -56 56 3746 2777 7513 -1400 -1500 0 2 0
t 52 617337 31 -232 114 18743 635 259 -16934 -46 -108 57 3749 2757 7436 -1900 -2000 0 2 0
status ready=1 active=1 connL=1 connR=1 otos=1 wedge=0 flags=31 i2cf=57 cyc=3750 tlm=full next=8 done=6 reason=stop
t 53 617409 31 -223 115 18519 645 249 -15973 -118 -154 57 3752 2674 7297 -2600 -2200 0 2 0
t 54 617481 31 -211 116 18395 666 246 -14863 -164 -190 57 3755 2538 7130 -2700 -2000 0 2 0
t 55 617553 31 -198 117 18395 666 246 -14863 -190 -174 57 3758 2374 6966 -2600 -1800 0 2 0
status ready=1 active=1 connL=1 connR=1 otos=1 wedge=0 flags=31 i2cf=57 cyc=3759 tlm=full next=8 done=6 reason=stop
t 56 617625 31 -186 118 18419 690 248 -13562 -158 -158 57 3761 2215 6813 -2500 -1600 0 2 0
t 57 617697 31 -174 119 18511 690 248 -13562 -158 -144 57 3764 2054 6675 -2400 -1500 0 2 0
status ready=1 active=1 connL=1 connR=1 otos=1 wedge=0 flags=31 i2cf=57 cyc=3765 tlm=full next=8 done=6 reason=stop
t 58 617769 31 -163 120 18583 711 255 -12135 -164 -148 57 3767 1902 6541 -2400 -1500 0 2 0
t 59 617841 31 -152 121 18683 731 266 -10609 -164 -148 57 3770 1749 6413 -2300 -1500 0 2 0
t 60 617913 31 -141 122 18798 731 266 -10609 -174 -144 57 3773 1593 6286 -2200 -1500 0 2 0
status ready=1 active=1 connL=1 connR=1 otos=1 wedge=0 flags=31 i2cf=57 cyc=3774 tlm=full next=8 done=6 reason=stop
t 61 617985 31 -130 124 18838 747 282 -9132 -144 -164 57 3776 1449 6152 -2100 -1600 0 2 0
t 62 618057 31 -119 126 18910 759 301 -7713 -158 -144 58 3779 1304 6025 -2100 -1600 0 2 0
thdr seq now flags x y h ox oy oh vl vr i2cf cyc posl posr dutl dutr lexc wrng cycovr
t 63 618129 31 -109 127 18906 759 301 -7713 -154 -148 58 3782 1171 5891 -2200 -1300 0 2 0
status ready=1 active=1 connL=1 connR=1 otos=1 wedge=0 flags=31 i2cf=58 cyc=3783 tlm=full next=8 done=6 reason=stop
t 64 618201 31 -99 129 19018 765 320 -6311 -141 -127 58 3785 1032 5780 -2200 -1500 0 2 0
t 65 618273 31 -89 131 19106 765 320 -6311 -164 -121 58 3788 893 5663 -2100 -1600 0 2 0
status ready=1 active=1 connL=1 connR=1 otos=1 wedge=0 flags=31 i2cf=58 cyc=3789 tlm=full next=8 done=6 reason=stop
t 66 618345 31 -79 133 19162 767 342 -4746 -148 -138 58 3791 754 5538 -2000 -1600 0 2 0
t 67 618417 31 -69 135 19174 763 363 -3380 -145 -144 58 3794 621 5408 -1600 -1200 0 2 0
status ready=1 active=1 connL=1 connR=1 otos=1 wedge=0 flags=31 i2cf=58 cyc=3796 tlm=full next=8 done=6 reason=stop
t 68 618489 31 -61 137 19194 763 363 -3380 -128 -111 58 3797 510 5302 -1300 -800 0 2 0
t 69 618561 31 -55 138 19230 757 380 -2031 -82 -72 58 3800 429 5230 -900 -700 0 2 0
t 70 618633 31 -51 139 19226 753 394 -716 -52 -46 58 3803 377 5177 -800 -600 0 2 0
status ready=1 active=1 connL=1 connR=1 otos=1 wedge=0 flags=31 i2cf=58 cyc=3804 tlm=full next=8 done=6 reason=stop
t 71 618705 31 -47 140 19218 753 394 -716 -56 -56 58 3806 332 5130 -900 -700 0 2 0
t 72 618810 31 -43 141 19150 747 407 615 0 0 58 3812 288 5069 0 0 0 2 0
status ready=1 active=0 connL=1 connR=1 otos=1 wedge=0 flags=31 i2cf=58 cyc=3813 tlm=full next=8 done=7 reason=stop
t 73 618861 31 -43 141 19150 747 407 615 0 0 58 3813 288 5069 0 0 0 2 0
t 74 618917 31 -43 141 19150 742 418 1892 0 0 58 3813 288 5069 0 0 0 2 0
t 75 618973 31 -43 141 19150 742 418 1892 0 0 58 3813 288 5069 0 0 0 2 0
status ready=1 active=0 connL=1 connR=1 otos=1 wedge=0 flags=31 i2cf=58 cyc=3813 tlm=full next=8 done=7 reason=stop
t 76 619029 31 -43 141 19150 736 429 3204 0 0 58 3813 288 5069 0 0 0 2 0
t 77 619085 31 -43 141 19150 736 429 3204 0 0 58 3813 288 5069 0 0 0 2 0
t 78 619141 31 -43 141 19150 728 438 4549 0 0 58 3813 288 5069 0 0 0 2 0
status ready=1 active=0 connL=1 connR=1 otos=1 wedge=0 flags=31 i2cf=58 cyc=3813 tlm=full next=8 done=7 reason=stop
t 79 619197 31 -43 141 19150 728 438 4549 0 0 58 3813 288 5069 0 0 0 2 0
t 80 619253 31 -43 141 19150 719 446 5894 0 0 58 3813 288 5069 0 0 0 2 0
t 81 619309 31 -43 141 19150 719 446 5894 0 0 58 3813 288 5069 0 0 0 2 0
status ready=1 active=0 connL=1 connR=1 otos=1 wedge=0 flags=31 i2cf=58 cyc=3813 tlm=full next=8 done=7 reason=stop
thdr seq now flags x y h ox oy oh vl vr i2cf cyc posl posr dutl dutr lexc wrng cycovr
t 82 619365 31 -43 141 19150 707 451 7239 0 0 58 3813 288 5069 0 0 0 2 0
t 83 619417 31 -43 141 19150 707 451 7239 0 0 58 3813 288 5069 0 0 0 2 0
t 84 619473 31 -43 141 19150 695 453 8584 0 0 58 3813 288 5069 0 0 0 2 0
t 85 619529 31 -43 141 19150 695 453 8584 0 0 58 3813 288 5069 0 0 0 2 0
t 86 619585 31 -43 141 19150 683 452 9900 0 0 58 3813 288 5069 0 0 0 2 0
t 87 619641 31 -43 141 19150 683 452 9900 0 0 58 3813 288 5069 0 0 0 2 0
t 88 619697 31 -43 141 19150 671 448 11245 0 0 58 3813 288 5069 0 0 0 2 0
t 89 619753 31 -43 141 19150 671 448 11245 0 0 58 3813 288 5069 0 0 0 2 0
t 90 619809 31 -43 141 19150 661 442 12589 0 0 58 3813 288 5069 0 0 0 2 0
t 91 619865 31 -43 141 19150 661 442 12589 0 0 58 3813 288 5069 0 0 0 2 0
t 92 619921 31 -43 141 19150 652 433 13934 0 0 58 3813 288 5069 0 0 0 2 0
t 93 619977 31 -43 141 19150 652 433 13934 0 0 58 3813 288 5069 0 0 0 2 0
t 94 620033 31 -43 141 19150 645 423 15250 0 0 58 3813 288 5069 0 0 0 2 0
t 95 620089 31 -43 141 19150 645 423 15250 0 0 58 3813 288 5069 0 0 0 2 0
t 96 620145 31 -43 141 19150 641 412 16595 0 0 58 3813 288 5069 0 0 0 2 0
t 97 620201 31 -43 141 19150 641 412 16595 0 0 58 3813 288 5069 0 0 0 2 0
t 98 620257 31 -43 141 19150 640 399 17940 0 0 58 3813 288 5069 0 0 0 2 0
t 99 620313 31 -43 141 19150 640 399 17940 0 0 58 3813 288 5069 0 0 0 2 0
t 100 620369 31 -43 141 19150 640 399 17940 0 0 58 3813 288 5069 0 0 0 2 0
thdr seq now flags x y h ox oy oh vl vr i2cf cyc posl posr dutl dutr lexc wrng cycovr
t 101 620425 31 -43 141 19150 641 387 -16694 0 0 58 3813 288 5069 0 0 0 2 0
t 102 620477 31 -43 141 19150 641 387 -16694 0 0 58 3813 288 5069 0 0 0 2 0
t 103 620533 31 -43 141 19150 646 376 -15378 0 0 58 3813 288 5069 0 0 0 2 0
t 104 620589 31 -43 141 19150 646 376 -15378 0 0 58 3813 288 5069 0 0 0 2 0
t 105 620645 31 -43 141 19150 653 365 -14033 0 0 58 3813 288 5069 0 0 0 2 0
t 106 620701 31 -43 141 19150 653 365 -14033 0 0 58 3813 288 5069 0 0 0 2 0
t 107 620757 31 -43 141 19150 662 357 -12688 0 0 58 3813 288 5069 0 0 0 2 0
t 108 620813 31 -43 141 19150 662 357 -12688 0 0 58 3813 288 5069 0 0 0 2 0
t 109 620869 31 -43 141 19150 673 351 -11343 0 0 58 3813 288 5069 0 0 0 2 0
t 110 620925 31 -43 141 19150 673 351 -11343 0 0 58 3813 288 5069 0 0 0 2 0
t 111 620981 31 -43 141 19150 684 348 -10027 0 0 58 3813 288 5069 0 0 0 2 0
t 112 621037 31 -43 141 19150 684 348 -10027 0 0 58 3813 288 5069 0 0 0 2 0
t 113 621093 31 -43 141 19150 697 347 -8682 0 0 58 3813 288 5069 0 0 0 2 0
t 114 621149 31 -43 141 19150 697 347 -8682 0 0 58 3813 288 5069 0 0 0 2 0
t 115 621205 31 -43 141 19150 709 350 -7337 0 0 58 3813 288 5069 0 0 0 2 0
t 116 621261 31 -43 141 19150 709 350 -7337 0 0 58 3813 288 5069 0 0 0 2 0
DBG:wifi state=0 ip=- peer=-:0 tcp=0/0 to=4 restarts=0 sent=0 rx=0 drop=0 mdns=0/0 cmd= reply=
t 117 621317 31 -43 141 19150 720 355 -5992 0 0 58 3813 288 5069 0 0 0 2 0
t 118 621373 31 -43 141 19150 720 355 -5992 0 0 58 3813 288 5069 0 0 0 2 0
t 119 621429 31 -43 141 19150 729 362 -4676 0 0 58 3813 288 5069 0 0 0 2 0
thdr seq now flags x y h ox oy oh vl vr i2cf cyc posl posr dutl dutr lexc wrng cycovr
t 120 621485 31 -43 141 19150 729 362 -4676 0 0 58 3813 288 5069 0 0 0 2 0
t 121 621537 31 -43 141 19150 737 372 -3331 0 0 58 3813 288 5069 0 0 0 2 0
t 122 621593 31 -43 141 19150 737 372 -3331 0 0 58 3813 288 5069 0 0 0 2 0
t 123 621649 31 -43 141 19150 742 383 -1987 0 0 58 3813 288 5069 0 0 0 2 0
t 124 621705 31 -43 141 19150 742 383 -1987 0 0 58 3813 288 5069 0 0 0 2 0
t 125 621761 31 -43 141 19150 742 383 -1987 0 0 58 3813 288 5069 0 0 0 2 0
t 126 621817 31 -43 141 19150 745 395 -642 0 0 58 3813 288 5069 0 0 0 2 0
t 127 621873 31 -43 141 19150 745 395 -642 0 0 58 3813 288 5069 0 0 0 2 0
t 0 621929 31 -43 141 19150 745 407 674 0 0 58 3813 288 5069 0 0 0 2 0
t 1 621985 31 -43 141 19150 745 407 674 0 0 58 3813 288 5069 0 0 0 2 0
t 2 622041 31 -43 141 19150 741 419 2019 0 0 58 3813 288 5069 0 0 0 2 0
t 3 622097 31 -43 141 19150 741 419 2019 0 0 58 3813 288 5069 0 0 0 2 0
t 4 622153 31 -43 141 19150 736 430 3363 0 0 58 3813 288 5069 0 0 0 2 0
t 5 622209 31 -43 141 19150 736 430 3363 0 0 58 3813 288 5069 0 0 0 2 0
t 6 622265 31 -43 141 19150 727 439 4708 0 0 58 3813 288 5069 0 0 0 2 0
t 7 622321 31 -43 141 19150 727 439 4708 0 0 58 3813 288 5069 0 0 0 2 0
t 8 622377 31 -43 141 19150 717 446 6053 0 0 58 3813 288 5069 0 0 0 2 0
t 9 622433 31 -43 141 19150 717 446 6053 0 0 58 3813 288 5069 0 0 0 2 0
t 10 622489 31 -43 141 19150 706 451 7369 0 0 58 3813 288 5069 0 0 0 2 0
thdr seq now flags x y h ox oy oh vl vr i2cf cyc posl posr dutl dutr lexc wrng cycovr
t 11 622545 31 -43 141 19150 706 451 7369 0 0 58 3813 288 5069 0 0 0 2 0
t 12 622597 31 -43 141 19150 694 453 8714 0 0 58 3813 288 5069 0 0 0 2 0
t 13 622653 31 -43 141 19150 694 453 8714 0 0 58 3813 288 5069 0 0 0 2 0
t 14 622709 31 -43 141 19150 682 452 10059 0 0 58 3813 288 5069 0 0 0 2 0
t 15 622765 31 -43 141 19150 682 452 10059 0 0 58 3813 288 5069 0 0 0 2 0
t 16 622821 31 -43 141 19150 670 448 11403 0 0 58 3813 288 5069 0 0 0 2 0
t 17 622877 31 -43 141 19150 670 448 11403 0 0 58 3813 288 5069 0 0 0 2 0
t 18 622933 31 -43 141 19150 660 441 12719 0 0 58 3813 288 5069 0 0 0 2 0
>>> MOVE_X 0 1571 100 5000 #8
t 19 622989 31 -43 141 19150 660 441 12719 0 0 58 3813 288 5069 0 0 0 2 0
ack 8 7 stop
t 20 623057 31 -43 141 19150 651 432 14064 0 0 58 3815 288 5069 -300 300 0 2 0
t 21 623129 31 -44 141 19242 651 432 14064 -10 30 59 3818 282 5086 -700 800 0 2 0
t 22 623201 31 -44 141 19493 644 422 15459 -43 56 59 3821 252 5119 -1500 1400 0 2 0
status ready=1 active=1 connL=1 connR=1 otos=1 wedge=0 flags=31 i2cf=59 cyc=3822 tlm=full next=9 done=7 reason=stop
t 23 623273 31 -45 140 20016 641 410 17527 -76 98 59 3824 204 5202 -2100 1900 0 2 0
t 24 623345 31 -46 140 20854 641 410 17527 -108 145 59 3827 111 5319 -2100 1900 0 2 0
t 25 623417 31 -47 139 21852 643 396 -15500 -128 164 59 3830 0 5458 -2000 1700 0 2 0
status ready=1 active=1 connL=1 connR=1 otos=1 wedge=0 flags=31 i2cf=59 cyc=3831 tlm=full next=9 done=7 reason=stop
t 26 623489 31 -47 139 22814 643 396 -15500 -108 135 59 3833 -111 5588 -1700 1400 0 2 0
t 27 623561 31 -47 139 23685 652 387 -12601 -118 112 59 3836 -220 5697 -1700 1200 0 2 0
status ready=1 active=1 connL=1 connR=1 otos=1 wedge=0 flags=31 i2cf=59 cyc=3837 tlm=full next=9 done=7 reason=stop
t 28 623633 31 -47 138 24383 664 383 -9986 -92 92 59 3839 -306 5786 -1600 1200 0 2 0
t 29 623705 31 -47 138 25102 664 383 -9986 -92 99 59 3842 -395 5877 -1700 1200 0 2 0
thdr seq now flags x y h ox oy oh vl vr i2cf cyc posl posr dutl dutr lexc wrng cycovr
t 30 623777 31 -47 138 25824 676 384 -7471 -102 102 59 3845 -484 5969 -1700 1200 0 2 0
status ready=1 active=1 connL=1 connR=1 otos=1 wedge=0 flags=31 i2cf=59 cyc=3846 tlm=full next=9 done=7 reason=stop
t 31 623849 31 -47 138 26543 676 384 -7471 -101 110 59 3848 -575 6058 -1400 900 0 2 0
t 32 623921 31 -47 138 27110 687 392 -4891 -72 72 59 3851 -645 6130 -900 400 0 2 0
t 33 623993 31 -47 139 27489 693 402 -2677 -36 39 59 3854 -695 6175 -500 300 0 2 0
status ready=1 active=1 connL=1 connR=1 otos=1 wedge=0 flags=31 i2cf=59 cyc=3855 tlm=full next=9 done=7 reason=stop
t 34 624065 31 -47 138 27673 693 402 -2677 -16 26 60 3857 -711 6205 -400 0 0 2 0
t 35 624137 31 -47 138 27697 697 414 -1106 -16 30 63 3860 -711 6211 -800 400 0 2 0
t 36 624209 31 -47 138 27828 698 426 355 -26 16 63 3863 -725 6230 -600 400 0 2 0
status ready=1 active=1 connL=1 connR=1 otos=1 wedge=0 flags=31 i2cf=63 cyc=3864 tlm=full next=9 done=7 reason=stop
t 37 624298 31 -47 137 27960 698 426 355 0 0 64 3868 -736 6252 0 0 0 2 0
t 38 624349 31 -47 137 27960 696 438 1833 0 0 64 3870 -736 6252 0 0 0 2 0
t 39 624421 31 -47 137 27960 696 438 1833 0 0 64 3873 -736 6252 0 0 0 2 0
status ready=1 active=0 connL=1 connR=1 otos=1 wedge=0 flags=31 i2cf=64 cyc=3874 tlm=full next=9 done=8 reason=stop
t 40 624477 31 -47 137 27960 690 449 3173 0 0 64 3874 -736 6252 0 0 0 2 0
t 41 624533 31 -47 137 27960 690 449 3173 0 0 64 3874 -736 6252 0 0 0 2 0
t 42 624589 31 -47 137 27960 682 458 4517 0 0 64 3874 -736 6252 0 0 0 2 0
status ready=1 active=0 connL=1 connR=1 otos=1 wedge=0 flags=31 i2cf=64 cyc=3874 tlm=full next=9 done=8 reason=stop
t 43 624645 31 -47 137 27960 682 458 4517 0 0 64 3874 -736 6252 0 0 0 2 0
t 44 624701 31 -47 137 27960 673 466 5833 0 0 64 3874 -736 6252 0 0 0 2 0
t 45 624757 31 -47 137 27960 673 466 5833 0 0 64 3874 -736 6252 0 0 0 2 0
status ready=1 active=0 connL=1 connR=1 otos=1 wedge=0 flags=31 i2cf=64 cyc=3874 tlm=full next=9 done=8 reason=stop
t 46 624813 31 -47 137 27960 661 471 7178 0 0 64 3874 -736 6252 0 0 0 2 0
t 47 624869 31 -47 137 27960 661 471 7178 0 0 64 3874 -736 6252 0 0 0 2 0
t 48 624925 31 -47 137 27960 649 473 8523 0 0 64 3874 -736 6252 0 0 0 2 0
status ready=1 active=0 connL=1 connR=1 otos=1 wedge=0 flags=31 i2cf=64 cyc=3874 tlm=full next=9 done=8 reason=stop
thdr seq now flags x y h ox oy oh vl vr i2cf cyc posl posr dutl dutr lexc wrng cycovr
t 49 624981 31 -47 137 27960 649 473 8523 0 0 64 3874 -736 6252 0 0 0 2 0
t 50 625033 31 -47 137 27960 637 472 9868 0 0 64 3874 -736 6252 0 0 0 2 0
t 51 625089 31 -47 137 27960 637 472 9868 0 0 64 3874 -736 6252 0 0 0 2 0
t 52 625145 31 -47 137 27960 625 469 11184 0 0 64 3874 -736 6252 0 0 0 2 0
t 53 625201 31 -47 137 27960 625 469 11184 0 0 64 3874 -736 6252 0 0 0 2 0
t 54 625257 31 -47 137 27960 615 463 12529 0 0 64 3874 -736 6252 0 0 0 2 0
t 55 625313 31 -47 137 27960 615 463 12529 0 0 64 3874 -736 6252 0 0 0 2 0
t 56 625369 31 -47 137 27960 606 454 13874 0 0 64 3874 -736 6252 0 0 0 2 0
t 57 625425 31 -47 137 27960 606 454 13874 0 0 64 3874 -736 6252 0 0 0 2 0
t 58 625481 31 -47 137 27960 599 444 15219 0 0 64 3874 -736 6252 0 0 0 2 0
t 59 625537 31 -47 137 27960 599 444 15219 0 0 64 3874 -736 6252 0 0 0 2 0
t 60 625593 31 -47 137 27960 599 444 15219 0 0 64 3874 -736 6252 0 0 0 2 0
t 61 625649 31 -47 137 27960 595 432 16564 0 0 64 3874 -736 6252 0 0 0 2 0
t 62 625705 31 -47 137 27960 595 432 16564 0 0 64 3874 -736 6252 0 0 0 2 0
t 63 625761 31 -47 137 27960 593 420 17880 0 0 64 3874 -736 6252 0 0 0 2 0
t 64 625817 31 -47 137 27960 593 420 17880 0 0 64 3874 -736 6252 0 0 0 2 0
t 65 625873 31 -47 137 27960 595 408 -16753 0 0 64 3874 -736 6252 0 0 0 2 0
t 66 625929 31 -47 137 27960 595 408 -16753 0 0 64 3874 -736 6252 0 0 0 2 0
t 67 625985 31 -47 137 27960 599 396 -15408 0 0 64 3874 -736 6252 0 0 0 2 0
thdr seq now flags x y h ox oy oh vl vr i2cf cyc posl posr dutl dutr lexc wrng cycovr
t 68 626041 31 -47 137 27960 599 396 -15408 0 0 64 3874 -736 6252 0 0 0 2 0
t 69 626093 31 -47 137 27960 606 386 -14092 0 0 64 3874 -736 6252 0 0 0 2 0
t 70 626149 31 -47 137 27960 606 386 -14092 0 0 64 3874 -736 6252 0 0 0 2 0
t 71 626205 31 -47 137 27960 615 378 -12747 0 0 64 3874 -736 6252 0 0 0 2 0
t 72 626261 31 -47 137 27960 615 378 -12747 0 0 64 3874 -736 6252 0 0 0 2 0
t 73 626317 31 -47 137 27960 626 372 -11402 0 0 64 3874 -736 6252 0 0 0 2 0
t 74 626373 31 -47 137 27960 626 372 -11402 0 0 64 3874 -736 6252 0 0 0 2 0
t 75 626429 31 -47 137 27960 638 368 -10057 0 0 64 3874 -736 6252 0 0 0 2 0
t 76 626485 31 -47 137 27960 638 368 -10057 0 0 64 3874 -736 6252 0 0 0 2 0
t 77 626541 31 -47 137 27960 650 368 -8713 0 0 64 3874 -736 6252 0 0 0 2 0
t 78 626597 31 -47 137 27960 650 368 -8713 0 0 64 3874 -736 6252 0 0 0 2 0
t 79 626653 31 -47 137 27960 662 370 -7396 0 0 64 3874 -736 6252 0 0 0 2 0
t 80 626709 31 -47 137 27960 662 370 -7396 0 0 64 3874 -736 6252 0 0 0 2 0
t 81 626765 31 -47 137 27960 673 375 -6051 0 0 64 3874 -736 6252 0 0 0 2 0
t 82 626821 31 -47 137 27960 673 375 -6051 0 0 64 3874 -736 6252 0 0 0 2 0
t 83 626877 31 -47 137 27960 683 382 -4706 0 0 64 3874 -736 6252 0 0 0 2 0
t 84 626933 31 -47 137 27960 683 382 -4706 0 0 64 3874 -736 6252 0 0 0 2 0
t 85 626989 31 -47 137 27960 691 392 -3361 0 0 64 3874 -736 6252 0 0 0 2 0
t 86 627045 31 -47 137 27960 691 392 -3361 0 0 64 3874 -736 6252 0 0 0 2 0
thdr seq now flags x y h ox oy oh vl vr i2cf cyc posl posr dutl dutr lexc wrng cycovr
t 87 627101 31 -47 137 27960 691 392 -3361 0 0 64 3874 -736 6252 0 0 0 2 0
t 88 627153 31 -47 137 27960 696 403 -1987 0 0 64 3874 -736 6252 0 0 0 2 0
t 89 627209 31 -47 137 27960 696 403 -1987 0 0 64 3874 -736 6252 0 0 0 2 0
t 90 627265 31 -47 137 27960 699 416 -642 0 0 64 3874 -736 6252 0 0 0 2 0
t 91 627321 31 -47 137 27960 699 416 -642 0 0 64 3874 -736 6252 0 0 0 2 0
t 92 627377 31 -47 137 27960 698 428 674 0 0 64 3874 -736 6252 0 0 0 2 0
t 93 627433 31 -47 137 27960 698 428 674 0 0 64 3874 -736 6252 0 0 0 2 0
t 94 627489 31 -47 137 27960 695 440 2019 0 0 64 3874 -736 6252 0 0 0 2 0
t 95 627545 31 -47 137 27960 695 440 2019 0 0 64 3874 -736 6252 0 0 0 2 0
t 96 627601 31 -47 137 27960 689 450 3364 0 0 64 3874 -736 6252 0 0 0 2 0
t 97 627657 31 -47 137 27960 689 450 3364 0 0 64 3874 -736 6252 0 0 0 2 0
t 98 627713 31 -47 137 27960 681 460 4709 0 0 64 3874 -736 6252 0 0 0 2 0
t 99 627769 31 -47 137 27960 681 460 4709 0 0 64 3874 -736 6252 0 0 0 2 0
t 100 627825 31 -47 137 27960 671 467 6054 0 0 64 3874 -736 6252 0 0 0 2 0
t 101 627881 31 -47 137 27960 671 467 6054 0 0 64 3874 -736 6252 0 0 0 2 0
t 102 627937 31 -47 137 27960 660 471 7370 0 0 64 3874 -736 6252 0 0 0 2 0
t 103 627993 31 -47 137 27960 660 471 7370 0 0 64 3874 -736 6252 0 0 0 2 0
t 104 628049 31 -47 137 27960 647 473 8715 0 0 64 3874 -736 6252 0 0 0 2 0
t 105 628105 31 -47 137 27960 647 473 8715 0 0 64 3874 -736 6252 0 0 0 2 0
thdr seq now flags x y h ox oy oh vl vr i2cf cyc posl posr dutl dutr lexc wrng cycovr
t 106 628161 31 -47 137 27960 635 472 10060 0 0 64 3874 -736 6252 0 0 0 2 0
t 107 628213 31 -47 137 27960 635 472 10060 0 0 64 3874 -736 6252 0 0 0 2 0
t 108 628269 31 -47 137 27960 623 468 11405 0 0 64 3874 -736 6252 0 0 0 2 0
t 109 628325 31 -47 137 27960 623 468 11405 0 0 64 3874 -736 6252 0 0 0 2 0
t 110 628381 31 -47 137 27960 623 468 11405 0 0 64 3874 -736 6252 0 0 0 2 0
t 111 628437 31 -47 137 27960 613 461 12751 0 0 64 3874 -736 6252 0 0 0 2 0
t 112 628493 31 -47 137 27960 613 461 12751 0 0 64 3874 -736 6252 0 0 0 2 0
t 113 628549 31 -47 137 27960 605 453 14066 0 0 64 3874 -736 6252 0 0 0 2 0
t 114 628605 31 -47 137 27960 605 453 14066 0 0 64 3874 -736 6252 0 0 0 2 0
t 115 628661 31 -47 137 27960 598 442 15412 0 0 64 3874 -736 6252 0 0 0 2 0
t 116 628717 31 -47 137 27960 598 442 15412 0 0 64 3874 -736 6252 0 0 0 2 0
>>> MOVE_X 0 -1571 100 5000 #9
t 117 628773 31 -47 137 27960 594 430 16757 0 0 64 3874 -736 6252 0 0 0 2 0
ack 9 8 stop
t 118 628833 31 -47 137 27960 594 430 16757 0 0 64 3875 -736 6252 0 0 0 2 0
t 119 628905 31 -47 137 27908 593 418 -17906 7 -36 65 3878 -734 6241 600 -700 0 2 0
t 120 628977 31 -47 138 27753 596 406 -16570 5 -26 67 3881 -728 6208 1000 -1100 0 2 0
status ready=1 active=1 connL=1 connR=1 otos=1 wedge=0 flags=31 i2cf=67 cyc=3882 tlm=full next=10 done=8 reason=stop
t 121 629049 31 -48 139 27353 596 406 -16570 56 -92 67 3884 -689 6147 1700 -1900 0 2 0
t 122 629121 31 -48 141 26611 601 395 -15972 98 -148 67 3887 -620 6030 2100 -2000 0 2 0
t 123 629193 31 -47 142 25669 601 395 -15972 108 -154 67 3890 -517 5897 2000 -1700 0 2 0
status ready=1 active=1 connL=1 connR=1 otos=1 wedge=0 flags=31 i2cf=67 cyc=3891 tlm=full next=10 done=8 reason=stop
t 124 629265 31 -47 143 24659 604 385 -16260 138 -128 67 3893 -392 5769 1800 -1400 0 2 0
thdr seq now flags x y h ox oy oh vl vr i2cf cyc posl posr dutl dutr lexc wrng cycovr
t 125 629337 31 -47 143 23797 606 374 -16456 118 -108 67 3896 -284 5661 1700 -1300 0 2 0
status ready=1 active=1 connL=1 connR=1 otos=1 wedge=0 flags=31 i2cf=67 cyc=3898 tlm=full next=10 done=8 reason=stop
t 126 629409 31 -48 142 23030 606 374 -16456 110 -101 67 3899 -184 5569 1600 -1300 0 2 0
t 127 629481 31 -48 142 22296 608 363 -16400 92 -92 67 3902 -89 5480 1500 -1300 0 2 0
t 0 629553 31 -48 142 21577 611 352 -16247 89 -92 67 3905 2 5391 1500 -1300 0 2 0
status ready=1 active=1 connL=1 connR=1 otos=1 wedge=0 flags=31 i2cf=67 cyc=3906 tlm=full next=10 done=8 reason=stop
t 1 629625 31 -48 142 20858 611 352 -16247 89 -98 67 3908 91 5300 1300 -1100 0 2 0
t 2 629697 31 -48 142 20236 613 341 -16087 82 -82 67 3911 169 5222 1000 -700 0 2 0
t 3 629769 31 -48 142 19781 613 341 -16087 56 -46 67 3914 227 5166 500 -300 0 2 0
status ready=1 active=1 connL=1 connR=1 otos=1 wedge=0 flags=31 i2cf=67 cyc=3915 tlm=full next=10 done=8 reason=stop
t 4 629841 31 -48 142 19561 618 330 -15498 16 -30 67 3917 254 5138 500 -300 0 2 0
t 5 629913 31 -48 142 19417 624 320 -14427 20 -7 67 3920 277 5125 700 -500 0 2 0
t 6 629985 31 -48 142 19250 624 320 -14427 26 -20 67 3923 296 5102 500 -300 0 2 0
status ready=1 active=1 connL=1 connR=1 otos=1 wedge=0 flags=31 i2cf=67 cyc=3924 tlm=full next=10 done=8 reason=stop
t 7 630074 31 -48 142 19118 632 310 -13344 0 0 67 3928 310 5083 0 0 0 2 0
t 8 630125 31 -48 142 19118 632 310 -13344 0 0 67 3930 310 5083 0 0 0 2 0
t 9 630197 31 -48 142 19118 642 303 -12078 0 0 67 3933 310 5083 0 0 0 2 0
status ready=1 active=0 connL=1 connR=1 otos=1 wedge=0 flags=31 i2cf=67 cyc=3934 tlm=full next=10 done=9 reason=stop
t 10 630253 31 -48 142 19118 653 299 -10761 0 0 67 3934 310 5083 0 0 0 2 0
t 11 630309 31 -48 142 19118 653 299 -10761 0 0 67 3934 310 5083 0 0 0 2 0
t 12 630365 31 -48 142 19118 665 296 -9416 0 0 67 3934 310 5083 0 0 0 2 0
status ready=1 active=0 connL=1 connR=1 otos=1 wedge=0 flags=31 i2cf=67 cyc=3934 tlm=full next=10 done=9 reason=stop
t 13 630421 31 -48 142 19118 665 296 -9416 0 0 67 3934 310 5083 0 0 0 2 0
t 14 630477 31 -48 142 19118 677 297 -8071 0 0 67 3934 310 5083 0 0 0 2 0
t 15 630533 31 -48 142 19118 677 297 -8071 0 0 67 3934 310 5083 0 0 0 2 0
status ready=1 active=0 connL=1 connR=1 otos=1 wedge=0 flags=31 i2cf=67 cyc=3934 tlm=full next=10 done=9 reason=stop
thdr seq now flags x y h ox oy oh vl vr i2cf cyc posl posr dutl dutr lexc wrng cycovr
t 16 630589 31 -48 142 19118 677 297 -8071 0 0 67 3934 310 5083 0 0 0 2 0
t 17 630641 31 -48 142 19118 689 301 -6697 0 0 67 3934 310 5083 0 0 0 2 0
t 18 630697 31 -48 142 19118 689 301 -6697 0 0 67 3934 310 5083 0 0 0 2 0
status ready=1 active=0 connL=1 connR=1 otos=1 wedge=0 flags=31 i2cf=67 cyc=3934 tlm=full next=10 done=9 reason=stop
t 19 630753 31 -48 142 19118 700 307 -5353 0 0 67 3934 310 5083 0 0 0 2 0
t 20 630809 31 -48 142 19118 700 307 -5353 0 0 67 3934 310 5083 0 0 0 2 0
t 21 630865 31 -48 142 19118 709 316 -4008 0 0 67 3934 310 5083 0 0 0 2 0
status ready=1 active=0 connL=1 connR=1 otos=1 wedge=0 flags=31 i2cf=67 cyc=3934 tlm=full next=10 done=9 reason=stop
t 22 630921 31 -48 142 19118 709 316 -4008 0 0 67 3934 310 5083 0 0 0 2 0
t 23 630977 31 -48 142 19118 715 326 -2692 0 0 67 3934 310 5083 0 0 0 2 0
t 24 631033 31 -48 142 19118 715 326 -2692 0 0 67 3934 310 5083 0 0 0 2 0
t 25 631089 31 -48 142 19118 719 338 -1347 0 0 67 3934 310 5083 0 0 0 2 0
t 26 631145 31 -48 142 19118 719 338 -1347 0 0 67 3934 310 5083 0 0 0 2 0
t 27 631201 31 -48 142 19118 720 350 -2 0 0 67 3934 310 5083 0 0 0 2 0
t 28 631257 31 -48 142 19118 720 350 -2 0 0 67 3934 310 5083 0 0 0 2 0
DBG:wifi state=0 ip=- peer=-:0 tcp=0/0 to=4 restarts=0 sent=0 rx=0 drop=0 mdns=0/0 cmd= reply=
t 29 631313 31 -48 142 19118 719 363 1342 0 0 67 3934 310 5083 0 0 0 2 0
t 30 631369 31 -48 142 19118 719 363 1342 0 0 67 3934 310 5083 0 0 0 2 0
t 31 631425 31 -48 142 19118 714 374 2659 0 0 67 3934 310 5083 0 0 0 2 0
t 32 631481 31 -48 142 19118 714 374 2659 0 0 67 3934 310 5083 0 0 0 2 0
t 33 631537 31 -48 142 19118 707 384 4004 0 0 67 3934 310 5083 0 0 0 2 0
t 34 631593 31 -48 142 19118 707 384 4004 0 0 67 3934 310 5083 0 0 0 2 0
thdr seq now flags x y h ox oy oh vl vr i2cf cyc posl posr dutl dutr lexc wrng cycovr
t 35 631649 31 -48 142 19118 698 392 5348 0 0 67 3934 310 5083 0 0 0 2 0
t 36 631701 31 -48 142 19118 698 392 5348 0 0 67 3934 310 5083 0 0 0 2 0
t 37 631757 31 -48 142 19118 687 398 6693 0 0 67 3934 310 5083 0 0 0 2 0
t 38 631813 31 -48 142 19118 687 398 6693 0 0 67 3934 310 5083 0 0 0 2 0
t 39 631869 31 -48 142 19118 687 398 6693 0 0 67 3934 310 5083 0 0 0 2 0
t 40 631925 31 -48 142 19118 675 401 8038 0 0 67 3934 310 5083 0 0 0 2 0
t 41 631981 31 -48 142 19118 675 401 8038 0 0 67 3934 310 5083 0 0 0 2 0
t 42 632037 31 -48 142 19118 663 402 9354 0 0 67 3934 310 5083 0 0 0 2 0
t 43 632093 31 -48 142 19118 663 402 9354 0 0 67 3934 310 5083 0 0 0 2 0
t 44 632149 31 -48 142 19118 651 399 10699 0 0 67 3934 310 5083 0 0 0 2 0
t 45 632205 31 -48 142 19118 651 399 10699 0 0 67 3934 310 5083 0 0 0 2 0
t 46 632261 31 -48 142 19118 640 394 12045 0 0 67 3934 310 5083 0 0 0 2 0
t 47 632317 31 -48 142 19118 640 394 12045 0 0 67 3934 310 5083 0 0 0 2 0
t 48 632373 31 -48 142 19118 630 386 13360 0 0 67 3934 310 5083 0 0 0 2 0
t 49 632429 31 -48 142 19118 630 386 13360 0 0 67 3934 310 5083 0 0 0 2 0
t 50 632485 31 -48 142 19118 623 377 14705 0 0 67 3934 310 5083 0 0 0 2 0
t 51 632541 31 -48 142 19118 623 377 14705 0 0 67 3934 310 5083 0 0 0 2 0
t 52 632597 31 -48 142 19118 617 366 16050 0 0 67 3934 310 5083 0 0 0 2 0
t 53 632653 31 -48 142 19118 617 366 16050 0 0 67 3934 310 5083 0 0 0 2 0
thdr seq now flags x y h ox oy oh vl vr i2cf cyc posl posr dutl dutr lexc wrng cycovr
t 54 632709 31 -48 142 19118 615 353 17395 0 0 67 3934 310 5083 0 0 0 2 0
t 55 632761 31 -48 142 19118 615 353 17395 0 0 67 3934 310 5083 0 0 0 2 0
t 56 632817 31 -48 142 19118 615 341 -17268 0 0 67 3934 310 5083 0 0 0 2 0
t 57 632873 31 -48 142 19118 615 341 -17268 0 0 67 3934 310 5083 0 0 0 2 0
t 58 632929 31 -48 142 19118 619 329 -15923 0 0 67 3934 310 5083 0 0 0 2 0
t 59 632985 31 -48 142 19118 619 329 -15923 0 0 67 3934 310 5083 0 0 0 2 0
t 60 633041 31 -48 142 19118 625 318 -14578 0 0 67 3934 310 5083 0 0 0 2 0
t 61 633097 31 -48 142 19118 625 318 -14578 0 0 67 3934 310 5083 0 0 0 2 0
t 62 633153 31 -48 142 19118 633 309 -13234 0 0 67 3934 310 5083 0 0 0 2 0
t 63 633209 31 -48 142 19118 633 309 -13234 0 0 67 3934 310 5083 0 0 0 2 0
t 64 633265 31 -48 142 19118 643 302 -11889 0 0 67 3934 310 5083 0 0 0 2 0
t 65 633321 31 -48 142 19118 643 302 -11889 0 0 67 3934 310 5083 0 0 0 2 0
t 66 633377 31 -48 142 19118 643 302 -11889 0 0 67 3934 310 5083 0 0 0 2 0
t 67 633433 31 -48 142 19118 655 298 -10544 0 0 67 3934 310 5083 0 0 0 2 0
t 68 633489 31 -48 142 19118 655 298 -10544 0 0 67 3934 310 5083 0 0 0 2 0
t 69 633545 31 -48 142 19118 667 296 -9228 0 0 67 3934 310 5083 0 0 0 2 0
t 70 633601 31 -48 142 19118 667 296 -9228 0 0 67 3934 310 5083 0 0 0 2 0
t 71 633657 31 -48 142 19118 679 298 -7883 0 0 67 3934 310 5083 0 0 0 2 0
t 72 633713 31 -48 142 19118 679 298 -7883 0 0 67 3934 310 5083 0 0 0 2 0
thdr seq now flags x y h ox oy oh vl vr i2cf cyc posl posr dutl dutr lexc wrng cycovr
t 73 633769 31 -48 142 19118 691 302 -6538 0 0 67 3934 310 5083 0 0 0 2 0
t 74 633821 31 -48 142 19118 691 302 -6538 0 0 67 3934 310 5083 0 0 0 2 0
t 75 633877 31 -48 142 19118 701 308 -5222 0 0 67 3934 310 5083 0 0 0 2 0
t 76 633933 31 -48 142 19118 701 308 -5222 0 0 67 3934 310 5083 0 0 0 2 0
t 77 633989 31 -48 142 19118 709 317 -3877 0 0 67 3934 310 5083 0 0 0 2 0
t 78 634045 31 -48 142 19118 709 317 -3877 0 0 67 3934 310 5083 0 0 0 2 0
t 79 634101 31 -48 142 19118 716 328 -2532 0 0 67 3934 310 5083 0 0 0 2 0
t 80 634157 31 -48 142 19118 716 328 -2532 0 0 67 3934 310 5083 0 0 0 2 0
t 81 634213 31 -48 142 19118 719 339 -1187 0 0 67 3934 310 5083 0 0 0 2 0
t 82 634269 31 -48 142 19118 719 339 -1187 0 0 67 3934 310 5083 0 0 0 2 0
t 83 634325 31 -48 142 19118 720 351 128 0 0 67 3934 310 5083 0 0 0 2 0
t 84 634381 31 -48 142 19118 720 351 128 0 0 67 3934 310 5083 0 0 0 2 0
t 85 634437 31 -48 142 19118 718 364 1474 0 0 67 3934 310 5083 0 0 0 2 0
t 86 634493 31 -48 142 19118 718 364 1474 0 0 67 3934 310 5083 0 0 0 2 0
>>> MOVE_X 0 3142 100 6000 #10
t 87 634549 31 -48 142 19118 713 375 2818 0 0 67 3934 310 5083 0 0 0 2 0
ack 10 9 stop
t 88 634617 31 -48 142 19118 713 375 2818 0 0 67 3936 310 5083 -300 300 0 2 0
t 89 634689 31 -49 142 19218 706 385 4165 0 36 69 3939 310 5108 -700 700 0 2 0
status ready=1 active=1 connL=1 connR=1 otos=1 wedge=0 flags=31 i2cf=69 cyc=3941 tlm=full next=11 done=9 reason=stop
t 90 634761 31 -49 142 19461 706 385 4165 -26 46 69 3942 285 5144 -1400 1300 0 2 0
t 91 634833 31 -50 141 19928 697 394 5707 -56 108 69 3945 243 5219 -2000 2000 0 2 0
thdr seq now flags x y h ox oy oh vl vr i2cf cyc posl posr dutl dutr lexc wrng cycovr
t 92 634905 31 -52 141 20711 685 398 8102 -108 138 69 3948 161 5333 -2100 1900 0 2 0
status ready=1 active=1 connL=1 connR=1 otos=1 wedge=0 flags=31 i2cf=69 cyc=3949 tlm=full next=11 done=9 reason=stop
t 93 634977 31 -53 140 21677 685 398 8102 -110 158 69 3951 55 5469 -1900 1800 0 2 0
t 94 635049 31 -53 140 22651 672 397 11110 -125 148 69 3954 -61 5597 -1900 1500 0 2 0
t 95 635121 31 -53 140 23517 661 388 13956 -108 108 69 3957 -167 5708 -1700 1300 0 2 0
status ready=1 active=1 connL=1 connR=1 otos=1 wedge=0 flags=31 i2cf=69 cyc=3958 tlm=full next=11 done=9 reason=stop
t 96 635193 31 -53 140 24303 661 388 13956 -98 108 69 3960 -264 5808 -1600 1200 0 2 0
t 97 635265 31 -53 139 25034 656 376 16541 -89 92 69 3963 -350 5905 -1600 1100 0 2 0
status ready=1 active=1 connL=1 connR=1 otos=1 wedge=0 flags=31 i2cf=69 cyc=3964 tlm=full next=11 done=9 reason=stop
t 98 635337 31 -53 139 25745 656 376 16541 -92 92 69 3966 -439 5994 -1700 1200 0 2 0
t 99 635409 31 -53 139 26467 657 364 -16950 -92 112 69 3969 -528 6086 -1700 1200 0 2 0
t 100 635481 31 -53 139 27190 663 353 -14335 -102 102 69 3972 -620 6175 -1700 1200 0 2 0
status ready=1 active=1 connL=1 connR=1 otos=1 wedge=0 flags=31 i2cf=69 cyc=3973 tlm=full next=11 done=9 reason=stop
t 101 635553 31 -53 139 27928 663 353 -14335 -89 102 69 3975 -711 6269 -1700 1300 0 2 0
t 102 635625 31 -53 139 28683 673 347 -11785 -92 89 69 3978 -806 6363 -1700 1100 0 2 0
status ready=1 active=1 connL=1 connR=1 otos=1 wedge=0 flags=31 i2cf=69 cyc=3979 tlm=full next=11 done=9 reason=stop
t 103 635697 31 -53 139 29449 673 347 -11785 -89 102 69 3981 -900 6461 -1700 1200 0 2 0
t 104 635769 31 -53 139 30192 686 345 -9126 -112 98 69 3984 -995 6552 -1600 1200 0 2 0
status ready=1 active=1 connL=1 connR=1 otos=1 wedge=0 flags=31 i2cf=69 cyc=3986 tlm=full next=11 done=9 reason=stop
t 105 635841 31 -53 139 30926 697 349 -6536 -92 92 69 3987 -1084 6647 -1600 1100 0 2 0
t 106 635913 31 -53 139 31657 697 349 -6536 -82 108 69 3990 -1173 6741 -1600 1100 0 2 0
t 107 635985 31 -53 139 32363 706 357 -3990 -89 92 69 3993 -1261 6830 -1600 1100 0 2 0
status ready=1 active=1 connL=1 connR=1 otos=1 wedge=0 flags=31 i2cf=69 cyc=3994 tlm=full next=11 done=9 reason=stop
t 108 636057 31 -53 139 33110 710 369 -1448 -92 102 69 3996 -1356 6922 -1700 1100 0 2 0
t 109 636129 31 -53 139 33828 710 369 -1448 -92 108 69 3999 -1445 7013 -1700 1100 0 2 0
status ready=1 active=1 connL=1 connR=1 otos=1 wedge=0 flags=31 i2cf=69 cyc=4001 tlm=full next=11 done=9 reason=stop
t 110 636201 31 -53 139 34539 709 381 1035 -92 108 69 4002 -1534 7102 -1700 1200 0 2 0
thdr seq now flags x y h ox oy oh vl vr i2cf cyc posl posr dutl dutr lexc wrng cycovr
t 111 636273 31 -53 139 35262 709 381 1035 -92 102 69 4005 -1623 7194 -1400 800 0 2 0
t 112 636345 31 -53 139 35900 703 392 3718 -76 84 69 4008 -1700 7277 -1000 400 0 2 0
status ready=1 active=1 connL=1 connR=1 otos=1 wedge=0 flags=31 i2cf=69 cyc=4009 tlm=full next=11 done=9 reason=stop
t 113 636417 31 -53 139 36367 693 399 5985 -56 62 69 4011 -1767 7327 -500 0 0 2 0
t 114 636489 31 -54 139 36515 693 399 5985 -20 0 69 4014 -1795 7336 -400 0 0 2 0
t 115 636561 31 -53 139 36571 681 403 7489 -20 39 72 4017 -1795 7350 -600 500 0 2 0
status ready=1 active=1 connL=1 connR=1 otos=1 wedge=0 flags=31 i2cf=73 cyc=4018 tlm=full next=11 done=9 reason=stop
t 116 636633 31 -53 139 36659 681 403 7489 -20 20 75 4020 -1795 7372 -600 300 0 2 0
t 117 636705 31 -52 139 36759 669 406 8977 -20 30 78 4023 -1795 7397 -400 300 0 2 0
t 118 636755 31 -51 139 36822 656 405 10489 0 0 80 4026 -1795 7413 0 0 0 2 0
status ready=1 active=1 connL=1 connR=1 otos=1 wedge=0 flags=31 i2cf=80 cyc=4027 tlm=full next=11 done=10 reason=stop
t 119 636809 31 -51 139 36834 656 405 10489 0 12 80 4027 -1795 7416 0 0 0 2 0
t 120 636865 31 -51 139 36834 656 405 10489 0 12 80 4027 -1795 7416 0 0 0 2 0
t 121 636921 31 -51 139 36834 645 401 11850 0 12 80 4027 -1795 7416 0 0 0 2 0
status ready=1 active=1 connL=1 connR=1 otos=1 wedge=0 flags=31 i2cf=80 cyc=4027 tlm=full next=11 done=10 reason=stop
t 122 636977 31 -51 139 36834 645 401 11850 0 12 80 4027 -1795 7416 0 0 0 2 0
t 123 637033 31 -51 139 36834 635 393 13195 0 12 80 4027 -1795 7416 0 0 0 2 0
t 124 637089 31 -51 139 36834 635 393 13195 0 12 80 4027 -1795 7416 0 0 0 2 0
status ready=1 active=1 connL=1 connR=1 otos=1 wedge=0 flags=31 i2cf=80 cyc=4027 tlm=full next=11 done=10 reason=stop
t 125 637145 31 -51 139 36834 627 384 14511 0 12 80 4027 -1795 7416 0 0 0 2 0
t 126 637201 31 -51 139 36834 627 384 14511 0 12 80 4027 -1795 7416 0 0 0 2 0
t 127 637257 31 -51 139 36834 622 373 15856 0 12 80 4027 -1795 7416 0 0 0 2 0
status ready=1 active=1 connL=1 connR=1 otos=1 wedge=0 flags=31 i2cf=80 cyc=4027 tlm=full next=11 done=10 reason=stop
t 0 637313 31 -51 139 36834 622 373 15856 0 12 80 4027 -1795 7416 0 0 0 2 0
t 1 637369 31 -51 139 36834 619 361 17201 0 12 80 4027 -1795 7416 0 0 0 2 0
thdr seq now flags x y h ox oy oh vl vr i2cf cyc posl posr dutl dutr lexc wrng cycovr
t 2 637425 31 -51 139 36834 619 361 17201 0 12 80 4027 -1795 7416 0 0 0 2 0
t 3 637477 31 -51 139 36834 619 348 -17433 0 12 80 4027 -1795 7416 0 0 0 2 0
t 4 637533 31 -51 139 36834 619 348 -17433 0 12 80 4027 -1795 7416 0 0 0 2 0
t 5 637589 31 -51 139 36834 622 336 -16088 0 12 80 4027 -1795 7416 0 0 0 2 0
t 6 637645 31 -51 139 36834 622 336 -16088 0 12 80 4027 -1795 7416 0 0 0 2 0
t 7 637701 31 -51 139 36834 627 326 -14772 0 12 80 4027 -1795 7416 0 0 0 2 0
t 8 637757 31 -51 139 36834 627 326 -14772 0 12 80 4027 -1795 7416 0 0 0 2 0
t 9 637813 31 -51 139 36834 635 316 -13427 0 12 80 4027 -1795 7416 0 0 0 2 0
t 10 637869 31 -51 139 36834 635 316 -13427 0 12 80 4027 -1795 7416 0 0 0 2 0
t 11 637925 31 -51 139 36834 645 309 -12083 0 12 80 4027 -1795 7416 0 0 0 2 0
t 12 637981 31 -51 139 36834 645 309 -12083 0 12 80 4027 -1795 7416 0 0 0 2 0
t 13 638037 31 -51 139 36834 657 304 -10738 0 12 80 4027 -1795 7416 0 0 0 2 0
t 14 638093 31 -51 139 36834 657 304 -10738 0 12 80 4027 -1795 7416 0 0 0 2 0
t 15 638149 31 -51 139 36834 669 302 -9422 0 12 80 4027 -1795 7416 0 0 0 2 0
t 16 638205 31 -51 139 36834 669 302 -9422 0 12 80 4027 -1795 7416 0 0 0 2 0
t 17 638261 31 -51 139 36834 669 302 -9422 0 12 80 4027 -1795 7416 0 0 0 2 0
t 18 638317 31 -51 139 36834 681 303 -8048 0 12 80 4027 -1795 7416 0 0 0 2 0
t 19 638373 31 -51 139 36834 681 303 -8048 0 12 80 4027 -1795 7416 0 0 0 2 0
t 20 638429 31 -51 139 36834 693 307 -6732 0 12 80 4027 -1795 7416 0 0 0 2 0
thdr seq now flags x y h ox oy oh vl vr i2cf cyc posl posr dutl dutr lexc wrng cycovr
t 21 638485 31 -51 139 36834 693 307 -6732 0 12 80 4027 -1795 7416 0 0 0 2 0
t 22 638537 31 -51 139 36834 703 313 -5387 0 12 80 4027 -1795 7416 0 0 0 2 0
t 23 638593 31 -51 139 36834 703 313 -5387 0 12 80 4027 -1795 7416 0 0 0 2 0
t 24 638649 31 -51 139 36834 712 321 -4071 0 12 80 4027 -1795 7416 0 0 0 2 0
t 25 638705 31 -51 139 36834 712 321 -4071 0 12 80 4027 -1795 7416 0 0 0 2 0
t 26 638761 31 -51 139 36834 719 332 -2726 0 12 80 4027 -1795 7416 0 0 0 2 0
t 27 638817 31 -51 139 36834 719 332 -2726 0 12 80 4027 -1795 7416 0 0 0 2 0
t 28 638873 31 -51 139 36834 723 343 -1381 0 12 80 4027 -1795 7416 0 0 0 2 0
t 29 638929 31 -51 139 36834 723 343 -1381 0 12 80 4027 -1795 7416 0 0 0 2 0
t 30 638985 31 -51 139 36834 724 356 -36 0 12 80 4027 -1795 7416 0 0 0 2 0
t 31 639041 31 -51 139 36834 724 356 -36 0 12 80 4027 -1795 7416 0 0 0 2 0
t 32 639097 31 -51 139 36834 722 368 1280 0 12 80 4027 -1795 7416 0 0 0 2 0
t 33 639153 31 -51 139 36834 722 368 1280 0 12 80 4027 -1795 7416 0 0 0 2 0
t 34 639209 31 -51 139 36834 718 379 2625 0 12 80 4027 -1795 7416 0 0 0 2 0
t 35 639265 31 -51 139 36834 718 379 2625 0 12 80 4027 -1795 7416 0 0 0 2 0
t 36 639321 31 -51 139 36834 711 389 3970 0 12 80 4027 -1795 7416 0 0 0 2 0
t 37 639377 31 -51 139 36834 711 389 3970 0 12 80 4027 -1795 7416 0 0 0 2 0
t 38 639433 31 -51 139 36834 702 398 5315 0 12 80 4027 -1795 7416 0 0 0 2 0
t 39 639489 31 -51 139 36834 702 398 5315 0 12 80 4027 -1795 7416 0 0 0 2 0
thdr seq now flags x y h ox oy oh vl vr i2cf cyc posl posr dutl dutr lexc wrng cycovr
t 40 639545 31 -51 139 36834 691 404 6632 0 12 80 4027 -1795 7416 0 0 0 2 0
t 41 639597 31 -51 139 36834 691 404 6632 0 12 80 4027 -1795 7416 0 0 0 2 0
t 42 639653 31 -51 139 36834 691 404 6632 0 12 80 4027 -1795 7416 0 0 0 2 0
t 43 639709 31 -51 139 36834 679 407 8006 0 12 80 4027 -1795 7416 0 0 0 2 0
t 44 639765 31 -51 139 36834 679 407 8006 0 12 80 4027 -1795 7416 0 0 0 2 0
t 45 639821 31 -51 139 36834 667 407 9322 0 12 80 4027 -1795 7416 0 0 0 2 0
t 46 639877 31 -51 139 36834 667 407 9322 0 12 80 4027 -1795 7416 0 0 0 2 0
t 47 639933 31 -51 139 36834 655 405 10667 0 12 80 4027 -1795 7416 0 0 0 2 0
t 48 639989 31 -51 139 36834 655 405 10667 0 12 80 4027 -1795 7416 0 0 0 2 0
t 49 640045 31 -51 139 36834 644 400 11983 0 12 80 4027 -1795 7416 0 0 0 2 0
t 50 640101 31 -51 139 36834 644 400 11983 0 12 80 4027 -1795 7416 0 0 0 2 0
t 51 640157 31 -51 139 36834 634 392 13328 0 12 80 4027 -1795 7416 0 0 0 2 0
t 52 640213 31 -51 139 36834 634 392 13328 0 12 80 4027 -1795 7416 0 0 0 2 0
t 53 640269 31 -51 139 36834 627 383 14673 0 12 80 4027 -1795 7416 0 0 0 2 0
t 54 640325 31 -51 139 36834 627 383 14673 0 12 80 4027 -1795 7416 0 0 0 2 0
t 55 640381 31 -51 139 36834 621 372 16018 0 12 80 4027 -1795 7416 0 0 0 2 0
t 56 640437 31 -51 139 36834 621 372 16018 0 12 80 4027 -1795 7416 0 0 0 2 0
t 57 640493 31 -51 139 36834 619 360 17363 0 12 80 4027 -1795 7416 0 0 0 2 0
t 58 640549 31 -51 139 36834 619 360 17363 0 12 80 4027 -1795 7416 0 0 0 2 0
thdr seq now flags x y h ox oy oh vl vr i2cf cyc posl posr dutl dutr lexc wrng cycovr
t 59 640605 31 -51 139 36834 619 347 -17300 0 12 80 4027 -1795 7416 0 0 0 2 0
t 60 640657 31 -51 139 36834 619 347 -17300 0 12 80 4027 -1795 7416 0 0 0 2 0
t 61 640713 31 -51 139 36834 622 335 -15955 0 12 80 4027 -1795 7416 0 0 0 2 0
t 62 640769 31 -51 139 36834 622 335 -15955 0 12 80 4027 -1795 7416 0 0 0 2 0
t 63 640825 31 -51 139 36834 628 324 -14611 0 12 80 4027 -1795 7416 0 0 0 2 0
t 64 640881 31 -51 139 36834 628 324 -14611 0 12 80 4027 -1795 7416 0 0 0 2 0
t 65 640937 31 -51 139 36834 636 315 -13265 0 12 80 4027 -1795 7416 0 0 0 2 0
t 66 640993 31 -51 139 36834 636 315 -13265 0 12 80 4027 -1795 7416 0 0 0 2 0
t 67 641049 31 -51 139 36834 646 308 -11949 0 12 80 4027 -1795 7416 0 0 0 2 0
t 68 641105 31 -51 139 36834 646 308 -11949 0 12 80 4027 -1795 7416 0 0 0 2 0
t 69 641161 31 -51 139 36834 646 308 -11949 0 12 80 4027 -1795 7416 0 0 0 2 0
>>> MOVE_X -400 0 200 8000 #11
t 70 641217 31 -51 139 36834 658 304 -10575 0 12 80 4027 -1795 7416 0 0 0 2 0
ack 11 10 stop
t 71 641286 31 -51 139 36834 670 302 -9259 0 0 80 4029 -1795 7416 -800 -800 0 2 0
DBG:wifi state=0 ip=- peer=-:0 tcp=0/0 to=4 restarts=0 sent=0 rx=0 drop=0 mdns=0/0 cmd= reply=
t 72 641357 31 -53 139 36755 670 302 -9259 -46 -66 81 4032 -1814 7377 -1500 -1500 0 2 0
status ready=1 active=1 connL=1 connR=1 otos=1 wedge=0 flags=31 i2cf=81 cyc=4033 tlm=full next=12 done=10 reason=stop
t 73 641429 31 -59 138 36671 682 307 -7937 -82 -98 81 4035 -1873 7297 -2200 -2100 0 2 0
t 74 641501 31 -69 137 36591 682 307 -7937 -158 -164 81 4038 -1998 7152 -2600 -2400 0 2 0
t 75 641573 31 -82 136 36491 689 326 -6704 -180 -200 81 4041 -2150 6975 -3000 -2700 0 2 0
status ready=1 active=1 connL=1 connR=1 otos=1 wedge=0 flags=31 i2cf=81 cyc=4042 tlm=full next=12 done=10 reason=stop
t 76 641645 31 -98 135 36399 689 352 -5518 -200 -240 81 4044 -2339 6763 -3100 -2700 0 2 0
t 77 641717 31 -114 133 36335 689 352 -5518 -217 -227 81 4047 -2539 6547 -3100 -2400 0 2 0
thdr seq now flags x y h ox oy oh vl vr i2cf cyc posl posr dutl dutr lexc wrng cycovr
t 78 641789 31 -130 133 36323 682 380 -4284 -220 -203 81 4050 -2745 6338 -3000 -2200 0 2 0
status ready=1 active=1 connL=1 connR=1 otos=1 wedge=0 flags=31 i2cf=81 cyc=4051 tlm=full next=12 done=10 reason=stop
t 79 641861 31 -146 132 36359 669 405 -2899 -219 -219 81 4053 -2945 6147 -3000 -2100 0 2 0
t 80 641933 31 -161 131 36447 669 405 -2899 -220 -200 81 4056 -3145 5969 -3000 -2100 0 2 0
status ready=1 active=1 connL=1 connR=1 otos=1 wedge=0 flags=31 i2cf=81 cyc=4057 tlm=full next=12 done=10 reason=stop
t 81 642005 31 -175 129 36547 653 426 -1381 -217 -190 81 4059 -3339 5800 -2900 -2100 0 2 0
t 82 642077 31 -189 128 36635 653 426 -1381 -200 -174 81 4062 -3528 5633 -2800 -2200 0 2 0
t 83 642149 31 -203 126 36691 632 442 89 -220 -180 81 4065 -3717 5458 -2800 -2200 0 2 0
status ready=1 active=1 connL=1 connR=1 otos=1 wedge=0 flags=31 i2cf=81 cyc=4066 tlm=full next=12 done=10 reason=stop
t 84 642221 31 -217 124 36699 608 452 1504 -200 -197 82 4068 -3900 5277 -2700 -2300 0 2 0
t 85 642293 31 -231 122 36735 608 452 1504 -200 -184 82 4071 -4084 5102 -2800 -1900 0 2 0
t 86 642365 31 -245 121 36803 583 455 2840 -190 -181 82 4074 -4267 4936 -2800 -2100 0 2 0
status ready=1 active=1 connL=1 connR=1 otos=1 wedge=0 flags=31 i2cf=82 cyc=4075 tlm=full next=12 done=10 reason=stop
t 87 642437 31 -259 119 36842 583 455 2840 -210 -174 82 4077 -4450 4763 -2800 -2000 0 2 0
t 88 642509 31 -272 117 36866 557 454 4350 -200 -184 82 4080 -4628 4591 -2800 -2100 0 2 0
status ready=1 active=1 connL=1 connR=1 otos=1 wedge=0 flags=31 i2cf=82 cyc=4081 tlm=full next=12 done=10 reason=stop
t 89 642581 31 -287 114 36878 533 444 5723 -200 -200 82 4083 -4814 4408 -2800 -2200 0 2 0
t 90 642653 31 -301 112 36890 533 444 5723 -217 -200 82 4086 -5000 4225 -2700 -2200 0 2 0
t 91 642725 31 -315 110 36866 512 430 7061 -200 -184 82 4089 -5178 4041 -2700 -2200 0 2 0
status ready=1 active=1 connL=1 connR=1 otos=1 wedge=0 flags=31 i2cf=82 cyc=4090 tlm=full next=12 done=10 reason=stop
t 92 642797 31 -330 108 36842 494 411 8415 -200 -200 82 4092 -5361 3852 -2800 -2200 0 2 0
t 93 642869 31 -344 106 36866 494 411 8415 -200 -200 82 4095 -5550 3669 -2700 -2200 0 2 0
status ready=1 active=1 connL=1 connR=1 otos=1 wedge=0 flags=31 i2cf=82 cyc=4096 tlm=full next=12 done=10 reason=stop
t 94 642941 31 -359 103 36870 482 388 9732 -200 -200 82 4098 -5734 3486 -2700 -2200 0 2 0
t 95 643013 31 -373 101 36854 482 388 9732 -191 -194 82 4101 -5914 3302 -2700 -2200 0 2 0
t 96 643085 31 -387 99 36866 475 363 11061 -217 -200 82 4104 -6100 3119 -2500 -1900 0 2 0
status ready=1 active=1 connL=1 connR=1 otos=1 wedge=0 flags=31 i2cf=82 cyc=4105 tlm=full next=12 done=10 reason=stop
thdr seq now flags x y h ox oy oh vl vr i2cf cyc posl posr dutl dutr lexc wrng cycovr
t 97 643157 31 -401 97 36870 474 336 12426 -174 -174 82 4107 -6273 2947 -1900 -1400 0 2 0
t 98 643229 31 -411 95 36878 474 336 12426 -132 -155 82 4110 -6414 2808 -1500 -1200 0 2 0
status ready=1 active=1 connL=1 connR=1 otos=1 wedge=0 flags=31 i2cf=82 cyc=4111 tlm=full next=12 done=10 reason=stop
t 99 643301 31 -420 94 36922 475 315 13781 -108 -102 82 4113 -6528 2705 -1200 -800 0 2 0
t 100 643373 31 -426 93 36914 476 298 15092 -72 -72 82 4116 -6606 2625 -1000 -600 0 2 0
t 101 643445 31 -431 92 36902 476 298 15092 -56 -82 82 4119 -6673 2555 -900 -600 0 2 0
status ready=1 active=1 connL=1 connR=1 otos=1 wedge=0 flags=31 i2cf=82 cyc=4120 tlm=full next=12 done=10 reason=stop
t 102 643517 31 -435 91 36934 479 284 16461 -56 -56 82 4122 -6728 2508 -1000 -700 0 2 0
t 103 643589 31 -439 91 36934 479 284 16461 -36 -46 82 4125 -6775 2461 -900 -600 0 2 0
t 104 643694 31 -443 90 36934 483 271 17776 0 0 82 4131 -6828 2408 0 0 0 2 0
status ready=1 active=0 connL=1 connR=1 otos=1 wedge=0 flags=31 i2cf=82 cyc=4132 tlm=full next=12 done=11 reason=stop
t 105 643745 31 -443 90 36934 488 259 -16920 0 0 82 4132 -6828 2408 0 0 0 2 0
t 106 643801 31 -443 90 36934 488 259 -16920 0 0 82 4132 -6828 2408 0 0 0 2 0
t 107 643857 31 -443 90 36934 492 247 -15577 0 0 82 4132 -6828 2408 0 0 0 2 0
status ready=1 active=0 connL=1 connR=1 otos=1 wedge=0 flags=31 i2cf=82 cyc=4132 tlm=full next=12 done=11 reason=stop
t 108 643913 31 -443 90 36934 492 247 -15577 0 0 82 4132 -6828 2408 0 0 0 2 0
t 109 643969 31 -443 90 36934 499 236 -14232 0 0 82 4132 -6828 2408 0 0 0 2 0
t 110 644025 31 -443 90 36934 499 236 -14232 0 0 82 4132 -6828 2408 0 0 0 2 0
status ready=1 active=0 connL=1 connR=1 otos=1 wedge=0 flags=31 i2cf=82 cyc=4132 tlm=full next=12 done=11 reason=stop
t 111 644081 31 -443 90 36934 508 228 -12887 0 0 82 4132 -6828 2408 0 0 0 2 0
t 112 644137 31 -443 90 36934 508 228 -12887 0 0 82 4132 -6828 2408 0 0 0 2 0
t 113 644193 31 -443 90 36934 518 222 -11571 0 0 82 4132 -6828 2408 0 0 0 2 0
status ready=1 active=0 connL=1 connR=1 otos=1 wedge=0 flags=31 i2cf=82 cyc=4132 tlm=full next=12 done=11 reason=stop
t 114 644249 31 -443 90 36934 518 222 -11571 0 0 82 4132 -6828 2408 0 0 0 2 0
t 115 644305 31 -443 90 36934 530 218 -10226 0 0 82 4132 -6828 2408 0 0 0 2 0
thdr seq now flags x y h ox oy oh vl vr i2cf cyc posl posr dutl dutr lexc wrng cycovr
t 116 644361 31 -443 90 36934 530 218 -10226 0 0 82 4132 -6828 2408 0 0 0 2 0
t 117 644413 31 -443 90 36934 530 218 -10226 0 0 82 4132 -6828 2408 0 0 0 2 0
t 118 644469 31 -443 90 36934 542 217 -8853 0 0 82 4132 -6828 2408 0 0 0 2 0
t 119 644525 31 -443 90 36934 542 217 -8853 0 0 82 4132 -6828 2408 0 0 0 2 0
t 120 644581 31 -443 90 36934 554 219 -7536 0 0 82 4132 -6828 2408 0 0 0 2 0
t 121 644637 31 -443 90 36934 554 219 -7536 0 0 82 4132 -6828 2408 0 0 0 2 0
t 122 644693 31 -443 90 36934 566 224 -6192 0 0 82 4132 -6828 2408 0 0 0 2 0
t 123 644749 31 -443 90 36934 566 224 -6192 0 0 82 4132 -6828 2408 0 0 0 2 0
t 124 644805 31 -443 90 36934 575 231 -4875 0 0 82 4132 -6828 2408 0 0 0 2 0
t 125 644861 31 -443 90 36934 575 231 -4875 0 0 82 4132 -6828 2408 0 0 0 2 0
t 126 644917 31 -443 90 36934 583 240 -3530 0 0 82 4132 -6828 2408 0 0 0 2 0
t 127 644973 31 -443 90 36934 583 240 -3530 0 0 82 4132 -6828 2408 0 0 0 2 0
t 0 645029 31 -443 90 36934 589 251 -2186 0 0 82 4132 -6828 2408 0 0 0 2 0
t 1 645085 31 -443 90 36934 589 251 -2186 0 0 82 4132 -6828 2408 0 0 0 2 0
t 2 645141 31 -443 90 36934 592 263 -841 0 0 82 4132 -6828 2408 0 0 0 2 0
t 3 645197 31 -443 90 36934 592 263 -841 0 0 82 4132 -6828 2408 0 0 0 2 0
t 4 645253 31 -443 90 36934 592 275 475 0 0 82 4132 -6828 2408 0 0 0 2 0
t 5 645309 31 -443 90 36934 592 275 475 0 0 82 4132 -6828 2408 0 0 0 2 0
t 6 645365 31 -443 90 36934 589 287 1820 0 0 82 4132 -6828 2408 0 0 0 2 0
thdr seq now flags x y h ox oy oh vl vr i2cf cyc posl posr dutl dutr lexc wrng cycovr
t 7 645421 31 -443 90 36934 589 287 1820 0 0 82 4132 -6828 2408 0 0 0 2 0
t 8 645473 31 -443 90 36934 584 298 3165 0 0 82 4132 -6828 2408 0 0 0 2 0
t 9 645529 31 -443 90 36934 584 298 3165 0 0 82 4132 -6828 2408 0 0 0 2 0
t 10 645585 31 -443 90 36934 576 308 4510 0 0 82 4132 -6828 2408 0 0 0 2 0
t 11 645641 31 -443 90 36934 576 308 4510 0 0 82 4132 -6828 2408 0 0 0 2 0
t 12 645697 31 -443 90 36934 566 315 5827 0 0 82 4132 -6828 2408 0 0 0 2 0
t 13 645753 31 -443 90 36934 566 315 5827 0 0 82 4132 -6828 2408 0 0 0 2 0
t 14 645809 31 -443 90 36934 555 320 7172 0 0 82 4132 -6828 2408 0 0 0 2 0
t 15 645865 31 -443 90 36934 555 320 7172 0 0 82 4132 -6828 2408 0 0 0 2 0
t 16 645921 31 -443 90 36934 555 320 7172 0 0 82 4132 -6828 2408 0 0 0 2 0
t 17 645977 31 -443 90 36934 543 322 8545 0 0 82 4132 -6828 2408 0 0 0 2 0
t 18 646033 31 -443 90 36934 543 322 8545 0 0 82 4132 -6828 2408 0 0 0 2 0
t 19 646089 31 -443 90 36934 531 322 9862 0 0 82 4132 -6828 2408 0 0 0 2 0
t 20 646145 31 -443 90 36934 531 322 9862 0 0 82 4132 -6828 2408 0 0 0 2 0
t 21 646201 31 -443 90 36934 519 318 11178 0 0 82 4132 -6828 2408 0 0 0 2 0
t 22 646257 31 -443 90 36934 519 318 11178 0 0 82 4132 -6828 2408 0 0 0 2 0
t 23 646313 31 -443 90 36934 508 312 12523 0 0 82 4132 -6828 2408 0 0 0 2 0
t 24 646369 31 -443 90 36934 508 312 12523 0 0 82 4132 -6828 2408 0 0 0 2 0
t 25 646425 31 -443 90 36934 499 304 13868 0 0 82 4132 -6828 2408 0 0 0 2 0
thdr seq now flags x y h ox oy oh vl vr i2cf cyc posl posr dutl dutr lexc wrng cycovr
t 26 646481 31 -443 90 36934 499 304 13868 0 0 82 4132 -6828 2408 0 0 0 2 0
t 27 646533 31 -443 90 36934 493 293 15213 0 0 82 4132 -6828 2408 0 0 0 2 0
t 28 646589 31 -443 90 36934 493 293 15213 0 0 82 4132 -6828 2408 0 0 0 2 0
t 29 646645 31 -443 90 36934 488 282 16529 0 0 82 4132 -6828 2408 0 0 0 2 0
t 30 646701 31 -443 90 36934 488 282 16529 0 0 82 4132 -6828 2408 0 0 0 2 0
t 31 646757 31 -443 90 36934 487 270 17873 0 0 82 4132 -6828 2408 0 0 0 2 0
t 32 646813 31 -443 90 36934 487 270 17873 0 0 82 4132 -6828 2408 0 0 0 2 0
t 33 646869 31 -443 90 36934 488 257 -16761 0 0 82 4132 -6828 2408 0 0 0 2 0
t 34 646925 31 -443 90 36934 488 257 -16761 0 0 82 4132 -6828 2408 0 0 0 2 0
t 35 646981 31 -443 90 36934 493 246 -15416 0 0 82 4132 -6828 2408 0 0 0 2 0
t 36 647037 31 -443 90 36934 493 246 -15416 0 0 82 4132 -6828 2408 0 0 0 2 0
t 37 647093 31 -443 90 36934 500 235 -14071 0 0 82 4132 -6828 2408 0 0 0 2 0
t 38 647149 31 -443 90 36934 500 235 -14071 0 0 82 4132 -6828 2408 0 0 0 2 0
t 39 647205 31 -443 90 36934 509 227 -12755 0 0 82 4132 -6828 2408 0 0 0 2 0
t 40 647261 31 -443 90 36934 509 227 -12755 0 0 82 4132 -6828 2408 0 0 0 2 0
t 41 647317 31 -443 90 36934 519 221 -11410 0 0 82 4132 -6828 2408 0 0 0 2 0
t 42 647373 31 -443 90 36934 519 221 -11410 0 0 82 4132 -6828 2408 0 0 0 2 0
t 43 647429 31 -443 90 36934 519 221 -11410 0 0 82 4132 -6828 2408 0 0 0 2 0
t 44 647485 31 -443 90 36934 531 218 -10036 0 0 82 4132 -6828 2408 0 0 0 2 0
thdr seq now flags x y h ox oy oh vl vr i2cf cyc posl posr dutl dutr lexc wrng cycovr
t 45 647541 31 -443 90 36934 531 218 -10036 0 0 82 4132 -6828 2408 0 0 0 2 0
t 46 647593 31 -443 90 36934 543 217 -8720 0 0 82 4132 -6828 2408 0 0 0 2 0
t 47 647649 31 -443 90 36934 543 217 -8720 0 0 82 4132 -6828 2408 0 0 0 2 0
t 48 647705 31 -443 90 36934 555 219 -7404 0 0 82 4132 -6828 2408 0 0 0 2 0
t 49 647761 31 -443 90 36934 555 219 -7404 0 0 82 4132 -6828 2408 0 0 0 2 0
t 50 647817 31 -443 90 36934 567 224 -6059 0 0 82 4132 -6828 2408 0 0 0 2 0
t 51 647873 31 -443 90 36934 567 224 -6059 0 0 82 4132 -6828 2408 0 0 0 2 0
t 52 647929 31 -443 90 36934 576 232 -4714 0 0 82 4132 -6828 2408 0 0 0 2 0
t 53 647985 31 -443 90 36934 576 232 -4714 0 0 82 4132 -6828 2408 0 0 0 2 0
t 54 648041 31 -443 90 36934 584 241 -3369 0 0 82 4132 -6828 2408 0 0 0 2 0
t 55 648097 31 -443 90 36934 584 241 -3369 0 0 82 4132 -6828 2408 0 0 0 2 0
t 56 648153 31 -443 90 36934 589 252 -2052 0 0 82 4132 -6828 2408 0 0 0 2 0
t 57 648209 31 -443 90 36934 589 252 -2052 0 0 82 4132 -6828 2408 0 0 0 2 0
t 58 648265 31 -443 90 36934 592 264 -708 0 0 82 4132 -6828 2408 0 0 0 2 0
t 59 648321 31 -443 90 36934 592 264 -708 0 0 82 4132 -6828 2408 0 0 0 2 0
t 60 648377 31 -443 90 36934 592 277 637 0 0 82 4132 -6828 2408 0 0 0 2 0
t 61 648433 31 -443 90 36934 592 277 637 0 0 82 4132 -6828 2408 0 0 0 2 0
t 62 648489 31 -443 90 36934 589 289 1982 0 0 82 4132 -6828 2408 0 0 0 2 0
t 63 648545 31 -443 90 36934 589 289 1982 0 0 82 4132 -6828 2408 0 0 0 2 0
thdr seq now flags x y h ox oy oh vl vr i2cf cyc posl posr dutl dutr lexc wrng cycovr
t 64 648601 31 -443 90 36934 583 299 3298 0 0 82 4132 -6828 2408 0 0 0 2 0
t 65 648653 31 -443 90 36934 583 299 3298 0 0 82 4132 -6828 2408 0 0 0 2 0
t 66 648709 31 -443 90 36934 575 309 4643 0 0 82 4132 -6828 2408 0 0 0 2 0
t 67 648765 31 -443 90 36934 575 309 4643 0 0 82 4132 -6828 2408 0 0 0 2 0
t 68 648821 31 -443 90 36934 575 309 4643 0 0 82 4132 -6828 2408 0 0 0 2 0
t 69 648877 31 -443 90 36934 565 316 6017 0 0 82 4132 -6828 2408 0 0 0 2 0
t 70 648933 31 -443 90 36934 565 316 6017 0 0 82 4132 -6828 2408 0 0 0 2 0
t 71 648989 31 -443 90 36934 554 320 7334 0 0 82 4132 -6828 2408 0 0 0 2 0
t 72 649045 31 -443 90 36934 554 320 7334 0 0 82 4132 -6828 2408 0 0 0 2 0
t 73 649101 31 -443 90 36934 542 322 8650 0 0 82 4132 -6828 2408 0 0 0 2 0
t 74 649157 31 -443 90 36934 542 322 8650 0 0 82 4132 -6828 2408 0 0 0 2 0
t 75 649213 31 -443 90 36934 529 321 9995 0 0 82 4132 -6828 2408 0 0 0 2 0
>>> MOVE_X 400 0 200 8000 #12
t 76 649269 31 -443 90 36934 529 321 9995 0 0 82 4132 -6828 2408 0 0 0 2 0
ack 12 11 stop
t 77 649337 31 -443 90 36934 518 318 11340 0 0 82 4134 -6828 2408 800 800 0 2 0
t 78 649409 31 -441 91 37034 507 312 12688 39 66 82 4137 -6811 2450 1600 1500 0 2 0
t 79 649481 31 -435 92 37078 507 312 12688 121 128 82 4140 -6736 2536 2300 2000 0 2 0
status ready=1 active=1 connL=1 connR=1 otos=1 wedge=0 flags=31 i2cf=82 cyc=4141 tlm=full next=13 done=11 reason=stop
t 80 649553 31 -424 94 37154 489 313 14079 164 181 82 4143 -6611 2680 2600 2400 0 2 0
t 81 649625 31 -411 96 37246 489 313 14079 181 200 82 4146 -6456 2858 3000 2700 0 2 0
status ready=1 active=1 connL=1 connR=1 otos=1 wedge=0 flags=31 i2cf=82 cyc=4147 tlm=full next=13 done=11 reason=stop
t 82 649697 31 -396 100 37310 464 313 15581 190 226 82 4149 -6267 3063 3100 2700 0 2 0
thdr seq now flags x y h ox oy oh vl vr i2cf cyc posl posr dutl dutr lexc wrng cycovr
t 83 649769 31 -380 104 37357 436 309 16990 226 246 82 4152 -6059 3283 3100 2400 0 2 0
status ready=1 active=1 connL=1 connR=1 otos=1 wedge=0 flags=31 i2cf=82 cyc=4154 tlm=full next=13 done=11 reason=stop
t 84 649841 31 -364 107 37357 436 309 16990 211 219 82 4155 -5856 3486 3000 2300 0 2 0
t 85 649913 31 -349 111 37326 409 299 -17617 217 204 82 4158 -5659 3675 2900 2100 0 2 0
t 86 649985 31 -335 114 37286 388 283 -16342 210 200 82 4161 -5461 3863 2900 2100 0 2 0
status ready=1 active=1 connL=1 connR=1 otos=1 wedge=0 flags=31 i2cf=82 cyc=4162 tlm=full next=13 done=11 reason=stop
t 87 650057 31 -321 118 37214 388 283 -16342 210 184 82 4164 -5270 4036 2800 2100 0 2 0
t 88 650129 31 -307 121 37166 372 264 -15106 210 181 82 4167 -5081 4213 2800 2100 0 2 0
status ready=1 active=1 connL=1 connR=1 otos=1 wedge=0 flags=31 i2cf=82 cyc=4168 tlm=full next=13 done=11 reason=stop
t 89 650201 31 -293 123 37122 372 264 -15106 200 190 82 4170 -4895 4388 2800 2100 0 2 0
t 90 650273 31 -279 126 37066 360 242 -13876 203 184 82 4173 -4711 4558 2800 2200 0 2 0
t 91 650345 31 -265 129 37066 353 217 -12559 200 200 82 4176 -4528 4741 2800 2200 0 2 0
status ready=1 active=1 connL=1 connR=1 otos=1 wedge=0 flags=31 i2cf=82 cyc=4177 tlm=full next=13 done=11 reason=stop
t 92 650417 31 -250 131 37046 353 217 -12559 194 203 82 4179 -4339 4925 2800 2200 0 2 0
t 93 650489 31 -236 134 37022 353 193 -11308 190 200 82 4182 -4156 5102 2800 2200 0 2 0
t 94 650561 31 -222 136 36990 353 193 -11308 210 190 82 4185 -3970 5280 2800 2300 0 2 0
status ready=1 active=1 connL=1 connR=1 otos=1 wedge=0 flags=31 i2cf=82 cyc=4186 tlm=full next=13 done=11 reason=stop
t 95 650633 31 -208 139 36986 357 167 -9975 194 217 82 4188 -3786 5463 2800 2300 0 2 0
t 96 650705 31 -193 141 36970 368 145 -8639 200 220 82 4191 -3598 5647 2800 2300 0 2 0
status ready=1 active=1 connL=1 connR=1 otos=1 wedge=0 flags=31 i2cf=82 cyc=4192 tlm=full next=13 done=11 reason=stop
t 97 650777 31 -180 143 36958 368 145 -8639 200 203 82 4194 -3417 5825 2700 2300 0 2 0
t 98 650849 31 -165 146 36978 383 125 -7328 200 200 82 4197 -3234 6013 2800 2300 0 2 0
t 99 650921 31 -150 148 36966 404 108 -5953 226 210 82 4200 -3042 6202 2800 2200 0 2 0
status ready=1 active=1 connL=1 connR=1 otos=1 wedge=0 flags=31 i2cf=82 cyc=4201 tlm=full next=13 done=11 reason=stop
t 100 650993 31 -136 151 36978 404 108 -5953 184 200 82 4203 -2861 6386 2700 2200 0 2 0
t 101 651065 31 -122 153 36970 426 96 -4624 216 230 82 4206 -2673 6572 2600 2200 0 2 0
thdr seq now flags x y h ox oy oh vl vr i2cf cyc posl posr dutl dutr lexc wrng cycovr
t 102 651137 31 -108 156 36970 426 96 -4624 200 174 82 4209 -2495 6750 2400 1800 0 2 0
status ready=1 active=1 connL=1 connR=1 otos=1 wedge=0 flags=31 i2cf=82 cyc=4210 tlm=full next=13 done=11 reason=stop
t 103 651209 31 -95 158 36942 452 91 -3200 180 172 82 4212 -2325 6913 2000 1500 0 2 0
t 104 651281 31 -85 159 36934 474 94 -1887 128 131 83 4215 -2195 7041 1500 1200 0 2 0
DBG:wifi state=0 ip=- peer=-:0 tcp=0/0 to=4 restarts=0 sent=0 rx=0 drop=0 mdns=0/0 cmd= reply=
t 105 651331 31 -79 160 36910 474 94 -1887 109 108 83 4217 -2117 7113 1300 600 0 2 0
status ready=1 active=1 connL=1 connR=1 otos=1 wedge=0 flags=31 i2cf=83 cyc=4218 tlm=full next=13 done=11 reason=stop
t 106 651401 31 -73 161 36878 488 103 -540 70 70 83 4220 -2034 7188 1200 600 0 2 0
t 107 651473 31 -67 162 36854 488 103 -540 66 62 83 4223 -1961 7255 900 500 0 2 0
t 108 651545 31 -63 163 36834 495 115 735 56 56 83 4226 -1903 7308 800 400 0 2 0
status ready=1 active=1 connL=1 connR=1 otos=1 wedge=0 flags=31 i2cf=83 cyc=4227 tlm=full next=13 done=11 reason=stop
t 109 651617 31 -60 163 36823 497 128 2027 56 53 83 4229 -1856 7352 900 500 0 2 0
status ready=1 active=0 connL=1 connR=1 otos=1 wedge=0 flags=31 i2cf=83 cyc=4236 tlm=full next=13 done=12 reason=stop
t 110 651746 31 -54 164 36834 497 142 3420 0 0 83 4236 -1781 7430 0 0 0 2 0
t 111 651801 31 -54 164 36834 497 142 3420 0 0 83 4236 -1781 7430 0 0 0 2 0
t 112 651857 31 -54 164 36834 490 151 4761 0 0 83 4236 -1781 7430 0 0 0 2 0
t 113 651913 31 -54 164 36834 490 151 4761 0 0 83 4236 -1781 7430 0 0 0 2 0
status ready=1 active=0 connL=1 connR=1 otos=1 wedge=0 flags=31 i2cf=83 cyc=4236 tlm=full next=13 done=12 reason=stop
t 114 651969 31 -54 164 36834 479 158 6107 0 0 83 4236 -1781 7430 0 0 0 2 0
t 115 652025 31 -54 164 36834 479 158 6107 0 0 83 4236 -1781 7430 0 0 0 2 0
t 116 652081 31 -54 164 36834 468 162 7423 0 0 83 4236 -1781 7430 0 0 0 2 0
status ready=1 active=0 connL=1 connR=1 otos=1 wedge=0 flags=31 i2cf=83 cyc=4236 tlm=full next=13 done=12 reason=stop
t 117 652137 31 -54 164 36834 468 162 7423 0 0 83 4236 -1781 7430 0 0 0 2 0
t 118 652193 31 -54 164 36834 468 162 7423 0 0 83 4236 -1781 7430 0 0 0 2 0
t 119 652249 31 -54 164 36834 456 164 8797 0 0 83 4236 -1781 7430 0 0 0 2 0
status ready=1 active=0 connL=1 connR=1 otos=1 wedge=0 flags=31 i2cf=83 cyc=4236 tlm=full next=13 done=12 reason=stop
t 120 652305 31 -54 164 36834 456 164 8797 0 0 83 4236 -1781 7430 0 0 0 2 0
thdr seq now flags x y h ox oy oh vl vr i2cf cyc posl posr dutl dutr lexc wrng cycovr
t 121 652361 31 -54 164 36834 444 163 10113 0 0 83 4236 -1781 7430 0 0 0 2 0
t 122 652413 31 -54 164 36834 444 163 10113 0 0 83 4236 -1781 7430 0 0 0 2 0
status ready=1 active=0 connL=1 connR=1 otos=1 wedge=0 flags=31 i2cf=83 cyc=4236 tlm=full next=13 done=12 reason=stop
t 123 652469 31 -54 164 36834 432 159 11458 0 0 83 4236 -1781 7430 0 0 0 2 0
t 124 652525 31 -54 164 36834 432 159 11458 0 0 83 4236 -1781 7430 0 0 0 2 0
t 125 652581 31 -54 164 36834 421 152 12803 0 0 83 4236 -1781 7430 0 0 0 2 0
t 126 652637 31 -54 164 36834 421 152 12803 0 0 83 4236 -1781 7430 0 0 0 2 0
t 127 652693 31 -54 164 36834 413 144 14119 0 0 83 4236 -1781 7430 0 0 0 2 0
t 0 652749 31 -54 164 36834 413 144 14119 0 0 83 4236 -1781 7430 0 0 0 2 0
t 1 652805 31 -54 164 36834 407 133 15464 0 0 83 4236 -1781 7430 0 0 0 2 0
t 2 652861 31 -54 164 36834 407 133 15464 0 0 83 4236 -1781 7430 0 0 0 2 0
t 3 652917 31 -54 164 36834 403 121 16809 0 0 83 4236 -1781 7430 0 0 0 2 0
t 4 652973 31 -54 164 36834 403 121 16809 0 0 83 4236 -1781 7430 0 0 0 2 0
t 5 653029 31 -54 164 36834 402 109 -17824 0 0 83 4236 -1781 7430 0 0 0 2 0
t 6 653085 31 -54 164 36834 402 109 -17824 0 0 83 4236 -1781 7430 0 0 0 2 0
t 7 653141 31 -54 164 36834 404 97 -16508 0 0 83 4236 -1781 7430 0 0 0 2 0
t 8 653197 31 -54 164 36834 404 97 -16508 0 0 83 4236 -1781 7430 0 0 0 2 0
t 9 653253 31 -54 164 36834 409 85 -15163 0 0 83 4236 -1781 7430 0 0 0 2 0
t 10 653309 31 -54 164 36834 409 85 -15163 0 0 83 4236 -1781 7430 0 0 0 2 0
t 11 653365 31 -54 164 36834 416 75 -13818 0 0 83 4236 -1781 7430 0 0 0 2 0
thdr seq now flags x y h ox oy oh vl vr i2cf cyc posl posr dutl dutr lexc wrng cycovr
t 12 653421 31 -54 164 36834 416 75 -13818 0 0 83 4236 -1781 7430 0 0 0 2 0
t 13 653473 31 -54 164 36834 426 67 -12473 0 0 83 4236 -1781 7430 0 0 0 2 0
t 14 653529 31 -54 164 36834 426 67 -12473 0 0 83 4236 -1781 7430 0 0 0 2 0
t 15 653585 31 -54 164 36834 426 67 -12473 0 0 83 4236 -1781 7430 0 0 0 2 0
t 16 653641 31 -54 164 36834 437 62 -11129 0 0 83 4236 -1781 7430 0 0 0 2 0
t 17 653697 31 -54 164 36834 437 62 -11129 0 0 83 4236 -1781 7430 0 0 0 2 0
t 18 653753 31 -54 164 36834 449 59 -9812 0 0 83 4236 -1781 7430 0 0 0 2 0
t 19 653809 31 -54 164 36834 449 59 -9812 0 0 83 4236 -1781 7430 0 0 0 2 0
t 20 653865 31 -54 164 36834 461 59 -8467 0 0 83 4236 -1781 7430 0 0 0 2 0
t 21 653921 31 -54 164 36834 461 59 -8467 0 0 83 4236 -1781 7430 0 0 0 2 0
t 22 653977 31 -54 164 36834 473 62 -7122 0 0 83 4236 -1781 7430 0 0 0 2 0
t 23 654033 31 -54 164 36834 473 62 -7122 0 0 83 4236 -1781 7430 0 0 0 2 0
t 24 654089 31 -54 164 36834 484 67 -5806 0 0 83 4236 -1781 7430 0 0 0 2 0
t 25 654145 31 -54 164 36834 484 67 -5806 0 0 83 4236 -1781 7430 0 0 0 2 0
t 26 654201 31 -54 164 36834 493 75 -4461 0 0 83 4236 -1781 7430 0 0 0 2 0
t 27 654257 31 -54 164 36834 493 75 -4461 0 0 83 4236 -1781 7430 0 0 0 2 0
ack 13 12 stop
