RUN:clearestop -> ESTOP:cleared
STATUS pre: status ready=1 active=0 connL=1 connR=1 otos=1 wedge=0 flags=31 i2cf=245 cyc=13976 tlm=off next=1 done=35 reason=timeout
ack 1 35 timeout
get accel 400.000031
GET accel lines: ['ack 1 35 timeout', 'get accel 400.000031']
pose before (21.98,-14.97,58.69)
ack 2 35 timeout
t 127 4147315 31 -338 11 172637 79 364 11925 0 0 245 13976 -29075 16805 0 0 0 0 0
t 0 4147371 31 -338 11 172637 79 364 11925 0 0 245 13976 -29075 16805 0 0 0 0 0
t 1 4147427 31 -338 11 172637 79 364 11925 0 0 245 13976 -29075 16805 0 0 0 0 0
t 2 4147483 31 -338 11 172637 79 364 11925 0 0 245 13976 -29075 16805 0 0 0 0 0
t 3 4147539 31 -338 11 172637 79 364 11925 0 0 245 13976 -29075 16805 0 0 0 0 0
thdr seq now flags x y h ox oy oh vl vr i2cf cyc posl posr dutl dutr lexc wrng cycovr
t 4 4147595 31 -338 11 172637 79 364 11926 0 0 245 13976 -29075 16805 0 0 0 0 0
t 5 4147647 31 -338 11 172637 79 364 11926 0 0 245 13976 -29075 16805 0 0 0 0 0
t 6 4147703 31 -338 11 172637 79 364 11926 0 0 245 13976 -29075 16805 0 0 0 0 0
ack 3 35 timeout
t 7 4147771 31 -338 11 172637 79 364 11926 0 0 245 13978 -29075 16805 300 300 0 0 0
t 8 4147843 31 -338 10 172576 79 364 11926 26 0 246 13981 -29059 16805 500 600 0 0 0
t 9 4147915 31 -337 9 172512 79 363 11832 30 2 248 13984 -29039 16808 900 1000 0 0 0
t 10 4147987 31 -337 6 172475 79 363 11832 62 46 248 13987 -28998 16839 1500 1800 0 0 0
t 11 4148059 31 -335 1 172430 82 359 11622 92 108 248 13990 -28920 16905 1800 2400 0 0 0
t 12 4148131 31 -333 -8 172377 82 359 11622 135 128 248 13993 -28795 17016 2100 2800 0 0 0
t 13 4148203 31 -330 -19 172381 87 346 11543 154 174 248 13996 -28648 17164 2400 3100 0 0 0
t 14 4148275 31 -327 -33 172358 95 330 11536 207 184 248 13999 -28473 17333 2600 3300 0 0 0
t 15 4148347 31 -324 -47 172407 95 330 11536 200 200 248 14002 -28292 17527 2600 3300 0 0 0
t 16 4148419 31 -320 -62 172411 104 309 11525 207 210 248 14005 -28098 17722 2400 3300 0 0 0
t 17 4148491 31 -316 -76 172463 113 290 11585 190 210 248 14008 -27920 17914 2300 3200 0 0 0
t 18 4148563 31 -312 -90 172558 113 290 11585 190 210 248 14011 -27745 18114 2400 3100 0 0 0
t 19 4148635 31 -309 -103 172640 122 270 11757 181 210 248 14014 -27581 18300 2600 3100 0 0 0
t 20 4148707 31 -305 -117 172640 131 250 11814 200 190 248 14017 -27398 18483 2600 2900 0 0 0
t 21 4148779 31 -300 -131 172618 131 250 11814 220 194 248 14020 -27214 18661 2600 3000 0 0 0
t 22 4148851 31 -296 -145 172618 141 231 11763 200 200 248 14023 -27031 18844 2600 3100 0 0 0
thdr seq now flags x y h ox oy oh vl vr i2cf cyc posl posr dutl dutr lexc wrng cycovr
t 23 4148923 31 -293 -159 172565 151 211 11741 210 200 248 14026 -26839 19022 2500 3200 0 0 0
t 24 4148995 31 -288 -173 172606 151 211 11741 194 217 248 14029 -26656 19216 2500 3100 0 0 0
t 25 4149067 31 -285 -187 172618 160 192 11782 200 200 248 14032 -26475 19400 2400 3000 0 0 0
t 26 4149139 31 -281 -201 172618 160 192 11782 190 180 248 14035 -26292 19583 2400 3000 0 0 0
t 27 4149211 31 -276 -215 172629 170 172 11802 200 210 248 14038 -26106 19772 2400 3000 0 0 0
t 28 4149283 31 -272 -229 172618 180 152 11835 200 200 248 14041 -25920 19955 2400 3000 0 0 0
t 29 4149355 31 -268 -243 172625 180 152 11835 204 207 248 14044 -25736 20141 2400 3000 0 0 0
t 30 4149427 31 -264 -257 172629 189 133 11851 200 200 248 14047 -25556 20322 2400 2900 0 0 0
t 31 4149499 31 -260 -270 172659 200 114 11852 181 200 248 14050 -25381 20505 2400 3000 0 0 0
t 32 4149571 31 -256 -284 172640 200 114 11852 210 220 248 14053 -25192 20689 2400 3100 0 0 0
t 33 4149643 31 -252 -298 172618 210 95 11829 190 200 248 14056 -25009 20866 2300 3000 0 0 0
t 34 4149715 31 -248 -312 172629 220 75 11842 200 200 248 14059 -24823 21055 2400 3000 0 0 0
t 35 4149892 31 -242 -331 172700 228 59 11878 0 0 248 14070 -24575 21322 0 0 0 0 0
t 36 4149947 31 -242 -331 172700 229 57 11954 0 0 248 14070 -24575 21322 0 0 0 0 0
t 37 4150003 31 -242 -331 172700 229 57 11954 0 0 248 14070 -24575 21322 0 0 0 0 0
t 38 4150059 31 -242 -331 172700 229 57 11954 0 0 248 14070 -24575 21322 0 0 0 0 0
t 39 4150115 31 -242 -331 172700 229 57 11954 0 0 248 14070 -24575 21322 0 0 0 0 0
t 40 4150171 31 -242 -331 172700 229 57 11955 0 0 248 14070 -24575 21322 0 0 0 0 0
t 41 4150227 31 -242 -331 172700 229 57 11955 0 0 248 14070 -24575 21322 0 0 0 0 0
thdr seq now flags x y h ox oy oh vl vr i2cf cyc posl posr dutl dutr lexc wrng cycovr
t 42 4150283 31 -242 -331 172700 229 57 11956 0 0 248 14070 -24575 21322 0 0 0 0 0
t 43 4150335 31 -242 -331 172700 229 57 11956 0 0 248 14070 -24575 21322 0 0 0 0 0
t 44 4150391 31 -242 -331 172700 229 57 11956 0 0 248 14070 -24575 21322 0 0 0 0 0
t 45 4150447 31 -242 -331 172700 229 57 11956 0 0 248 14070 -24575 21322 0 0 0 0 0
WHEELS_V 200 200 2000 ack seen: True
t 46 4150503 31 -242 -331 172700 229 57 11956 0 0 248 14070 -24575 21322 0 0 0 0 0
DBG:wifi state=0 ip=- peer=-:0 tcp=0/0 to=4 restarts=0 sent=0 rx=0 drop=0 mdns=0/0 cmd= reply=
t 47 4150559 31 -242 -331 172700 229 57 11956 0 0 248 14070 -24575 21322 0 0 0 0 0
t 48 4150615 31 -242 -331 172700 229 57 11956 0 0 248 14070 -24575 21322 0 0 0 0 0
t 49 4150671 31 -242 -331 172700 229 57 11956 0 0 248 14070 -24575 21322 0 0 0 0 0
t 50 4150727 31 -242 -331 172700 229 57 11956 0 0 248 14070 -24575 21322 0 0 0 0 0
t 51 4150783 31 -242 -331 172700 229 57 11956 0 0 248 14070 -24575 21322 0 0 0 0 0
t 52 4150839 31 -242 -331 172700 229 57 11956 0 0 248 14070 -24575 21322 0 0 0 0 0
t 53 4150895 31 -242 -331 172700 229 57 11956 0 0 248 14070 -24575 21322 0 0 0 0 0
t 54 4150951 31 -242 -331 172700 229 57 11957 0 0 248 14070 -24575 21322 0 0 0 0 0
t 55 4151007 31 -242 -331 172700 229 57 11957 0 0 248 14070 -24575 21322 0 0 0 0 0
t 56 4151063 31 -242 -331 172700 229 57 11957 0 0 248 14070 -24575 21322 0 0 0 0 0
t 57 4151119 31 -242 -331 172700 229 57 11957 0 0 248 14070 -24575 21322 0 0 0 0 0
t 58 4151175 31 -242 -331 172700 229 57 11957 0 0 248 14070 -24575 21322 0 0 0 0 0
t 59 4151231 31 -242 -331 172700 229 57 11957 0 0 248 14070 -24575 21322 0 0 0 0 0
t 60 4151287 31 -242 -331 172700 229 57 11957 0 0 248 14070 -24575 21322 0 0 0 0 0
thdr seq now flags x y h ox oy oh vl vr i2cf cyc posl posr dutl dutr lexc wrng cycovr
t 61 4151343 31 -242 -331 172700 229 57 11957 0 0 248 14070 -24575 21322 0 0 0 0 0
t 62 4151395 31 -242 -331 172700 229 57 11957 0 0 248 14070 -24575 21322 0 0 0 0 0
t 63 4151451 31 -242 -331 172700 229 57 11957 0 0 248 14070 -24575 21322 0 0 0 0 0
t 64 4151507 31 -242 -331 172700 229 57 11957 0 0 248 14070 -24575 21322 0 0 0 0 0
t 65 4151563 31 -242 -331 172700 229 57 11958 0 0 248 14070 -24575 21322 0 0 0 0 0
t 66 4151619 31 -242 -331 172700 229 57 11958 0 0 248 14070 -24575 21322 0 0 0 0 0
t 67 4151675 31 -242 -331 172700 229 57 11958 0 0 248 14070 -24575 21322 0 0 0 0 0
t 68 4151731 31 -242 -331 172700 229 57 11958 0 0 248 14070 -24575 21322 0 0 0 0 0
t 69 4151787 31 -242 -331 172700 229 57 11958 0 0 248 14070 -24575 21322 0 0 0 0 0
t 70 4151843 31 -242 -331 172700 229 57 11958 0 0 248 14070 -24575 21322 0 0 0 0 0
t 71 4151899 31 -242 -331 172700 229 57 11958 0 0 248 14070 -24575 21322 0 0 0 0 0
t 72 4151955 31 -242 -331 172700 229 57 11958 0 0 248 14070 -24575 21322 0 0 0 0 0
t 73 4152011 31 -242 -331 172700 229 57 11958 0 0 248 14070 -24575 21322 0 0 0 0 0
t 74 4152067 31 -242 -331 172700 229 57 11958 0 0 248 14070 -24575 21322 0 0 0 0 0
t 75 4152123 31 -242 -331 172700 229 57 11959 0 0 248 14070 -24575 21322 0 0 0 0 0
t 76 4152179 31 -242 -331 172700 229 57 11959 0 0 248 14070 -24575 21322 0 0 0 0 0
t 77 4152235 31 -242 -331 172700 229 57 11959 0 0 248 14070 -24575 21322 0 0 0 0 0
t 78 4152291 31 -242 -331 172700 229 57 11959 0 0 248 14070 -24575 21322 0 0 0 0 0
t 79 4152347 31 -242 -331 172700 229 57 11959 0 0 248 14070 -24575 21322 0 0 0 0 0
thdr seq now flags x y h ox oy oh vl vr i2cf cyc posl posr dutl dutr lexc wrng cycovr
t 80 4152403 31 -242 -331 172700 229 57 11959 0 0 248 14070 -24575 21322 0 0 0 0 0
t 81 4152455 31 -242 -331 172700 229 57 11959 0 0 248 14070 -24575 21322 0 0 0 0 0
t 82 4152511 31 -242 -331 172700 229 57 11959 0 0 248 14070 -24575 21322 0 0 0 0 0
t 83 4152567 31 -242 -331 172700 229 57 11959 0 0 248 14070 -24575 21322 0 0 0 0 0
t 84 4152623 31 -242 -331 172700 229 57 11959 0 0 248 14070 -24575 21322 0 0 0 0 0
t 85 4152679 31 -242 -331 172700 229 57 11959 0 0 248 14070 -24575 21322 0 0 0 0 0
t 86 4152735 31 -242 -331 172700 229 57 11959 0 0 248 14070 -24575 21322 0 0 0 0 0
t 87 4152791 31 -242 -331 172700 229 57 11959 0 0 248 14070 -24575 21322 0 0 0 0 0
t 88 4152847 31 -242 -331 172700 229 57 11959 0 0 248 14070 -24575 21322 0 0 0 0 0
t 89 4152903 31 -242 -331 172700 229 57 11960 0 0 248 14070 -24575 21322 0 0 0 0 0
t 90 4152959 31 -242 -331 172700 229 57 11960 0 0 248 14070 -24575 21322 0 0 0 0 0
t 91 4153015 31 -242 -331 172700 229 57 11960 0 0 248 14070 -24575 21322 0 0 0 0 0
t 92 4153071 31 -242 -331 172700 229 57 11960 0 0 248 14070 -24575 21322 0 0 0 0 0
t 93 4153127 31 -242 -331 172700 229 57 11961 0 0 248 14070 -24575 21322 0 0 0 0 0
t 94 4153183 31 -242 -331 172700 229 57 11961 0 0 248 14070 -24575 21322 0 0 0 0 0
t 95 4153239 31 -242 -331 172700 229 57 11961 0 0 248 14070 -24575 21322 0 0 0 0 0
t 96 4153295 31 -242 -331 172700 229 57 11961 0 0 248 14070 -24575 21322 0 0 0 0 0
t 97 4153351 31 -242 -331 172700 229 57 11961 0 0 248 14070 -24575 21322 0 0 0 0 0
t 98 4153407 31 -242 -331 172700 229 57 11961 0 0 248 14070 -24575 21322 0 0 0 0 0
thdr seq now flags x y h ox oy oh vl vr i2cf cyc posl posr dutl dutr lexc wrng cycovr
t 99 4153463 31 -242 -331 172700 229 57 11961 0 0 248 14070 -24575 21322 0 0 0 0 0
t 100 4153515 31 -242 -331 172700 229 57 11961 0 0 248 14070 -24575 21322 0 0 0 0 0
t 101 4153571 31 -242 -331 172700 229 57 11962 0 0 248 14070 -24575 21322 0 0 0 0 0
t 102 4153627 31 -242 -331 172700 229 57 11962 0 0 248 14070 -24575 21322 0 0 0 0 0
t 103 4153683 31 -242 -331 172700 229 57 11962 0 0 248 14070 -24575 21322 0 0 0 0 0
t 104 4153739 31 -242 -331 172700 229 57 11962 0 0 248 14070 -24575 21322 0 0 0 0 0
t 105 4153795 31 -242 -331 172700 229 57 11962 0 0 248 14070 -24575 21322 0 0 0 0 0
t 106 4153851 31 -242 -331 172700 229 57 11962 0 0 248 14070 -24575 21322 0 0 0 0 0
t 107 4153907 31 -242 -331 172700 229 57 11962 0 0 248 14070 -24575 21322 0 0 0 0 0
t 108 4153963 31 -242 -331 172700 229 57 11962 0 0 248 14070 -24575 21322 0 0 0 0 0
t 109 4154019 31 -242 -331 172700 229 57 11962 0 0 248 14070 -24575 21322 0 0 0 0 0
t 110 4154075 31 -242 -331 172700 229 57 11962 0 0 248 14070 -24575 21322 0 0 0 0 0
t 111 4154131 31 -242 -331 172700 229 57 11963 0 0 248 14070 -24575 21322 0 0 0 0 0
t 112 4154187 31 -242 -331 172700 229 57 11963 0 0 248 14070 -24575 21322 0 0 0 0 0
t 113 4154243 31 -242 -331 172700 229 57 11963 0 0 248 14070 -24575 21322 0 0 0 0 0
t 114 4154299 31 -242 -331 172700 229 57 11963 0 0 248 14070 -24575 21322 0 0 0 0 0
t 115 4154355 31 -242 -331 172700 229 57 11963 0 0 248 14070 -24575 21322 0 0 0 0 0
t 116 4154411 31 -242 -331 172700 229 57 11963 0 0 248 14070 -24575 21322 0 0 0 0 0
t 117 4154467 31 -242 -331 172700 229 57 11963 0 0 248 14070 -24575 21322 0 0 0 0 0
thdr seq now flags x y h ox oy oh vl vr i2cf cyc posl posr dutl dutr lexc wrng cycovr
t 118 4154523 31 -242 -331 172700 229 57 11963 0 0 248 14070 -24575 21322 0 0 0 0 0
t 119 4154575 31 -242 -331 172700 229 57 11963 0 0 248 14070 -24575 21322 0 0 0 0 0
t 120 4154631 31 -242 -331 172700 229 57 11963 0 0 248 14070 -24575 21322 0 0 0 0 0
t 121 4154687 31 -242 -331 172700 229 57 11964 0 0 248 14070 -24575 21322 0 0 0 0 0
t 122 4154743 31 -242 -331 172700 229 57 11964 0 0 248 14070 -24575 21322 0 0 0 0 0
t 123 4154799 31 -242 -331 172700 229 57 11964 0 0 248 14070 -24575 21322 0 0 0 0 0
t 124 4154855 31 -242 -331 172700 229 57 11964 0 0 248 14070 -24575 21322 0 0 0 0 0
t 125 4154911 31 -242 -331 172700 229 57 11964 0 0 248 14070 -24575 21322 0 0 0 0 0
t 126 4154967 31 -242 -331 172700 229 57 11964 0 0 248 14070 -24575 21322 0 0 0 0 0
t 127 4155023 31 -242 -331 172700 229 57 11964 0 0 248 14070 -24575 21322 0 0 0 0 0
t 0 4155079 31 -242 -331 172700 229 57 11964 0 0 248 14070 -24575 21322 0 0 0 0 0
t 1 4155135 31 -242 -331 172700 229 57 11964 0 0 248 14070 -24575 21322 0 0 0 0 0
t 2 4155191 31 -242 -331 172700 229 57 11964 0 0 248 14070 -24575 21322 0 0 0 0 0
t 3 4155247 31 -242 -331 172700 229 57 11965 0 0 248 14070 -24575 21322 0 0 0 0 0
t 4 4155303 31 -242 -331 172700 229 57 11965 0 0 248 14070 -24575 21322 0 0 0 0 0
t 5 4155359 31 -242 -331 172700 229 57 11965 0 0 248 14070 -24575 21322 0 0 0 0 0
t 6 4155415 31 -242 -331 172700 229 57 11965 0 0 248 14070 -24575 21322 0 0 0 0 0
t 7 4155471 31 -242 -331 172700 229 57 11965 0 0 248 14070 -24575 21322 0 0 0 0 0
t 8 4155527 31 -242 -331 172700 229 57 11965 0 0 248 14070 -24575 21322 0 0 0 0 0
thdr seq now flags x y h ox oy oh vl vr i2cf cyc posl posr dutl dutr lexc wrng cycovr
t 9 4155583 31 -242 -331 172700 229 57 11965 0 0 248 14070 -24575 21322 0 0 0 0 0
t 10 4155635 31 -242 -331 172700 229 57 11965 0 0 248 14070 -24575 21322 0 0 0 0 0
t 11 4155691 31 -242 -331 172700 229 57 11965 0 0 248 14070 -24575 21322 0 0 0 0 0
t 12 4155747 31 -242 -331 172700 229 57 11965 0 0 248 14070 -24575 21322 0 0 0 0 0
t 13 4155803 31 -242 -331 172700 229 57 11966 0 0 248 14070 -24575 21322 0 0 0 0 0
t 14 4155859 31 -242 -331 172700 229 57 11966 0 0 248 14070 -24575 21322 0 0 0 0 0
t 15 4155915 31 -242 -331 172700 229 57 11966 0 0 248 14070 -24575 21322 0 0 0 0 0
t 16 4155971 31 -242 -331 172700 229 57 11966 0 0 248 14070 -24575 21322 0 0 0 0 0
t 17 4156027 31 -242 -331 172700 229 57 11966 0 0 248 14070 -24575 21322 0 0 0 0 0
t 18 4156083 31 -242 -331 172700 229 57 11966 0 0 248 14070 -24575 21322 0 0 0 0 0
ack 4 3 timeout
pose after (41.56,14.84,58.74)  dist=35.67 cm
ack 5 3 timeout
DBG:wifi state=0 ip=- peer=-:0 tcp=0/0 to=4 restarts=0 sent=0 rx=0 drop=0 mdns=0/0 cmd= reply=
pose after reverse (24.21,-16.00,59.08)
STATUS post: status ready=1 active=0 connL=1 connR=1 otos=1 wedge=0 flags=31 i2cf=249 cyc=14405 tlm=off next=6 done=5 reason=timeout
