RUN:clearestop -> ESTOP:cleared
STATUS pre: status ready=1 active=0 connL=1 connR=1 otos=1 wedge=0 flags=31 i2cf=118 cyc=5966 tlm=off next=1 done=10 reason=timeout
GET accel -> ack 1 10 timeout
--- rep 1: pose before (19.05,-5.28,48.45) ---
DBG:wifi state=0 ip=- peer=-:0 tcp=0/0 to=4 restarts=0 sent=0 rx=0 drop=0 mdns=0/0 cmd= reply=
ack 2 10 timeout
thdr seq now flags x y h ox oy oh vl vr i2cf cyc posl posr dutl dutr lexc wrng cycovr
t 1 3396027 31 -302 14 104733 190 268 8729 0 0 118 5966 -19134 8700 0 0 0 0 0
t 2 3396079 31 -302 14 104733 190 268 8729 0 0 118 5966 -19134 8700 0 0 0 0 0
t 3 3396135 31 -302 14 104733 190 268 8730 0 0 118 5966 -19134 8700 0 0 0 0 0
t 4 3396191 31 -302 14 104733 190 268 8730 0 0 118 5966 -19134 8700 0 0 0 0 0
t 5 3396247 31 -302 14 104733 190 268 8730 0 0 118 5966 -19134 8700 0 0 0 0 0
t 6 3396303 31 -302 14 104733 190 268 8730 0 0 118 5966 -19134 8700 0 0 0 0 0
t 7 3396359 31 -302 14 104733 190 268 8730 0 0 118 5966 -19134 8700 0 0 0 0 0
t 8 3396415 31 -302 14 104733 190 268 8730 0 0 118 5966 -19134 8700 0 0 0 0 0
t 9 3396471 31 -302 14 104733 190 268 8730 0 0 118 5966 -19134 8700 0 0 0 0 0
t 10 3396527 31 -302 14 104733 190 268 8730 0 0 118 5966 -19134 8700 0 0 0 0 0
t 11 3396583 31 -302 14 104733 190 268 8730 0 0 118 5966 -19134 8700 0 0 0 0 0
t 12 3396639 31 -302 14 104733 190 268 8730 0 0 118 5966 -19134 8700 0 0 0 0 0
TLM FULL #2 ack seen: True
t 13 3396695 31 -302 14 104733 190 268 8730 0 0 118 5966 -19134 8700 0 0 0 0 0
ack 3 10 timeout
t 14 3396763 31 -302 14 104733 190 268 8730 0 0 118 5968 -19134 8700 300 300 0 0 0
t 15 3396835 31 -302 13 104681 190 268 8730 16 0 119 5971 -19120 8700 500 600 0 0 0
t 16 3396907 31 -301 13 104594 190 267 8684 20 0 122 5974 -19097 8700 800 1000 0 0 0
t 17 3396979 31 -299 12 104489 190 267 8684 56 26 123 5977 -19053 8716 1300 1600 0 0 0
t 18 3397051 31 -295 9 104429 190 264 8426 82 72 123 5980 -18981 8772 1600 2500 0 0 0
t 19 3397123 31 -288 3 104429 189 254 8340 118 145 123 5983 -18870 8883 2000 2800 0 0 0
thdr seq now flags x y h ox oy oh vl vr i2cf cyc posl posr dutl dutr lexc wrng cycovr
t 20 3397195 31 -279 -3 104447 189 254 8340 164 171 123 5986 -18731 9027 2400 3100 0 0 0
t 21 3397267 31 -268 -11 104470 186 237 8386 158 206 123 5989 -18564 9200 2600 3400 0 0 0
t 22 3397339 31 -256 -19 104478 183 214 8415 220 200 123 5992 -18375 9391 2600 3300 0 0 0
t 23 3397411 31 -243 -28 104523 183 214 8415 210 210 123 5995 -18189 9589 2500 3200 0 0 0
t 24 3397483 31 -231 -37 104564 180 192 8447 200 230 123 5998 -18003 9786 2400 3300 0 0 0
t 25 3397555 31 -218 -45 104617 180 192 8447 200 220 123 6001 -17820 9983 2400 3200 0 0 0
t 26 3397627 31 -206 -53 104658 178 169 8552 200 191 123 6004 -17642 10172 2400 3000 0 0 0
t 27 3397699 31 -194 -61 104718 175 147 8626 184 217 123 6007 -17464 10366 2400 3000 0 0 0
t 28 3397771 31 -182 -69 104722 175 147 8626 190 200 123 6010 -17284 10547 2400 3100 0 0 0
t 29 3397843 31 -170 -77 104730 173 126 8653 191 190 123 6013 -17103 10730 2400 3000 0 0 0
t 30 3397915 31 -158 -84 104722 171 105 8676 200 194 123 6016 -16920 10911 2500 3100 0 0 0
t 31 3397987 31 -146 -92 104764 171 105 8676 190 210 123 6019 -16745 11097 2500 3000 0 0 0
t 32 3398059 31 -134 -100 104752 170 84 8684 200 194 123 6022 -16564 11275 2500 2900 0 0 0
t 33 3398131 31 -122 -107 104722 168 63 8654 200 184 123 6025 -16381 11450 2500 3100 0 0 0
t 34 3398203 31 -110 -115 104722 168 63 8654 220 204 123 6028 -16192 11639 2500 3000 0 0 0
t 35 3398396 31 -93 -126 104733 165 27 8721 0 0 123 6040 -15934 11900 0 0 0 0 0
t 36 3398451 31 -93 -126 104733 165 27 8721 0 0 123 6040 -15934 11900 0 0 0 0 0
t 37 3398507 31 -93 -126 104733 165 28 8744 0 0 123 6040 -15934 11900 0 0 0 0 0
t 38 3398563 31 -93 -126 104733 165 28 8744 0 0 123 6040 -15934 11900 0 0 0 0 0
thdr seq now flags x y h ox oy oh vl vr i2cf cyc posl posr dutl dutr lexc wrng cycovr
t 39 3398619 31 -93 -126 104733 165 28 8744 0 0 123 6040 -15934 11900 0 0 0 0 0
t 40 3398671 31 -93 -126 104733 165 28 8744 0 0 123 6040 -15934 11900 0 0 0 0 0
t 41 3398727 31 -93 -126 104733 165 28 8744 0 0 123 6040 -15934 11900 0 0 0 0 0
t 42 3398783 31 -93 -126 104733 165 28 8744 0 0 123 6040 -15934 11900 0 0 0 0 0
t 43 3398839 31 -93 -126 104733 165 28 8744 0 0 123 6040 -15934 11900 0 0 0 0 0
t 44 3398895 31 -93 -126 104733 165 28 8744 0 0 123 6040 -15934 11900 0 0 0 0 0
t 45 3398951 31 -93 -126 104733 165 28 8744 0 0 123 6040 -15934 11900 0 0 0 0 0
WHEELS_V 200 200 1500 #3 ack seen: True
t 46 3399007 31 -93 -126 104733 165 28 8744 0 0 123 6040 -15934 11900 0 0 0 0 0
t 47 3399063 31 -93 -126 104733 165 28 8744 0 0 123 6040 -15934 11900 0 0 0 0 0
t 48 3399119 31 -93 -126 104733 165 28 8744 0 0 123 6040 -15934 11900 0 0 0 0 0
t 49 3399175 31 -93 -126 104733 165 28 8745 0 0 123 6040 -15934 11900 0 0 0 0 0
t 50 3399231 31 -93 -126 104733 165 28 8745 0 0 123 6040 -15934 11900 0 0 0 0 0
t 51 3399287 31 -93 -126 104733 165 28 8745 0 0 123 6040 -15934 11900 0 0 0 0 0
t 52 3399343 31 -93 -126 104733 165 28 8745 0 0 123 6040 -15934 11900 0 0 0 0 0
t 53 3399399 31 -93 -126 104733 165 28 8745 0 0 123 6040 -15934 11900 0 0 0 0 0
t 54 3399455 31 -93 -126 104733 165 28 8745 0 0 123 6040 -15934 11900 0 0 0 0 0
t 55 3399511 31 -93 -126 104733 165 28 8745 0 0 123 6040 -15934 11900 0 0 0 0 0
t 56 3399567 31 -93 -126 104733 165 28 8745 0 0 123 6040 -15934 11900 0 0 0 0 0
t 57 3399623 31 -93 -126 104733 165 28 8746 0 0 123 6040 -15934 11900 0 0 0 0 0
thdr seq now flags x y h ox oy oh vl vr i2cf cyc posl posr dutl dutr lexc wrng cycovr
t 58 3399679 31 -93 -126 104733 165 28 8746 0 0 123 6040 -15934 11900 0 0 0 0 0
t 59 3399731 31 -93 -126 104733 165 28 8746 0 0 123 6040 -15934 11900 0 0 0 0 0
t 60 3399787 31 -93 -126 104733 165 28 8746 0 0 123 6040 -15934 11900 0 0 0 0 0
t 61 3399843 31 -93 -126 104733 165 28 8746 0 0 123 6040 -15934 11900 0 0 0 0 0
t 62 3399899 31 -93 -126 104733 165 28 8746 0 0 123 6040 -15934 11900 0 0 0 0 0
t 63 3399955 31 -93 -126 104733 165 28 8746 0 0 123 6040 -15934 11900 0 0 0 0 0
t 64 3400011 31 -93 -126 104733 165 28 8746 0 0 123 6040 -15934 11900 0 0 0 0 0
t 65 3400067 31 -93 -126 104733 165 28 8746 0 0 123 6040 -15934 11900 0 0 0 0 0
t 66 3400123 31 -93 -126 104733 165 28 8746 0 0 123 6040 -15934 11900 0 0 0 0 0
t 67 3400179 31 -93 -126 104733 165 28 8746 0 0 123 6040 -15934 11900 0 0 0 0 0
t 68 3400235 31 -93 -126 104733 165 28 8746 0 0 123 6040 -15934 11900 0 0 0 0 0
t 69 3400291 31 -93 -126 104733 165 28 8746 0 0 123 6040 -15934 11900 0 0 0 0 0
DBG:wifi state=0 ip=- peer=-:0 tcp=0/0 to=4 restarts=0 sent=0 rx=0 drop=0 mdns=0/0 cmd= reply=
t 70 3400347 31 -93 -126 104733 165 28 8746 0 0 123 6040 -15934 11900 0 0 0 0 0
t 71 3400403 31 -93 -126 104733 165 28 8746 0 0 123 6040 -15934 11900 0 0 0 0 0
t 72 3400459 31 -93 -126 104733 165 28 8746 0 0 123 6040 -15934 11900 0 0 0 0 0
t 73 3400515 31 -93 -126 104733 165 28 8746 0 0 123 6040 -15934 11900 0 0 0 0 0
t 74 3400571 31 -93 -126 104733 165 28 8746 0 0 123 6040 -15934 11900 0 0 0 0 0
t 75 3400627 31 -93 -126 104733 165 28 8746 0 0 123 6040 -15934 11900 0 0 0 0 0
t 76 3400683 31 -93 -126 104733 165 28 8746 0 0 123 6040 -15934 11900 0 0 0 0 0
thdr seq now flags x y h ox oy oh vl vr i2cf cyc posl posr dutl dutr lexc wrng cycovr
t 77 3400739 31 -93 -126 104733 165 28 8747 0 0 123 6040 -15934 11900 0 0 0 0 0
t 78 3400791 31 -93 -126 104733 165 28 8747 0 0 123 6040 -15934 11900 0 0 0 0 0
t 79 3400847 31 -93 -126 104733 165 28 8747 0 0 123 6040 -15934 11900 0 0 0 0 0
t 80 3400903 31 -93 -126 104733 165 28 8747 0 0 123 6040 -15934 11900 0 0 0 0 0
t 81 3400959 31 -93 -126 104733 165 28 8747 0 0 123 6040 -15934 11900 0 0 0 0 0
t 82 3401015 31 -93 -126 104733 165 28 8747 0 0 123 6040 -15934 11900 0 0 0 0 0
t 83 3401071 31 -93 -126 104733 165 28 8747 0 0 123 6040 -15934 11900 0 0 0 0 0
t 84 3401127 31 -93 -126 104733 165 28 8747 0 0 123 6040 -15934 11900 0 0 0 0 0
t 85 3401183 31 -93 -126 104733 165 28 8747 0 0 123 6040 -15934 11900 0 0 0 0 0
t 86 3401239 31 -93 -126 104733 165 28 8747 0 0 123 6040 -15934 11900 0 0 0 0 0
t 87 3401295 31 -93 -126 104733 165 28 8747 0 0 123 6040 -15934 11900 0 0 0 0 0
t 88 3401351 31 -93 -126 104733 165 28 8747 0 0 123 6040 -15934 11900 0 0 0 0 0
t 89 3401407 31 -93 -126 104733 165 28 8748 0 0 123 6040 -15934 11900 0 0 0 0 0
t 90 3401463 31 -93 -126 104733 165 28 8748 0 0 123 6040 -15934 11900 0 0 0 0 0
t 91 3401519 31 -93 -126 104733 165 28 8748 0 0 123 6040 -15934 11900 0 0 0 0 0
t 92 3401575 31 -93 -126 104733 165 28 8748 0 0 123 6040 -15934 11900 0 0 0 0 0
t 93 3401631 31 -93 -126 104733 165 28 8748 0 0 123 6040 -15934 11900 0 0 0 0 0
t 94 3401687 31 -93 -126 104733 165 28 8748 0 0 123 6040 -15934 11900 0 0 0 0 0
t 95 3401743 31 -93 -126 104733 165 28 8748 0 0 123 6040 -15934 11900 0 0 0 0 0
thdr seq now flags x y h ox oy oh vl vr i2cf cyc posl posr dutl dutr lexc wrng cycovr
t 96 3401799 31 -93 -126 104733 165 28 8748 0 0 123 6040 -15934 11900 0 0 0 0 0
t 97 3401851 31 -93 -126 104733 165 28 8748 0 0 123 6040 -15934 11900 0 0 0 0 0
t 98 3401907 31 -93 -126 104733 165 28 8748 0 0 123 6040 -15934 11900 0 0 0 0 0
t 99 3401963 31 -93 -126 104733 165 28 8748 0 0 123 6040 -15934 11900 0 0 0 0 0
t 100 3402019 31 -93 -126 104733 165 28 8748 0 0 123 6040 -15934 11900 0 0 0 0 0
t 101 3402075 31 -93 -126 104733 165 28 8749 0 0 123 6040 -15934 11900 0 0 0 0 0
t 102 3402131 31 -93 -126 104733 165 28 8749 0 0 123 6040 -15934 11900 0 0 0 0 0
t 103 3402187 31 -93 -126 104733 165 28 8749 0 0 123 6040 -15934 11900 0 0 0 0 0
t 104 3402243 31 -93 -126 104733 165 28 8749 0 0 123 6040 -15934 11900 0 0 0 0 0
t 105 3402299 31 -93 -126 104733 165 28 8749 0 0 123 6040 -15934 11900 0 0 0 0 0
t 106 3402355 31 -93 -126 104733 165 28 8749 0 0 123 6040 -15934 11900 0 0 0 0 0
t 107 3402411 31 -93 -126 104733 165 28 8749 0 0 123 6040 -15934 11900 0 0 0 0 0
t 108 3402467 31 -93 -126 104733 165 28 8749 0 0 123 6040 -15934 11900 0 0 0 0 0
t 109 3402523 31 -93 -126 104733 165 28 8749 0 0 123 6040 -15934 11900 0 0 0 0 0
t 110 3402579 31 -93 -126 104733 165 28 8749 0 0 123 6040 -15934 11900 0 0 0 0 0
t 111 3402635 31 -93 -126 104733 165 28 8749 0 0 123 6040 -15934 11900 0 0 0 0 0
t 112 3402691 31 -93 -126 104733 165 28 8749 0 0 123 6040 -15934 11900 0 0 0 0 0
t 113 3402747 31 -93 -126 104733 165 28 8749 0 0 123 6040 -15934 11900 0 0 0 0 0
t 114 3402803 31 -93 -126 104733 165 28 8749 0 0 123 6040 -15934 11900 0 0 0 0 0
thdr seq now flags x y h ox oy oh vl vr i2cf cyc posl posr dutl dutr lexc wrng cycovr
t 115 3402859 31 -93 -126 104733 165 28 8750 0 0 123 6040 -15934 11900 0 0 0 0 0
t 116 3402911 31 -93 -126 104733 165 28 8750 0 0 123 6040 -15934 11900 0 0 0 0 0
t 117 3402967 31 -93 -126 104733 165 28 8750 0 0 123 6040 -15934 11900 0 0 0 0 0
t 118 3403023 31 -93 -126 104733 165 28 8750 0 0 123 6040 -15934 11900 0 0 0 0 0
t 119 3403079 31 -93 -126 104733 165 28 8750 0 0 123 6040 -15934 11900 0 0 0 0 0
t 120 3403135 31 -93 -126 104733 165 28 8750 0 0 123 6040 -15934 11900 0 0 0 0 0
t 121 3403191 31 -93 -126 104733 165 28 8750 0 0 123 6040 -15934 11900 0 0 0 0 0
t 122 3403247 31 -93 -126 104733 165 28 8750 0 0 123 6040 -15934 11900 0 0 0 0 0
t 123 3403303 31 -93 -126 104733 165 28 8751 0 0 123 6040 -15934 11900 0 0 0 0 0
t 124 3403359 31 -93 -126 104733 165 28 8751 0 0 123 6040 -15934 11900 0 0 0 0 0
t 125 3403415 31 -93 -126 104733 165 28 8751 0 0 123 6040 -15934 11900 0 0 0 0 0
t 126 3403471 31 -93 -126 104733 165 28 8751 0 0 123 6040 -15934 11900 0 0 0 0 0
t 127 3403527 31 -93 -126 104733 165 28 8751 0 0 123 6040 -15934 11900 0 0 0 0 0
t 0 3403583 31 -93 -126 104733 165 28 8751 0 0 123 6040 -15934 11900 0 0 0 0 0
t 1 3403639 31 -93 -126 104733 165 28 8751 0 0 123 6040 -15934 11900 0 0 0 0 0
t 2 3403695 31 -93 -126 104733 165 28 8751 0 0 123 6040 -15934 11900 0 0 0 0 0
t 3 3403751 31 -93 -126 104733 165 28 8751 0 0 123 6040 -15934 11900 0 0 0 0 0
t 4 3403807 31 -93 -126 104733 165 28 8751 0 0 123 6040 -15934 11900 0 0 0 0 0
t 5 3403863 31 -93 -126 104733 165 28 8751 0 0 123 6040 -15934 11900 0 0 0 0 0
thdr seq now flags x y h ox oy oh vl vr i2cf cyc posl posr dutl dutr lexc wrng cycovr
t 6 3403919 31 -93 -126 104733 165 28 8751 0 0 123 6040 -15934 11900 0 0 0 0 0
t 7 3403971 31 -93 -126 104733 165 28 8751 0 0 123 6040 -15934 11900 0 0 0 0 0
t 8 3404027 31 -93 -126 104733 165 28 8751 0 0 123 6040 -15934 11900 0 0 0 0 0
t 9 3404083 31 -93 -126 104733 165 28 8752 0 0 123 6040 -15934 11900 0 0 0 0 0
t 10 3404139 31 -93 -126 104733 165 28 8752 0 0 123 6040 -15934 11900 0 0 0 0 0
t 11 3404195 31 -93 -126 104733 165 28 8752 0 0 123 6040 -15934 11900 0 0 0 0 0
t 12 3404251 31 -93 -126 104733 165 28 8752 0 0 123 6040 -15934 11900 0 0 0 0 0
t 13 3404307 31 -93 -126 104733 165 28 8752 0 0 123 6040 -15934 11900 0 0 0 0 0
t 14 3404363 31 -93 -126 104733 165 28 8752 0 0 123 6040 -15934 11900 0 0 0 0 0
t 15 3404419 31 -93 -126 104733 165 28 8752 0 0 123 6040 -15934 11900 0 0 0 0 0
t 16 3404475 31 -93 -126 104733 165 28 8752 0 0 123 6040 -15934 11900 0 0 0 0 0
t 17 3404531 31 -93 -126 104733 165 28 8752 0 0 123 6040 -15934 11900 0 0 0 0 0
t 18 3404587 31 -93 -126 104733 165 28 8752 0 0 123 6040 -15934 11900 0 0 0 0 0
t 19 3404643 31 -93 -126 104733 165 28 8752 0 0 123 6040 -15934 11900 0 0 0 0 0
t 20 3404699 31 -93 -126 104733 165 28 8752 0 0 123 6040 -15934 11900 0 0 0 0 0
t 21 3404755 31 -93 -126 104733 165 28 8752 0 0 123 6040 -15934 11900 0 0 0 0 0
t 22 3404811 31 -93 -126 104733 165 28 8752 0 0 123 6040 -15934 11900 0 0 0 0 0
t 23 3404867 31 -93 -126 104733 165 28 8752 0 0 123 6040 -15934 11900 0 0 0 0 0
t 24 3404923 31 -93 -126 104733 165 28 8752 0 0 123 6040 -15934 11900 0 0 0 0 0
thdr seq now flags x y h ox oy oh vl vr i2cf cyc posl posr dutl dutr lexc wrng cycovr
t 25 3404979 31 -93 -126 104733 165 28 8753 0 0 123 6040 -15934 11900 0 0 0 0 0
ack 4 3 timeout
pose after (36.76,12.66,48.16) -- dist 25.21 cm
DBG:wifi state=0 ip=- peer=-:0 tcp=0/0 to=4 restarts=0 sent=0 rx=0 drop=0 mdns=0/0 cmd= reply=
ack 5 3 timeout
pose after reverse (20.60,-6.20,49.01)
--- rep 2: pose before (20.59,-6.19,48.80) ---
DBG:wifi state=0 ip=- peer=-:0 tcp=0/0 to=4 restarts=0 sent=0 rx=0 drop=0 mdns=0/0 cmd= reply=
ack 6 5 timeout
t 26 3427047 31 -304 3 104805 169 272 8892 0 0 125 6375 -19092 8761 0 0 0 0 0
t 27 3427103 31 -304 3 104805 169 272 8892 0 0 125 6375 -19092 8761 0 0 0 0 0
t 28 3427159 31 -304 3 104805 169 272 8892 0 0 125 6375 -19092 8761 0 0 0 0 0
t 29 3427215 31 -304 3 104805 169 272 8892 0 0 125 6375 -19092 8761 0 0 0 0 0
t 30 3427271 31 -304 3 104805 169 272 8892 0 0 125 6375 -19092 8761 0 0 0 0 0
t 31 3427327 31 -304 3 104805 169 272 8893 0 0 125 6375 -19092 8761 0 0 0 0 0
t 32 3427383 31 -304 3 104805 169 272 8893 0 0 125 6375 -19092 8761 0 0 0 0 0
t 33 3427439 31 -304 3 104805 169 272 8893 0 0 125 6375 -19092 8761 0 0 0 0 0
t 34 3427495 31 -304 3 104805 169 272 8893 0 0 125 6375 -19092 8761 0 0 0 0 0
TLM FULL #6 ack seen: True
t 35 3427551 31 -304 3 104805 169 272 8893 0 0 125 6375 -19092 8761 0 0 0 0 0
ack 7 5 timeout
t 36 3427603 31 -304 3 104805 169 272 8893 0 0 125 6376 -19092 8761 0 0 0 0 0
t 37 3427675 31 -304 2 104775 169 272 8893 26 0 125 6379 -19084 8761 400 400 0 0 0
t 38 3427747 31 -304 2 104741 169 272 8892 10 0 128 6382 -19075 8761 800 900 0 0 0
t 39 3427819 31 -303 2 104677 169 272 8892 36 3 130 6385 -19053 8766 1400 1300 0 0 0
t 40 3427891 31 -300 0 104594 169 270 8750 76 46 130 6388 -18997 8800 1900 2100 0 0 0
t 41 3427963 31 -294 -4 104530 169 263 8521 118 108 130 6391 -18903 8877 2100 2700 0 0 0
t 42 3428035 31 -286 -10 104470 169 263 8521 164 148 130 6394 -18764 9000 2300 3000 0 0 0
t 43 3428107 31 -276 -17 104459 167 247 8457 194 200 130 6397 -18600 9161 2600 3500 0 0 0
thdr seq now flags x y h ox oy oh vl vr i2cf cyc posl posr dutl dutr lexc wrng cycovr
t 44 3428179 31 -264 -26 104511 165 226 8476 200 220 130 6400 -18425 9350 2600 3300 0 0 0
t 45 3428251 31 -251 -34 104541 165 226 8476 189 228 130 6403 -18236 9547 2400 3400 0 0 0
t 46 3428323 31 -239 -43 104583 163 203 8517 200 210 130 6406 -18053 9741 2400 3200 0 0 0
t 47 3428395 31 -227 -51 104636 163 203 8517 210 216 130 6409 -17867 9941 2300 3200 0 0 0
t 48 3428467 31 -215 -59 104711 160 181 8643 190 210 130 6412 -17695 10133 2400 3200 0 0 0
t 49 3428539 31 -202 -67 104752 158 159 8743 200 210 130 6415 -17517 10322 2400 3100 0 0 0
t 50 3428611 31 -190 -75 104775 158 159 8743 200 200 130 6418 -17334 10511 2400 3100 0 0 0
t 51 3428683 31 -178 -82 104816 157 137 8776 181 210 130 6421 -17159 10697 2500 3100 0 0 0
t 52 3428755 31 -166 -90 104801 156 116 8806 200 200 130 6424 -16975 10877 2400 3000 0 0 0
t 53 3428827 31 -154 -98 104835 156 116 8806 204 210 130 6427 -16797 11064 2600 3000 0 0 0
t 54 3428899 31 -141 -105 104805 155 95 8820 200 190 130 6430 -16609 11244 2500 3000 0 0 0
t 55 3428971 31 -129 -113 104816 154 74 8772 200 210 130 6433 -16431 11425 2500 3000 0 0 0
t 56 3429043 31 -117 -120 104801 154 74 8772 204 200 130 6436 -16247 11605 2500 3000 0 0 0
t 57 3429260 31 -95 -134 104858 151 34 8865 0 0 130 6449 -15931 11936 0 0 0 0 0
t 58 3429315 31 -95 -134 104858 151 34 8922 0 0 130 6449 -15931 11936 0 0 0 0 0
t 59 3429371 31 -95 -134 104858 151 34 8922 0 0 130 6449 -15931 11936 0 0 0 0 0
t 60 3429427 31 -95 -134 104858 151 34 8922 0 0 130 6449 -15931 11936 0 0 0 0 0
t 61 3429483 31 -95 -134 104858 151 34 8922 0 0 130 6449 -15931 11936 0 0 0 0 0
t 62 3429539 31 -95 -134 104858 151 34 8922 0 0 130 6449 -15931 11936 0 0 0 0 0
thdr seq now flags x y h ox oy oh vl vr i2cf cyc posl posr dutl dutr lexc wrng cycovr
t 63 3429595 31 -95 -134 104858 151 34 8922 0 0 130 6449 -15931 11936 0 0 0 0 0
t 64 3429647 31 -95 -134 104858 151 34 8923 0 0 130 6449 -15931 11936 0 0 0 0 0
t 65 3429703 31 -95 -134 104858 151 34 8923 0 0 130 6449 -15931 11936 0 0 0 0 0
t 66 3429759 31 -95 -134 104858 151 34 8923 0 0 130 6449 -15931 11936 0 0 0 0 0
t 67 3429815 31 -95 -134 104858 151 34 8923 0 0 130 6449 -15931 11936 0 0 0 0 0
WHEELS_V 200 200 1500 #7 ack seen: True
t 68 3429871 31 -95 -134 104858 151 34 8923 0 0 130 6449 -15931 11936 0 0 0 0 0
t 69 3429927 31 -95 -134 104858 151 34 8923 0 0 130 6449 -15931 11936 0 0 0 0 0
t 70 3429983 31 -95 -134 104858 151 34 8923 0 0 130 6449 -15931 11936 0 0 0 0 0
t 71 3430039 31 -95 -134 104858 151 34 8923 0 0 130 6449 -15931 11936 0 0 0 0 0
t 72 3430095 31 -95 -134 104858 151 34 8923 0 0 130 6449 -15931 11936 0 0 0 0 0
t 73 3430151 31 -95 -134 104858 151 34 8923 0 0 130 6449 -15931 11936 0 0 0 0 0
t 74 3430207 31 -95 -134 104858 151 34 8923 0 0 130 6449 -15931 11936 0 0 0 0 0
t 75 3430263 31 -95 -134 104858 151 34 8923 0 0 130 6449 -15931 11936 0 0 0 0 0
t 76 3430320 31 -95 -134 104858 151 34 8924 0 0 130 6449 -15931 11936 0 0 0 0 0
DBG:wifi state=0 ip=- peer=-:0 tcp=0/0 to=4 restarts=0 sent=0 rx=0 drop=0 mdns=0/0 cmd= reply=
t 77 3430375 31 -95 -134 104858 151 34 8924 0 0 130 6449 -15931 11936 0 0 0 0 0
t 78 3430431 31 -95 -134 104858 151 34 8924 0 0 130 6449 -15931 11936 0 0 0 0 0
t 79 3430487 31 -95 -134 104858 151 34 8924 0 0 130 6449 -15931 11936 0 0 0 0 0
t 80 3430543 31 -95 -134 104858 151 34 8924 0 0 130 6449 -15931 11936 0 0 0 0 0
t 81 3430599 31 -95 -134 104858 151 34 8924 0 0 130 6449 -15931 11936 0 0 0 0 0
thdr seq now flags x y h ox oy oh vl vr i2cf cyc posl posr dutl dutr lexc wrng cycovr
t 82 3430655 31 -95 -134 104858 151 34 8924 0 0 130 6449 -15931 11936 0 0 0 0 0
t 83 3430707 31 -95 -134 104858 151 34 8924 0 0 130 6449 -15931 11936 0 0 0 0 0
t 84 3430763 31 -95 -134 104858 151 34 8924 0 0 130 6449 -15931 11936 0 0 0 0 0
t 85 3430819 31 -95 -134 104858 151 34 8924 0 0 130 6449 -15931 11936 0 0 0 0 0
t 86 3430875 31 -95 -134 104858 151 34 8925 0 0 130 6449 -15931 11936 0 0 0 0 0
t 87 3430931 31 -95 -134 104858 151 34 8925 0 0 130 6449 -15931 11936 0 0 0 0 0
t 88 3430987 31 -95 -134 104858 151 34 8925 0 0 130 6449 -15931 11936 0 0 0 0 0
t 89 3431043 31 -95 -134 104858 151 34 8925 0 0 130 6449 -15931 11936 0 0 0 0 0
t 90 3431099 31 -95 -134 104858 151 34 8925 0 0 130 6449 -15931 11936 0 0 0 0 0
t 91 3431155 31 -95 -134 104858 151 34 8925 0 0 130 6449 -15931 11936 0 0 0 0 0
t 92 3431211 31 -95 -134 104858 151 34 8925 0 0 130 6449 -15931 11936 0 0 0 0 0
t 93 3431267 31 -95 -134 104858 151 34 8925 0 0 130 6449 -15931 11936 0 0 0 0 0
t 94 3431323 31 -95 -134 104858 151 34 8925 0 0 130 6449 -15931 11936 0 0 0 0 0
t 95 3431379 31 -95 -134 104858 151 34 8925 0 0 130 6449 -15931 11936 0 0 0 0 0
t 96 3431435 31 -95 -134 104858 151 34 8925 0 0 130 6449 -15931 11936 0 0 0 0 0
t 97 3431491 31 -95 -134 104858 151 34 8925 0 0 130 6449 -15931 11936 0 0 0 0 0
t 98 3431547 31 -95 -134 104858 151 34 8925 0 0 130 6449 -15931 11936 0 0 0 0 0
t 99 3431603 31 -95 -134 104858 151 34 8925 0 0 130 6449 -15931 11936 0 0 0 0 0
t 100 3431659 31 -95 -134 104858 151 34 8925 0 0 130 6449 -15931 11936 0 0 0 0 0
thdr seq now flags x y h ox oy oh vl vr i2cf cyc posl posr dutl dutr lexc wrng cycovr
t 101 3431715 31 -95 -134 104858 151 34 8925 0 0 130 6449 -15931 11936 0 0 0 0 0
t 102 3431767 31 -95 -134 104858 151 34 8925 0 0 130 6449 -15931 11936 0 0 0 0 0
t 103 3431823 31 -95 -134 104858 151 34 8926 0 0 130 6449 -15931 11936 0 0 0 0 0
t 104 3431879 31 -95 -134 104858 151 34 8926 0 0 130 6449 -15931 11936 0 0 0 0 0
t 105 3431935 31 -95 -134 104858 151 34 8926 0 0 130 6449 -15931 11936 0 0 0 0 0
t 106 3431991 31 -95 -134 104858 151 34 8926 0 0 130 6449 -15931 11936 0 0 0 0 0
t 107 3432047 31 -95 -134 104858 151 34 8926 0 0 130 6449 -15931 11936 0 0 0 0 0
t 108 3432103 31 -95 -134 104858 151 34 8926 0 0 130 6449 -15931 11936 0 0 0 0 0
t 109 3432159 31 -95 -134 104858 151 34 8926 0 0 130 6449 -15931 11936 0 0 0 0 0
t 110 3432215 31 -95 -134 104858 151 34 8926 0 0 130 6449 -15931 11936 0 0 0 0 0
t 111 3432271 31 -95 -134 104858 151 34 8926 0 0 130 6449 -15931 11936 0 0 0 0 0
t 112 3432327 31 -95 -134 104858 151 34 8926 0 0 130 6449 -15931 11936 0 0 0 0 0
t 113 3432383 31 -95 -134 104858 151 34 8927 0 0 130 6449 -15931 11936 0 0 0 0 0
t 114 3432439 31 -95 -134 104858 151 34 8927 0 0 130 6449 -15931 11936 0 0 0 0 0
t 115 3432495 31 -95 -134 104858 151 34 8927 0 0 130 6449 -15931 11936 0 0 0 0 0
t 116 3432551 31 -95 -134 104858 151 34 8927 0 0 130 6449 -15931 11936 0 0 0 0 0
t 117 3432607 31 -95 -134 104858 151 34 8927 0 0 130 6449 -15931 11936 0 0 0 0 0
t 118 3432663 31 -95 -134 104858 151 34 8927 0 0 130 6449 -15931 11936 0 0 0 0 0
t 119 3432719 31 -95 -134 104858 151 34 8927 0 0 130 6449 -15931 11936 0 0 0 0 0
ack 8 7 timeout
pose after (37.91,11.74,49.49) -- dist 24.93 cm
ack 9 7 timeout
pose after reverse (22.34,-7.19,49.96)
--- rep 3: pose before (22.31,-7.16,49.62) ---
DBG:wifi state=0 ip=- peer=-:0 tcp=0/0 to=4 restarts=0 sent=0 rx=0 drop=0 mdns=0/0 cmd= reply=
DBG:wifi state=0 ip=- peer=-:0 tcp=0/0 to=4 restarts=0 sent=0 rx=0 drop=0 mdns=0/0 cmd= reply=
ack 10 9 timeout
thdr seq now flags x y h ox oy oh vl vr i2cf cyc posl posr dutl dutr lexc wrng cycovr
t 120 3457959 31 -307 -10 104824 150 274 8959 0 0 131 6784 -19042 8816 0 0 0 0 0
t 121 3458011 31 -307 -10 104824 150 274 8959 0 0 131 6784 -19042 8816 0 0 0 0 0
t 122 3458067 31 -307 -10 104824 150 274 8959 0 0 131 6784 -19042 8816 0 0 0 0 0
t 123 3458123 31 -307 -10 104824 150 274 8960 0 0 131 6784 -19042 8816 0 0 0 0 0
t 124 3458179 31 -307 -10 104824 150 274 8960 0 0 131 6784 -19042 8816 0 0 0 0 0
t 125 3458235 31 -307 -10 104824 150 274 8960 0 0 131 6784 -19042 8816 0 0 0 0 0
t 126 3458291 31 -307 -10 104824 150 274 8960 0 0 131 6784 -19042 8816 0 0 0 0 0
t 127 3458347 31 -307 -10 104824 150 274 8960 0 0 131 6784 -19042 8816 0 0 0 0 0
t 0 3458403 31 -307 -10 104824 150 274 8960 0 0 131 6784 -19042 8816 0 0 0 0 0
t 1 3458459 31 -307 -10 104824 150 274 8960 0 0 131 6784 -19042 8816 0 0 0 0 0
TLM FULL #10 ack seen: True
t 2 3458515 31 -307 -10 104824 150 274 8960 0 0 131 6784 -19042 8816 0 0 0 0 0
ack 11 9 timeout
t 3 3458567 31 -307 -10 104824 150 274 8960 0 0 131 6785 -19042 8816 0 0 0 0 0
t 4 3458639 31 -307 -10 104801 150 274 8960 20 0 131 6788 -19036 8816 400 400 0 0 0
t 5 3458711 31 -307 -10 104760 150 274 8960 10 0 134 6791 -19025 8816 800 900 0 0 0
t 6 3458783 31 -306 -11 104666 150 273 8870 46 0 137 6794 -19000 8816 1400 1300 0 0 0
t 7 3458855 31 -303 -13 104594 150 273 8870 75 36 137 6797 -18947 8850 1800 1900 0 0 0
t 8 3458927 31 -297 -17 104489 150 267 8600 128 108 137 6800 -18847 8922 2000 2800 0 0 0
t 9 3458999 31 -289 -22 104447 150 267 8600 164 144 137 6803 -18714 9044 2400 3100 0 0 0
t 10 3459071 31 -279 -30 104493 149 252 8502 174 210 137 6806 -18556 9214 2600 3500 0 0 0
thdr seq now flags x y h ox oy oh vl vr i2cf cyc posl posr dutl dutr lexc wrng cycovr
t 11 3459143 31 -267 -38 104489 147 233 8535 200 200 137 6809 -18375 9394 2600 3400 0 0 0
t 12 3459215 31 -255 -47 104553 147 233 8535 194 211 137 6812 -18192 9594 2500 3400 0 0 0
t 13 3459287 31 -242 -55 104594 145 210 8574 190 220 137 6815 -18003 9794 2300 3300 0 0 0
t 14 3459359 31 -230 -64 104654 142 186 8674 194 210 137 6818 -17822 9991 2300 3200 0 0 0
t 15 3459431 31 -217 -72 104741 142 186 8674 194 210 137 6821 -17647 10189 2400 3200 0 0 0
t 16 3459503 31 -205 -79 104763 140 164 8804 210 200 137 6824 -17467 10375 2400 3000 0 0 0
t 17 3459575 31 -193 -87 104824 139 143 8851 181 200 137 6827 -17292 10566 2500 3000 0 0 0
t 18 3459647 31 -181 -95 104805 139 143 8851 200 190 137 6830 -17109 10744 2500 3000 0 0 0
t 19 3459719 31 -169 -102 104824 139 121 8869 194 200 137 6833 -16925 10933 2500 3000 0 0 0
t 20 3459791 31 -156 -110 104843 138 100 8897 194 200 137 6836 -16747 11116 2600 3000 0 0 0
t 21 3459863 31 -144 -117 104865 138 100 8897 190 207 137 6839 -16567 11302 2600 2900 0 0 0
t 22 3459935 31 -132 -125 104824 137 78 8875 190 190 137 6842 -16381 11477 2600 3000 0 0 0
t 23 3460007 31 -120 -133 104805 137 78 8875 220 200 137 6845 -16192 11661 2500 3000 0 0 0
t 24 3460208 31 -98 -146 104869 135 37 8887 0 0 137 6857 -15881 11989 0 0 0 0 0
t 25 3460263 31 -98 -146 104869 134 34 9030 0 0 137 6857 -15881 11989 0 0 0 0 0
t 26 3460319 31 -98 -146 104869 134 34 9030 0 0 137 6857 -15881 11989 0 0 0 0 0
DBG:wifi state=0 ip=- peer=-:0 tcp=0/0 to=4 restarts=0 sent=0 rx=0 drop=0 mdns=0/0 cmd= reply=
t 27 3460375 31 -98 -146 104869 134 34 9031 0 0 137 6857 -15881 11989 0 0 0 0 0
t 28 3460431 31 -98 -146 104869 134 34 9031 0 0 137 6857 -15881 11989 0 0 0 0 0
t 29 3460487 31 -98 -146 104869 134 34 9031 0 0 137 6857 -15881 11989 0 0 0 0 0
thdr seq now flags x y h ox oy oh vl vr i2cf cyc posl posr dutl dutr lexc wrng cycovr
t 30 3460543 31 -98 -146 104869 134 34 9031 0 0 137 6857 -15881 11989 0 0 0 0 0
t 31 3460595 31 -98 -146 104869 134 34 9031 0 0 137 6857 -15881 11989 0 0 0 0 0
t 32 3460651 31 -98 -146 104869 134 34 9031 0 0 137 6857 -15881 11989 0 0 0 0 0
t 33 3460707 31 -98 -146 104869 134 34 9031 0 0 137 6857 -15881 11989 0 0 0 0 0
t 34 3460763 31 -98 -146 104869 134 34 9031 0 0 137 6857 -15881 11989 0 0 0 0 0
t 35 3460819 31 -98 -146 104869 134 34 9031 0 0 137 6857 -15881 11989 0 0 0 0 0
WHEELS_V 200 200 1500 #11 ack seen: True
t 36 3460875 31 -98 -146 104869 134 34 9031 0 0 137 6857 -15881 11989 0 0 0 0 0
t 37 3460931 31 -98 -146 104869 134 34 9031 0 0 137 6857 -15881 11989 0 0 0 0 0
t 38 3460987 31 -98 -146 104869 134 34 9031 0 0 137 6857 -15881 11989 0 0 0 0 0
t 39 3461043 31 -98 -146 104869 134 34 9031 0 0 137 6857 -15881 11989 0 0 0 0 0
t 40 3461099 31 -98 -146 104869 134 34 9031 0 0 137 6857 -15881 11989 0 0 0 0 0
t 41 3461155 31 -98 -146 104869 134 34 9032 0 0 137 6857 -15881 11989 0 0 0 0 0
t 42 3461211 31 -98 -146 104869 134 34 9032 0 0 137 6857 -15881 11989 0 0 0 0 0
t 43 3461267 31 -98 -146 104869 134 34 9032 0 0 137 6857 -15881 11989 0 0 0 0 0
t 44 3461323 31 -98 -146 104869 134 34 9032 0 0 137 6857 -15881 11989 0 0 0 0 0
t 45 3461379 31 -98 -146 104869 134 34 9032 0 0 137 6857 -15881 11989 0 0 0 0 0
t 46 3461435 31 -98 -146 104869 134 34 9032 0 0 137 6857 -15881 11989 0 0 0 0 0
t 47 3461491 31 -98 -146 104869 134 34 9032 0 0 137 6857 -15881 11989 0 0 0 0 0
t 48 3461547 31 -98 -146 104869 134 34 9032 0 0 137 6857 -15881 11989 0 0 0 0 0
thdr seq now flags x y h ox oy oh vl vr i2cf cyc posl posr dutl dutr lexc wrng cycovr
t 49 3461603 31 -98 -146 104869 134 34 9032 0 0 137 6857 -15881 11989 0 0 0 0 0
t 50 3461655 31 -98 -146 104869 134 34 9032 0 0 137 6857 -15881 11989 0 0 0 0 0
t 51 3461711 31 -98 -146 104869 134 34 9032 0 0 137 6857 -15881 11989 0 0 0 0 0
t 52 3461767 31 -98 -146 104869 134 34 9032 0 0 137 6857 -15881 11989 0 0 0 0 0
t 53 3461823 31 -98 -146 104869 134 34 9032 0 0 137 6857 -15881 11989 0 0 0 0 0
t 54 3461879 31 -98 -146 104869 134 34 9032 0 0 137 6857 -15881 11989 0 0 0 0 0
t 55 3461935 31 -98 -146 104869 134 34 9032 0 0 137 6857 -15881 11989 0 0 0 0 0
t 56 3461991 31 -98 -146 104869 134 34 9032 0 0 137 6857 -15881 11989 0 0 0 0 0
t 57 3462047 31 -98 -146 104869 134 34 9032 0 0 137 6857 -15881 11989 0 0 0 0 0
t 58 3462103 31 -98 -146 104869 134 34 9032 0 0 137 6857 -15881 11989 0 0 0 0 0
t 59 3462159 31 -98 -146 104869 134 34 9033 0 0 137 6857 -15881 11989 0 0 0 0 0
t 60 3462215 31 -98 -146 104869 134 34 9033 0 0 137 6857 -15881 11989 0 0 0 0 0
t 61 3462271 31 -98 -146 104869 134 34 9033 0 0 137 6857 -15881 11989 0 0 0 0 0
t 62 3462327 31 -98 -146 104869 134 34 9033 0 0 137 6857 -15881 11989 0 0 0 0 0
t 63 3462383 31 -98 -146 104869 134 34 9033 0 0 137 6857 -15881 11989 0 0 0 0 0
t 64 3462439 31 -98 -146 104869 134 34 9033 0 0 137 6857 -15881 11989 0 0 0 0 0
t 65 3462495 31 -98 -146 104869 134 34 9033 0 0 137 6857 -15881 11989 0 0 0 0 0
t 66 3462551 31 -98 -146 104869 134 34 9033 0 0 137 6857 -15881 11989 0 0 0 0 0
t 67 3462607 31 -98 -146 104869 134 34 9033 0 0 137 6857 -15881 11989 0 0 0 0 0
thdr seq now flags x y h ox oy oh vl vr i2cf cyc posl posr dutl dutr lexc wrng cycovr
t 68 3462663 31 -98 -146 104869 134 34 9033 0 0 137 6857 -15881 11989 0 0 0 0 0
t 69 3462715 31 -98 -146 104869 134 34 9033 0 0 137 6857 -15881 11989 0 0 0 0 0
t 70 3462771 31 -98 -146 104869 134 34 9033 0 0 137 6857 -15881 11989 0 0 0 0 0
t 71 3462827 31 -98 -146 104869 134 34 9034 0 0 137 6857 -15881 11989 0 0 0 0 0
t 72 3462883 31 -98 -146 104869 134 34 9034 0 0 137 6857 -15881 11989 0 0 0 0 0
t 73 3462939 31 -98 -146 104869 134 34 9034 0 0 137 6857 -15881 11989 0 0 0 0 0
t 74 3462995 31 -98 -146 104869 134 34 9034 0 0 137 6857 -15881 11989 0 0 0 0 0
t 75 3463051 31 -98 -146 104869 134 34 9034 0 0 137 6857 -15881 11989 0 0 0 0 0
t 76 3463107 31 -98 -146 104869 134 34 9034 0 0 137 6857 -15881 11989 0 0 0 0 0
t 77 3463163 31 -98 -146 104869 134 34 9034 0 0 137 6857 -15881 11989 0 0 0 0 0
t 78 3463219 31 -98 -146 104869 134 34 9034 0 0 137 6857 -15881 11989 0 0 0 0 0
t 79 3463275 31 -98 -146 104869 134 34 9034 0 0 137 6857 -15881 11989 0 0 0 0 0
t 80 3463331 31 -98 -146 104869 134 34 9034 0 0 137 6857 -15881 11989 0 0 0 0 0
t 81 3463387 31 -98 -146 104869 134 34 9034 0 0 137 6857 -15881 11989 0 0 0 0 0
t 82 3463443 31 -98 -146 104869 134 34 9034 0 0 137 6857 -15881 11989 0 0 0 0 0
t 83 3463499 31 -98 -146 104869 134 34 9034 0 0 137 6857 -15881 11989 0 0 0 0 0
t 84 3463555 31 -98 -146 104869 134 34 9034 0 0 137 6857 -15881 11989 0 0 0 0 0
t 85 3463611 31 -98 -146 104869 134 34 9034 0 0 137 6857 -15881 11989 0 0 0 0 0
t 86 3463667 31 -98 -146 104869 134 34 9034 0 0 137 6857 -15881 11989 0 0 0 0 0
thdr seq now flags x y h ox oy oh vl vr i2cf cyc posl posr dutl dutr lexc wrng cycovr
t 87 3463723 31 -98 -146 104869 134 34 9034 0 0 137 6857 -15881 11989 0 0 0 0 0
t 88 3463775 31 -98 -146 104869 134 34 9034 0 0 137 6857 -15881 11989 0 0 0 0 0
t 89 3463831 31 -98 -146 104869 134 34 9035 0 0 137 6857 -15881 11989 0 0 0 0 0
t 90 3463887 31 -98 -146 104869 134 34 9035 0 0 137 6857 -15881 11989 0 0 0 0 0
t 91 3463943 31 -98 -146 104869 134 34 9035 0 0 137 6857 -15881 11989 0 0 0 0 0
t 92 3463999 31 -98 -146 104869 134 34 9035 0 0 137 6857 -15881 11989 0 0 0 0 0
t 93 3464055 31 -98 -146 104869 134 34 9035 0 0 137 6857 -15881 11989 0 0 0 0 0
t 94 3464111 31 -98 -146 104869 134 34 9035 0 0 137 6857 -15881 11989 0 0 0 0 0
t 95 3464167 31 -98 -146 104869 134 34 9035 0 0 137 6857 -15881 11989 0 0 0 0 0
t 96 3464223 31 -98 -146 104869 134 34 9035 0 0 137 6857 -15881 11989 0 0 0 0 0
t 97 3464279 31 -98 -146 104869 134 34 9035 0 0 137 6857 -15881 11989 0 0 0 0 0
t 98 3464335 31 -98 -146 104869 134 34 9035 0 0 137 6857 -15881 11989 0 0 0 0 0
t 99 3464391 31 -98 -146 104869 134 34 9035 0 0 137 6857 -15881 11989 0 0 0 0 0
t 100 3464447 31 -98 -146 104869 134 34 9035 0 0 137 6857 -15881 11989 0 0 0 0 0
t 101 3464503 31 -98 -146 104869 134 34 9035 0 0 137 6857 -15881 11989 0 0 0 0 0
t 102 3464559 31 -98 -146 104869 134 34 9036 0 0 137 6857 -15881 11989 0 0 0 0 0
t 103 3464615 31 -98 -146 104869 134 34 9036 0 0 137 6857 -15881 11989 0 0 0 0 0
t 104 3464671 31 -98 -146 104869 134 34 9036 0 0 137 6857 -15881 11989 0 0 0 0 0
t 105 3464727 31 -98 -146 104869 134 34 9036 0 0 137 6857 -15881 11989 0 0 0 0 0
thdr seq now flags x y h ox oy oh vl vr i2cf cyc posl posr dutl dutr lexc wrng cycovr
t 106 3464783 31 -98 -146 104869 134 34 9036 0 0 137 6857 -15881 11989 0 0 0 0 0
t 107 3464835 31 -98 -146 104869 134 34 9036 0 0 137 6857 -15881 11989 0 0 0 0 0
t 108 3464891 31 -98 -146 104869 134 34 9037 0 0 137 6857 -15881 11989 0 0 0 0 0
t 109 3464947 31 -98 -146 104869 134 34 9037 0 0 137 6857 -15881 11989 0 0 0 0 0
t 110 3465003 31 -98 -146 104869 134 34 9037 0 0 137 6857 -15881 11989 0 0 0 0 0
ack 12 11 timeout
pose after (39.58,10.89,49.84) -- dist 24.99 cm
DBG:wifi state=0 ip=- peer=-:0 tcp=0/0 to=4 restarts=0 sent=0 rx=0 drop=0 mdns=0/0 cmd= reply=
ack 13 11 timeout
pose after reverse (23.74,-8.16,48.80)
STATUS post: status ready=1 active=0 connL=1 connR=1 otos=1 wedge=0 flags=31 i2cf=137 cyc=7192 tlm=off next=14 done=13 reason=timeout
