RUN:clearestop -> ESTOP:cleared
STATUS pre: status ready=1 active=0 connL=1 connR=1 otos=1 wedge=0 flags=31 i2cf=673 cyc=18888 tlm=off next=1 done=26 reason=timeout
DBG:wifi state=0 ip=- peer=-:0 tcp=0/0 to=4 restarts=0 sent=0 rx=0 drop=0 mdns=0/0 cmd= reply=
ack 1 26 timeout
t 32 4706735 31 -440 -35 85404 -33 441 -9375 0 0 673 18888 -14564 8133 0 0 0 0 0
t 33 4706791 31 -440 -35 85404 -33 441 -9375 0 0 673 18888 -14564 8133 0 0 0 0 0
t 34 4706847 31 -440 -35 85404 -33 441 -9375 0 0 673 18888 -14564 8133 0 0 0 0 0
ack 2 26 timeout
t 35 4706915 31 -440 -35 85404 -33 441 -9374 0 0 673 18890 -14564 8133 300 -300 0 0 0
t 36 4706987 31 -440 -35 85363 -33 441 -9374 20 0 674 18893 -14553 8133 700 -700 0 0 0
t 37 4707059 31 -441 -34 85257 -32 442 -9425 56 0 677 18896 -14525 8133 1600 -1400 0 0 0
t 38 4707131 31 -442 -33 84892 -32 442 -9425 112 -26 678 18899 -14447 8114 2100 -1700 0 0 0
t 39 4707203 31 -444 -30 84211 -32 445 -9981 148 -82 678 18902 -14322 8058 1900 -1900 0 0 0
t 40 4707275 31 -445 -29 83399 -33 447 -11281 135 -102 678 18905 -14195 7969 1300 -1700 0 0 0
t 41 4707347 31 -445 -29 82695 -33 447 -11281 92 -102 678 18908 -14097 7880 800 -1200 0 0 0
t 42 4707419 31 -445 -29 82217 -35 447 -12530 52 -66 678 18911 -14031 7819 500 -1000 0 0 0
t 43 4707491 31 -445 -28 81890 -35 447 -13142 36 -56 678 18914 -13986 7777 600 -1100 0 0 0
t 44 4707563 31 -445 -28 81559 -35 447 -13142 56 -53 678 18917 -13936 7739 1000 -1400 0 0 0
thdr seq now flags x y h ox oy oh vl vr i2cf cyc posl posr dutl dutr lexc wrng cycovr
t 45 4707635 31 -445 -28 81130 -36 447 -13700 62 -72 678 18920 -13878 7683 1200 -1700 0 0 0
t 46 4707707 31 -445 -28 80599 -37 446 -14561 76 -79 678 18923 -13809 7611 1200 -1700 0 0 0
t 47 4707779 31 -445 -28 80012 -37 446 -14561 82 -82 678 18926 -13734 7530 1000 -1500 0 0 0
t 48 4707851 31 -445 -29 79455 -39 447 -15544 66 -82 678 18929 -13664 7452 1000 -1300 0 0 0
t 49 4707923 31 -445 -29 78996 -41 447 -16349 62 -82 678 18932 -13603 7391 900 -1400 0 0 0
t 50 4707995 31 -445 -29 78578 -41 447 -16349 75 -62 678 18935 -13547 7336 1000 -1500 0 0 0
t 51 4708067 31 -445 -28 78127 -42 448 -17092 76 -66 678 18938 -13486 7277 1200 -1500 0 0 0
t 52 4708139 31 -445 -28 77630 -42 448 -17092 72 -72 678 18941 -13420 7211 1100 -1500 0 0 0
t 53 4708211 31 -445 -28 77115 -43 448 -17917 72 -66 678 18944 -13350 7144 1000 -1400 0 0 0
t 54 4708283 31 -445 -29 76637 -44 449 17224 72 -82 678 18947 -13292 7075 1100 -1500 0 0 0
t 55 4708355 31 -445 -29 76121 -44 449 17224 72 -82 678 18950 -13225 7005 1100 -1400 0 0 0
t 56 4708436 31 -445 -29 75707 -45 450 16335 0 0 678 18955 -13170 6950 0 0 0 0 0
t 57 4708491 31 -445 -29 75707 -45 451 15870 0 0 678 18955 -13170 6950 0 0 0 0 0
t 58 4708547 31 -445 -29 75707 -45 451 15870 0 0 678 18955 -13170 6950 0 0 0 0 0
t 59 4708603 31 -445 -29 75707 -45 451 15898 0 0 678 18955 -13170 6950 0 0 0 0 0
t 60 4708659 31 -445 -29 75707 -45 451 15898 0 0 678 18955 -13170 6950 0 0 0 0 0
t 61 4708715 31 -445 -29 75707 -45 451 15898 0 0 678 18955 -13170 6950 0 0 0 0 0
t 62 4708771 31 -445 -29 75707 -45 451 15898 0 0 678 18955 -13170 6950 0 0 0 0 0
t 63 4708827 31 -445 -29 75707 -45 451 15897 0 0 678 18955 -13170 6950 0 0 0 0 0
thdr seq now flags x y h ox oy oh vl vr i2cf cyc posl posr dutl dutr lexc wrng cycovr
t 64 4708883 31 -445 -29 75707 -45 451 15897 0 0 678 18955 -13170 6950 0 0 0 0 0
t 65 4708935 31 -445 -29 75707 -45 451 15897 0 0 678 18955 -13170 6950 0 0 0 0 0
t 66 4708991 31 -445 -29 75707 -45 451 15897 0 0 678 18955 -13170 6950 0 0 0 0 0
t 67 4709047 31 -445 -29 75707 -45 451 15898 0 0 678 18955 -13170 6950 0 0 0 0 0
t 68 4709103 31 -445 -29 75707 -45 451 15898 0 0 678 18955 -13170 6950 0 0 0 0 0
t 69 4709159 31 -445 -29 75707 -45 451 15898 0 0 678 18955 -13170 6950 0 0 0 0 0
t 70 4709215 31 -445 -29 75707 -45 451 15898 0 0 678 18955 -13170 6950 0 0 0 0 0
t 71 4709271 31 -445 -29 75707 -45 451 15898 0 0 678 18955 -13170 6950 0 0 0 0 0
t 72 4709327 31 -445 -29 75707 -45 451 15898 0 0 678 18955 -13170 6950 0 0 0 0 0
t 73 4709383 31 -445 -29 75707 -45 451 15898 0 0 678 18955 -13170 6950 0 0 0 0 0
t 74 4709439 31 -445 -29 75707 -45 451 15898 0 0 678 18955 -13170 6950 0 0 0 0 0
t 75 4709495 31 -445 -29 75707 -45 451 15899 0 0 678 18955 -13170 6950 0 0 0 0 0
t 76 4709551 31 -445 -29 75707 -45 451 15899 0 0 678 18955 -13170 6950 0 0 0 0 0
t 77 4709607 31 -445 -29 75707 -45 451 15899 0 0 678 18955 -13170 6950 0 0 0 0 0
t 78 4709663 31 -445 -29 75707 -45 451 15899 0 0 678 18955 -13170 6950 0 0 0 0 0
t 79 4709719 31 -445 -29 75707 -45 451 15900 0 0 678 18955 -13170 6950 0 0 0 0 0
t 80 4709775 31 -445 -29 75707 -45 451 15900 0 0 678 18955 -13170 6950 0 0 0 0 0
t 81 4709831 31 -445 -29 75707 -45 451 15900 0 0 678 18955 -13170 6950 0 0 0 0 0
t 82 4709887 31 -445 -29 75707 -45 451 15900 0 0 678 18955 -13170 6950 0 0 0 0 0
thdr seq now flags x y h ox oy oh vl vr i2cf cyc posl posr dutl dutr lexc wrng cycovr
t 83 4709943 31 -445 -29 75707 -45 451 15900 0 0 678 18955 -13170 6950 0 0 0 0 0
t 84 4709995 31 -445 -29 75707 -45 451 15900 0 0 678 18955 -13170 6950 0 0 0 0 0
t 85 4710051 31 -445 -29 75707 -45 451 15900 0 0 678 18955 -13170 6950 0 0 0 0 0
t 86 4710107 31 -445 -29 75707 -45 451 15900 0 0 678 18955 -13170 6950 0 0 0 0 0
t 87 4710163 31 -445 -29 75707 -45 451 15900 0 0 678 18955 -13170 6950 0 0 0 0 0
t 88 4710219 31 -445 -29 75707 -45 451 15901 0 0 678 18955 -13170 6950 0 0 0 0 0
t 89 4710275 31 -445 -29 75707 -45 451 15901 0 0 678 18955 -13170 6950 0 0 0 0 0
t 90 4710331 31 -445 -29 75707 -45 451 15901 0 0 678 18955 -13170 6950 0 0 0 0 0
t 91 4710387 31 -445 -29 75707 -45 451 15901 0 0 678 18955 -13170 6950 0 0 0 0 0
t 92 4710443 31 -445 -29 75707 -45 451 15901 0 0 678 18955 -13170 6950 0 0 0 0 0
t 93 4710499 31 -445 -29 75707 -45 451 15901 0 0 678 18955 -13170 6950 0 0 0 0 0
t 94 4710555 31 -445 -29 75707 -45 451 15901 0 0 678 18955 -13170 6950 0 0 0 0 0
t 95 4710611 31 -445 -29 75707 -45 451 15901 0 0 678 18955 -13170 6950 0 0 0 0 0
t 96 4710667 31 -445 -29 75707 -45 451 15902 0 0 678 18955 -13170 6950 0 0 0 0 0
DBG:wifi state=0 ip=- peer=-:0 tcp=0/0 to=4 restarts=0 sent=0 rx=0 drop=0 mdns=0/0 cmd= reply=
t 97 4710723 31 -445 -29 75707 -45 451 15902 0 0 678 18955 -13170 6950 0 0 0 0 0
t 98 4710779 31 -445 -29 75707 -45 451 15902 0 0 678 18955 -13170 6950 0 0 0 0 0
t 99 4710835 31 -445 -29 75707 -45 451 15902 0 0 678 18955 -13170 6950 0 0 0 0 0
t 100 4710891 31 -445 -29 75707 -45 451 15902 0 0 678 18955 -13170 6950 0 0 0 0 0
t 101 4710947 31 -445 -29 75707 -45 451 15902 0 0 678 18955 -13170 6950 0 0 0 0 0
thdr seq now flags x y h ox oy oh vl vr i2cf cyc posl posr dutl dutr lexc wrng cycovr
t 102 4711003 31 -445 -29 75707 -45 451 15902 0 0 678 18955 -13170 6950 0 0 0 0 0
t 103 4711055 31 -445 -29 75707 -45 451 15902 0 0 678 18955 -13170 6950 0 0 0 0 0
t 104 4711111 31 -445 -29 75707 -45 451 15903 0 0 678 18955 -13170 6950 0 0 0 0 0
t 105 4711167 31 -445 -29 75707 -45 451 15903 0 0 678 18955 -13170 6950 0 0 0 0 0
t 106 4711223 31 -445 -29 75707 -45 451 15903 0 0 678 18955 -13170 6950 0 0 0 0 0
t 107 4711279 31 -445 -29 75707 -45 451 15903 0 0 678 18955 -13170 6950 0 0 0 0 0
t 108 4711335 31 -445 -29 75707 -45 451 15903 0 0 678 18955 -13170 6950 0 0 0 0 0
t 109 4711391 31 -445 -29 75707 -45 451 15903 0 0 678 18955 -13170 6950 0 0 0 0 0
t 110 4711447 31 -445 -29 75707 -45 451 15903 0 0 678 18955 -13170 6950 0 0 0 0 0
t 111 4711503 31 -445 -29 75707 -45 451 15903 0 0 678 18955 -13170 6950 0 0 0 0 0
t 112 4711559 31 -445 -29 75707 -45 451 15903 0 0 678 18955 -13170 6950 0 0 0 0 0
t 113 4711615 31 -445 -29 75707 -45 451 15903 0 0 678 18955 -13170 6950 0 0 0 0 0
t 114 4711671 31 -445 -29 75707 -45 451 15904 0 0 678 18955 -13170 6950 0 0 0 0 0
t 115 4711727 31 -445 -29 75707 -45 451 15904 0 0 678 18955 -13170 6950 0 0 0 0 0
t 116 4711783 31 -445 -29 75707 -45 451 15904 0 0 678 18955 -13170 6950 0 0 0 0 0
t 117 4711839 31 -445 -29 75707 -45 451 15904 0 0 678 18955 -13170 6950 0 0 0 0 0
t 118 4711895 31 -445 -29 75707 -45 451 15905 0 0 678 18955 -13170 6950 0 0 0 0 0
t 119 4711951 31 -445 -29 75707 -45 451 15905 0 0 678 18955 -13170 6950 0 0 0 0 0
t 120 4712007 31 -445 -29 75707 -45 451 15905 0 0 678 18955 -13170 6950 0 0 0 0 0
thdr seq now flags x y h ox oy oh vl vr i2cf cyc posl posr dutl dutr lexc wrng cycovr
t 121 4712063 31 -445 -29 75707 -45 451 15905 0 0 678 18955 -13170 6950 0 0 0 0 0
t 122 4712115 31 -445 -29 75707 -45 451 15905 0 0 678 18955 -13170 6950 0 0 0 0 0
t 123 4712171 31 -445 -29 75707 -45 451 15905 0 0 678 18955 -13170 6950 0 0 0 0 0
t 124 4712227 31 -445 -29 75707 -45 451 15905 0 0 678 18955 -13170 6950 0 0 0 0 0
t 125 4712283 31 -445 -29 75707 -45 451 15905 0 0 678 18955 -13170 6950 0 0 0 0 0
t 126 4712339 31 -445 -29 75707 -45 451 15906 0 0 678 18955 -13170 6950 0 0 0 0 0
t 127 4712395 31 -445 -29 75707 -45 451 15906 0 0 678 18955 -13170 6950 0 0 0 0 0
t 0 4712451 31 -445 -29 75707 -45 451 15906 0 0 678 18955 -13170 6950 0 0 0 0 0
t 1 4712507 31 -445 -29 75707 -45 451 15906 0 0 678 18955 -13170 6950 0 0 0 0 0
t 2 4712563 31 -445 -29 75707 -45 451 15906 0 0 678 18955 -13170 6950 0 0 0 0 0
t 3 4712619 31 -445 -29 75707 -45 451 15906 0 0 678 18955 -13170 6950 0 0 0 0 0
t 4 4712675 31 -445 -29 75707 -45 451 15907 0 0 678 18955 -13170 6950 0 0 0 0 0
t 5 4712731 31 -445 -29 75707 -45 451 15907 0 0 678 18955 -13170 6950 0 0 0 0 0
t 6 4712787 31 -445 -29 75707 -45 451 15907 0 0 678 18955 -13170 6950 0 0 0 0 0
t 7 4712843 31 -445 -29 75707 -45 451 15907 0 0 678 18955 -13170 6950 0 0 0 0 0
t 8 4712899 31 -445 -29 75707 -45 451 15907 0 0 678 18955 -13170 6950 0 0 0 0 0
t 9 4712955 31 -445 -29 75707 -45 451 15907 0 0 678 18955 -13170 6950 0 0 0 0 0
t 10 4713011 31 -445 -29 75707 -45 451 15908 0 0 678 18955 -13170 6950 0 0 0 0 0
t 11 4713067 31 -445 -29 75707 -45 451 15908 0 0 678 18955 -13170 6950 0 0 0 0 0
thdr seq now flags x y h ox oy oh vl vr i2cf cyc posl posr dutl dutr lexc wrng cycovr
t 12 4713123 31 -445 -29 75707 -45 451 15908 0 0 678 18955 -13170 6950 0 0 0 0 0
t 13 4713175 31 -445 -29 75707 -45 451 15908 0 0 678 18955 -13170 6950 0 0 0 0 0
t 14 4713231 31 -445 -29 75707 -45 451 15908 0 0 678 18955 -13170 6950 0 0 0 0 0
ack 3 2 timeout
v=70: pose before (24.39,-26.31,-157.53) after (23.06,-27.29,96.34)  rotated=-106.13 deg  ack=True
DBG:wifi state=0 ip=- peer=-:0 tcp=0/0 to=4 restarts=0 sent=0 rx=0 drop=0 mdns=0/0 cmd= reply=
ack 4 2 timeout
t 15 4726391 31 -445 -29 75707 -45 450 15941 0 0 678 18955 -13170 6950 0 0 0 0 0
t 16 4726447 31 -445 -29 75707 -45 450 15941 0 0 678 18955 -13170 6950 0 0 0 0 0
t 17 4726503 31 -445 -29 75707 -45 450 15941 0 0 678 18955 -13170 6950 0 0 0 0 0
t 18 4726559 31 -445 -29 75707 -45 450 15942 0 0 678 18955 -13170 6950 0 0 0 0 0
ack 5 2 timeout
t 19 4726627 31 -445 -29 75707 -45 450 15942 0 0 678 18957 -13170 6950 300 -300 0 0 0
t 20 4726699 31 -445 -28 75632 -45 450 15942 30 0 679 18960 -13150 6950 600 -700 0 0 0
t 21 4726771 31 -444 -28 75497 -45 450 15883 36 -9 681 18963 -13125 6939 1300 -1200 0 0 0
t 22 4726843 31 -443 -27 75151 -45 450 15883 82 -30 681 18966 -13067 6905 1700 -1600 0 0 0
t 23 4726915 31 -443 -27 74586 -43 450 15224 108 -75 681 18969 -12981 6841 1600 -1700 0 0 0
t 24 4726987 31 -442 -27 73909 -43 451 14071 108 -82 681 18972 -12881 6761 1200 -1400 0 0 0
t 25 4727059 31 -441 -27 73333 -43 451 14071 82 -66 681 18975 -12795 6694 800 -1100 0 0 0
t 26 4727131 31 -441 -27 72904 -43 452 13143 66 -43 681 18978 -12736 6639 600 -900 0 0 0
t 27 4727203 31 -441 -27 72603 -43 452 13143 36 -26 681 18981 -12695 6600 600 -1000 0 0 0
t 28 4727275 31 -441 -26 72310 -42 453 12653 56 -36 681 18984 -12653 6564 900 -1300 0 0 0
t 29 4727347 31 -441 -26 71941 -42 453 12140 72 -66 681 18987 -12603 6516 1100 -1500 0 0 0
t 30 4727419 31 -440 -26 71471 -42 453 12140 82 -72 681 18990 -12539 6455 1100 -1500 0 0 0
thdr seq now flags x y h ox oy oh vl vr i2cf cyc posl posr dutl dutr lexc wrng cycovr
t 31 4727491 31 -440 -27 70963 -42 454 11332 62 -72 681 18993 -12470 6389 900 -1300 0 0 0
t 32 4727563 31 -440 -26 70530 -41 455 10529 48 -62 681 18996 -12414 6330 800 -1200 0 0 0
t 33 4727635 31 -440 -26 70131 -41 455 10529 46 -46 681 18999 -12361 6277 700 -1200 0 0 0
t 34 4727707 31 -441 -26 69766 -40 456 9884 56 -56 681 19002 -12314 6227 800 -1200 0 0 0
t 35 4727779 31 -441 -26 69382 -40 457 9260 46 -62 681 19005 -12264 6175 900 -1300 0 0 0
t 36 4727851 31 -441 -26 68964 -40 457 9260 53 -72 681 19008 -12209 6119 1000 -1300 0 0 0
t 37 4727923 31 -441 -26 68494 -39 457 8528 53 -82 681 19011 -12145 6058 800 -1300 0 0 0
t 38 4727995 31 -440 -27 68054 -39 458 7752 62 -66 681 19014 -12084 6002 800 -1200 0 0 0
t 39 4728067 31 -440 -26 67647 -39 458 7752 53 -62 681 19017 -12031 5947 800 -1100 0 0 0
t 40 4728148 31 -440 -27 67320 -38 458 7072 0 0 681 19022 -11986 5905 0 0 0 0 0
t 41 4728203 31 -440 -27 67320 -38 458 7072 0 0 681 19022 -11986 5905 0 0 0 0 0
t 42 4728259 31 -440 -27 67320 -37 459 6858 0 0 681 19022 -11986 5905 0 0 0 0 0
t 43 4728315 31 -440 -27 67320 -37 459 6858 0 0 681 19022 -11986 5905 0 0 0 0 0
t 44 4728371 31 -440 -27 67320 -37 459 6860 0 0 681 19022 -11986 5905 0 0 0 0 0
t 45 4728427 31 -440 -27 67320 -37 459 6860 0 0 681 19022 -11986 5905 0 0 0 0 0
t 46 4728483 31 -440 -27 67320 -37 459 6860 0 0 681 19022 -11986 5905 0 0 0 0 0
t 47 4728539 31 -440 -27 67320 -37 459 6860 0 0 681 19022 -11986 5905 0 0 0 0 0
t 48 4728595 31 -440 -27 67320 -37 459 6860 0 0 681 19022 -11986 5905 0 0 0 0 0
t 49 4728651 31 -440 -27 67320 -37 459 6860 0 0 681 19022 -11986 5905 0 0 0 0 0
thdr seq now flags x y h ox oy oh vl vr i2cf cyc posl posr dutl dutr lexc wrng cycovr
t 50 4728707 31 -440 -27 67320 -37 459 6860 0 0 681 19022 -11986 5905 0 0 0 0 0
t 51 4728759 31 -440 -27 67320 -37 459 6860 0 0 681 19022 -11986 5905 0 0 0 0 0
t 52 4728815 31 -440 -27 67320 -37 459 6861 0 0 681 19022 -11986 5905 0 0 0 0 0
t 53 4728871 31 -440 -27 67320 -37 459 6861 0 0 681 19022 -11986 5905 0 0 0 0 0
t 54 4728927 31 -440 -27 67320 -37 459 6861 0 0 681 19022 -11986 5905 0 0 0 0 0
t 55 4728983 31 -440 -27 67320 -37 459 6861 0 0 681 19022 -11986 5905 0 0 0 0 0
t 56 4729039 31 -440 -27 67320 -37 459 6861 0 0 681 19022 -11986 5905 0 0 0 0 0
t 57 4729095 31 -440 -27 67320 -37 459 6861 0 0 681 19022 -11986 5905 0 0 0 0 0
t 58 4729151 31 -440 -27 67320 -37 459 6861 0 0 681 19022 -11986 5905 0 0 0 0 0
t 59 4729207 31 -440 -27 67320 -37 459 6861 0 0 681 19022 -11986 5905 0 0 0 0 0
t 60 4729263 31 -440 -27 67320 -37 459 6862 0 0 681 19022 -11986 5905 0 0 0 0 0
t 61 4729319 31 -440 -27 67320 -37 459 6862 0 0 681 19022 -11986 5905 0 0 0 0 0
t 62 4729375 31 -440 -27 67320 -37 459 6862 0 0 681 19022 -11986 5905 0 0 0 0 0
t 63 4729431 31 -440 -27 67320 -37 459 6862 0 0 681 19022 -11986 5905 0 0 0 0 0
t 64 4729487 31 -440 -27 67320 -37 459 6862 0 0 681 19022 -11986 5905 0 0 0 0 0
t 65 4729543 31 -440 -27 67320 -37 459 6862 0 0 681 19022 -11986 5905 0 0 0 0 0
t 66 4729599 31 -440 -27 67320 -37 459 6862 0 0 681 19022 -11986 5905 0 0 0 0 0
t 67 4729655 31 -440 -27 67320 -37 459 6862 0 0 681 19022 -11986 5905 0 0 0 0 0
t 68 4729711 31 -440 -27 67320 -37 459 6863 0 0 681 19022 -11986 5905 0 0 0 0 0
thdr seq now flags x y h ox oy oh vl vr i2cf cyc posl posr dutl dutr lexc wrng cycovr
t 69 4729767 31 -440 -27 67320 -37 459 6863 0 0 681 19022 -11986 5905 0 0 0 0 0
t 70 4729819 31 -440 -27 67320 -37 459 6863 0 0 681 19022 -11986 5905 0 0 0 0 0
t 71 4729875 31 -440 -27 67320 -37 459 6863 0 0 681 19022 -11986 5905 0 0 0 0 0
t 72 4729931 31 -440 -27 67320 -37 459 6864 0 0 681 19022 -11986 5905 0 0 0 0 0
t 73 4729987 31 -440 -27 67320 -37 459 6864 0 0 681 19022 -11986 5905 0 0 0 0 0
t 74 4730043 31 -440 -27 67320 -37 459 6864 0 0 681 19022 -11986 5905 0 0 0 0 0
t 75 4730099 31 -440 -27 67320 -37 459 6864 0 0 681 19022 -11986 5905 0 0 0 0 0
t 76 4730155 31 -440 -27 67320 -37 459 6864 0 0 681 19022 -11986 5905 0 0 0 0 0
t 77 4730211 31 -440 -27 67320 -37 459 6864 0 0 681 19022 -11986 5905 0 0 0 0 0
t 78 4730267 31 -440 -27 67320 -37 459 6864 0 0 681 19022 -11986 5905 0 0 0 0 0
t 79 4730323 31 -440 -27 67320 -37 459 6864 0 0 681 19022 -11986 5905 0 0 0 0 0
t 80 4730379 31 -440 -27 67320 -37 459 6865 0 0 681 19022 -11986 5905 0 0 0 0 0
t 81 4730435 31 -440 -27 67320 -37 459 6865 0 0 681 19022 -11986 5905 0 0 0 0 0
t 82 4730491 31 -440 -27 67320 -37 459 6865 0 0 681 19022 -11986 5905 0 0 0 0 0
t 83 4730547 31 -440 -27 67320 -37 459 6865 0 0 681 19022 -11986 5905 0 0 0 0 0
t 84 4730603 31 -440 -27 67320 -37 459 6865 0 0 681 19022 -11986 5905 0 0 0 0 0
t 85 4730659 31 -440 -27 67320 -37 459 6865 0 0 681 19022 -11986 5905 0 0 0 0 0
DBG:wifi state=0 ip=- peer=-:0 tcp=0/0 to=4 restarts=0 sent=0 rx=0 drop=0 mdns=0/0 cmd= reply=
t 86 4730715 31 -440 -27 67320 -37 459 6865 0 0 681 19022 -11986 5905 0 0 0 0 0
t 87 4730771 31 -440 -27 67320 -37 459 6865 0 0 681 19022 -11986 5905 0 0 0 0 0
thdr seq now flags x y h ox oy oh vl vr i2cf cyc posl posr dutl dutr lexc wrng cycovr
t 88 4730827 31 -440 -27 67320 -37 459 6865 0 0 681 19022 -11986 5905 0 0 0 0 0
t 89 4730879 31 -440 -27 67320 -37 459 6865 0 0 681 19022 -11986 5905 0 0 0 0 0
t 90 4730935 31 -440 -27 67320 -37 459 6866 0 0 681 19022 -11986 5905 0 0 0 0 0
t 91 4730991 31 -440 -27 67320 -37 459 6866 0 0 681 19022 -11986 5905 0 0 0 0 0
t 92 4731047 31 -440 -27 67320 -37 459 6866 0 0 681 19022 -11986 5905 0 0 0 0 0
t 93 4731103 31 -440 -27 67320 -37 459 6866 0 0 681 19022 -11986 5905 0 0 0 0 0
t 94 4731159 31 -440 -27 67320 -37 459 6866 0 0 681 19022 -11986 5905 0 0 0 0 0
t 95 4731215 31 -440 -27 67320 -37 459 6866 0 0 681 19022 -11986 5905 0 0 0 0 0
t 96 4731271 31 -440 -27 67320 -37 459 6866 0 0 681 19022 -11986 5905 0 0 0 0 0
t 97 4731327 31 -440 -27 67320 -37 459 6866 0 0 681 19022 -11986 5905 0 0 0 0 0
t 98 4731383 31 -440 -27 67320 -37 459 6866 0 0 681 19022 -11986 5905 0 0 0 0 0
ack 6 5 timeout
v=60: pose before (23.05,-27.31,96.35) after (22.39,-26.22,5.64)  rotated=-90.71 deg  ack=True
ack 7 5 timeout
t 99 4736535 31 -440 -27 67320 -37 459 6878 0 0 681 19022 -11986 5905 0 0 0 0 0
t 100 4736591 31 -440 -27 67320 -37 459 6878 0 0 681 19022 -11986 5905 0 0 0 0 0
t 101 4736647 31 -440 -27 67320 -37 459 6878 0 0 681 19022 -11986 5905 0 0 0 0 0
t 102 4736703 31 -440 -27 67320 -37 459 6878 0 0 681 19022 -11986 5905 0 0 0 0 0
t 103 4736759 31 -440 -27 67320 -37 459 6879 0 0 681 19022 -11986 5905 0 0 0 0 0
t 104 4736815 31 -440 -27 67320 -37 459 6879 0 0 681 19022 -11986 5905 0 0 0 0 0
ack 8 5 timeout
t 105 4736883 31 -440 -27 67320 -37 459 6879 0 0 681 19024 -11986 5905 300 -300 0 0 0
t 106 4736955 31 -440 -27 67226 -37 459 6879 26 0 682 19027 -11964 5902 600 -700 0 0 0
thdr seq now flags x y h ox oy oh vl vr i2cf cyc posl posr dutl dutr lexc wrng cycovr
t 107 4737027 31 -440 -27 67038 -37 459 6864 26 -39 682 19030 -11939 5877 1100 -1100 0 0 0
t 108 4737099 31 -439 -28 66737 -37 458 6484 56 -31 682 19033 -11886 5850 1300 -1400 0 0 0
t 109 4737171 31 -439 -28 66225 -37 458 6484 89 -66 682 19036 -11809 5791 1100 -1400 0 0 0
t 110 4737243 31 -439 -29 65732 -37 457 5667 66 -72 682 19039 -11736 5733 900 -1200 0 0 0
t 111 4737315 31 -438 -29 65292 -36 458 4851 46 -46 682 19042 -11675 5677 600 -900 0 0 0
t 112 4737387 31 -438 -29 64938 -36 458 4851 56 -36 682 19045 -11625 5633 500 -900 0 0 0
t 113 4737459 31 -438 -29 64690 -35 458 4371 36 -36 682 19048 -11592 5600 600 -900 0 0 0
t 114 4737531 31 -438 -30 64438 -35 457 3967 46 -36 682 19051 -11553 5572 700 -1100 0 0 0
t 115 4737603 31 -438 -30 64114 -35 457 3967 53 -46 682 19054 -11506 5533 700 -1300 0 0 0
t 116 4737675 31 -438 -30 63738 -34 458 3385 53 -56 682 19057 -11459 5480 800 -1300 0 0 0
t 117 4737747 31 -438 -30 63332 -34 458 3385 53 -72 682 19060 -11409 5422 800 -1200 0 0 0
t 118 4737819 31 -438 -29 62944 -33 457 2694 53 -56 682 19063 -11359 5369 600 -1100 0 0 0
t 119 4737891 31 -438 -30 62628 -32 457 2107 46 -26 682 19066 -11311 5333 600 -1000 0 0 0
t 120 4737963 31 -438 -30 62316 -32 457 2107 52 -46 682 19069 -11270 5291 700 -1100 0 0 0
t 121 4738035 31 -438 -30 62015 -31 457 1591 36 -43 682 19072 -11231 5250 700 -1200 0 0 0
t 122 4738107 31 -438 -30 61616 -30 457 1011 62 -53 682 19075 -11178 5197 700 -1200 0 0 0
t 123 4738179 31 -438 -30 61281 -30 457 1011 36 -43 682 19078 -11136 5150 600 -1100 0 0 0
t 124 4738251 31 -438 -30 60946 -29 456 395 46 -56 682 19081 -11092 5105 700 -1200 0 0 0
t 125 4738323 31 -438 -30 60611 -28 456 -163 46 -53 682 19084 -11047 5061 700 -1200 0 0 0
thdr seq now flags x y h ox oy oh vl vr i2cf cyc posl posr dutl dutr lexc wrng cycovr
t 126 4738404 31 -438 -30 60321 -28 456 -163 0 0 682 19089 -11006 5025 0 0 0 0 0
t 127 4738455 31 -438 -30 60321 -27 455 -713 0 0 682 19089 -11006 5025 0 0 0 0 0
t 0 4738511 31 -438 -30 60321 -27 455 -713 0 0 682 19089 -11006 5025 0 0 0 0 0
t 1 4738567 31 -438 -30 60321 -27 455 -693 0 0 682 19089 -11006 5025 0 0 0 0 0
t 2 4738623 31 -438 -30 60321 -27 455 -693 0 0 682 19089 -11006 5025 0 0 0 0 0
t 3 4738679 31 -438 -30 60321 -27 455 -692 0 0 682 19089 -11006 5025 0 0 0 0 0
t 4 4738735 31 -438 -30 60321 -27 455 -692 0 0 682 19089 -11006 5025 0 0 0 0 0
t 5 4738791 31 -438 -30 60321 -27 455 -692 0 0 682 19089 -11006 5025 0 0 0 0 0
t 6 4738847 31 -438 -30 60321 -27 455 -692 0 0 682 19089 -11006 5025 0 0 0 0 0
t 7 4738903 31 -438 -30 60321 -27 455 -692 0 0 682 19089 -11006 5025 0 0 0 0 0
t 8 4738959 31 -438 -30 60321 -27 455 -692 0 0 682 19089 -11006 5025 0 0 0 0 0
t 9 4739015 31 -438 -30 60321 -27 455 -692 0 0 682 19089 -11006 5025 0 0 0 0 0
t 10 4739071 31 -438 -30 60321 -27 455 -692 0 0 682 19089 -11006 5025 0 0 0 0 0
t 11 4739127 31 -438 -30 60321 -27 455 -692 0 0 682 19089 -11006 5025 0 0 0 0 0
t 12 4739183 31 -438 -30 60321 -27 455 -692 0 0 682 19089 -11006 5025 0 0 0 0 0
t 13 4739239 31 -438 -30 60321 -27 455 -691 0 0 682 19089 -11006 5025 0 0 0 0 0
t 14 4739295 31 -438 -30 60321 -27 455 -691 0 0 682 19089 -11006 5025 0 0 0 0 0
t 15 4739351 31 -438 -30 60321 -27 455 -691 0 0 682 19089 -11006 5025 0 0 0 0 0
t 16 4739407 31 -438 -30 60321 -27 455 -691 0 0 682 19089 -11006 5025 0 0 0 0 0
thdr seq now flags x y h ox oy oh vl vr i2cf cyc posl posr dutl dutr lexc wrng cycovr
t 17 4739463 31 -438 -30 60321 -27 455 -691 0 0 682 19089 -11006 5025 0 0 0 0 0
t 18 4739515 31 -438 -30 60321 -27 455 -691 0 0 682 19089 -11006 5025 0 0 0 0 0
t 19 4739571 31 -438 -30 60321 -27 455 -691 0 0 682 19089 -11006 5025 0 0 0 0 0
t 20 4739627 31 -438 -30 60321 -27 455 -691 0 0 682 19089 -11006 5025 0 0 0 0 0
t 21 4739683 31 -438 -30 60321 -27 455 -690 0 0 682 19089 -11006 5025 0 0 0 0 0
t 22 4739739 31 -438 -30 60321 -27 455 -690 0 0 682 19089 -11006 5025 0 0 0 0 0
t 23 4739795 31 -438 -30 60321 -27 455 -690 0 0 682 19089 -11006 5025 0 0 0 0 0
t 24 4739851 31 -438 -30 60321 -27 455 -690 0 0 682 19089 -11006 5025 0 0 0 0 0
t 25 4739907 31 -438 -30 60321 -27 455 -690 0 0 682 19089 -11006 5025 0 0 0 0 0
ack 9 8 timeout
v=50: pose before (22.40,-26.22,5.42) after (23.18,-25.72,-69.17)  rotated=-74.59 deg  ack=True
DBG:wifi state=0 ip=- peer=-:0 tcp=0/0 to=4 restarts=0 sent=0 rx=0 drop=0 mdns=0/0 cmd= reply=
ack 10 8 timeout
t 26 4745451 31 -438 -30 60321 -27 455 -677 0 0 682 19089 -11006 5025 0 0 0 0 0
t 27 4745507 31 -438 -30 60321 -27 455 -677 0 0 682 19089 -11006 5025 0 0 0 0 0
t 28 4745563 31 -438 -30 60321 -27 455 -677 0 0 682 19089 -11006 5025 0 0 0 0 0
t 29 4745619 31 -438 -30 60321 -27 455 -676 0 0 682 19089 -11006 5025 0 0 0 0 0
ack 11 8 timeout
t 30 4745687 31 -438 -30 60321 -27 455 -676 0 0 682 19091 -11006 5025 300 -300 0 0 0
t 31 4745759 31 -439 -30 60205 -27 455 -677 43 -20 682 19094 -10984 5016 600 -700 0 0 0
t 32 4745831 31 -439 -30 60028 -28 456 -800 16 -26 682 19097 -10959 4994 800 -900 0 0 0
t 33 4745903 31 -439 -31 59764 -28 456 -800 66 -36 682 19100 -10911 4972 1000 -1100 0 0 0
t 34 4745975 31 -440 -32 59399 -29 455 -1345 56 -46 682 19103 -10853 4933 900 -1100 0 0 0
t 35 4746047 31 -440 -32 58982 -29 455 -1345 62 -46 682 19106 -10792 4883 600 -900 0 0 0
thdr seq now flags x y h ox oy oh vl vr i2cf cyc posl posr dutl dutr lexc wrng cycovr
t 36 4746119 31 -440 -32 58647 -28 455 -2040 36 -46 682 19109 -10745 4841 400 -900 0 0 0
t 37 4746191 31 -440 -33 58398 -28 454 -2557 31 -31 682 19112 -10709 4811 300 -900 0 0 0
t 38 4746263 31 -440 -32 58165 -28 454 -2557 36 -36 682 19115 -10681 4777 400 -900 0 0 0
t 39 4746335 31 -440 -32 57958 -28 454 -2926 26 -26 682 19118 -10653 4750 500 -900 0 0 0
t 40 4746407 31 -440 -32 57729 -28 453 -3317 26 -36 682 19121 -10620 4722 600 -1100 0 0 0
t 41 4746479 31 -440 -32 57413 -28 453 -3317 36 -56 682 19124 -10581 4677 600 -1100 0 0 0
t 42 4746551 31 -440 -32 57089 -27 452 -3833 46 -46 682 19127 -10539 4633 600 -1100 0 0 0
t 43 4746623 31 -440 -32 56784 -27 452 -4379 46 -26 682 19130 -10497 4594 500 -900 0 0 0
t 44 4746695 31 -440 -32 56517 -27 452 -4379 36 -36 682 19133 -10459 4561 400 -1000 0 0 0
t 45 4746767 31 -440 -33 56284 -28 451 -4811 30 -26 682 19136 -10425 4533 500 -1000 0 0 0
t 46 4746839 31 -440 -33 56013 -28 451 -4811 36 -46 682 19139 -10389 4497 500 -1100 0 0 0
t 47 4746911 31 -440 -33 55749 -28 451 -5231 46 -46 682 19142 -10353 4463 600 -1100 0 0 0
t 48 4746983 31 -440 -33 55448 -28 451 -5749 56 -46 682 19145 -10314 4422 600 -1100 0 0 0
t 49 4747055 31 -440 -33 55121 -28 451 -5749 46 -36 682 19148 -10272 4377 500 -1000 0 0 0
t 50 4747127 31 -440 -32 54843 -28 449 -6296 36 -56 682 19151 -10242 4333 500 -900 0 0 0
t 51 4747192 31 -440 -32 54621 -28 449 -6766 0 0 682 19155 -10211 4305 0 0 0 0 0
t 52 4747247 31 -440 -32 54621 -28 449 -6766 0 0 682 19155 -10211 4305 0 0 0 0 0
t 53 4747303 31 -440 -32 54621 -28 449 -6817 0 0 682 19155 -10211 4305 0 0 0 0 0
t 54 4747359 31 -440 -32 54621 -28 449 -6817 0 0 682 19155 -10211 4305 0 0 0 0 0
thdr seq now flags x y h ox oy oh vl vr i2cf cyc posl posr dutl dutr lexc wrng cycovr
t 55 4747415 31 -440 -32 54621 -28 449 -6818 0 0 682 19155 -10211 4305 0 0 0 0 0
t 56 4747467 31 -440 -32 54621 -28 449 -6818 0 0 682 19155 -10211 4305 0 0 0 0 0
t 57 4747523 31 -440 -32 54621 -28 449 -6818 0 0 682 19155 -10211 4305 0 0 0 0 0
t 58 4747579 31 -440 -32 54621 -28 449 -6818 0 0 682 19155 -10211 4305 0 0 0 0 0
t 59 4747635 31 -440 -32 54621 -28 449 -6818 0 0 682 19155 -10211 4305 0 0 0 0 0
t 60 4747691 31 -440 -32 54621 -28 449 -6817 0 0 682 19155 -10211 4305 0 0 0 0 0
t 61 4747747 31 -440 -32 54621 -28 449 -6817 0 0 682 19155 -10211 4305 0 0 0 0 0
t 62 4747803 31 -440 -32 54621 -28 449 -6817 0 0 682 19155 -10211 4305 0 0 0 0 0
t 63 4747859 31 -440 -32 54621 -28 449 -6817 0 0 682 19155 -10211 4305 0 0 0 0 0
t 64 4747915 31 -440 -32 54621 -28 449 -6817 0 0 682 19155 -10211 4305 0 0 0 0 0
t 65 4747971 31 -440 -32 54621 -28 449 -6817 0 0 682 19155 -10211 4305 0 0 0 0 0
t 66 4748027 31 -440 -32 54621 -28 449 -6817 0 0 682 19155 -10211 4305 0 0 0 0 0
t 67 4748083 31 -440 -32 54621 -28 449 -6817 0 0 682 19155 -10211 4305 0 0 0 0 0
t 68 4748139 31 -440 -32 54621 -28 449 -6817 0 0 682 19155 -10211 4305 0 0 0 0 0
t 69 4748195 31 -440 -32 54621 -28 449 -6817 0 0 682 19155 -10211 4305 0 0 0 0 0
t 70 4748251 31 -440 -32 54621 -28 449 -6816 0 0 682 19155 -10211 4305 0 0 0 0 0
t 71 4748307 31 -440 -32 54621 -28 449 -6816 0 0 682 19155 -10211 4305 0 0 0 0 0
t 72 4748363 31 -440 -32 54621 -28 449 -6816 0 0 682 19155 -10211 4305 0 0 0 0 0
t 73 4748419 31 -440 -32 54621 -28 449 -6816 0 0 682 19155 -10211 4305 0 0 0 0 0
thdr seq now flags x y h ox oy oh vl vr i2cf cyc posl posr dutl dutr lexc wrng cycovr
t 74 4748475 31 -440 -32 54621 -28 449 -6816 0 0 682 19155 -10211 4305 0 0 0 0 0
t 75 4748527 31 -440 -32 54621 -28 449 -6816 0 0 682 19155 -10211 4305 0 0 0 0 0
t 76 4748583 31 -440 -32 54621 -28 449 -6816 0 0 682 19155 -10211 4305 0 0 0 0 0
t 77 4748639 31 -440 -32 54621 -28 449 -6816 0 0 682 19155 -10211 4305 0 0 0 0 0
t 78 4748695 31 -440 -32 54621 -28 449 -6815 0 0 682 19155 -10211 4305 0 0 0 0 0
t 79 4748751 31 -440 -32 54621 -28 449 -6815 0 0 682 19155 -10211 4305 0 0 0 0 0
t 80 4748807 31 -440 -32 54621 -28 449 -6815 0 0 682 19155 -10211 4305 0 0 0 0 0
t 81 4748863 31 -440 -32 54621 -28 449 -6815 0 0 682 19155 -10211 4305 0 0 0 0 0
t 82 4748919 31 -440 -32 54621 -28 449 -6815 0 0 682 19155 -10211 4305 0 0 0 0 0
t 83 4748975 31 -440 -32 54621 -28 449 -6815 0 0 682 19155 -10211 4305 0 0 0 0 0
t 84 4749031 31 -440 -32 54621 -28 449 -6814 0 0 682 19155 -10211 4305 0 0 0 0 0
t 85 4749087 31 -440 -32 54621 -28 449 -6814 0 0 682 19155 -10211 4305 0 0 0 0 0
t 86 4749143 31 -440 -32 54621 -28 449 -6814 0 0 682 19155 -10211 4305 0 0 0 0 0
t 87 4749199 31 -440 -32 54621 -28 449 -6814 0 0 682 19155 -10211 4305 0 0 0 0 0
t 88 4749255 31 -440 -32 54621 -28 449 -6814 0 0 682 19155 -10211 4305 0 0 0 0 0
t 89 4749311 31 -440 -32 54621 -28 449 -6814 0 0 682 19155 -10211 4305 0 0 0 0 0
t 90 4749367 31 -440 -32 54621 -28 449 -6814 0 0 682 19155 -10211 4305 0 0 0 0 0
t 91 4749423 31 -440 -32 54621 -28 449 -6814 0 0 682 19155 -10211 4305 0 0 0 0 0
t 92 4749479 31 -440 -32 54621 -28 449 -6813 0 0 682 19155 -10211 4305 0 0 0 0 0
thdr seq now flags x y h ox oy oh vl vr i2cf cyc posl posr dutl dutr lexc wrng cycovr
t 93 4749535 31 -440 -32 54621 -28 449 -6813 0 0 682 19155 -10211 4305 0 0 0 0 0
t 94 4749587 31 -440 -32 54621 -28 449 -6813 0 0 682 19155 -10211 4305 0 0 0 0 0
t 95 4749643 31 -440 -32 54621 -28 449 -6813 0 0 682 19155 -10211 4305 0 0 0 0 0
t 96 4749699 31 -440 -32 54621 -28 449 -6813 0 0 682 19155 -10211 4305 0 0 0 0 0
t 97 4749755 31 -440 -32 54621 -28 449 -6813 0 0 682 19155 -10211 4305 0 0 0 0 0
t 98 4749811 31 -440 -32 54621 -28 449 -6813 0 0 682 19155 -10211 4305 0 0 0 0 0
t 99 4749867 31 -440 -32 54621 -28 449 -6813 0 0 682 19155 -10211 4305 0 0 0 0 0
ack 12 11 timeout
v=40: pose before (23.18,-25.72,-69.31) after (23.95,-26.22,-131.63)  rotated=-62.31 deg  ack=True
DBG:wifi state=0 ip=- peer=-:0 tcp=0/0 to=4 restarts=0 sent=0 rx=0 drop=0 mdns=0/0 cmd= reply=
ack 13 11 timeout
t 100 4755915 31 -440 -32 54621 -28 449 -6799 0 0 682 19155 -10211 4305 0 0 0 0 0
t 101 4755971 31 -440 -32 54621 -28 449 -6798 0 0 682 19155 -10211 4305 0 0 0 0 0
t 102 4756027 31 -440 -32 54621 -28 449 -6798 0 0 682 19155 -10211 4305 0 0 0 0 0
ack 14 11 timeout
t 103 4756095 31 -440 -32 54621 -28 449 -6798 0 0 682 19157 -10211 4305 300 -300 0 0 0
t 104 4756167 31 -440 -32 54538 -28 449 -6798 10 -10 683 19160 -10197 4297 500 -500 0 0 0
t 105 4756239 31 -441 -33 54455 -28 449 -6813 30 -10 686 19163 -10175 4297 800 -600 0 0 0
t 106 4756311 31 -442 -33 54297 -28 450 -6983 36 -20 686 19166 -10142 4288 900 -900 0 0 0
t 107 4756383 31 -443 -33 54056 -28 450 -6983 56 -26 686 19169 -10097 4269 900 -1100 0 0 0
t 108 4756455 31 -444 -33 53725 -29 451 -7409 56 -46 686 19172 -10042 4236 800 -1100 0 0 0
t 109 4756527 31 -444 -33 53409 -30 451 -7973 39 -46 686 19175 -9997 4197 600 -900 0 0 0
t 110 4756599 31 -444 -33 53149 -30 451 -7973 36 -20 686 19178 -9959 4166 500 -700 0 0 0
t 111 4756671 31 -444 -33 52980 -30 451 -8391 20 -20 686 19181 -9936 4144 400 -700 0 0 0
thdr seq now flags x y h ox oy oh vl vr i2cf cyc posl posr dutl dutr lexc wrng cycovr
t 112 4756743 31 -444 -33 52833 -30 451 -8634 20 -10 687 19184 -9914 4127 500 -800 0 0 0
t 113 4756815 31 -444 -33 52668 -30 451 -8634 31 -20 688 19187 -9892 4105 700 -900 0 0 0
t 114 4756887 31 -445 -32 52449 -30 451 -8910 36 -46 688 19190 -9859 4080 700 -900 0 0 0
t 115 4756959 31 -445 -32 52216 -30 451 -9290 39 -26 688 19193 -9822 4055 700 -900 0 0 0
t 116 4757031 31 -445 -32 52017 -30 451 -9290 20 -36 688 19196 -9797 4027 600 -1000 0 0 0
t 117 4757103 31 -445 -32 51768 -31 450 -9679 36 -26 688 19199 -9764 3994 600 -900 0 0 0
t 118 4757175 31 -445 -32 51539 -31 450 -9679 36 -36 688 19202 -9736 3961 600 -900 0 0 0
t 119 4757247 31 -445 -33 51298 -31 450 -10093 26 -36 688 19205 -9706 3927 500 -800 0 0 0
t 120 4757319 31 -445 -33 51080 -32 449 -10493 26 -26 688 19208 -9678 3897 500 -700 0 0 0
t 121 4757391 31 -445 -33 50892 -32 449 -10493 20 -36 688 19211 -9653 3872 500 -800 0 0 0
t 122 4757463 31 -445 -32 50722 -32 449 -10798 26 -30 688 19214 -9628 3852 500 -800 0 0 0
t 123 4757535 31 -445 -32 50557 -32 449 -11076 26 -26 688 19217 -9606 3830 600 -900 0 0 0
t 124 4757600 31 -445 -32 50403 -32 449 -11076 0 0 688 19221 -9584 3811 0 0 0 0 0
t 125 4757655 31 -445 -32 50403 -32 448 -11347 0 0 688 19221 -9584 3811 0 0 0 0 0
t 126 4757711 31 -445 -32 50403 -32 448 -11347 0 0 688 19221 -9584 3811 0 0 0 0 0
t 127 4757767 31 -445 -32 50403 -32 448 -11343 0 0 688 19221 -9584 3811 0 0 0 0 0
t 0 4757823 31 -445 -32 50403 -32 448 -11343 0 0 688 19221 -9584 3811 0 0 0 0 0
t 1 4757879 31 -445 -32 50403 -32 448 -11344 0 0 688 19221 -9584 3811 0 0 0 0 0
t 2 4757935 31 -445 -32 50403 -32 448 -11344 0 0 688 19221 -9584 3811 0 0 0 0 0
thdr seq now flags x y h ox oy oh vl vr i2cf cyc posl posr dutl dutr lexc wrng cycovr
t 3 4757991 31 -445 -32 50403 -32 448 -11343 0 0 688 19221 -9584 3811 0 0 0 0 0
t 4 4758043 31 -445 -32 50403 -32 448 -11343 0 0 688 19221 -9584 3811 0 0 0 0 0
t 5 4758099 31 -445 -32 50403 -32 448 -11343 0 0 688 19221 -9584 3811 0 0 0 0 0
t 6 4758155 31 -445 -32 50403 -32 448 -11343 0 0 688 19221 -9584 3811 0 0 0 0 0
t 7 4758211 31 -445 -32 50403 -32 448 -11343 0 0 688 19221 -9584 3811 0 0 0 0 0
t 8 4758267 31 -445 -32 50403 -32 448 -11343 0 0 688 19221 -9584 3811 0 0 0 0 0
t 9 4758323 31 -445 -32 50403 -32 448 -11343 0 0 688 19221 -9584 3811 0 0 0 0 0
t 10 4758379 31 -445 -32 50403 -32 448 -11343 0 0 688 19221 -9584 3811 0 0 0 0 0
t 11 4758435 31 -445 -32 50403 -32 448 -11342 0 0 688 19221 -9584 3811 0 0 0 0 0
t 12 4758491 31 -445 -32 50403 -32 448 -11342 0 0 688 19221 -9584 3811 0 0 0 0 0
t 13 4758547 31 -445 -32 50403 -32 448 -11342 0 0 688 19221 -9584 3811 0 0 0 0 0
t 14 4758603 31 -445 -32 50403 -32 448 -11342 0 0 688 19221 -9584 3811 0 0 0 0 0
t 15 4758659 31 -445 -32 50403 -32 448 -11342 0 0 688 19221 -9584 3811 0 0 0 0 0
t 16 4758715 31 -445 -32 50403 -32 448 -11342 0 0 688 19221 -9584 3811 0 0 0 0 0
t 17 4758771 31 -445 -32 50403 -32 448 -11342 0 0 688 19221 -9584 3811 0 0 0 0 0
t 18 4758827 31 -445 -32 50403 -32 448 -11342 0 0 688 19221 -9584 3811 0 0 0 0 0
t 19 4758883 31 -445 -32 50403 -32 448 -11342 0 0 688 19221 -9584 3811 0 0 0 0 0
t 20 4758939 31 -445 -32 50403 -32 448 -11342 0 0 688 19221 -9584 3811 0 0 0 0 0
t 21 4758995 31 -445 -32 50403 -32 448 -11341 0 0 688 19221 -9584 3811 0 0 0 0 0
thdr seq now flags x y h ox oy oh vl vr i2cf cyc posl posr dutl dutr lexc wrng cycovr
t 22 4759051 31 -445 -32 50403 -32 448 -11341 0 0 688 19221 -9584 3811 0 0 0 0 0
t 23 4759103 31 -445 -32 50403 -32 448 -11341 0 0 688 19221 -9584 3811 0 0 0 0 0
t 24 4759159 31 -445 -32 50403 -32 448 -11341 0 0 688 19221 -9584 3811 0 0 0 0 0
t 25 4759215 31 -445 -32 50403 -32 448 -11341 0 0 688 19221 -9584 3811 0 0 0 0 0
t 26 4759271 31 -445 -32 50403 -32 448 -11341 0 0 688 19221 -9584 3811 0 0 0 0 0
t 27 4759327 31 -445 -32 50403 -32 448 -11341 0 0 688 19221 -9584 3811 0 0 0 0 0
t 28 4759383 31 -445 -32 50403 -32 448 -11341 0 0 688 19221 -9584 3811 0 0 0 0 0
t 29 4759439 31 -445 -32 50403 -32 448 -11341 0 0 688 19221 -9584 3811 0 0 0 0 0
t 30 4759495 31 -445 -32 50403 -32 448 -11341 0 0 688 19221 -9584 3811 0 0 0 0 0
t 31 4759551 31 -445 -32 50403 -32 448 -11340 0 0 688 19221 -9584 3811 0 0 0 0 0
t 32 4759607 31 -445 -32 50403 -32 448 -11340 0 0 688 19221 -9584 3811 0 0 0 0 0
t 33 4759663 31 -445 -32 50403 -32 448 -11340 0 0 688 19221 -9584 3811 0 0 0 0 0
t 34 4759719 31 -445 -32 50403 -32 448 -11340 0 0 688 19221 -9584 3811 0 0 0 0 0
t 35 4759775 31 -445 -32 50403 -32 448 -11340 0 0 688 19221 -9584 3811 0 0 0 0 0
t 36 4759831 31 -445 -32 50403 -32 448 -11340 0 0 688 19221 -9584 3811 0 0 0 0 0
t 37 4759887 31 -445 -32 50403 -32 448 -11340 0 0 688 19221 -9584 3811 0 0 0 0 0
t 38 4759943 31 -445 -32 50403 -32 448 -11340 0 0 688 19221 -9584 3811 0 0 0 0 0
t 39 4759999 31 -445 -32 50403 -32 448 -11340 0 0 688 19221 -9584 3811 0 0 0 0 0
t 40 4760055 31 -445 -32 50403 -32 448 -11340 0 0 688 19221 -9584 3811 0 0 0 0 0
thdr seq now flags x y h ox oy oh vl vr i2cf cyc posl posr dutl dutr lexc wrng cycovr
t 41 4760111 31 -445 -32 50403 -32 448 -11339 0 0 688 19221 -9584 3811 0 0 0 0 0
t 42 4760163 31 -445 -32 50403 -32 448 -11339 0 0 688 19221 -9584 3811 0 0 0 0 0
t 43 4760219 31 -445 -32 50403 -32 448 -11339 0 0 688 19221 -9584 3811 0 0 0 0 0
t 44 4760275 31 -445 -32 50403 -32 448 -11339 0 0 688 19221 -9584 3811 0 0 0 0 0
t 45 4760331 31 -445 -32 50403 -32 448 -11338 0 0 688 19221 -9584 3811 0 0 0 0 0
t 46 4760387 31 -445 -32 50403 -32 448 -11338 0 0 688 19221 -9584 3811 0 0 0 0 0
t 47 4760443 31 -445 -32 50403 -32 448 -11338 0 0 688 19221 -9584 3811 0 0 0 0 0
t 48 4760499 31 -445 -32 50403 -32 448 -11338 0 0 688 19221 -9584 3811 0 0 0 0 0
t 49 4760555 31 -445 -32 50403 -32 448 -11338 0 0 688 19221 -9584 3811 0 0 0 0 0
t 50 4760611 31 -445 -32 50403 -32 448 -11338 0 0 688 19221 -9584 3811 0 0 0 0 0
t 51 4760667 31 -445 -32 50403 -32 448 -11337 0 0 688 19221 -9584 3811 0 0 0 0 0
DBG:wifi state=0 ip=- peer=-:0 tcp=0/0 to=4 restarts=0 sent=0 rx=0 drop=0 mdns=0/0 cmd= reply=
t 52 4760723 31 -445 -32 50403 -32 448 -11337 0 0 688 19221 -9584 3811 0 0 0 0 0
t 53 4760779 31 -445 -32 50403 -32 448 -11337 0 0 688 19221 -9584 3811 0 0 0 0 0
t 54 4760835 31 -445 -32 50403 -32 448 -11337 0 0 688 19221 -9584 3811 0 0 0 0 0
t 55 4760891 31 -445 -32 50403 -32 448 -11337 0 0 688 19221 -9584 3811 0 0 0 0 0
t 56 4760947 31 -445 -32 50403 -32 448 -11337 0 0 688 19221 -9584 3811 0 0 0 0 0
t 57 4761003 31 -445 -32 50403 -32 448 -11337 0 0 688 19221 -9584 3811 0 0 0 0 0
ack 15 14 timeout
v=30: pose before (23.95,-26.23,-131.65) after (23.70,-26.85,-175.24)  rotated=-43.58 deg  ack=True
ack 16 14 timeout
t 58 4766043 31 -445 -32 50403 -32 448 -11324 0 0 688 19221 -9584 3811 0 0 0 0 0
t 59 4766099 31 -445 -32 50403 -32 448 -11324 0 0 688 19221 -9584 3811 0 0 0 0 0
ack 17 14 timeout
thdr seq now flags x y h ox oy oh vl vr i2cf cyc posl posr dutl dutr lexc wrng cycovr
t 60 4766167 31 -445 -32 50403 -32 448 -11324 0 0 688 19223 -9584 3811 300 -300 0 0 0
t 61 4766239 31 -445 -32 50369 -32 448 -11324 17 0 689 19226 -9575 3811 500 -600 0 0 0
t 62 4766311 31 -446 -32 50327 -32 448 -11335 20 0 692 19229 -9564 3811 800 -600 0 0 0
t 63 4766383 31 -446 -31 50222 -31 450 -11483 36 0 695 19232 -9536 3811 1000 -700 0 0 0
t 64 4766455 b1 -448 -30 50056 -31 450 -11483 56 0 698 19235 -9492 3811 1100 -700 0 0 0
t 65 4766527 b1 -449 -29 49868 -30 452 -11805 56 0 701 19238 -9442 3811 1100 -700 0 0 0
t 66 4766599 b1 -451 -27 49657 -30 452 -11805 56 0 704 19241 -9386 3811 900 -700 0 0 0
t 67 4766671 b1 -453 -26 49451 -29 455 -12175 53 0 707 19244 -9331 3811 800 -700 0 0 0
t 68 4766743 b1 -454 -24 49262 -28 457 -12489 53 0 710 19247 -9281 3811 800 -600 0 0 0
t 69 4766815 b1 -455 -23 49093 -28 457 -12489 56 0 713 19250 -9236 3811 800 -600 0 0 0
t 70 4766887 b1 -456 -22 48939 -26 459 -12782 46 0 716 19253 -9195 3811 800 -700 0 0 0
t 71 4766959 b1 -457 -21 48769 -25 461 -13060 56 0 719 19256 -9150 3811 800 -700 0 0 0
t 72 4767031 b1 -458 -19 48604 -25 461 -13060 62 0 722 19259 -9106 3811 800 -800 0 0 0
t 73 4767103 b1 -459 -18 48446 -24 463 -13329 56 0 725 19262 -9064 3811 800 -700 0 0 0
t 74 4767175 b1 -460 -16 48280 -22 465 -13603 52 0 728 19265 -9020 3811 900 -700 0 0 0
t 75 4767247 b1 -461 -15 48092 -22 465 -13603 62 0 731 19268 -8970 3811 800 -700 0 0 0
t 76 4767319 b1 -462 -13 47893 -21 466 -13929 56 0 734 19271 -8917 3811 700 -700 0 0 0
t 77 4767391 b1 -463 -11 47735 -19 468 -14219 36 0 737 19274 -8875 3811 600 -600 0 0 0
t 78 4767463 b1 -464 -10 47569 -19 468 -14219 46 0 740 19277 -8831 3811 700 -700 0 0 0
thdr seq now flags x y h ox oy oh vl vr i2cf cyc posl posr dutl dutr lexc wrng cycovr
t 79 4767535 b1 -464 -8 47422 -17 470 -14480 36 0 743 19280 -8792 3811 700 -700 0 0 0
t 80 4767607 b1 -465 -7 47253 -17 470 -14480 48 0 746 19283 -8747 3811 800 -700 0 0 0
t 81 4767688 31 -466 -5 47110 -16 471 -14765 0 0 748 19288 -8709 3811 0 0 0 0 0
t 82 4767743 31 -466 -5 47110 -15 472 -14935 0 0 748 19288 -8709 3811 0 0 0 0 0
t 83 4767799 31 -466 -5 47110 -15 472 -14935 0 0 748 19288 -8709 3811 0 0 0 0 0
t 84 4767855 31 -466 -5 47110 -15 472 -14933 0 0 748 19288 -8709 3811 0 0 0 0 0
t 85 4767911 31 -466 -5 47110 -15 472 -14933 0 0 748 19288 -8709 3811 0 0 0 0 0
t 86 4767967 31 -466 -5 47110 -15 472 -14933 0 0 748 19288 -8709 3811 0 0 0 0 0
t 87 4768023 31 -466 -5 47110 -15 472 -14933 0 0 748 19288 -8709 3811 0 0 0 0 0
t 88 4768079 31 -466 -5 47110 -15 472 -14933 0 0 748 19288 -8709 3811 0 0 0 0 0
t 89 4768135 31 -466 -5 47110 -15 472 -14933 0 0 748 19288 -8709 3811 0 0 0 0 0
t 90 4768191 31 -466 -5 47110 -15 472 -14932 0 0 748 19288 -8709 3811 0 0 0 0 0
t 91 4768247 31 -466 -5 47110 -15 472 -14932 0 0 748 19288 -8709 3811 0 0 0 0 0
t 92 4768303 31 -466 -5 47110 -15 472 -14932 0 0 748 19288 -8709 3811 0 0 0 0 0
t 93 4768359 31 -466 -5 47110 -15 472 -14932 0 0 748 19288 -8709 3811 0 0 0 0 0
t 94 4768415 31 -466 -5 47110 -15 472 -14932 0 0 748 19288 -8709 3811 0 0 0 0 0
t 95 4768471 31 -466 -5 47110 -15 472 -14932 0 0 748 19288 -8709 3811 0 0 0 0 0
t 96 4768527 31 -466 -5 47110 -15 472 -14931 0 0 748 19288 -8709 3811 0 0 0 0 0
t 97 4768583 31 -466 -5 47110 -15 472 -14931 0 0 748 19288 -8709 3811 0 0 0 0 0
thdr seq now flags x y h ox oy oh vl vr i2cf cyc posl posr dutl dutr lexc wrng cycovr
t 98 4768639 31 -466 -5 47110 -15 472 -14931 0 0 748 19288 -8709 3811 0 0 0 0 0
t 99 4768691 31 -466 -5 47110 -15 472 -14931 0 0 748 19288 -8709 3811 0 0 0 0 0
t 100 4768747 31 -466 -5 47110 -15 472 -14931 0 0 748 19288 -8709 3811 0 0 0 0 0
t 101 4768803 31 -466 -5 47110 -15 472 -14931 0 0 748 19288 -8709 3811 0 0 0 0 0
t 102 4768859 31 -466 -5 47110 -15 472 -14930 0 0 748 19288 -8709 3811 0 0 0 0 0
t 103 4768915 31 -466 -5 47110 -15 472 -14930 0 0 748 19288 -8709 3811 0 0 0 0 0
t 104 4768971 31 -466 -5 47110 -15 472 -14930 0 0 748 19288 -8709 3811 0 0 0 0 0
t 105 4769027 31 -466 -5 47110 -15 472 -14930 0 0 748 19288 -8709 3811 0 0 0 0 0
t 106 4769083 31 -466 -5 47110 -15 472 -14930 0 0 748 19288 -8709 3811 0 0 0 0 0
t 107 4769139 31 -466 -5 47110 -15 472 -14930 0 0 748 19288 -8709 3811 0 0 0 0 0
t 108 4769195 31 -466 -5 47110 -15 472 -14930 0 0 748 19288 -8709 3811 0 0 0 0 0
t 109 4769251 31 -466 -5 47110 -15 472 -14930 0 0 748 19288 -8709 3811 0 0 0 0 0
t 110 4769307 31 -466 -5 47110 -15 472 -14929 0 0 748 19288 -8709 3811 0 0 0 0 0
t 111 4769363 31 -466 -5 47110 -15 472 -14929 0 0 748 19288 -8709 3811 0 0 0 0 0
t 112 4769419 31 -466 -5 47110 -15 472 -14929 0 0 748 19288 -8709 3811 0 0 0 0 0
t 113 4769475 31 -466 -5 47110 -15 472 -14929 0 0 748 19288 -8709 3811 0 0 0 0 0
t 114 4769531 31 -466 -5 47110 -15 472 -14928 0 0 748 19288 -8709 3811 0 0 0 0 0
t 115 4769587 31 -466 -5 47110 -15 472 -14928 0 0 748 19288 -8709 3811 0 0 0 0 0
t 116 4769643 31 -466 -5 47110 -15 472 -14928 0 0 748 19288 -8709 3811 0 0 0 0 0
thdr seq now flags x y h ox oy oh vl vr i2cf cyc posl posr dutl dutr lexc wrng cycovr
t 117 4769699 31 -466 -5 47110 -15 472 -14928 0 0 748 19288 -8709 3811 0 0 0 0 0
t 118 4769751 31 -466 -5 47110 -15 472 -14928 0 0 748 19288 -8709 3811 0 0 0 0 0
t 119 4769807 31 -466 -5 47110 -15 472 -14928 0 0 748 19288 -8709 3811 0 0 0 0 0
t 120 4769863 31 -466 -5 47110 -15 472 -14928 0 0 748 19288 -8709 3811 0 0 0 0 0
t 121 4769919 31 -466 -5 47110 -15 472 -14928 0 0 748 19288 -8709 3811 0 0 0 0 0
t 122 4769975 31 -466 -5 47110 -15 472 -14927 0 0 748 19288 -8709 3811 0 0 0 0 0
t 123 4770031 31 -466 -5 47110 -15 472 -14927 0 0 748 19288 -8709 3811 0 0 0 0 0
t 124 4770087 31 -466 -5 47110 -15 472 -14927 0 0 748 19288 -8709 3811 0 0 0 0 0
t 125 4770143 31 -466 -5 47110 -15 472 -14927 0 0 748 19288 -8709 3811 0 0 0 0 0
t 126 4770199 31 -466 -5 47110 -15 472 -14927 0 0 748 19288 -8709 3811 0 0 0 0 0
t 127 4770255 31 -466 -5 47110 -15 472 -14927 0 0 748 19288 -8709 3811 0 0 0 0 0
t 0 4770311 31 -466 -5 47110 -15 472 -14927 0 0 748 19288 -8709 3811 0 0 0 0 0
t 1 4770367 31 -466 -5 47110 -15 472 -14927 0 0 748 19288 -8709 3811 0 0 0 0 0
t 2 4770423 31 -466 -5 47110 -15 472 -14926 0 0 748 19288 -8709 3811 0 0 0 0 0
t 3 4770479 31 -466 -5 47110 -15 472 -14926 0 0 748 19288 -8709 3811 0 0 0 0 0
t 4 4770535 31 -466 -5 47110 -15 472 -14926 0 0 748 19288 -8709 3811 0 0 0 0 0
t 5 4770591 31 -466 -5 47110 -15 472 -14926 0 0 748 19288 -8709 3811 0 0 0 0 0
t 6 4770647 31 -466 -5 47110 -15 472 -14926 0 0 748 19288 -8709 3811 0 0 0 0 0
t 7 4770703 31 -466 -5 47110 -15 472 -14926 0 0 748 19288 -8709 3811 0 0 0 0 0
DBG:wifi state=0 ip=- peer=-:0 tcp=0/0 to=4 restarts=0 sent=0 rx=0 drop=0 mdns=0/0 cmd= reply=
thdr seq now flags x y h ox oy oh vl vr i2cf cyc posl posr dutl dutr lexc wrng cycovr
t 8 4770759 31 -466 -5 47110 -14 472 -14926 0 0 748 19288 -8709 3811 0 0 0 0 0
t 9 4770811 31 -466 -5 47110 -14 472 -14926 0 0 748 19288 -8709 3811 0 0 0 0 0
t 10 4770867 31 -466 -5 47110 -14 472 -14926 0 0 748 19288 -8709 3811 0 0 0 0 0
t 11 4770923 31 -466 -5 47110 -14 472 -14926 0 0 748 19288 -8709 3811 0 0 0 0 0
t 12 4770979 31 -466 -5 47110 -14 472 -14925 0 0 748 19288 -8709 3811 0 0 0 0 0
t 13 4771035 31 -466 -5 47110 -14 472 -14925 0 0 748 19288 -8709 3811 0 0 0 0 0
t 14 4771091 31 -466 -5 47110 -14 472 -14925 0 0 748 19288 -8709 3811 0 0 0 0 0
t 15 4771147 31 -466 -5 47110 -14 472 -14925 0 0 748 19288 -8709 3811 0 0 0 0 0
t 16 4771203 31 -466 -5 47110 -14 472 -14925 0 0 748 19288 -8709 3811 0 0 0 0 0
t 17 4771259 31 -466 -5 47110 -14 472 -14925 0 0 748 19288 -8709 3811 0 0 0 0 0
t 18 4771315 31 -466 -5 47110 -14 472 -14925 0 0 748 19288 -8709 3811 0 0 0 0 0
t 19 4771371 31 -466 -5 47110 -14 472 -14925 0 0 748 19288 -8709 3811 0 0 0 0 0
t 20 4771427 31 -466 -5 47110 -14 472 -14925 0 0 748 19288 -8709 3811 0 0 0 0 0
t 21 4771483 31 -466 -5 47110 -14 472 -14925 0 0 748 19288 -8709 3811 0 0 0 0 0
t 22 4771539 31 -466 -5 47110 -14 472 -14925 0 0 748 19288 -8709 3811 0 0 0 0 0
t 23 4771595 31 -466 -5 47110 -14 472 -14924 0 0 748 19288 -8709 3811 0 0 0 0 0
ack 18 17 timeout
v=25: pose before (23.68,-26.78,-174.30) after (20.24,-26.45,147.52)  rotated=-38.18 deg  ack=True
ack 19 17 timeout
t 24 4777139 31 -466 -5 47110 -14 472 -14910 0 0 748 19288 -8709 3811 0 0 0 0 0
t 25 4777195 31 -466 -5 47110 -14 472 -14909 0 0 748 19288 -8709 3811 0 0 0 0 0
t 26 4777251 31 -466 -5 47110 -14 472 -14909 0 0 748 19288 -8709 3811 0 0 0 0 0
thdr seq now flags x y h ox oy oh vl vr i2cf cyc posl posr dutl dutr lexc wrng cycovr
t 27 4777307 31 -466 -5 47110 -14 472 -14909 0 0 748 19288 -8709 3811 0 0 0 0 0
ack 20 17 timeout
t 28 4777371 31 -466 -5 47110 -14 472 -14909 0 0 748 19290 -8709 3811 300 -300 0 0 0
t 29 4777443 31 -466 -5 47046 -14 472 -14909 36 0 749 19293 -8692 3811 400 -400 0 0 0
t 30 4777515 31 -466 -4 46993 -14 472 -14941 20 0 752 19296 -8678 3811 500 -500 0 0 0
t 31 4777587 31 -466 -3 46911 -14 472 -14941 26 0 755 19299 -8656 3811 700 -600 0 0 0
t 32 4777659 b1 -467 -2 46805 -13 472 -15071 26 0 758 19302 -8628 3811 800 -600 0 0 0
t 33 4777731 31 -467 -1 46625 -12 473 -15298 46 -2 760 19305 -8586 3805 800 -500 0 0 0
t 34 4777803 31 -468 0 46440 -12 473 -15298 56 -16 762 19308 -8542 3800 600 -600 0 0 0
t 35 4777875 31 -468 2 46293 -10 474 -15604 46 -16 765 19311 -8503 3800 500 -500 0 0 0
t 36 4777947 31 -468 3 46147 -8 475 -15840 46 -16 768 19314 -8464 3800 500 -600 0 0 0
t 37 4778019 b1 -469 5 46023 -8 475 -15840 36 -16 771 19317 -8431 3800 400 -600 0 0 0
t 38 4778091 b1 -469 6 45940 -7 476 -16026 16 -16 774 19320 -8409 3800 500 -600 0 0 0
t 39 4778163 b1 -469 7 45812 -5 476 -16216 30 -16 777 19323 -8375 3800 600 -600 0 0 0
t 40 4778235 b1 -469 8 45688 -5 476 -16216 36 -16 780 19326 -8342 3800 700 -700 0 0 0
t 41 4778307 b1 -469 10 45530 -3 477 -16447 46 -16 783 19329 -8300 3800 600 -600 0 0 0
t 42 4778379 b1 -469 11 45394 -1 478 -16679 36 -16 786 19332 -8264 3800 600 -600 0 0 0
t 43 4778451 b1 -469 13 45247 -1 478 -16679 46 -16 789 19335 -8225 3800 600 -600 0 0 0
t 44 4778523 b1 -469 14 45123 0 478 -16916 36 -16 792 19338 -8192 3800 500 -600 0 0 0
t 45 4778595 b1 -469 16 44965 0 478 -16916 46 -16 795 19341 -8150 3800 500 -600 0 0 0
thdr seq now flags x y h ox oy oh vl vr i2cf cyc posl posr dutl dutr lexc wrng cycovr
t 46 4778667 b1 -469 17 44852 1 479 -17140 36 -16 798 19344 -8120 3800 500 -700 0 0 0
t 47 4778739 b1 -469 18 44724 3 479 -17355 31 -16 801 19347 -8086 3800 600 -600 0 0 0
t 48 4778811 b1 -469 20 44570 3 479 -17355 46 -16 804 19350 -8045 3800 600 -700 0 0 0
t 49 4778892 31 -469 21 44465 5 479 -17588 0 0 806 19355 -8017 3800 0 0 0 0 0
t 50 4778947 31 -469 21 44465 5 479 -17690 0 0 806 19355 -8017 3800 0 0 0 0 0
t 51 4779003 31 -469 21 44465 5 479 -17690 0 0 806 19355 -8017 3800 0 0 0 0 0
t 52 4779059 31 -469 21 44465 5 479 -17692 0 0 806 19355 -8017 3800 0 0 0 0 0
t 53 4779115 31 -469 21 44465 5 479 -17692 0 0 806 19355 -8017 3800 0 0 0 0 0
t 54 4779171 31 -469 21 44465 5 479 -17692 0 0 806 19355 -8017 3800 0 0 0 0 0
t 55 4779227 31 -469 21 44465 5 479 -17692 0 0 806 19355 -8017 3800 0 0 0 0 0
t 56 4779283 31 -469 21 44465 5 479 -17691 0 0 806 19355 -8017 3800 0 0 0 0 0
t 57 4779339 31 -469 21 44465 5 479 -17691 0 0 806 19355 -8017 3800 0 0 0 0 0
t 58 4779395 31 -469 21 44465 5 479 -17691 0 0 806 19355 -8017 3800 0 0 0 0 0
t 59 4779451 31 -469 21 44465 5 479 -17691 0 0 806 19355 -8017 3800 0 0 0 0 0
t 60 4779507 31 -469 21 44465 5 479 -17690 0 0 806 19355 -8017 3800 0 0 0 0 0
t 61 4779563 31 -469 21 44465 5 479 -17690 0 0 806 19355 -8017 3800 0 0 0 0 0
t 62 4779619 31 -469 21 44465 5 479 -17690 0 0 806 19355 -8017 3800 0 0 0 0 0
t 63 4779675 31 -469 21 44465 5 479 -17690 0 0 806 19355 -8017 3800 0 0 0 0 0
t 64 4779731 31 -469 21 44465 5 479 -17690 0 0 806 19355 -8017 3800 0 0 0 0 0
thdr seq now flags x y h ox oy oh vl vr i2cf cyc posl posr dutl dutr lexc wrng cycovr
t 65 4779787 31 -469 21 44465 5 479 -17690 0 0 806 19355 -8017 3800 0 0 0 0 0
t 66 4779839 31 -469 21 44465 5 479 -17690 0 0 806 19355 -8017 3800 0 0 0 0 0
t 67 4779895 31 -469 21 44465 5 479 -17690 0 0 806 19355 -8017 3800 0 0 0 0 0
t 68 4779951 31 -469 21 44465 5 479 -17690 0 0 806 19355 -8017 3800 0 0 0 0 0
t 69 4780007 31 -469 21 44465 5 479 -17690 0 0 806 19355 -8017 3800 0 0 0 0 0
t 70 4780063 31 -469 21 44465 5 479 -17690 0 0 806 19355 -8017 3800 0 0 0 0 0
t 71 4780119 31 -469 21 44465 5 479 -17689 0 0 806 19355 -8017 3800 0 0 0 0 0
t 72 4780175 31 -469 21 44465 5 479 -17689 0 0 806 19355 -8017 3800 0 0 0 0 0
t 73 4780231 31 -469 21 44465 5 479 -17689 0 0 806 19355 -8017 3800 0 0 0 0 0
t 74 4780287 31 -469 21 44465 5 479 -17689 0 0 806 19355 -8017 3800 0 0 0 0 0
t 75 4780343 31 -469 21 44465 5 479 -17689 0 0 806 19355 -8017 3800 0 0 0 0 0
t 76 4780399 31 -469 21 44465 5 479 -17689 0 0 806 19355 -8017 3800 0 0 0 0 0
t 77 4780455 31 -469 21 44465 5 479 -17689 0 0 806 19355 -8017 3800 0 0 0 0 0
t 78 4780511 31 -469 21 44465 5 479 -17689 0 0 806 19355 -8017 3800 0 0 0 0 0
t 79 4780567 31 -469 21 44465 5 479 -17688 0 0 806 19355 -8017 3800 0 0 0 0 0
t 80 4780623 31 -469 21 44465 5 479 -17688 0 0 806 19355 -8017 3800 0 0 0 0 0
t 81 4780679 31 -469 21 44465 5 479 -17688 0 0 806 19355 -8017 3800 0 0 0 0 0
DBG:wifi state=0 ip=- peer=-:0 tcp=0/0 to=4 restarts=0 sent=0 rx=0 drop=0 mdns=0/0 cmd= reply=
t 82 4780735 31 -469 21 44465 5 479 -17688 0 0 806 19355 -8017 3800 0 0 0 0 0
t 83 4780791 31 -469 21 44465 5 479 -17688 0 0 806 19355 -8017 3800 0 0 0 0 0
thdr seq now flags x y h ox oy oh vl vr i2cf cyc posl posr dutl dutr lexc wrng cycovr
t 84 4780847 31 -469 21 44465 5 479 -17688 0 0 806 19355 -8017 3800 0 0 0 0 0
t 85 4780899 31 -469 21 44465 5 479 -17688 0 0 806 19355 -8017 3800 0 0 0 0 0
t 86 4780955 31 -469 21 44465 5 479 -17688 0 0 806 19355 -8017 3800 0 0 0 0 0
t 87 4781011 31 -469 21 44465 5 479 -17687 0 0 806 19355 -8017 3800 0 0 0 0 0
t 88 4781067 31 -469 21 44465 5 479 -17687 0 0 806 19355 -8017 3800 0 0 0 0 0
t 89 4781123 31 -469 21 44465 5 479 -17687 0 0 806 19355 -8017 3800 0 0 0 0 0
t 90 4781179 31 -469 21 44465 5 479 -17687 0 0 806 19355 -8017 3800 0 0 0 0 0
t 91 4781235 31 -469 21 44465 5 479 -17687 0 0 806 19355 -8017 3800 0 0 0 0 0
t 92 4781291 31 -469 21 44465 5 479 -17687 0 0 806 19355 -8017 3800 0 0 0 0 0
t 93 4781347 31 -469 21 44465 5 479 -17686 0 0 806 19355 -8017 3800 0 0 0 0 0
t 94 4781403 31 -469 21 44465 5 479 -17686 0 0 806 19355 -8017 3800 0 0 0 0 0
t 95 4781459 31 -469 21 44465 5 479 -17686 0 0 806 19355 -8017 3800 0 0 0 0 0
t 96 4781515 31 -469 21 44465 5 479 -17686 0 0 806 19355 -8017 3800 0 0 0 0 0
t 97 4781571 31 -469 21 44465 5 479 -17686 0 0 806 19355 -8017 3800 0 0 0 0 0
t 98 4781627 31 -469 21 44465 5 479 -17686 0 0 806 19355 -8017 3800 0 0 0 0 0
t 99 4781683 31 -469 21 44465 5 479 -17685 0 0 806 19355 -8017 3800 0 0 0 0 0
t 100 4781739 31 -469 21 44465 5 479 -17685 0 0 806 19355 -8017 3800 0 0 0 0 0
t 101 4781795 31 -469 21 44465 5 479 -17685 0 0 806 19355 -8017 3800 0 0 0 0 0
t 102 4781851 31 -469 21 44465 5 479 -17685 0 0 806 19355 -8017 3800 0 0 0 0 0
thdr seq now flags x y h ox oy oh vl vr i2cf cyc posl posr dutl dutr lexc wrng cycovr
t 103 4781907 31 -469 21 44465 5 479 -17685 0 0 806 19355 -8017 3800 0 0 0 0 0
t 104 4781959 31 -469 21 44465 5 479 -17685 0 0 806 19355 -8017 3800 0 0 0 0 0
t 105 4782015 31 -469 21 44465 5 479 -17684 0 0 806 19355 -8017 3800 0 0 0 0 0
t 106 4782071 31 -469 21 44465 5 479 -17684 0 0 806 19355 -8017 3800 0 0 0 0 0
t 107 4782127 31 -469 21 44465 5 479 -17684 0 0 806 19355 -8017 3800 0 0 0 0 0
t 108 4782183 31 -469 21 44465 5 479 -17684 0 0 806 19355 -8017 3800 0 0 0 0 0
t 109 4782239 31 -469 21 44465 5 479 -17684 0 0 806 19355 -8017 3800 0 0 0 0 0
t 110 4782295 31 -469 21 44465 5 479 -17684 0 0 806 19355 -8017 3800 0 0 0 0 0
t 111 4782351 31 -469 21 44465 5 479 -17684 0 0 806 19355 -8017 3800 0 0 0 0 0
t 112 4782407 31 -469 21 44465 5 479 -17684 0 0 806 19355 -8017 3800 0 0 0 0 0
t 113 4782463 31 -469 21 44465 5 479 -17683 0 0 806 19355 -8017 3800 0 0 0 0 0
t 114 4782519 31 -469 21 44465 5 479 -17683 0 0 806 19355 -8017 3800 0 0 0 0 0
ack 21 20 timeout
v=20: pose before (20.25,-26.44,147.62) after (18.27,-24.62,121.02)  rotated=-26.60 deg  ack=True
DBG:wifi state=0 ip=- peer=-:0 tcp=0/0 to=4 restarts=0 sent=0 rx=0 drop=0 mdns=0/0 cmd= reply=
ack 22 20 timeout
t 115 4792655 31 -469 21 44465 5 479 -17659 0 0 806 19355 -8017 3800 0 0 0 0 0
t 116 4792711 31 -469 21 44465 5 479 -17659 0 0 806 19355 -8017 3800 0 0 0 0 0
t 117 4792767 31 -469 21 44465 5 479 -17658 0 0 806 19355 -8017 3800 0 0 0 0 0
t 118 4792823 31 -469 21 44465 5 479 -17658 0 0 806 19355 -8017 3800 0 0 0 0 0
t 119 4792879 31 -469 21 44465 5 479 -17658 0 0 806 19355 -8017 3800 0 0 0 0 0
t 120 4792935 31 -469 21 44465 5 479 -17658 0 0 806 19355 -8017 3800 0 0 0 0 0
t 121 4792991 31 -469 21 44465 5 479 -17657 0 0 806 19355 -8017 3800 0 0 0 0 0
ack 23 20 timeout
thdr seq now flags x y h ox oy oh vl vr i2cf cyc posl posr dutl dutr lexc wrng cycovr
t 122 4793043 31 -469 21 44465 5 479 -17657 0 0 806 19356 -8017 3800 0 0 0 0 0
t 123 4793115 31 -469 21 44453 5 479 -17657 17 0 806 19359 -8014 3800 300 -300 0 0 0
t 124 4793187 31 -469 22 44390 6 479 -17695 0 0 807 19362 -7997 3800 300 -400 0 0 0
t 125 4793259 31 -469 22 44329 6 479 -17695 16 0 810 19365 -7981 3800 400 -500 0 0 0
t 126 4793331 31 -469 23 44265 7 479 -17795 20 0 813 19368 -7964 3800 500 -500 0 0 0
t 127 4793403 b1 -469 24 44152 7 479 -17795 43 0 816 19371 -7934 3800 500 -500 0 0 0
t 0 4793475 b1 -469 25 44036 8 479 -17967 36 0 819 19374 -7903 3800 500 -500 0 0 0
t 1 4793547 b1 -468 26 43930 10 480 17812 36 0 822 19377 -7875 3800 500 -500 0 0 0
t 2 4793619 b1 -468 28 43818 10 480 17812 16 0 825 19380 -7845 3800 400 -500 0 0 0
t 3 4793691 b1 -468 29 43723 11 479 17636 16 0 828 19383 -7820 3800 500 -500 0 0 0
t 4 4793763 b1 -468 30 43618 13 480 17474 36 0 831 19386 -7792 3800 400 -500 0 0 0
t 5 4793835 b1 -467 31 43513 13 480 17474 26 0 834 19389 -7764 3800 500 -500 0 0 0
t 6 4793907 b1 -467 32 43430 14 480 17307 16 0 837 19392 -7742 3800 500 -500 0 0 0
t 7 4793979 b1 -467 33 43313 15 479 17132 30 0 840 19395 -7711 3800 400 -500 0 0 0
t 8 4794051 b1 -467 34 43208 15 479 17132 46 0 843 19398 -7683 3800 500 -500 0 0 0
t 9 4794123 b1 -466 35 43125 17 479 16971 20 0 846 19401 -7661 3800 400 -500 0 0 0
t 10 4794195 b1 -466 36 43031 18 479 16800 30 0 849 19404 -7636 3800 500 -500 0 0 0
t 11 4794267 b1 -466 37 42926 18 479 16800 20 0 852 19407 -7608 3800 500 -500 0 0 0
t 12 4794339 b1 -465 38 42802 20 479 16603 26 0 855 19410 -7575 3800 500 -500 0 0 0
thdr seq now flags x y h ox oy oh vl vr i2cf cyc posl posr dutl dutr lexc wrng cycovr
t 13 4794411 b1 -465 39 42677 20 479 16603 36 0 858 19413 -7542 3800 500 -500 0 0 0
t 14 4794483 b1 -464 40 42583 21 478 16408 39 0 861 19416 -7517 3800 400 -500 0 0 0
t 15 4794572 31 -464 41 42489 23 478 16242 0 0 864 19421 -7492 3800 0 0 0 0 0
t 16 4794627 31 -464 41 42489 23 478 16242 0 0 864 19421 -7492 3800 0 0 0 0 0
t 17 4794683 31 -464 41 42489 23 478 16204 0 0 864 19421 -7492 3800 0 0 0 0 0
t 18 4794739 31 -464 41 42489 23 478 16204 0 0 864 19421 -7492 3800 0 0 0 0 0
t 19 4794795 31 -464 41 42489 23 478 16204 0 0 864 19421 -7492 3800 0 0 0 0 0
t 20 4794851 31 -464 41 42489 23 478 16204 0 0 864 19421 -7492 3800 0 0 0 0 0
t 21 4794907 31 -464 41 42489 23 478 16204 0 0 864 19421 -7492 3800 0 0 0 0 0
t 22 4794963 31 -464 41 42489 23 478 16204 0 0 864 19421 -7492 3800 0 0 0 0 0
t 23 4795019 31 -464 41 42489 23 478 16204 0 0 864 19421 -7492 3800 0 0 0 0 0
t 24 4795075 31 -464 41 42489 23 478 16204 0 0 864 19421 -7492 3800 0 0 0 0 0
t 25 4795131 31 -464 41 42489 23 478 16204 0 0 864 19421 -7492 3800 0 0 0 0 0
t 26 4795187 31 -464 41 42489 23 478 16204 0 0 864 19421 -7492 3800 0 0 0 0 0
t 27 4795243 31 -464 41 42489 23 478 16205 0 0 864 19421 -7492 3800 0 0 0 0 0
t 28 4795299 31 -464 41 42489 23 478 16205 0 0 864 19421 -7492 3800 0 0 0 0 0
t 29 4795355 31 -464 41 42489 23 478 16205 0 0 864 19421 -7492 3800 0 0 0 0 0
t 30 4795411 31 -464 41 42489 23 478 16205 0 0 864 19421 -7492 3800 0 0 0 0 0
t 31 4795467 31 -464 41 42489 23 478 16205 0 0 864 19421 -7492 3800 0 0 0 0 0
thdr seq now flags x y h ox oy oh vl vr i2cf cyc posl posr dutl dutr lexc wrng cycovr
t 32 4795523 31 -464 41 42489 23 478 16205 0 0 864 19421 -7492 3800 0 0 0 0 0
t 33 4795575 31 -464 41 42489 23 478 16206 0 0 864 19421 -7492 3800 0 0 0 0 0
t 34 4795631 31 -464 41 42489 23 478 16206 0 0 864 19421 -7492 3800 0 0 0 0 0
t 35 4795687 31 -464 41 42489 23 478 16206 0 0 864 19421 -7492 3800 0 0 0 0 0
t 36 4795743 31 -464 41 42489 23 478 16206 0 0 864 19421 -7492 3800 0 0 0 0 0
t 37 4795799 31 -464 41 42489 23 478 16206 0 0 864 19421 -7492 3800 0 0 0 0 0
t 38 4795855 31 -464 41 42489 23 478 16206 0 0 864 19421 -7492 3800 0 0 0 0 0
t 39 4795911 31 -464 41 42489 23 478 16207 0 0 864 19421 -7492 3800 0 0 0 0 0
t 40 4795967 31 -464 41 42489 23 478 16207 0 0 864 19421 -7492 3800 0 0 0 0 0
t 41 4796023 31 -464 41 42489 23 478 16207 0 0 864 19421 -7492 3800 0 0 0 0 0
t 42 4796079 31 -464 41 42489 23 478 16207 0 0 864 19421 -7492 3800 0 0 0 0 0
t 43 4796135 31 -464 41 42489 23 478 16207 0 0 864 19421 -7492 3800 0 0 0 0 0
t 44 4796191 31 -464 41 42489 23 478 16207 0 0 864 19421 -7492 3800 0 0 0 0 0
t 45 4796247 31 -464 41 42489 23 478 16208 0 0 864 19421 -7492 3800 0 0 0 0 0
t 46 4796303 31 -464 41 42489 23 478 16208 0 0 864 19421 -7492 3800 0 0 0 0 0
t 47 4796359 31 -464 41 42489 23 478 16208 0 0 864 19421 -7492 3800 0 0 0 0 0
t 48 4796415 31 -464 41 42489 23 478 16208 0 0 864 19421 -7492 3800 0 0 0 0 0
t 49 4796471 31 -464 41 42489 23 478 16208 0 0 864 19421 -7492 3800 0 0 0 0 0
t 50 4796527 31 -464 41 42489 23 478 16208 0 0 864 19421 -7492 3800 0 0 0 0 0
thdr seq now flags x y h ox oy oh vl vr i2cf cyc posl posr dutl dutr lexc wrng cycovr
t 51 4796583 31 -464 41 42489 23 478 16208 0 0 864 19421 -7492 3800 0 0 0 0 0
t 52 4796635 31 -464 41 42489 23 478 16208 0 0 864 19421 -7492 3800 0 0 0 0 0
t 53 4796691 31 -464 41 42489 23 478 16209 0 0 864 19421 -7492 3800 0 0 0 0 0
t 54 4796747 31 -464 41 42489 23 478 16209 0 0 864 19421 -7492 3800 0 0 0 0 0
t 55 4796803 31 -464 41 42489 23 478 16209 0 0 864 19421 -7492 3800 0 0 0 0 0
t 56 4796859 31 -464 41 42489 23 478 16209 0 0 864 19421 -7492 3800 0 0 0 0 0
t 57 4796915 31 -464 41 42489 23 478 16209 0 0 864 19421 -7492 3800 0 0 0 0 0
t 58 4796971 31 -464 41 42489 23 478 16209 0 0 864 19421 -7492 3800 0 0 0 0 0
t 59 4797027 31 -464 41 42489 23 478 16209 0 0 864 19421 -7492 3800 0 0 0 0 0
t 60 4797083 31 -464 41 42489 23 478 16209 0 0 864 19421 -7492 3800 0 0 0 0 0
t 61 4797139 31 -464 41 42489 23 478 16210 0 0 864 19421 -7492 3800 0 0 0 0 0
t 62 4797195 31 -464 41 42489 23 478 16210 0 0 864 19421 -7492 3800 0 0 0 0 0
t 63 4797251 31 -464 41 42489 23 478 16210 0 0 864 19421 -7492 3800 0 0 0 0 0
t 64 4797307 31 -464 41 42489 23 478 16210 0 0 864 19421 -7492 3800 0 0 0 0 0
t 65 4797363 31 -464 41 42489 23 478 16210 0 0 864 19421 -7492 3800 0 0 0 0 0
t 66 4797419 31 -464 41 42489 23 478 16210 0 0 864 19421 -7492 3800 0 0 0 0 0
t 67 4797475 31 -464 41 42489 23 478 16210 0 0 864 19421 -7492 3800 0 0 0 0 0
t 68 4797531 31 -464 41 42489 23 478 16210 0 0 864 19421 -7492 3800 0 0 0 0 0
t 69 4797587 31 -464 41 42489 23 478 16211 0 0 864 19421 -7492 3800 0 0 0 0 0
thdr seq now flags x y h ox oy oh vl vr i2cf cyc posl posr dutl dutr lexc wrng cycovr
t 70 4797643 31 -464 41 42489 23 478 16211 0 0 864 19421 -7492 3800 0 0 0 0 0
t 71 4797695 31 -464 41 42489 23 478 16211 0 0 864 19421 -7492 3800 0 0 0 0 0
t 72 4797751 31 -464 41 42489 23 478 16211 0 0 864 19421 -7492 3800 0 0 0 0 0
t 73 4797807 31 -464 41 42489 23 478 16211 0 0 864 19421 -7492 3800 0 0 0 0 0
t 74 4797863 31 -464 41 42489 23 478 16211 0 0 864 19421 -7492 3800 0 0 0 0 0
t 75 4797919 31 -464 41 42489 23 478 16211 0 0 864 19421 -7492 3800 0 0 0 0 0
t 76 4797975 31 -464 41 42489 23 478 16211 0 0 864 19421 -7492 3800 0 0 0 0 0
t 77 4798031 31 -464 41 42489 23 478 16211 0 0 864 19421 -7492 3800 0 0 0 0 0
t 78 4798087 31 -464 41 42489 23 478 16211 0 0 864 19421 -7492 3800 0 0 0 0 0
t 79 4798143 31 -464 41 42489 23 478 16212 0 0 864 19421 -7492 3800 0 0 0 0 0
t 80 4798199 31 -464 41 42489 23 478 16212 0 0 864 19421 -7492 3800 0 0 0 0 0
t 81 4798255 31 -464 41 42489 23 478 16212 0 0 864 19421 -7492 3800 0 0 0 0 0
t 82 4798311 31 -464 41 42489 23 478 16212 0 0 864 19421 -7492 3800 0 0 0 0 0
t 83 4798367 31 -464 41 42489 23 478 16213 0 0 864 19421 -7492 3800 0 0 0 0 0
t 84 4798423 31 -464 41 42489 23 478 16213 0 0 864 19421 -7492 3800 0 0 0 0 0
t 85 4798479 31 -464 41 42489 23 478 16213 0 0 864 19421 -7492 3800 0 0 0 0 0
t 86 4798535 31 -464 41 42489 23 478 16213 0 0 864 19421 -7492 3800 0 0 0 0 0
t 87 4798591 31 -464 41 42489 23 478 16213 0 0 864 19421 -7492 3800 0 0 0 0 0
t 88 4798647 31 -464 41 42489 23 478 16213 0 0 864 19421 -7492 3800 0 0 0 0 0
thdr seq now flags x y h ox oy oh vl vr i2cf cyc posl posr dutl dutr lexc wrng cycovr
t 89 4798703 31 -464 41 42489 23 478 16213 0 0 864 19421 -7492 3800 0 0 0 0 0
t 90 4798755 31 -464 41 42489 23 478 16213 0 0 864 19421 -7492 3800 0 0 0 0 0
t 91 4798811 31 -464 41 42489 23 478 16213 0 0 864 19421 -7492 3800 0 0 0 0 0
t 92 4798867 31 -464 41 42489 23 478 16213 0 0 864 19421 -7492 3800 0 0 0 0 0
t 93 4798923 31 -464 41 42489 23 478 16214 0 0 864 19421 -7492 3800 0 0 0 0 0
t 94 4798979 31 -464 41 42489 23 478 16214 0 0 864 19421 -7492 3800 0 0 0 0 0
t 95 4799035 31 -464 41 42489 23 478 16214 0 0 864 19421 -7492 3800 0 0 0 0 0
t 96 4799091 31 -464 41 42489 23 478 16214 0 0 864 19421 -7492 3800 0 0 0 0 0
t 97 4799147 31 -464 41 42489 23 478 16215 0 0 864 19421 -7492 3800 0 0 0 0 0
t 98 4799203 31 -464 41 42489 23 478 16215 0 0 864 19421 -7492 3800 0 0 0 0 0
t 99 4799259 31 -464 41 42489 23 478 16215 0 0 864 19421 -7492 3800 0 0 0 0 0
t 100 4799315 31 -464 41 42489 23 478 16215 0 0 864 19421 -7492 3800 0 0 0 0 0
t 101 4799371 31 -464 41 42489 23 478 16215 0 0 864 19421 -7492 3800 0 0 0 0 0
t 102 4799427 31 -464 41 42489 23 478 16215 0 0 864 19421 -7492 3800 0 0 0 0 0
t 103 4799483 31 -464 41 42489 23 478 16215 0 0 864 19421 -7492 3800 0 0 0 0 0
t 104 4799539 31 -464 41 42489 23 478 16215 0 0 864 19421 -7492 3800 0 0 0 0 0
t 105 4799595 31 -464 41 42489 23 478 16215 0 0 864 19421 -7492 3800 0 0 0 0 0
t 106 4799651 31 -464 41 42489 23 478 16215 0 0 864 19421 -7492 3800 0 0 0 0 0
t 107 4799707 31 -464 41 42489 23 478 16216 0 0 864 19421 -7492 3800 0 0 0 0 0
thdr seq now flags x y h ox oy oh vl vr i2cf cyc posl posr dutl dutr lexc wrng cycovr
t 108 4799763 31 -464 41 42489 23 478 16216 0 0 864 19421 -7492 3800 0 0 0 0 0
t 109 4799815 31 -464 41 42489 23 478 16216 0 0 864 19421 -7492 3800 0 0 0 0 0
t 110 4799871 31 -464 41 42489 23 478 16216 0 0 864 19421 -7492 3800 0 0 0 0 0
t 111 4799927 31 -464 41 42489 23 478 16216 0 0 864 19421 -7492 3800 0 0 0 0 0
t 112 4799983 31 -464 41 42489 23 478 16216 0 0 864 19421 -7492 3800 0 0 0 0 0
t 113 4800039 31 -464 41 42489 23 478 16216 0 0 864 19421 -7492 3800 0 0 0 0 0
t 114 4800095 31 -464 41 42489 23 478 16216 0 0 864 19421 -7492 3800 0 0 0 0 0
t 115 4800151 31 -464 41 42489 23 478 16216 0 0 864 19421 -7492 3800 0 0 0 0 0
t 116 4800207 31 -464 41 42489 23 478 16216 0 0 864 19421 -7492 3800 0 0 0 0 0
t 117 4800263 31 -464 41 42489 23 478 16216 0 0 864 19421 -7492 3800 0 0 0 0 0
t 118 4800319 31 -464 41 42489 23 478 16217 0 0 864 19421 -7492 3800 0 0 0 0 0
t 119 4800375 31 -464 41 42489 23 478 16217 0 0 864 19421 -7492 3800 0 0 0 0 0
ack 24 23 timeout
DBG:wifi state=0 ip=- peer=-:0 tcp=0/0 to=4 restarts=0 sent=0 rx=0 drop=0 mdns=0/0 cmd= reply=
v=15: pose before (18.26,-24.63,121.02) after (17.30,-22.83,99.16)  rotated=-21.86 deg  ack=True
ack 25 23 timeout
t 120 4808439 31 -464 41 42489 23 478 16237 0 0 864 19421 -7492 3800 0 0 0 0 0
t 121 4808495 31 -464 41 42489 23 478 16237 0 0 864 19421 -7492 3800 0 0 0 0 0
t 122 4808551 31 -464 41 42489 23 478 16237 0 0 864 19421 -7492 3800 0 0 0 0 0
t 123 4808607 31 -464 41 42489 23 478 16237 0 0 864 19421 -7492 3800 0 0 0 0 0
t 124 4808663 31 -464 41 42489 23 478 16237 0 0 864 19421 -7492 3800 0 0 0 0 0
t 125 4808719 31 -464 41 42489 23 478 16237 0 0 864 19421 -7492 3800 0 0 0 0 0
t 126 4808775 31 -464 41 42489 23 478 16237 0 0 864 19421 -7492 3800 0 0 0 0 0
ack 26 23 timeout
thdr seq now flags x y h ox oy oh vl vr i2cf cyc posl posr dutl dutr lexc wrng cycovr
t 127 4808843 31 -464 41 42489 23 478 16238 0 0 864 19423 -7492 3800 300 -300 0 0 0
t 0 4808915 31 -464 41 42467 23 478 16236 17 0 864 19426 -7486 3800 300 -300 0 0 0
t 1 4808987 31 -464 41 42455 23 478 16236 0 0 864 19429 -7483 3800 300 -400 0 0 0
t 2 4809059 31 -464 41 42448 23 478 16216 7 0 867 19432 -7481 3800 400 -400 0 0 0
t 3 4809131 31 -463 42 42407 23 478 16180 7 0 870 19435 -7470 3800 500 -500 0 0 0
t 4 4809203 b1 -463 42 42331 23 478 16180 26 0 873 19438 -7450 3800 600 -600 0 0 0
t 5 4809275 b1 -463 43 42260 24 477 16042 16 0 876 19441 -7431 3800 600 -500 0 0 0
t 6 4809347 b1 -462 44 42132 26 477 15840 36 0 879 19444 -7397 3800 500 -400 0 0 0
t 7 4809419 b1 -462 45 42030 26 477 15840 36 0 882 19447 -7370 3800 500 -400 0 0 0
t 8 4809491 b1 -461 46 41925 28 476 15642 16 0 885 19450 -7342 3800 300 -400 0 0 0
t 9 4809563 31 -461 47 41842 28 476 15642 16 0 888 19453 -7320 3800 300 -300 0 0 0
t 10 4809635 31 -460 47 41778 29 476 15505 16 0 890 19456 -7303 3800 300 -300 0 0 0
t 11 4809707 31 -460 48 41703 30 476 15394 30 0 892 19459 -7283 3800 300 -400 0 0 0
t 12 4809779 31 -459 49 41631 30 476 15394 20 0 895 19462 -7264 3800 300 -400 0 0 0
t 13 4809851 31 -459 49 41567 30 475 15282 20 0 898 19465 -7247 3800 300 -400 0 0 0
t 14 4809923 b1 -459 50 41496 31 475 15163 16 0 901 19468 -7228 3800 300 -400 0 0 0
t 15 4809995 b1 -458 50 41432 31 475 15163 30 0 904 19471 -7211 3800 300 -400 0 0 0
t 16 4810067 b1 -458 51 41372 32 474 15061 16 0 907 19474 -7195 3800 300 -400 0 0 0
t 17 4810139 b1 -458 51 41319 33 474 14942 16 0 910 19477 -7181 3800 300 -400 0 0 0
thdr seq now flags x y h ox oy oh vl vr i2cf cyc posl posr dutl dutr lexc wrng cycovr
t 18 4810211 b1 -457 52 41244 33 474 14942 20 0 913 19480 -7161 3800 300 -400 0 0 0
t 19 4810283 b1 -457 52 41191 34 474 14847 18 0 916 19483 -7147 3800 300 -400 0 0 0
t 20 4810339 31 -456 53 41150 34 474 14847 0 0 918 19486 -7136 3800 0 0 0 0 0
t 21 4810395 31 -456 53 41150 34 473 14744 0 0 918 19486 -7136 3800 0 0 0 0 0
t 22 4810451 31 -456 53 41150 34 473 14744 0 0 918 19486 -7136 3800 0 0 0 0 0
t 23 4810507 31 -456 53 41150 34 473 14746 0 0 918 19486 -7136 3800 0 0 0 0 0
t 24 4810563 31 -456 53 41150 34 473 14746 0 0 918 19486 -7136 3800 0 0 0 0 0
t 25 4810619 31 -456 53 41150 34 473 14746 0 0 918 19486 -7136 3800 0 0 0 0 0
t 26 4810675 31 -456 53 41150 34 473 14746 0 0 918 19486 -7136 3800 0 0 0 0 0
DBG:wifi state=0 ip=- peer=-:0 tcp=0/0 to=4 restarts=0 sent=0 rx=0 drop=0 mdns=0/0 cmd= reply=
t 27 4810731 31 -456 53 41150 34 473 14746 0 0 918 19486 -7136 3800 0 0 0 0 0
t 28 4810787 31 -456 53 41150 34 473 14746 0 0 918 19486 -7136 3800 0 0 0 0 0
t 29 4810843 31 -456 53 41150 34 473 14747 0 0 918 19486 -7136 3800 0 0 0 0 0
t 30 4810899 31 -456 53 41150 34 473 14747 0 0 918 19486 -7136 3800 0 0 0 0 0
t 31 4810955 31 -456 53 41150 34 473 14747 0 0 918 19486 -7136 3800 0 0 0 0 0
t 32 4811011 31 -456 53 41150 34 473 14747 0 0 918 19486 -7136 3800 0 0 0 0 0
t 33 4811067 31 -456 53 41150 34 473 14747 0 0 918 19486 -7136 3800 0 0 0 0 0
t 34 4811123 31 -456 53 41150 34 473 14747 0 0 918 19486 -7136 3800 0 0 0 0 0
t 35 4811179 31 -456 53 41150 34 473 14747 0 0 918 19486 -7136 3800 0 0 0 0 0
t 36 4811235 31 -456 53 41150 34 473 14747 0 0 918 19486 -7136 3800 0 0 0 0 0
thdr seq now flags x y h ox oy oh vl vr i2cf cyc posl posr dutl dutr lexc wrng cycovr
t 37 4811291 31 -456 53 41150 34 473 14747 0 0 918 19486 -7136 3800 0 0 0 0 0
t 38 4811343 31 -456 53 41150 34 473 14747 0 0 918 19486 -7136 3800 0 0 0 0 0
t 39 4811399 31 -456 53 41150 34 473 14748 0 0 918 19486 -7136 3800 0 0 0 0 0
t 40 4811455 31 -456 53 41150 34 473 14748 0 0 918 19486 -7136 3800 0 0 0 0 0
t 41 4811511 31 -456 53 41150 34 473 14748 0 0 918 19486 -7136 3800 0 0 0 0 0
t 42 4811567 31 -456 53 41150 34 473 14748 0 0 918 19486 -7136 3800 0 0 0 0 0
t 43 4811623 31 -456 53 41150 34 473 14748 0 0 918 19486 -7136 3800 0 0 0 0 0
t 44 4811679 31 -456 53 41150 34 473 14748 0 0 918 19486 -7136 3800 0 0 0 0 0
t 45 4811735 31 -456 53 41150 34 473 14748 0 0 918 19486 -7136 3800 0 0 0 0 0
t 46 4811791 31 -456 53 41150 34 473 14748 0 0 918 19486 -7136 3800 0 0 0 0 0
t 47 4811847 31 -456 53 41150 34 473 14749 0 0 918 19486 -7136 3800 0 0 0 0 0
t 48 4811903 31 -456 53 41150 34 473 14749 0 0 918 19486 -7136 3800 0 0 0 0 0
t 49 4811959 31 -456 53 41150 34 473 14749 0 0 918 19486 -7136 3800 0 0 0 0 0
t 50 4812015 31 -456 53 41150 34 473 14749 0 0 918 19486 -7136 3800 0 0 0 0 0
t 51 4812071 31 -456 53 41150 34 473 14749 0 0 918 19486 -7136 3800 0 0 0 0 0
t 52 4812127 31 -456 53 41150 34 473 14749 0 0 918 19486 -7136 3800 0 0 0 0 0
t 53 4812183 31 -456 53 41150 34 473 14749 0 0 918 19486 -7136 3800 0 0 0 0 0
t 54 4812239 31 -456 53 41150 34 473 14749 0 0 918 19486 -7136 3800 0 0 0 0 0
t 55 4812295 31 -456 53 41150 34 473 14750 0 0 918 19486 -7136 3800 0 0 0 0 0
thdr seq now flags x y h ox oy oh vl vr i2cf cyc posl posr dutl dutr lexc wrng cycovr
t 56 4812351 31 -456 53 41150 34 473 14750 0 0 918 19486 -7136 3800 0 0 0 0 0
t 57 4812403 31 -456 53 41150 34 473 14750 0 0 918 19486 -7136 3800 0 0 0 0 0
t 58 4812459 31 -456 53 41150 34 473 14750 0 0 918 19486 -7136 3800 0 0 0 0 0
t 59 4812515 31 -456 53 41150 34 473 14751 0 0 918 19486 -7136 3800 0 0 0 0 0
ack 27 26 timeout
v=10: pose before (17.34,-22.84,99.56) after (17.06,-21.35,83.22)  rotated=-16.34 deg  ack=True
STATUS post: status ready=1 active=0 connL=1 connR=1 otos=1 wedge=0 flags=31 i2cf=918 cyc=19486 tlm=off next=28 done=26 reason=timeout
