HELLO -> ['device NEZHA2 robot tovez 2314287040']
TLM OFF #1 -> ['ack 1 5 timeout']
STATUS -> ['status ready=1 active=0 connL=1 connR=1 otos=1 wedge=0 flags=31 i2cf=22 cyc=2328 tlm=off next=2 done=5 reason=timeout']
SET stall_clear 1 #2 -> ['ack 2 5 timeout']
SET estop_clear 1 #3 -> ['ack 3 5 timeout']
RUN:clearestop -> ['ESTOP:cleared']
TLM FULL #4 -> ['ack 4 5 timeout']
SET stall_clear 1 #5 -> ['ack 5 5 timeout']
WHEELS_V 100 0 800: frames 86 with duty 11; vl (0, 128) vr (-7, 0); dutl (0, 2000) dutr (-300, 0); posl/posr end 4110/6172; camera moved 3.3 cm at -86 deg (heading -60), dh -36.3; flags 31
SET stall_clear 1 #7 -> ['ack 7 6 timeout']
WHEELS_V 0 100 800: frames 142 with duty 11; vl (0, 0) vr (0, 128); dutl (-300, 300) dutr (0, 1600); posl/posr end 4110/7113; camera moved 3.8 cm at -70 deg (heading -97), dh +40.1; flags 31
SET stall_clear 1 #9 -> ['ack 9 8 timeout']
WHEELS_V -100 0 800: frames 106 with duty 10; vl (-128, 0) vr (0, 20); dutl (-2100, 0) dutr (0, 300); posl/posr end 3335/7202; camera moved 2.6 cm at 133 deg (heading -57), dh +33.3; flags 31
SET stall_clear 1 #11 -> ['ack 11 10 timeout']
WHEELS_V 0 -100 800: frames 56 with duty 10; vl (0, 10) vr (-145, 0); dutl (0, 300) dutr (-1800, 0); posl/posr end 3338/6269; camera moved 3.8 cm at 143 deg (heading -24), dh -37.3; flags 31
SET stall_clear 1 #13 -> ['ack 13 12 timeout']
WHEELS_V 100 100 800: frames 75 with duty 10; vl (0, 128) vr (0, 148); dutl (0, 1900) dutr (0, 1600); posl/posr end 4221/7158; camera moved 7.1 cm at -61 deg (heading -61), dh +0.6; flags 31
SET stall_clear 1 #15 -> ['ack 15 14 timeout']
WHEELS_V -100 -100 800: frames 64 with duty 11; vl (-128, 0) vr (-138, 0); dutl (-2000, 0) dutr (-1600, 0); posl/posr end 3371/6269; camera moved 6.9 cm at 115 deg (heading -60), dh -2.1; flags 31
SET stall_clear 1 #17 -> ['ack 17 16 timeout']
WHEELS_V -100 100 800: frames 56 with duty 10; vl (-138, 0) vr (0, 164); dutl (-2100, 0) dutr (0, 2000); posl/posr end 2563/7275; camera moved 1.0 cm at 13 deg (heading -62), dh +75.8; flags 31
TLM OFF #19 -> ['ack 19 18 timeout']
STATUS -> ['status ready=1 active=0 connL=1 connR=1 otos=1 wedge=0 flags=31 i2cf=37 cyc=2603 tlm=off next=20 done=18 reason=timeout']
