=== tigez via torture 2026-09-14T22:29:00Z
mbrelay: relay getez tuned to tigez: channel 52 group 179
mbrelay: tigez answered PING
id diffdrc=0
=== vevov via torture 2026-09-14T22:29:02Z
mbrelay: relay zetog tuned to vevov: channel 20 group 82
mbrelay: vevov answered PING
2
id diffdrive rc=0
=== tigez via torture 2026-09-14T22:29:14Z
mbrelay: relay getez tuned to tigez: channel 52 group 179
mbrelay: tigez answered PING
id diffdrive calibration-0.20260914.5 1.20260914.1 tigez
=== vevov via torture 2026-09-14T22:29:16Z
mbrelay: relay zetog tuned to vevov: channel 20 group 82
mbrelay: vevov answered PING
 45116
DBG:wifi state=1 ip=- peer=-:0 tcp=0/0 to=4 restarts=1 sent=0 rx=0 drop=0 mdns=0/0 cmd=ATE0 reply= credsrc=2 trunc=0 join=- haspw=1 ssid=Busboom_Garage
DBG:wi
mbrelay: never saw 'id diffdrive [^ ]+ [^ ]+ [a-z]{5}' within 12.0s
