2026-09-14T22:31:49.360Z session-open gopiv via usb-99063602000528208939f0a5fd47f738000000006e052820
2026-09-14T22:31:53.375Z gopiv event {"type":"notice","level":"error","text":"link \"radio-gopiv-via-usb-99063602000528208939f0a5fd47f738000000006e052820\" has no open session","at":1789425113374,"seq":22406,"linkId":"radio-gopiv-via-usb-99063602000528208939f0a5fd47f738000000006e052820"}
2026-09-14T22:31:57.369Z gopiv event {"type":"notice","level":"error","text":"link \"radio-gopiv-via-usb-99063602000528208939f0a5fd47f738000000006e052820\" has no open session","at":1789425117368,"seq":22426,"linkId":"radio-gopiv-via-usb-99063602000528208939f0a5fd47f738000000006e052820"}
2026-09-14T22:32:01.369Z gopiv event {"type":"notice","level":"error","text":"link \"radio-gopiv-via-usb-99063602000528208939f0a5fd47f738000000006e052820\" has no open session","at":1789425121369,"seq":22449,"linkId":"radio-gopiv-via-usb-99063602000528208939f0a5fd47f738000000006e052820"}
2026-09-14T22:32:05.371Z gopiv event {"type":"notice","level":"error","text":"link \"radio-gopiv-via-usb-99063602000528208939f0a5fd47f738000000006e052820\" has no open session","at":1789425125371,"seq":22468,"linkId":"radio-gopiv-via-usb-99063602000528208939f0a5fd47f738000000006e052820"}
2026-09-14T22:32:09.379Z gopiv event {"type":"notice","level":"error","text":"link \"radio-gopiv-via-usb-99063602000528208939f0a5fd47f738000000006e052820\" has no open session","at":1789425129378,"seq":22490,"linkId":"radio-gopiv-via-usb-99063602000528208939f0a5fd47f738000000006e052820"}
2026-09-14T22:32:13.382Z gopiv event {"type":"notice","level":"error","text":"link \"radio-gopiv-via-usb-99063602000528208939f0a5fd47f738000000006e052820\" has no open session","at":1789425133380,"seq":22508,"linkId":"radio-gopiv-via-usb-99063602000528208939f0a5fd47f738000000006e052820"}
2026-09-14T22:32:17.379Z gopiv event {"type":"notice","level":"error","text":"link \"radio-gopiv-via-usb-99063602000528208939f0a5fd47f738000000006e052820\" has no open session","at":1789425137379,"seq":22525,"linkId":"radio-gopiv-via-usb-99063602000528208939f0a5fd47f738000000006e052820"}
2026-09-14T22:32:19.362Z RESULT gopiv FAIL no id reply within timeout
2026-09-14T22:32:22.367Z session-open tigez via usb-99063602000528208939f0a5fd47f738000000006e052820
2026-09-14T22:32:26.370Z tigez event {"type":"notice","level":"error","text":"link \"radio-tigez-via-usb-99063602000528208939f0a5fd47f738000000006e052820\" has no open session","at":1789425146370,"seq":22566,"linkId":"radio-tigez-via-usb-99063602000528208939f0a5fd47f738000000006e052820"}
2026-09-14T22:32:30.374Z tigez event {"type":"notice","level":"error","text":"link \"radio-tigez-via-usb-99063602000528208939f0a5fd47f738000000006e052820\" has no open session","at":1789425150373,"seq":22591,"linkId":"radio-tigez-via-usb-99063602000528208939f0a5fd47f738000000006e052820"}
2026-09-14T22:32:34.376Z tigez event {"type":"notice","level":"error","text":"link \"radio-tigez-via-usb-99063602000528208939f0a5fd47f738000000006e052820\" has no open session","at":1789425154375,"seq":22609,"linkId":"radio-tigez-via-usb-99063602000528208939f0a5fd47f738000000006e052820"}
2026-09-14T22:32:38.378Z tigez event {"type":"notice","level":"error","text":"link \"radio-tigez-via-usb-99063602000528208939f0a5fd47f738000000006e052820\" has no open session","at":1789425158377,"seq":22626,"linkId":"radio-tigez-via-usb-99063602000528208939f0a5fd47f738000000006e052820"}
2026-09-14T22:32:42.381Z tigez event {"type":"notice","level":"error","text":"link \"radio-tigez-via-usb-99063602000528208939f0a5fd47f738000000006e052820\" has no open session","at":1789425162380,"seq":22646,"linkId":"radio-tigez-via-usb-99063602000528208939f0a5fd47f738000000006e052820"}
2026-09-14T22:32:46.381Z tigez event {"type":"notice","level":"error","text":"link \"radio-tigez-via-usb-99063602000528208939f0a5fd47f738000000006e052820\" has no open session","at":1789425166381,"seq":22666,"linkId":"radio-tigez-via-usb-99063602000528208939f0a5fd47f738000000006e052820"}
2026-09-14T22:32:50.383Z tigez event {"type":"notice","level":"error","text":"link \"radio-tigez-via-usb-99063602000528208939f0a5fd47f738000000006e052820\" has no open session","at":1789425170382,"seq":22683,"linkId":"radio-tigez-via-usb-99063602000528208939f0a5fd47f738000000006e052820"}
2026-09-14T22:32:52.369Z RESULT tigez FAIL no id reply within timeout
2026-09-14T22:32:55.372Z session-open tovez via usb-99063602000528208939f0a5fd47f738000000006e052820
2026-09-14T22:32:59.375Z tovez event {"type":"notice","level":"error","text":"link \"radio-tovez-via-usb-99063602000528208939f0a5fd47f738000000006e052820\" has no open session","at":1789425179375,"seq":22725,"linkId":"radio-tovez-via-usb-99063602000528208939f0a5fd47f738000000006e052820"}
2026-09-14T22:33:03.378Z tovez event {"type":"notice","level":"error","text":"link \"radio-tovez-via-usb-99063602000528208939f0a5fd47f738000000006e052820\" has no open session","at":1789425183377,"seq":22751,"linkId":"radio-tovez-via-usb-99063602000528208939f0a5fd47f738000000006e052820"}
2026-09-14T22:33:07.380Z tovez event {"type":"notice","level":"error","text":"link \"radio-tovez-via-usb-99063602000528208939f0a5fd47f738000000006e052820\" has no open session","at":1789425187379,"seq":22771,"linkId":"radio-tovez-via-usb-99063602000528208939f0a5fd47f738000000006e052820"}
2026-09-14T22:33:11.382Z tovez event {"type":"notice","level":"error","text":"link \"radio-tovez-via-usb-99063602000528208939f0a5fd47f738000000006e052820\" has no open session","at":1789425191382,"seq":22791,"linkId":"radio-tovez-via-usb-99063602000528208939f0a5fd47f738000000006e052820"}
2026-09-14T22:33:15.384Z tovez event {"type":"notice","level":"error","text":"link \"radio-tovez-via-usb-99063602000528208939f0a5fd47f738000000006e052820\" has no open session","at":1789425195383,"seq":22808,"linkId":"radio-tovez-via-usb-99063602000528208939f0a5fd47f738000000006e052820"}
2026-09-14T22:33:19.386Z tovez event {"type":"notice","level":"error","text":"link \"radio-tovez-via-usb-99063602000528208939f0a5fd47f738000000006e052820\" has no open session","at":1789425199385,"seq":22828,"linkId":"radio-tovez-via-usb-99063602000528208939f0a5fd47f738000000006e052820"}
2026-09-14T22:33:23.386Z tovez event {"type":"notice","level":"error","text":"link \"radio-tovez-via-usb-99063602000528208939f0a5fd47f738000000006e052820\" has no open session","at":1789425203385,"seq":22846,"linkId":"radio-tovez-via-usb-99063602000528208939f0a5fd47f738000000006e052820"}
2026-09-14T22:33:25.376Z RESULT tovez FAIL no id reply within timeout
2026-09-14T22:33:28.379Z session-open vevov via usb-99063602000528208939f0a5fd47f738000000006e052820
2026-09-14T22:33:32.383Z vevov event {"type":"notice","level":"error","text":"link \"radio-vevov-via-usb-99063602000528208939f0a5fd47f738000000006e052820\" has no open session","at":1789425212382,"seq":22893,"linkId":"radio-vevov-via-usb-99063602000528208939f0a5fd47f738000000006e052820"}
2026-09-14T22:33:36.383Z vevov event {"type":"notice","level":"error","text":"link \"radio-vevov-via-usb-99063602000528208939f0a5fd47f738000000006e052820\" has no open session","at":1789425216383,"seq":22911,"linkId":"radio-vevov-via-usb-99063602000528208939f0a5fd47f738000000006e052820"}
2026-09-14T22:33:40.386Z vevov event {"type":"notice","level":"error","text":"link \"radio-vevov-via-usb-99063602000528208939f0a5fd47f738000000006e052820\" has no open session","at":1789425220385,"seq":22930,"linkId":"radio-vevov-via-usb-99063602000528208939f0a5fd47f738000000006e052820"}
2026-09-14T22:33:44.388Z vevov event {"type":"notice","level":"error","text":"link \"radio-vevov-via-usb-99063602000528208939f0a5fd47f738000000006e052820\" has no open session","at":1789425224387,"seq":22948,"linkId":"radio-vevov-via-usb-99063602000528208939f0a5fd47f738000000006e052820"}
2026-09-14T22:33:48.390Z vevov event {"type":"notice","level":"error","text":"link \"radio-vevov-via-usb-99063602000528208939f0a5fd47f738000000006e052820\" has no open session","at":1789425228390,"seq":22967,"linkId":"radio-vevov-via-usb-99063602000528208939f0a5fd47f738000000006e052820"}
2026-09-14T22:33:52.393Z vevov event {"type":"notice","level":"error","text":"link \"radio-vevov-via-usb-99063602000528208939f0a5fd47f738000000006e052820\" has no open session","at":1789425232392,"seq":22986,"linkId":"radio-vevov-via-usb-99063602000528208939f0a5fd47f738000000006e052820"}
2026-09-14T22:33:56.394Z vevov event {"type":"notice","level":"error","text":"link \"radio-vevov-via-usb-99063602000528208939f0a5fd47f738000000006e052820\" has no open session","at":1789425236394,"seq":23004,"linkId":"radio-vevov-via-usb-99063602000528208939f0a5fd47f738000000006e052820"}
2026-09-14T22:33:58.383Z RESULT vevov FAIL no id reply within timeout
