== E1/E2: straight 600 mm, ideal wheels ==
legacy   cruise 100                  t= 259(6.22s) Vpk=107.2 ramp= 18 cru=  3 a:start=  2932 mid=  406 stop=     0 j:mid=  17592 dist 600.2/600 mm (err +0.18) 
shaped a=400 cruise 100              t= 253(6.07s) Vpk=110.4 ramp=  9 cru=  3 a:start=  2932 mid=  477 stop=     0 j:mid=  17592 dist 599.9/600 mm (err -0.06) 
shaped a=400 j=4000 cruise 100       t= 254(6.10s) Vpk=107.7 ramp= 15 cru=  3 a:start=  2932 mid=  338 stop=     0 j:mid=  17592 dist 599.3/600 mm (err -0.74) 
shaped a=400 j=4000 exit=60 cr 100   t= 254(6.10s) Vpk=107.7 ramp= 15 cru=  3 a:start=  2932 mid=  338 stop=     0 j:mid=  17592 dist 601.0/600 mm (err +0.95) 
legacy   cruise 200                  t= 140(3.36s) Vpk=220.7 ramp= 18 cru=  2 a:start=  2932 mid= 1559 stop=     0 j:mid=  35261 dist 600.0/600 mm (err -0.01) 
shaped a=400 cruise 200              t= 138(3.31s) Vpk=217.8 ramp= 17 cru=  3 a:start=  2932 mid=  553 stop=     0 j:mid=  19245 dist 600.3/600 mm (err +0.34) 
shaped a=400 j=4000 cruise 200       t= 142(3.41s) Vpk=211.1 ramp= 28 cru=  4 a:start=  2932 mid=  550 stop=     0 j:mid=  17592 dist 599.9/600 mm (err -0.09) 
shaped a=400 j=4000 exit=60 cr 200   t= 140(3.36s) Vpk=211.1 ramp= 28 cru=  4 a:start=  2932 mid=  550 stop=     0 j:mid=  17592 dist 600.5/600 mm (err +0.49) 
legacy   cruise 400                  t=  74(1.78s) Vpk=442.9 ramp= 18 cru=  2 a:start=  4167 mid= 6058 stop=     0 j:mid= 169833 dist 599.3/600 mm (err -0.71) 
shaped a=400 cruise 400              t=  91(2.18s) Vpk=418.2 ramp= 32 cru=  5 a:start=  4167 mid=  534 stop=     0 j:mid=  22600 dist 600.9/600 mm (err +0.88) 
shaped a=400 j=4000 cruise 400       t=  99(2.38s) Vpk=411.3 ramp= 53 cru=  9 a:start=  4167 mid=  546 stop=     0 j:mid=  19848 dist 599.3/600 mm (err -0.71) 
shaped a=400 j=4000 exit=60 cr 400   t=  98(2.35s) Vpk=411.3 ramp= 53 cru=  9 a:start=  4167 mid=  542 stop=     0 j:mid=  19848 dist 600.6/600 mm (err +0.58) 

== E1b: straight 600 mm, lagged wheels tau=80ms ==
legacy   cruise 200 tau80            t= 135(3.24s) Vpk=241.2 ramp= 21 cru=  5 a:start=   677 mid=  990 stop=     0 j:mid=  13118 dist 600.5/600 mm (err +0.49) 
shaped a=400 cruise 200 tau80        t= 134(3.22s) Vpk=240.5 ramp= 19 cru=  5 a:start=   677 mid=  632 stop=     0 j:mid=   4839 dist 599.2/600 mm (err -0.77) 
legacy   cruise 400 tau80            t=  71(1.70s) Vpk=459.2 ramp= 26 cru= 13 a:start=   962 mid=  995 stop=     0 j:mid=   8841 dist 605.6/600 mm (err +5.57) 
shaped a=400 cruise 400 tau80        t=  91(2.18s) Vpk=439.3 ramp= 33 cru=  8 a:start=   962 mid=  982 stop=     0 j:mid=   4211 dist 599.4/600 mm (err -0.61) 

== E3: pure pivot 90 deg (yawMargin 4 counts = 0.16 deg); floor 70 mm/s ==
legacy pivot cruise  60              t=  81(1.94s) Vpk=110.9 ramp= 52 cru=  1 a:start=  2932 mid= 2047 stop=     0 j:mid= 129905 yaw 89.92/90 deg (err -0.08) 
shaped pivot cruise  60              t=  56(1.34s) Vpk= 80.5 ramp=  2 cru=  3 a:start=  2932 mid=   61 stop=     0 j:mid=  17592 yaw 90.34/90 deg (err +0.34) 
legacy pivot cruise 100              t=  48(1.15s) Vpk= 95.7 ramp= 19 cru= 11 a:start=  2932 mid=  818 stop=     0 j:mid=  30314 yaw 90.22/90 deg (err +0.22) 
shaped pivot cruise 100              t=  44(1.06s) Vpk=106.5 ramp= 11 cru=  2 a:start=  2932 mid=  535 stop=     0 j:mid=  17606 yaw 90.34/90 deg (err +0.34) 
legacy pivot cruise 200              t=  29(0.70s) Vpk=222.9 ramp= 18 cru=  2 a:start=  2932 mid=  666 stop=     0 j:mid=  21068 yaw 90.44/90 deg (err +0.44) 
shaped pivot cruise 200              t=  35(0.84s) Vpk=208.4 ramp= 18 cru=  2 a:start=  2932 mid=  820 stop=     0 j:mid=  30101 yaw 90.91/90 deg (err +0.91) 
  legacy pivot @100: last ticks (deg per tick): 82.75(+1.69) 84.23(+1.48) 85.70(+1.47) 87.19(+1.49) 88.69(+1.51) 90.22(+1.53)

== E3b: pivot with speed floor off (vMin=0) ==
legacy pivot cruise 100 vMin=0       t=  64(1.54s) Vpk=113.6 ramp= 18 cru=  2 a:start=  1092 mid=  939 stop=     0 j:mid=  27950 yaw 89.77/90 deg (err -0.23) 

== E4: moveX split: 90 deg + 300 mm at cruise 150 ==
legacy split                         t= 134(3.22s) Vpk=164.6 ramp= 18 cru=  3 a:start=  2932 mid= 2933 stop= -2407 j:mid= 222525 dist 300.2/300 mm (err +0.21) yaw 91.46/90 deg (err +1.46) 
  end pose x=-7.6 y=300.1 (expect x~0 y~300)
  per-tick heading around the handoff (deg, dutyL/dutyR %):
  t32 h=85.18 L=-6.8 R=6.8 | t33 h=86.51 L=-5.9 R=5.9 | t34 h=87.67 L=-6.2 R=6.2 | t35 h=88.87 L=-6.5 R=6.5 | t36 h=90.13 L=-6.8 R=6.8 | t37 h=91.46 L=0.0 R=0.0 | t38 h=91.46 L=8.3 R=8.3 | t39 h=91.46 L=9.5 R=9.5 | t40 h=91.45 L=9.5 R=9.5 | t41 h=91.45 L=9.3 R=9.3 | t42 h=91.45 L=9.1 R=9.1 | t43 h=91.45 L=9.0 R=9.0 | t44 h=91.45 L=8.9 R=8.9 | t45 h=91.45 L=8.8 R=8.8 | t46 h=91.45 L=8.9 R=8.9 | t47 h=91.45 L=10.1 R=10.1 | t48 h=91.45 L=11.4 R=11.4 | t49 h=91.45 L=12.6 R=12.6 | t50 h=91.45 L=13.9 R=13.9 | t51 h=91.45 L=15.1 R=15.1 | t52 h=91.45 L=16.3 R=16.3 | t53 h=91.45 L=17.5 R=17.5 | t54 h=91.45 L=18.6 R=18.6 | t55 h=91.45 L=19.4 R=19.4 | t56 h=91.45 L=19.2 R=19.2 | t57 h=91.45 L=19.0 R=19.0 | t58 h=91.45 L=18.7 R=18.7 | t59 h=91.45 L=18.5 R=18.5 | t60 h=91.45 L=18.4 R=18.4 | t61 h=91.45 L=18.3 R=18.3 | t62 h=91.45 L=18.1 R=18.1 | t63 h=91.45 L=18.1 R=18.1 | t64 h=91.45 L=18.0 R=18.0 | t65 h=91.45 L=17.9 R=17.9 | t66 h=91.45 L=17.9 R=17.9 | t67 h=91.45 L=17.8 R=17.8 | t68 h=91.45 L=17.8 R=17.8 | t69 h=91.45 L=17.8 R=17.8 | t70 h=91.45 L=17.7 R=17.7 | t71 h=91.45 L=17.7 R=17.7 | t72 h=91.45 L=17.7 R=17.7 | t73 h=91.45 L=17.7 R=17.7 | t74 h=91.45 L=17.7 R=17.7 | t75 h=91.46 L=17.7 R=17.7 | t76 h=91.46 L=17.7 R=17.7 | t77 h=91.46 L=17.7 R=17.7 | t78 h=91.46 L=17.7 R=17.7 | t79 h=91.46 L=17.7 R=17.7 | 

== E8: split 90 deg + 300 mm, emulating the port's 100 ms per-wheel reversal dwell (4 ticks) ==
legacy split, dwell emulated         t= 134(3.22s) Vpk=167.9 ramp= 55 cru=  2 a:start=  2932 mid= 2931 stop= -2407 j:mid= 222412 dist 299.8/300 mm (err -0.24) yaw 91.44/90 deg (err +1.44) 
  end pose x=-6.8 y=299.7 heading 91.44
pivot only, dwell emulated           t=  36(0.86s) Vpk=162.6 ramp= 18 cru=  2 a:start=  2932 mid= 1574 stop=     0 j:mid=  65244 yaw 90.13/90 deg (err +0.13) 
  end pose x=-0.0 y=-0.0 heading 90.13
straight then pivot, dwell emulated  t=  36(0.86s) Vpk=167.3 ramp= 18 cru=  3 a:start=  2932 mid= 2931 stop= -2765 j:mid= 237347 yaw 90.21/90 deg (err +0.21) 
  end pose x=300.5 y=-0.9 heading 90.21 (pivot should not translate)

== E5: frozen right-encoder tick mid-cruise (300 mm/s straight), kp=0 ==
  tick: dutyR%  (freeze at tick 60)
  56:35.3 57:35.3 58:35.3 59:35.3 60:35.3 61:41.3 62:35.4 63:34.3 64:34.3 65:34.4 66:34.6 67:34.7 
  velocity(out) right at 59..63: t58 vR=3808 t59 vR=3808 t60 vR=3808 t61 vR=3808 t62 vR=4461 t63 vR=3821

== E6: wheel gain mismatch, right 5% fast, 600 mm @200 (twist hold on) ==
legacy right+5%                      t= 140(3.36s) Vpk=223.6 ramp= 18 cru=  2 a:start=  3079 mid= 1588 stop=     0 j:mid=  44929 dist 599.6/600 mm (err -0.40) 
  end heading -0.30 deg, y=1.2 mm; last 8 dutyR: 4.6 5.1 5.6 6.0 6.3 6.6 6.9 7.0

== E7: continuous wheelsV(200,200) from rest, ideal wheels ==
  wheel speed per tick: 0 200 229 229 225 221 mm/s

== E3d: does the twist-hold servo fight the speed floor in a pivot's crawl? (ideal wheels) ==
  cruise  60 gain 2 : ticks  81 peakV 110.9 mm/s  most-negative dutyR  -13.0%  final yaw 88.20 (err -1.80)
  cruise  60 gain 0 : ticks  56 peakV  80.5 mm/s  most-negative dutyR   +0.0%  final yaw 91.95 (err +1.95)
  cruise 100 gain 2 : ticks  48 peakV  95.7 mm/s  most-negative dutyR  -11.0%  final yaw 88.07 (err -1.93)
  cruise 100 gain 0 : ticks  46 peakV 107.2 mm/s  most-negative dutyR   +0.0%  final yaw 92.56 (err +2.56)
  cruise 200 gain 2 : ticks  29 peakV 222.9 mm/s  most-negative dutyR   +0.0%  final yaw 91.42 (err +1.42)
  cruise 200 gain 0 : ticks  28 peakV 220.7 mm/s  most-negative dutyR   +0.0%  final yaw 90.81 (err +0.81)

== E3e: same for an ARC (300 mm, 45 deg) at cruise 100 -- floor scales both axes ==
  gain 2 : ticks 165 end (285.1, 120.2) heading 44.25 (want 45)
  gain 0 : ticks 154 end (269.8, 111.6) heading 44.94 (want 45)

== E3c: pivot 90 @100 -- heading per tick THROUGH the end (ticks keep running after 'reached') ==
  t46 h=87.19 act=1 dR=7.7% | t47 h=88.69 act=1 dR=7.8% | t48 h=90.22 act=0 dR=-11.0% | t49 h=88.07 act=0 dR=0.0% | t50 h=88.07 act=0 dR=0.0% | t51 h=88.07 act=0 dR=0.0% | 
  -> overshoot after the neutral lands: -1.93 deg

== E9: profile exit 60 mm/s vs the kernel's own vMin floor (70 mm/s): speed on the last 5 driven ticks, straight 600 @200 ==
  vMin=893(70mm/s) : ticks=136 last speeds: 104 94 83 74 64 54 mm/s ; dist err +0.88 mm
  vMin=0 : ticks=136 last speeds: 105 94 84 74 64 55 mm/s ; dist err +0.81 mm

== E10: legacy 600 @200 -- speed on the last 6 driven ticks (what does the crawl actually run at?) ==
   48 52 55 58 60 62 mm/s  (engine floor = 25% of 200 = 50; kernel vMin = 70)

== E11: ramp-end overshoot vs ki (ideal wheels, straight 600 @200) ==
  ki=6.0 peak 220.7 mm/s (+10%) ticks=140 dist err -0.01
  ki=3.0 peak 215.0 mm/s (+8%) ticks=139 dist err +0.13
  ki=1.5 peak 209.3 mm/s (+5%) ticks=138 dist err -0.06
