link: tigez serial daemon 192.168.4.53:42181
robot: device NEZHA2 robot tigez 3527777815
status: {'ready': '1', 'active': '0', 'connL': '1', 'connR': '1', 'otos': '0', 'wedge': '0', 'flags': '31', 'i2cf': '30', 'cyc': '6591', 'tlm': 'off', 'next': '1', 'done': '5', 'reason': 'stop'}
rotational_slip=0.952 pivot_overrun=0.0 (live), trackwidth assumed 114.2 mm
camera: tag 57 at (49.0, -0.9) cm heading 105.0 deg
telemetry columns: ['seq', 'now', 'flags', 'x', 'y', 'h', 'ox', 'oy', 'oh', 'vl', 'vr', 'i2cf', 'cyc', 'posl', 'posr', 'dutl', 'dutr', 'lexc', 'wrng', 'cycovr']
24 pivots: [90, -90, 107, -107, 180, -180, -90, 90, -107, 107, -180, 180, 90, -90, 107, -107, 180, -180, -90, 90, -107, 107, -180, 180]
  #    cmd   camera     err      enc  encerr  drift  peakL  peakR   dur  reason
  1     90     92.8     2.8    90.27    0.27    0.1     75     82   1.8  stop
  2    -90    -94.1    -4.1    -90.5    -0.5    0.4     82     82   1.8  stop
  3    107    111.7     4.7    108.6     1.6    0.1     92     82   2.4  stop
  4   -107   -111.7    -4.7  -106.94    0.06    0.6     82     84   2.1  stop
  5    180    184.8     4.8   180.43    0.43    0.2     82     82   3.5  stop
  6   -180   -184.1    -4.1  -180.02   -0.02    0.3     76     92   3.1  stop
  7    -90    -96.9    -6.9   -92.37   -2.37    0.1     75     92   2.2  stop
  8     90     93.0     3.0    90.53    0.53    0.7     92     79   1.9  stop
  9   -107   -111.9    -4.9  -108.93   -1.93    0.3     92     76   2.5  stop
 10    107    107.2     0.2   107.42    0.42    0.6     82     76   2.1  stop
 11   -180   -184.6    -4.6  -181.55   -1.55    0.4     82     92   3.7  stop
 12    180    184.7     4.7   180.54    0.54    0.6     82     82   3.6  stop
 13     90     93.4     3.4    90.38    0.38    0.1     82     89   1.7  stop
 14    -90    -95.0    -5.0   -90.27   -0.27    0.1     92     82   1.7  stop
 15    107    119.0    12.1   107.96    0.96    0.7     82     99   2.0  stop
 16   -107   -110.4    -3.4  -108.41   -1.41    0.1     82     82   2.0  stop
 17    180    184.9     4.9   181.86    1.86    0.2     92     92   3.6  stop
 18   -180  -- no camera fix after the turn
STOP: no camera fix
{
  "robot": "tigez",
  "cruise_mm_s": 60,
  "n_turns": 17,
  "slip_during_run": 0.952,
  "pivot_overrun_during_run_mm": 0.0,
  "trackwidth_assumed_mm": 114.2,
  "b_eff_mm": 119.96,
  "fit_gain": 1.0019,
  "fit_offset_deg": 4.37,
  "mean_err_left_deg": 4.49,
  "mean_err_right_deg": -4.73,
  "per_command": {
    "+90": {
      "n": 3,
      "mean_err": 3.06,
      "min": 2.78,
      "max": 3.41
    },
    "-90": {
      "n": 3,
      "mean_err": -5.35,
      "min": -6.92,
      "max": -4.13
    },
    "+107": {
      "n": 3,
      "mean_err": 5.63,
      "min": 0.18,
      "max": 12.05
    },
    "-107": {
      "n": 3,
      "mean_err": -4.34,
      "min": -4.92,
      "max": -3.44
    },
    "+180": {
      "n": 3,
      "mean_err": 4.79,
      "min": 4.7,
      "max": 4.91
    },
    "-180": {
      "n": 2,
      "mean_err": -4.37,
      "min": -4.64,
      "max": -4.09
    }
  },
  "mean_abs_err_deg": 4.6,
  "mean_drift_cm": 0.33,
  "suggested": {
    "rotational_slip": 0.9538,
    "pivot_overrun_mm": 4.58,
    "model": "camera = gain*cmd + offset; slip_new = slip*gain; overrun_new = overrun + offset_rad*b_eff/2"
  }
}
wrote reports/tigez-turn-cal-20260903/01-baseline; render with: <plot venv>/bin/python tests/playfield/turn_calibration.py --render reports/tigez-turn-cal-20260903/01-baseline
