link: tigez serial daemon 192.168.4.53:42181
robot: device NEZHA2 robot tigez 3527777815
status: {'ready': '1', 'active': '0', 'connL': '1', 'connR': '1', 'otos': '0', 'wedge': '0', 'flags': '31', 'i2cf': '99', 'cyc': '8713', 'tlm': 'off', 'next': '1', 'done': '21', 'reason': 'stop'}
SET pivot_overrun 4.58 -> ack 1 21 stop
SET rotational_slip 0.9538 -> ack 2 21 stop
rotational_slip=0.954 pivot_overrun=4.58 (live), trackwidth assumed 114.2 mm
camera: tag 57 at (48.4, 0.1) cm heading 105.7 deg
telemetry columns: ['seq', 'now', 'flags', 'x', 'y', 'h', 'ox', 'oy', 'oh', 'vl', 'vr', 'i2cf', 'cyc', 'posl', 'posr', 'dutl', 'dutr', 'lexc', 'wrng', 'cycovr']
24 pivots: [90, -90, 107, -107, 180, -180, -90, 90, -107, 107, -180, 180, 90, -90, 107, -107, 180, -180, -90, 90, -107, 107, -180, 180]
  #    cmd   camera     err      enc  encerr  drift  peakL  peakR   dur  reason
  1     90     89.1    -0.9    86.39   -3.61    0.1     89     82   1.7  stop
  2    -90    -86.8     3.2   -86.32    3.68    0.1     76     92   1.7  stop
  3    107    105.8    -1.2   103.59   -3.41    0.1     82     92   1.9  stop
  4   -107   -108.0    -1.0  -105.06    1.94    0.1     82     82   2.4  stop
  5    180    180.0     0.0    177.3    -2.7    0.2     92     92   3.5  stop
  6   -180   -181.5    -1.5   -177.3     2.7    0.3    102     92   3.5  stop
  7    -90    -87.0     3.0   -86.19    3.81    0.2     82     82   1.7  stop
  8     90     87.8    -2.2    86.61   -3.39    0.7     89     82   1.7  stop
  9   -107   -102.8     4.2  -102.56    4.44    0.4     82     92   2.0  stop
 10    107    104.2    -2.8   103.58   -3.42    0.9     92     82   2.0  stop
 11   -180   -178.8     1.2  -176.28    3.72    0.6     82     82   3.1  stop
 12    180    177.9    -2.1   175.79   -4.21    0.6     82     82   3.5  stop
 13     90     87.7    -2.3    86.72   -3.28    0.2     82     92   1.6  stop
 14    -90    -88.5     1.5    -86.5     3.5    0.2     92     82   1.6  stop
 15    107    106.3    -0.7   104.72   -2.28    0.2     76     82   2.3  stop
 16   -107   -103.4     3.6  -102.72    4.28    0.1     92     82   1.9  stop
 17    180    183.1     3.1   178.24   -1.76    0.0     82     89   3.4  stop
 18   -180   -183.9    -3.9  -175.45    4.55    0.6     98     98   3.1  stop
 19    -90    -87.0     3.0   -85.59    4.41    0.2     92     82   1.6  stop
 20     90     85.9    -4.1     85.4    -4.6    0.7     82     72   1.7  stop
 21   -107   -106.0     1.0  -105.08    1.92    0.4     82     82   2.3  stop
 22    107    105.7    -1.3   103.61   -3.39    0.6     82     82   1.9  stop
 23   -180   -183.4    -3.5  -178.31    1.69    0.3     92     92   3.5  stop
 24    180    181.4     1.4   177.86   -2.14    0.4    108     92   3.5  stop
{
  "robot": "tigez",
  "cruise_mm_s": 60,
  "n_turns": 24,
  "slip_during_run": 0.954,
  "pivot_overrun_during_run_mm": 4.58,
  "trackwidth_assumed_mm": 114.2,
  "b_eff_mm": 119.71,
  "fit_gain": 1.0417,
  "fit_offset_deg": -6.24,
  "mean_err_left_deg": -1.09,
  "mean_err_right_deg": 0.91,
  "per_command": {
    "+90": {
      "n": 4,
      "mean_err": -2.38,
      "min": -4.09,
      "max": -0.91
    },
    "-90": {
      "n": 4,
      "mean_err": 2.69,
      "min": 1.5,
      "max": 3.2
    },
    "+107": {
      "n": 4,
      "mean_err": -1.49,
      "min": -2.78,
      "max": -0.7
    },
    "-107": {
      "n": 4,
      "mean_err": 1.95,
      "min": -1.02,
      "max": 4.2
    },
    "+180": {
      "n": 4,
      "mean_err": 0.6,
      "min": -2.08,
      "max": 3.1
    },
    "-180": {
      "n": 4,
      "mean_err": -1.91,
      "min": -3.88,
      "max": 1.23
    }
  },
  "mean_abs_err_deg": 2.2,
  "mean_drift_cm": 0.34,
  "suggested": {
    "rotational_slip": 0.9937,
    "pivot_overrun_mm": 0.0,
    "model": "camera = gain*cmd + offset; slip_new = slip*gain; overrun_new = overrun + offset_rad*b_eff/2"
  }
}
wrote reports/tigez-turn-cal-20260903/02-verify-overrun; render with: <plot venv>/bin/python tests/playfield/turn_calibration.py --render reports/tigez-turn-cal-20260903/02-verify-overrun
