link: tigez serial daemon 192.168.4.53:42181
robot: device NEZHA2 robot tigez 3527777815
status: {'ready': '1', 'active': '0', 'connL': '1', 'connR': '1', 'otos': '0', 'wedge': '0', 'flags': '31', 'i2cf': '198', 'cyc': '11399', 'tlm': 'off', 'next': '1', 'done': '29', 'reason': 'stop'}
SET pivot_overrun 3.5 -> ack 1 29 stop
SET rotational_slip 0.965 -> ack 2 29 stop
rotational_slip=0.965 pivot_overrun=3.5 (live), trackwidth assumed 114.2 mm
camera: tag 57 at (45.5, -0.5) cm heading 102.7 deg
telemetry columns: ['seq', 'now', 'flags', 'x', 'y', 'h', 'ox', 'oy', 'oh', 'vl', 'vr', 'i2cf', 'cyc', 'posl', 'posr', 'dutl', 'dutr', 'lexc', 'wrng', 'cycovr']
24 pivots: [90, -90, 107, -107, 180, -180, -90, 90, -107, 107, -180, 180, 90, -90, 107, -107, 180, -180, -90, 90, -107, 107, -180, 180]
  #    cmd   camera     err      enc  encerr  drift  peakL  peakR   dur  reason
  1     90     88.0    -2.0    87.23   -2.77    0.2     92     89   1.7  stop
  2    -90    -88.0     2.0   -86.58    3.42    0.1     82     82   1.7  stop
  3    107    104.3    -2.7    103.4    -3.6    0.3     82     82   1.9  stop
  4   -107   -104.1     2.9  -103.52    3.48    0.2     82     87   1.9  stop
  5    180    181.4     1.4   179.16   -0.84    0.2     92     92   3.5  stop
  6   -180   -178.3     1.7  -177.86    2.14    0.3     82     89   3.4  stop
  7    -90    -87.7     2.3   -86.58    3.42    0.2     92     82   1.7  stop
  8     90     85.2    -4.8    87.08   -2.92    0.7     92     82   1.7  stop
  9   -107   -104.7     2.3  -104.89    2.11    0.2     92     82   1.9  stop
 10    107    103.2    -3.8   104.24   -2.76    0.5     82     82   1.9  stop
 11   -180   -181.5    -1.5  -179.99    0.01    0.5    108     98   3.5  stop
 12    180    181.2     1.2    178.0    -2.0    0.4     92     82   3.4  stop
 13     90     89.7    -0.3     87.2    -2.8    0.4     82     92   1.7  stop
 14    -90    -90.5    -0.5   -86.47    3.53    0.2     92     92   1.7  stop
 15    107    114.4     7.4   106.61   -0.39    0.9     82    101   2.5  stop
 16   -107   -103.3     3.7  -103.52    3.48    0.2     82     82   1.9  stop
 17    180    185.3     5.3    179.8    -0.2    0.5    112     92   3.5  stop
 18   -180   -180.7    -0.7  -177.89    2.11    0.2    102     92   3.5  stop
 19    -90    -87.8     2.2   -87.73    2.27    0.2     82     92   1.7  stop
 20     90     85.9    -4.1    86.66   -3.34    0.5     82     82   1.7  stop
 21   -107   -103.1     3.9  -104.28    2.72    0.3     82     92   1.9  stop
 22    107    104.2    -2.8   104.28   -2.72    0.4     92     82   1.9  stop
 23   -180   -184.3    -4.3   -178.7     1.3    0.4     82    112   3.4  stop
 24    180    183.5     3.5   178.62   -1.38    0.3     92     92   3.4  stop
{
  "robot": "tigez",
  "cruise_mm_s": 60,
  "n_turns": 24,
  "slip_during_run": 0.965,
  "pivot_overrun_during_run_mm": 3.5,
  "trackwidth_assumed_mm": 114.2,
  "b_eff_mm": 118.34,
  "fit_gain": 1.0486,
  "fit_offset_deg": -6.76,
  "mean_err_left_deg": -0.15,
  "mean_err_right_deg": 1.17,
  "per_command": {
    "+90": {
      "n": 4,
      "mean_err": -2.82,
      "min": -4.79,
      "max": -0.35
    },
    "-90": {
      "n": 4,
      "mean_err": 1.52,
      "min": -0.46,
      "max": 2.34
    },
    "+107": {
      "n": 4,
      "mean_err": -0.47,
      "min": -3.84,
      "max": 7.36
    },
    "-107": {
      "n": 4,
      "mean_err": 3.18,
      "min": 2.27,
      "max": 3.87
    },
    "+180": {
      "n": 4,
      "mean_err": 2.86,
      "min": 1.22,
      "max": 5.35
    },
    "-180": {
      "n": 4,
      "mean_err": -1.21,
      "min": -4.32,
      "max": 1.7
    }
  },
  "mean_abs_err_deg": 2.81,
  "mean_drift_cm": 0.35,
  "suggested": {
    "rotational_slip": 1.0119,
    "pivot_overrun_mm": 0.0,
    "model": "camera = gain*cmd + offset; slip_new = slip*gain; overrun_new = overrun + offset_rad*b_eff/2"
  }
}
wrote reports/tigez-turn-cal-20260903/03-tune; render with: <plot venv>/bin/python tests/playfield/turn_calibration.py --render reports/tigez-turn-cal-20260903/03-tune
