link: tigez serial daemon 192.168.4.53:42181
robot: device NEZHA2 robot tigez 3527777815
status: {'ready': '1', 'active': '0', 'connL': '1', 'connR': '1', 'otos': '0', 'wedge': '0', 'flags': '31', 'i2cf': '285', 'cyc': '14063', 'tlm': 'off', 'next': '1', 'done': '29', 'reason': 'stop'}
SET pivot_overrun 4.58 -> ack 1 29 stop
SET rotational_slip 0.9538 -> ack 2 29 stop
rotational_slip=0.954 pivot_overrun=4.58 (live), trackwidth assumed 114.2 mm
camera: tag 57 at (41.5, -3.9) cm heading 114.9 deg
telemetry columns: ['seq', 'now', 'flags', 'x', 'y', 'h', 'ox', 'oy', 'oh', 'vl', 'vr', 'i2cf', 'cyc', 'posl', 'posr', 'dutl', 'dutr', 'lexc', 'wrng', 'cycovr']
24 pivots: [90, -90, 107, -107, 180, -180, -90, 90, -107, 107, -180, 180, 90, -90, 107, -107, 180, -180, -90, 90, -107, 107, -180, 180]
  #    cmd   camera     err      enc  encerr  drift  peakL  peakR   dur  reason
  1     90     92.5     2.5    91.86    1.86    1.0    184    164   0.7  stop
  2    -90    -92.8    -2.8    -90.8    -0.8    0.2    164    174   0.7  stop
  3    107    110.8     3.8   107.88    0.88    1.0    190    174   0.8  stop
  4   -107   -108.9    -1.9  -106.64    0.36    0.2    174    190   0.8  stop
  5    180    183.4     3.4   179.94   -0.06    1.4    188    174   1.3  stop
  6   -180   -183.6    -3.6  -179.11    0.89    0.3    171    184   1.3  stop
  7    -90    -92.0    -2.0   -90.87   -0.87    0.5    164    184   0.7  stop
  8     90     90.1     0.1    90.08    0.08    0.9    181    164   0.7  stop
  9   -107   -109.3    -2.3  -107.92   -0.92    0.6    174    181   0.8  stop
 10    107    108.8     1.8   107.05    0.05    0.5    200    174   0.8  stop
 11   -180   -185.8    -5.8  -179.75    0.25    0.5    171    194   1.3  stop
 12    180    183.9     3.9   177.26   -2.74    1.0    190    174   1.4  stop
 13     90     93.1     3.1    89.97   -0.03    1.1    184    157   0.6  stop
 14    -90    -94.6    -4.6    -91.1    -1.1    0.3    174    184   0.6  stop
 15    107    109.2     2.2   107.13    0.13    1.2    194    164   0.8  stop
 16   -107   -110.4    -3.4   -108.6    -1.6    0.3    171    184   0.8  stop
 17    180    183.1     3.1   180.24    0.24    1.4    184    164   1.3  stop
 18   -180   -182.4    -2.4  -179.63    0.37    0.3    164    184   1.3  stop
 19    -90    -92.8    -2.9   -89.67    0.33    0.3    164    184   0.7  stop
 20     90     91.8     1.8    89.55   -0.45    0.7    194    164   0.7  stop
 21   -107   -107.8    -0.8  -106.59    0.41    0.3    164    181   0.8  stop
 22    107    108.8     1.8   107.23    0.23    0.7    184    174   0.8  stop
 23   -180   -182.6    -2.5  -178.16    1.84    0.2    164    180   1.3  stop
 24    180    183.0     3.0   180.16    0.16    1.2    203    164   1.3  stop
{
  "robot": "tigez",
  "cruise_mm_s": 0,
  "n_turns": 24,
  "slip_during_run": 0.954,
  "pivot_overrun_during_run_mm": 4.58,
  "trackwidth_assumed_mm": 114.2,
  "b_eff_mm": 119.71,
  "fit_gain": 1.0129,
  "fit_offset_deg": 1.1,
  "mean_err_left_deg": 2.53,
  "mean_err_right_deg": -2.91,
  "per_command": {
    "+90": {
      "n": 4,
      "mean_err": 1.85,
      "min": 0.06,
      "max": 3.06
    },
    "-90": {
      "n": 4,
      "mean_err": -3.04,
      "min": -4.6,
      "max": -1.96
    },
    "+107": {
      "n": 4,
      "mean_err": 2.38,
      "min": 1.75,
      "max": 3.8
    },
    "-107": {
      "n": 4,
      "mean_err": -2.1,
      "min": -3.42,
      "max": -0.75
    },
    "+180": {
      "n": 4,
      "mean_err": 3.35,
      "min": 3.02,
      "max": 3.89
    },
    "-180": {
      "n": 4,
      "mean_err": -3.57,
      "min": -5.75,
      "max": -2.37
    }
  },
  "mean_abs_err_deg": 2.72,
  "mean_drift_cm": 0.67,
  "suggested": {
    "rotational_slip": 0.9663,
    "pivot_overrun_mm": 5.73,
    "model": "camera = gain*cmd + offset; slip_new = slip*gain; overrun_new = overrun + offset_rad*b_eff/2"
  }
}
wrote reports/tigez-turn-cal-20260903/04-default-cruise; render with: <plot venv>/bin/python tests/playfield/turn_calibration.py --render reports/tigez-turn-cal-20260903/04-default-cruise
