link: tigez serial daemon 192.168.4.53:42181
robot: device NEZHA2 robot tigez 3527777815
status: {'ready': '1', 'active': '0', 'connL': '1', 'connR': '1', 'otos': '0', 'wedge': '0', 'flags': '31', 'i2cf': '335', 'cyc': '15293', 'tlm': 'off', 'next': '1', 'done': '29', 'reason': 'stop'}
SET pivot_overrun 6.4 -> ack 1 29 stop
SET rotational_slip 0.965 -> ack 2 29 stop
rotational_slip=0.965 pivot_overrun=6.4 (live), trackwidth assumed 114.2 mm
camera: tag 57 at (41.7, -10.0) cm heading 113.6 deg
telemetry columns: ['seq', 'now', 'flags', 'x', 'y', 'h', 'ox', 'oy', 'oh', 'vl', 'vr', 'i2cf', 'cyc', 'posl', 'posr', 'dutl', 'dutr', 'lexc', 'wrng', 'cycovr']
24 pivots: [90, -90, 107, -107, 180, -180, -90, 90, -107, 107, -180, 180, 90, -90, 107, -107, 180, -180, -90, 90, -107, 107, -180, 180]
  #    cmd   camera     err      enc  encerr  drift  peakL  peakR   dur  reason
  1     90     97.6     7.6    89.63   -0.37    0.7    184    164   0.7  stop
  2    -90    -92.1    -2.1   -89.93    0.07    0.3    174    190   0.7  stop
  3    107    105.5    -1.5   104.43   -2.57    0.8    184    164   0.8  stop
  4   -107   -107.2    -0.2  -107.07   -0.07    0.3    174    184   0.7  stop
  5    180    178.1    -1.9   177.86   -2.14    1.0    190    158   1.3  stop
  6   -180   -177.8     2.2   -176.9     3.1    0.2    174    184   1.2  stop
  7    -90    -96.1    -6.1   -89.02    0.98    0.4    194    194   0.7  stop
  8     90     89.7    -0.3    89.13   -0.87    0.9    200    174   0.7  stop
  9   -107   -103.6     3.4  -103.09    3.91    0.1    174    184   0.8  stop
 10    107    104.2    -2.8   106.33   -0.67    1.1    190    164   0.8  stop
 11   -180   -176.8     3.2  -176.82    3.18    0.2    174    174   1.3  stop
 12    180    178.9    -1.1    177.7    -2.3    1.4    194    181   1.3  stop
 13     90     87.5    -2.5    87.73   -2.27    0.4    190    164   0.7  stop
 14    -90    -91.1    -1.1   -88.49    1.51    0.4    164    184   0.7  stop
 15    107    103.9    -3.1   103.97   -3.03    0.5    194    174   0.8  stop
 16   -107   -109.5    -2.5  -103.51    3.49    0.4    164    190   0.8  stop
 17    180    183.8     3.8   178.08   -1.92    0.6    194    174   1.3  stop
 18   -180   -176.7     3.4  -176.71    3.29    1.1    194    191   1.2  stop
 19    -90    -88.9     1.1   -87.42    2.58    0.1    164    181   0.7  stop
 20     90     86.9    -3.1    88.45   -1.55    1.4    207    145   0.6  stop
 21   -107   -103.8     3.2  -104.97    2.03    0.1    174    174   0.8  stop
 22    107    103.5    -3.5   104.47   -2.53    1.5    194    154   0.8  stop
 23   -180   -177.0     3.0  -176.59    3.41    0.2    184    181   1.3  stop
 24    180    177.5    -2.5   178.16   -1.84    1.3    194    158   1.3  stop
{
  "robot": "tigez",
  "cruise_mm_s": 0,
  "n_turns": 24,
  "slip_during_run": 0.965,
  "pivot_overrun_during_run_mm": 6.4,
  "trackwidth_assumed_mm": 114.2,
  "b_eff_mm": 118.34,
  "fit_gain": 0.9779,
  "fit_offset_deg": 2.02,
  "mean_err_left_deg": -0.91,
  "mean_err_right_deg": 0.62,
  "per_command": {
    "+90": {
      "n": 4,
      "mean_err": 0.43,
      "min": -3.11,
      "max": 7.61
    },
    "-90": {
      "n": 4,
      "mean_err": -2.05,
      "min": -6.07,
      "max": 1.14
    },
    "+107": {
      "n": 4,
      "mean_err": -2.72,
      "min": -3.53,
      "max": -1.51
    },
    "-107": {
      "n": 4,
      "mean_err": 0.97,
      "min": -2.48,
      "max": 3.37
    },
    "+180": {
      "n": 4,
      "mean_err": -0.43,
      "min": -2.52,
      "max": 3.82
    },
    "-180": {
      "n": 4,
      "mean_err": 2.94,
      "min": 2.16,
      "max": 3.35
    }
  },
  "mean_abs_err_deg": 2.72,
  "mean_drift_cm": 0.64,
  "suggested": {
    "rotational_slip": 0.9436,
    "pivot_overrun_mm": 8.49,
    "model": "camera = gain*cmd + offset; slip_new = slip*gain; overrun_new = overrun + offset_rad*b_eff/2"
  }
}
wrote reports/tigez-turn-cal-20260903/05-default-cruise-tuned; render with: <plot venv>/bin/python tests/playfield/turn_calibration.py --render reports/tigez-turn-cal-20260903/05-default-cruise-tuned
