link: tigez serial daemon 192.168.4.53:42181
robot: device NEZHA2 robot tigez 3527777815
status: {'ready': '1', 'active': '0', 'connL': '1', 'connR': '1', 'otos': '0', 'wedge': '0', 'flags': '31', 'i2cf': '403', 'cyc': '16523', 'tlm': 'off', 'next': '1', 'done': '29', 'reason': 'stop'}
SET pivot_overrun 5.5 -> ack 1 29 stop
SET rotational_slip 0.96 -> ack 2 29 stop
rotational_slip=0.96 pivot_overrun=5.5 (live), trackwidth assumed 114.2 mm
camera: tag 57 at (40.2, -16.4) cm heading 110.7 deg
telemetry columns: ['seq', 'now', 'flags', 'x', 'y', 'h', 'ox', 'oy', 'oh', 'vl', 'vr', 'i2cf', 'cyc', 'posl', 'posr', 'dutl', 'dutr', 'lexc', 'wrng', 'cycovr']
36 pivots: [90, -90, 107, -107, 180, -180, -90, 90, -107, 107, -180, 180, 90, -90, 107, -107, 180, -180, -90, 90, -107, 107, -180, 180, 90, -90, 107, -107, 180, -180, -90, 90, -107, 107, -180, 180]
  #    cmd   camera     err      enc  encerr  drift  peakL  peakR   dur  reason
  1     90     90.9     0.9    88.98   -1.02    0.7    184    171   0.7  stop
  2    -90    -90.5    -0.5   -89.17    0.83    0.2    174    180   0.6  stop
  3    107    120.6    13.6   109.16    2.16    0.9    200    184   0.8  stop
  4   -107   -105.8     1.2  -104.99    2.01    0.2    184    184   0.8  stop
  5    180    179.9    -0.1   179.02   -0.98    0.7    190    164   1.3  stop
  6   -180   -180.3    -0.3  -178.26    1.74    0.3    181    200   1.3  stop
  7    -90    -88.7     1.3   -89.17    0.83    0.1    171    174   0.7  stop
  8     90     87.9    -2.1     89.7    -0.3    1.1    190    148   0.7  stop
  9   -107   -106.2     0.8  -105.63    1.37    0.2    164    184   0.7  stop
 10    107    104.8    -2.2   105.21   -1.79    1.0    204    174   0.8  stop
 11   -180   -180.5    -0.5  -178.56    1.44    0.3    174    184   1.3  stop
 12    180    178.8    -1.2   177.81   -2.19    0.5    188    174   1.3  stop
 13     90     90.8     0.8    89.81   -0.19    0.9    191    174   0.7  stop
 14    -90    -98.7    -8.7   -89.93    0.07    0.2    184    200   0.7  stop
 15    107    108.0     1.0   106.89   -0.11    1.1    181    171   0.8  stop
 16   -107   -105.9     1.1  -104.54    2.46    0.1    164    174   0.8  stop
 17    180    180.6     0.6   179.29   -0.71    1.4    184    171   1.2  stop
 18   -180   -181.8    -1.8  -178.45    1.55    0.2    174    190   1.3  stop
 19    -90    -88.0     2.0   -88.98    1.02    0.3    184    184   0.6  stop
 20     90     87.3    -2.7    88.64   -1.36    0.9    200    148   0.7  stop
 21   -107   -121.0   -14.0  -109.28   -2.28    0.8    184    200   0.8  stop
 22    107    109.2     2.1   106.55   -0.45    0.5    184    171   0.8  stop
 23   -180   -180.8    -0.8  -178.65    1.35    0.2    172    200   1.3  stop
 24    180    177.4    -2.6   177.81   -2.19    0.6    190    174   1.3  stop
 25     90     89.7    -0.3    88.41   -1.59    1.0    194    171   0.7  stop
 26    -90    -89.1     0.9   -89.59    0.41    0.2    184    181   0.7  stop
 27    107    105.2    -1.8   105.94   -1.06    0.9    181    172   0.8  stop
 28   -107   -104.9     2.1  -104.65    2.35    0.2    184    184   0.8  stop
 29    180    182.5     2.5   179.59   -0.41    1.2    194    164   1.3  stop
 30   -180   -181.3    -1.3  -178.75    1.25    0.3    174    184   1.3  stop
 31    -90    -99.1    -9.1   -91.48   -1.48    0.7    184    220   0.7  stop
 32     90     88.5    -1.5    89.24   -0.76    0.5    174    164   0.7  stop
 33   -107   -105.9     1.1  -104.65    2.35    0.2    184    190   0.8  stop
 34    107    106.2    -0.8   105.41   -1.59    0.4    193    164   0.8  stop
 35   -180   -178.7     1.3  -178.22    1.78    0.1    174    184   1.3  stop
 36    180    177.7    -2.3    177.8    -2.2    1.0    190    174   1.2  stop
{
  "robot": "tigez",
  "cruise_mm_s": 0,
  "n_turns": 36,
  "slip_during_run": 0.96,
  "pivot_overrun_during_run_mm": 5.5,
  "trackwidth_assumed_mm": 114.2,
  "b_eff_mm": 118.96,
  "fit_gain": 0.9875,
  "fit_offset_deg": 2.37,
  "mean_err_left_deg": 0.22,
  "mean_err_right_deg": -1.39,
  "per_command": {
    "+90": {
      "n": 6,
      "mean_err": -0.83,
      "min": -2.74,
      "max": 0.92
    },
    "-90": {
      "n": 6,
      "mean_err": -2.35,
      "min": -9.12,
      "max": 1.99
    },
    "+107": {
      "n": 6,
      "mean_err": 2.01,
      "min": -2.18,
      "max": 13.63
    },
    "-107": {
      "n": 6,
      "mean_err": -1.27,
      "min": -14.03,
      "max": 2.11
    },
    "+180": {
      "n": 6,
      "mean_err": -0.52,
      "min": -2.62,
      "max": 2.51
    },
    "-180": {
      "n": 6,
      "mean_err": -0.55,
      "min": -1.78,
      "max": 1.31
    }
  },
  "mean_abs_err_deg": 2.45,
  "mean_drift_cm": 0.56,
  "suggested": {
    "rotational_slip": 0.948,
    "pivot_overrun_mm": 7.96,
    "model": "camera = gain*cmd + offset; slip_new = slip*gain; overrun_new = overrun + offset_rad*b_eff/2"
  }
}
wrote reports/tigez-turn-cal-20260903/06-confirm; render with: <plot venv>/bin/python tests/playfield/turn_calibration.py --render reports/tigez-turn-cal-20260903/06-confirm
