wifilink: gopiv.local -> 192.168.1.215 (mDNS)
link: WiFi TCP 192.168.1.215:7654
robot: device NEZHA2 robot gopiv 2175407711
status: {'ready': '1', 'active': '0', 'connL': '1', 'connR': '1', 'otos': '0', 'wedge': '0', 'flags': '31', 'i2cf': '22', 'cyc': '170', 'tlm': 'off', 'next': '1', 'done': '5', 'reason': 'stop'}
rotational_slip=0.952 pivot_overrun=0.0 (live), trackwidth assumed 114.2 mm
camera: tag 54 at (-2.8, 21.3) cm heading -56.6 deg
telemetry columns: ['seq', 'now', 'flags', 'x', 'y', 'h', 'ox', 'oy', 'oh', 'vl', 'vr', 'i2cf', 'cyc', 'posl', 'posr', 'dutl', 'dutr', 'lexc', 'wrng', 'cycovr']
24 pivots: [90, -90, 107, -107, 180, -180, -90, 90, -107, 107, -180, 180, 90, -90, 107, -107, 180, -180, -90, 90, -107, 107, -180, 180]
  #    cmd   camera     err      enc  encerr  drift  peakL  peakR   dur  reason
  1     90     96.7     6.7    88.91   -1.09    0.6    164    174   0.7  stop
  2    -90    -18.8    71.2   -95.35   -5.35    1.9    145    210   0.6  stop
  3    107  -- MOVE_X not accepted: None
  4   -107  -- MOVE_X not accepted: None
  5    180  -- MOVE_X not accepted: None
Traceback (most recent call last):
  File "/Volumes/Proj/proj/RobotProjects/pxt-nezha-diffdrive/tests/playfield/turn_calibration.py", line 821, in main
    if bad:
        ^^^
  File "/Volumes/Proj/proj/RobotProjects/pxt-nezha-diffdrive/tests/playfield/turn_calibration.py", line 441, in run_sweep
    row, err = one_turn(link, cam, deg, a.cruise, a.timeout_ms, cols, frames_out, i, a.settle)
               ~~~~~~~~^^^^^^^^^^^^^^^^^^^^^^^^^^^^^^^^^^^^^^^^^^^^^^^^^^^^^^^^^^^^^^^^^^^^^^^
  File "/Volumes/Proj/proj/RobotProjects/pxt-nezha-diffdrive/tests/playfield/turn_calibration.py", line 345, in one_turn
    tid, ack = link.seqd(f'MOVE_X 0 {mrad} {cruise} {timeout_ms}', wait=3.0)
               ~~~~~~~~~^^^^^^^^^^^^^^^^^^^^^^^^^^^^^^^^^^^^^^^^^^^^^^^^^^^^
  File "/Volumes/Proj/proj/RobotProjects/pxt-nezha-diffdrive/tests/playfield/turn_calibration.py", line 152, in seqd
    self.send(wire)
    ~~~~~~~~~^^^^^^
  File "/Volumes/Proj/proj/RobotProjects/pxt-nezha-diffdrive/tests/playfield/turn_calibration.py", line 119, in send
    self.sock.sendall((line + '\n').encode())
    ~~~~~~~~~~~~~~~~~^^^^^^^^^^^^^^^^^^^^^^^^
OSError: [Errno 64] Host is down

During handling of the above exception, another exception occurred:

Traceback (most recent call last):
  File "/Volumes/Proj/proj/RobotProjects/pxt-nezha-diffdrive/tests/playfield/turn_calibration.py", line 830, in <module>
    return 0
    ^^^
  File "/Volumes/Proj/proj/RobotProjects/pxt-nezha-diffdrive/tests/playfield/turn_calibration.py", line 823, in main
  File "/Volumes/Proj/proj/RobotProjects/pxt-nezha-diffdrive/tests/playfield/turn_calibration.py", line 152, in seqd
    self.send(wire)
    ~~~~~~~~~^^^^^^
  File "/Volumes/Proj/proj/RobotProjects/pxt-nezha-diffdrive/tests/playfield/turn_calibration.py", line 119, in send
    self.sock.sendall((line + '\n').encode())
    ~~~~~~~~~~~~~~~~~^^^^^^^^^^^^^^^^^^^^^^^^
OSError: [Errno 64] Host is down
CHAIN-EXIT 1
