link: radio relay ch 47 grp 60 (torture:8760)
robot: device NEZHA2 robot gopiv 2175407711
status: {'ready': '1', 'active': '0', 'connL': '1', 'connR': '1', 'otos': '0', 'wedge': '0', 'flags': '31', 'i2cf': '38', 'cyc': '416', 'tlm': 'full', 'next': '1', 'done': '5', 'reason': 'stop'}
rotational_slip=0.952 pivot_overrun=0.0 (live), trackwidth assumed 114.2 mm
camera: tag 54 at (-1.2, 20.2) cm heading 40.5 deg
telemetry columns: ['seq', 'now', 'flags', 'x', 'y', 'h', 'ox', 'oy', 'oh', 'vl', 'vr', 'i2cf', 'cyc', 'posl', 'posr', 'dutl', 'dutr', 'lexc', 'wrng', 'cycovr']
24 pivots: [90, -90, 107, -107, 180, -180, -90, 90, -107, 107, -180, 180, 90, -90, 107, -107, 180, -180, -90, 90, -107, 107, -180, 180]
  #    cmd   camera     err      enc  encerr  drift  peakL  peakR   dur  reason
  1     90    104.5    14.5   100.54   10.54    1.1    164    200   0.7  stop
  2    -90    -98.8    -8.8   -94.48   -4.48    2.9    145    217   0.8  stop
  3    107    119.5    12.5   115.93    8.93    0.8    190    210   0.8  stop
  4   -107   -115.5    -8.5  -112.58   -5.58    2.7    148    200   0.9  stop
  5    180   -171.4  -351.4    184.9     4.9    0.3    190    193   1.3  stop
  6   -180    169.3   349.3  -186.33   -6.33    3.0    158    220   1.4  stop
  7    -90    -92.5    -2.5   -91.47   -1.47    1.8    144    200   0.6  stop
  8     90     99.6     9.6    97.94    7.94    3.4    184    246   0.7  stop
  9   -107   -115.1    -8.1  -111.94   -4.94    2.5    148    226   0.8  stop
 10    107    114.6     7.6   112.47    5.47    0.9    164    200   0.8  stop
 11   -180   -178.5     1.5   -172.9     7.1    2.7    148    226   1.3  stop
 12    180   -168.9  -348.9   186.18    6.18    0.5    164    205   1.2  stop
 13     90     97.7     7.7    97.72    7.72    0.4    174    184   0.7  stop
 14    -90    -76.5    13.5   -97.34   -7.34    2.8    154    210   0.7  stop
 15    107    118.0    11.0   113.71    6.71    0.7    181    184   0.8  stop
 16   -107   -119.2   -12.2  -113.41   -6.41    2.1    148    216   0.8  stop
 17    180     73.1  -106.9   183.59    3.59    9.2    190    227   1.3  stop
 18   -180    176.1   356.1  -185.66   -5.66   27.2    154    220   1.4  stop
 19    -90    -96.3    -6.3   -93.43   -3.43    5.9    138    204   0.7  stop
 20     90    100.7    10.7    98.25    8.25    0.9    194    220   0.7  stop
 21   -107   -115.0    -8.0  -111.64   -4.64    2.6    148    217   0.8  stop
 22    107    116.6     9.6   113.93    6.93    0.3    184    194   0.8  stop
 23   -180    -89.9    90.1   -86.96   93.04    2.1    154    220   0.7  stop
 24    180   -172.0  -352.0   185.02    5.02    0.3    184    220   1.4  stop
{
  "robot": "gopiv",
  "cruise_mm_s": 0,
  "n_turns": 24,
  "slip_during_run": 0.952,
  "pivot_overrun_during_run_mm": 0.0,
  "trackwidth_assumed_mm": 114.2,
  "b_eff_mm": 119.96,
  "fit_gain": -1.9904,
  "fit_offset_deg": 299.45,
  "mean_err_left_deg": -89.68,
  "mean_err_right_deg": 63.01,
  "per_command": {
    "+90": {
      "n": 4,
      "mean_err": 10.61,
      "min": 7.7,
      "max": 14.46
    },
    "-90": {
      "n": 4,
      "mean_err": -1.02,
      "min": -8.81,
      "max": 13.49
    },
    "+107": {
      "n": 4,
      "mean_err": 10.16,
      "min": 7.6,
      "max": 12.46
    },
    "-107": {
      "n": 4,
      "mean_err": -9.19,
      "min": -12.16,
      "max": -8.02
    },
    "+180": {
      "n": 4,
      "mean_err": -289.81,
      "min": -352.02,
      "max": -106.86
    },
    "-180": {
      "n": 4,
      "mean_err": 199.25,
      "min": 1.48,
      "max": 356.13
    }
  },
  "mean_abs_err_deg": 87.8,
  "mean_drift_cm": 3.21,
  "suggested": {
    "rotational_slip": -1.8949,
    "pivot_overrun_mm": 313.48,
    "model": "camera = gain*cmd + offset; slip_new = slip*gain; overrun_new = overrun + offset_rad*b_eff/2"
  }
}
wrote reports/turn-compare-20260904/gopiv-baked2; render with: <plot venv>/bin/python tests/playfield/turn_calibration.py --render reports/turn-compare-20260904/gopiv-baked2
CHAIN-EXIT 0
