link: radio relay ch 37 grp 43 (torture:8760)
robot: device NEZHA2 robot vevov 1198504156
status: {'ready': '1', 'active': '0', 'connL': '1', 'connR': '1', 'otos': '0', 'wedge': '0', 'flags': '31', 'i2cf': '32', 'cyc': '2202', 'tlm': 'off', 'next': '1', 'done': '26', 'reason': 'stop'}
SET pivot_overrun 0 -> ack 1 26 stop
SET rotational_slip 0.952 -> ack 2 26 stop
rotational_slip=0.952 pivot_overrun=0.0 (live), trackwidth assumed 114.2 mm
camera: tag 53 at (-44.3, 26.0) cm heading 23.7 deg
telemetry columns: ['seq', 'now', 'flags', 'x', 'y', 'h', 'ox', 'oy', 'oh', 'vl', 'vr', 'i2cf', 'cyc', 'posl', 'posr', 'dutl', 'dutr', 'lexc', 'wrng', 'cycovr']
12 pivots: [90, -90, 107, -107, 180, -180, -90, 90, -107, 107, -180, 180]
  #    cmd   camera     err      enc  encerr  drift  peakL  peakR   dur  reason
  1     90    100.0    10.0     94.8     4.8    4.4    178    187   0.8  stop
  2    -90   -102.5   -12.5   -95.64   -5.64    4.6    169    201   0.8  stop
  3    107    117.7    10.7   111.22    4.22    4.8    181    178   0.9  stop
  4   -107   -118.7   -11.7  -112.32   -5.32    5.0    169    178   0.8  stop
  5    180    192.6    12.6    183.0     3.0    5.6    187    187   1.5  stop
  6   -180   -194.1   -14.1  -182.82   -2.82    5.4    178    184   1.5  stop
  7    -90   -100.0   -10.0   -94.71   -4.71    4.2    178    175   0.6  stop
  8     90    102.3    12.3    95.54    5.54    4.0    178    196   0.7  stop
  9   -107   -120.7   -13.7  -112.11   -5.11    4.6    178    183   0.8  stop
 10    107    116.1     9.1   110.56    3.56    4.5    178    178   0.9  stop
 11   -180   -194.0   -14.0  -184.22   -4.22    5.1    181    184   1.4  stop
 12    180    193.1    13.1   184.13    4.13    5.3    178    187   1.5  stop
{
  "robot": "vevov",
  "cruise_mm_s": 0,
  "n_turns": 12,
  "n_disturbed_excluded": 0,
  "disturbed_turns": [],
  "slip_during_run": 0.952,
  "pivot_overrun_during_run_mm": 0.0,
  "trackwidth_assumed_mm": 114.2,
  "b_eff_mm": 119.96,
  "fit_gain": 1.0265,
  "fit_offset_deg": 8.64,
  "mean_err_left_deg": 11.29,
  "mean_err_right_deg": -12.65,
  "per_command": {
    "+90": {
      "n": 2,
      "mean_err": 11.13,
      "min": 10.0,
      "max": 12.27
    },
    "-90": {
      "n": 2,
      "mean_err": -11.23,
      "min": -12.47,
      "max": -10.0
    },
    "+107": {
      "n": 2,
      "mean_err": 9.88,
      "min": 9.06,
      "max": 10.7
    },
    "-107": {
      "n": 2,
      "mean_err": -12.67,
      "min": -13.67,
      "max": -11.67
    },
    "+180": {
      "n": 2,
      "mean_err": 12.86,
      "min": 12.62,
      "max": 13.11
    },
    "-180": {
      "n": 2,
      "mean_err": -14.03,
      "min": -14.09,
      "max": -13.97
    }
  },
  "mean_abs_err_deg": 11.97,
  "mean_drift_cm": 4.81,
  "suggested": {
    "rotational_slip": 0.9772,
    "pivot_overrun_mm": 9.04,
    "model": "camera = gain*cmd + offset; slip_new = slip*gain; overrun_new = overrun + offset_rad*b_eff/2"
  }
}
wrote reports/turn-compare-20260904/vevov-raw; render with: <plot venv>/bin/python tests/playfield/turn_calibration.py --render reports/turn-compare-20260904/vevov-raw
CHAIN-EXIT 0
